[0.055s] DEBUG:colcon:Command line arguments: ['/usr/bin/colcon', 'build']
[0.055s] DEBUG:colcon:Parsed command line arguments: Namespace(log_base=None, log_level=None, verb_name='build', build_base='build', install_base='install', merge_install=False, symlink_install=False, test_result_base=None, continue_on_error=False, executor='parallel', parallel_workers=20, event_handlers=None, ignore_user_meta=False, metas=['./colcon.meta'], base_paths=['.'], packages_ignore=None, packages_ignore_regex=None, paths=None, packages_up_to=None, packages_up_to_regex=None, packages_above=None, packages_above_and_dependencies=None, packages_above_depth=None, packages_select_by_dep=None, packages_skip_by_dep=None, packages_skip_up_to=None, packages_select_build_failed=False, packages_skip_build_finished=False, packages_select_test_failures=False, packages_skip_test_passed=False, packages_select=None, packages_skip=None, packages_select_regex=None, packages_skip_regex=None, packages_start=None, packages_end=None, allow_overriding=[], cmake_args=None, cmake_target=None, cmake_target_skip_unavailable=False, cmake_clean_cache=False, cmake_clean_first=False, cmake_force_configure=False, ament_cmake_args=None, catkin_cmake_args=None, catkin_skip_building_tests=False, mixin_files=None, mixin=None, verb_parser=<colcon_mixin.mixin.mixin_argument.MixinArgumentDecorator object at 0x785a528affe0>, verb_extension=<colcon_core.verb.build.BuildVerb object at 0x785a536c7860>, main=<bound method BuildVerb.main of <colcon_core.verb.build.BuildVerb object at 0x785a536c7860>>, mixin_verb=('build',))
[0.077s] Level 1:colcon.colcon_core.package_discovery:discover_packages(colcon_meta) check parameters
[0.077s] Level 1:colcon.colcon_core.package_discovery:discover_packages(recursive) check parameters
[0.077s] Level 1:colcon.colcon_core.package_discovery:discover_packages(ignore) check parameters
[0.077s] Level 1:colcon.colcon_core.package_discovery:discover_packages(path) check parameters
[0.077s] Level 1:colcon.colcon_core.package_discovery:discover_packages(colcon_meta) discover
[0.077s] Level 1:colcon.colcon_core.package_discovery:discover_packages(recursive) discover
[0.077s] INFO:colcon.colcon_core.package_discovery:Crawling recursively for packages in '/home/paige-spalsbury/ros2_ws/src/hover_above'
[0.077s] Level 1:colcon.colcon_core.package_identification:_identify(.) by extensions ['ignore', 'ignore_ament_install']
[0.077s] Level 1:colcon.colcon_core.package_identification:_identify(.) by extension 'ignore'
[0.077s] Level 1:colcon.colcon_core.package_identification:_identify(.) by extension 'ignore_ament_install'
[0.078s] Level 1:colcon.colcon_core.package_identification:_identify(.) by extensions ['colcon_pkg']
[0.078s] Level 1:colcon.colcon_core.package_identification:_identify(.) by extension 'colcon_pkg'
[0.078s] Level 1:colcon.colcon_core.package_identification:_identify(.) by extensions ['colcon_meta']
[0.078s] Level 1:colcon.colcon_core.package_identification:_identify(.) by extension 'colcon_meta'
[0.078s] Level 1:colcon.colcon_core.package_identification:_identify(.) by extensions ['ros']
[0.078s] Level 1:colcon.colcon_core.package_identification:_identify(.) by extension 'ros'
[0.091s] DEBUG:colcon.colcon_core.package_identification:Package '.' with type 'ros.ament_python' and name 'hover_above'
[0.091s] Level 1:colcon.colcon_core.package_discovery:discover_packages(recursive) using defaults
[0.091s] Level 1:colcon.colcon_core.package_discovery:discover_packages(ignore) discover
[0.091s] Level 1:colcon.colcon_core.package_discovery:discover_packages(ignore) using defaults
[0.091s] Level 1:colcon.colcon_core.package_discovery:discover_packages(path) discover
[0.091s] Level 1:colcon.colcon_core.package_discovery:discover_packages(path) using defaults
[0.100s] Level 1:colcon.colcon_core.package_discovery:discover_packages(prefix_path) check parameters
[0.100s] Level 1:colcon.colcon_core.package_discovery:discover_packages(prefix_path) discover
[0.101s] DEBUG:colcon.colcon_installed_package_information.package_discovery:Found 37 installed packages in /home/paige-spalsbury/ros2_ws/install
[0.102s] DEBUG:colcon.colcon_installed_package_information.package_discovery:Found 2 installed packages in /home/paige-spalsbury/ros2_ws/src/install
[0.102s] DEBUG:colcon.colcon_installed_package_information.package_discovery:Found 410 installed packages in /opt/ros/jazzy
[0.103s] Level 1:colcon.colcon_core.package_discovery:discover_packages(prefix_path) using defaults
[0.125s] Level 5:colcon.colcon_core.verb:set package 'hover_above' build argument 'cmake_args' from command line to 'None'
[0.125s] Level 5:colcon.colcon_core.verb:set package 'hover_above' build argument 'cmake_target' from command line to 'None'
[0.125s] Level 5:colcon.colcon_core.verb:set package 'hover_above' build argument 'cmake_target_skip_unavailable' from command line to 'False'
[0.125s] Level 5:colcon.colcon_core.verb:set package 'hover_above' build argument 'cmake_clean_cache' from command line to 'False'
[0.125s] Level 5:colcon.colcon_core.verb:set package 'hover_above' build argument 'cmake_clean_first' from command line to 'False'
[0.125s] Level 5:colcon.colcon_core.verb:set package 'hover_above' build argument 'cmake_force_configure' from command line to 'False'
[0.125s] Level 5:colcon.colcon_core.verb:set package 'hover_above' build argument 'ament_cmake_args' from command line to 'None'
[0.125s] Level 5:colcon.colcon_core.verb:set package 'hover_above' build argument 'catkin_cmake_args' from command line to 'None'
[0.125s] Level 5:colcon.colcon_core.verb:set package 'hover_above' build argument 'catkin_skip_building_tests' from command line to 'False'
[0.125s] DEBUG:colcon.colcon_core.verb:Building package 'hover_above' with the following arguments: {'ament_cmake_args': None, 'build_base': '/home/paige-spalsbury/ros2_ws/src/hover_above/build/hover_above', 'catkin_cmake_args': None, 'catkin_skip_building_tests': False, 'cmake_args': None, 'cmake_clean_cache': False, 'cmake_clean_first': False, 'cmake_force_configure': False, 'cmake_target': None, 'cmake_target_skip_unavailable': False, 'install_base': '/home/paige-spalsbury/ros2_ws/src/hover_above/install/hover_above', 'merge_install': False, 'path': '/home/paige-spalsbury/ros2_ws/src/hover_above', 'symlink_install': False, 'test_result_base': None}
[0.125s] INFO:colcon.colcon_core.executor:Executing jobs using 'parallel' executor
[0.126s] DEBUG:colcon.colcon_parallel_executor.executor.parallel:run_until_complete
[0.126s] INFO:colcon.colcon_ros.task.ament_python.build:Building ROS package in '/home/paige-spalsbury/ros2_ws/src/hover_above' with build type 'ament_python'
[0.126s] Level 1:colcon.colcon_core.shell:create_environment_hook('hover_above', 'ament_prefix_path')
[0.127s] INFO:colcon.colcon_core.plugin_system:Skipping extension 'colcon_core.shell.bat': Not used on non-Windows systems
[0.127s] INFO:colcon.colcon_core.shell:Creating environment hook '/home/paige-spalsbury/ros2_ws/src/hover_above/install/hover_above/share/hover_above/hook/ament_prefix_path.ps1'
[0.162s] INFO:colcon.colcon_core.shell:Creating environment descriptor '/home/paige-spalsbury/ros2_ws/src/hover_above/install/hover_above/share/hover_above/hook/ament_prefix_path.dsv'
[0.162s] INFO:colcon.colcon_core.shell:Creating environment hook '/home/paige-spalsbury/ros2_ws/src/hover_above/install/hover_above/share/hover_above/hook/ament_prefix_path.sh'
[0.163s] INFO:colcon.colcon_core.shell:Skip shell extension 'powershell' for command environment: Not usable outside of PowerShell
[0.163s] DEBUG:colcon.colcon_core.shell:Skip shell extension 'dsv' for command environment
[0.280s] INFO:colcon.colcon_core.task.python.build:Building Python package in '/home/paige-spalsbury/ros2_ws/src/hover_above'
[0.280s] INFO:colcon.colcon_core.shell:Skip shell extension 'powershell' for command environment: Not usable outside of PowerShell
[0.280s] DEBUG:colcon.colcon_core.shell:Skip shell extension 'dsv' for command environment
[0.606s] DEBUG:colcon.colcon_core.task.python.build:Available setuptools commands: extract_messages, rotate, bdist_rpm, register, easy_install, bdist_egg, install_headers, compile_catalog, setopt, test, install_egg_info, bdist_dumb, build_clib, dist_info, symlink_data, clean, check, init_catalog, install, install_data, upload_docs, saveopts, install_scripts, sdist, develop, upload, build_ext, bdist, update_catalog, build_scripts, alias, install_lib, editable_wheel, egg_info, build_py, build
[0.608s] DEBUG:colcon.colcon_core.event_handler.log_command:Invoking command in '/home/paige-spalsbury/ros2_ws/src/hover_above': DEBUGINFOD_URLS=https://debuginfod.ubuntu.com PYTHONPATH=/home/paige-spalsbury/ros2_ws/src/hover_above/build/hover_above/prefix_override:/usr/lib/python3/dist-packages/colcon_core/task/python/colcon_distutils_commands:/home/paige-spalsbury/ros2_ws/src/hover_above/install/hover_above/lib/python3.12/site-packages:${PYTHONPATH} /usr/bin/python3 -W ignore:setup.py install is deprecated -W ignore:easy_install command is deprecated setup.py egg_info --egg-base build/hover_above build --build-base /home/paige-spalsbury/ros2_ws/src/hover_above/build/hover_above/build install --record /home/paige-spalsbury/ros2_ws/src/hover_above/build/hover_above/install.log --install-scripts $base/lib/hover_above --single-version-externally-managed install_data
[0.920s] DEBUG:colcon.colcon_core.event_handler.log_command:Invoked command in '/home/paige-spalsbury/ros2_ws/src/hover_above' returned '0': DEBUGINFOD_URLS=https://debuginfod.ubuntu.com PYTHONPATH=/home/paige-spalsbury/ros2_ws/src/hover_above/build/hover_above/prefix_override:/usr/lib/python3/dist-packages/colcon_core/task/python/colcon_distutils_commands:/home/paige-spalsbury/ros2_ws/src/hover_above/install/hover_above/lib/python3.12/site-packages:${PYTHONPATH} /usr/bin/python3 -W ignore:setup.py install is deprecated -W ignore:easy_install command is deprecated setup.py egg_info --egg-base build/hover_above build --build-base /home/paige-spalsbury/ros2_ws/src/hover_above/build/hover_above/build install --record /home/paige-spalsbury/ros2_ws/src/hover_above/build/hover_above/install.log --install-scripts $base/lib/hover_above --single-version-externally-managed install_data
[0.922s] Level 1:colcon.colcon_core.environment:checking '/home/paige-spalsbury/ros2_ws/src/hover_above/install/hover_above' for CMake module files
[0.923s] Level 1:colcon.colcon_core.environment:checking '/home/paige-spalsbury/ros2_ws/src/hover_above/install/hover_above' for CMake config files
[0.924s] Level 1:colcon.colcon_core.environment:checking '/home/paige-spalsbury/ros2_ws/src/hover_above/install/hover_above/lib'
[0.924s] Level 1:colcon.colcon_core.environment:checking '/home/paige-spalsbury/ros2_ws/src/hover_above/install/hover_above/bin'
[0.924s] Level 1:colcon.colcon_core.environment:checking '/home/paige-spalsbury/ros2_ws/src/hover_above/install/hover_above/lib/pkgconfig/hover_above.pc'
[0.925s] Level 1:colcon.colcon_core.environment:checking '/home/paige-spalsbury/ros2_ws/src/hover_above/install/hover_above/lib/python3.12/site-packages'
[0.925s] Level 1:colcon.colcon_core.shell:create_environment_hook('hover_above', 'pythonpath')
[0.925s] INFO:colcon.colcon_core.shell:Creating environment hook '/home/paige-spalsbury/ros2_ws/src/hover_above/install/hover_above/share/hover_above/hook/pythonpath.ps1'
[0.925s] INFO:colcon.colcon_core.shell:Creating environment descriptor '/home/paige-spalsbury/ros2_ws/src/hover_above/install/hover_above/share/hover_above/hook/pythonpath.dsv'
[0.925s] INFO:colcon.colcon_core.shell:Creating environment hook '/home/paige-spalsbury/ros2_ws/src/hover_above/install/hover_above/share/hover_above/hook/pythonpath.sh'
[0.926s] Level 1:colcon.colcon_core.environment:checking '/home/paige-spalsbury/ros2_ws/src/hover_above/install/hover_above/bin'
[0.926s] Level 1:colcon.colcon_core.environment:create_environment_scripts_only(hover_above)
[0.926s] INFO:colcon.colcon_core.shell:Creating package script '/home/paige-spalsbury/ros2_ws/src/hover_above/install/hover_above/share/hover_above/package.ps1'
[0.926s] INFO:colcon.colcon_core.shell:Creating package descriptor '/home/paige-spalsbury/ros2_ws/src/hover_above/install/hover_above/share/hover_above/package.dsv'
[0.927s] INFO:colcon.colcon_core.shell:Creating package script '/home/paige-spalsbury/ros2_ws/src/hover_above/install/hover_above/share/hover_above/package.sh'
[0.927s] INFO:colcon.colcon_core.shell:Creating package script '/home/paige-spalsbury/ros2_ws/src/hover_above/install/hover_above/share/hover_above/package.bash'
[0.927s] INFO:colcon.colcon_core.shell:Creating package script '/home/paige-spalsbury/ros2_ws/src/hover_above/install/hover_above/share/hover_above/package.zsh'
[0.928s] Level 1:colcon.colcon_core.environment:create_file_with_runtime_dependencies(/home/paige-spalsbury/ros2_ws/src/hover_above/install/hover_above/share/colcon-core/packages/hover_above)
[0.928s] DEBUG:colcon.colcon_parallel_executor.executor.parallel:closing loop
[0.928s] DEBUG:colcon.colcon_parallel_executor.executor.parallel:loop closed
[0.928s] DEBUG:colcon.colcon_parallel_executor.executor.parallel:run_until_complete finished with '0'
[0.928s] DEBUG:colcon.colcon_core.event_reactor:joining thread
[0.931s] INFO:colcon.colcon_core.plugin_system:Skipping extension 'colcon_notification.desktop_notification.terminal_notifier': Not used on non-Darwin systems
[0.931s] INFO:colcon.colcon_core.plugin_system:Skipping extension 'colcon_notification.desktop_notification.win32': Not used on non-Windows systems
[0.931s] INFO:colcon.colcon_notification.desktop_notification:Sending desktop notification using 'notify2'
[0.941s] DEBUG:colcon.colcon_core.event_reactor:joined thread
[0.941s] INFO:colcon.colcon_core.shell:Creating prefix script '/home/paige-spalsbury/ros2_ws/src/hover_above/install/local_setup.ps1'
[0.942s] INFO:colcon.colcon_core.shell:Creating prefix util module '/home/paige-spalsbury/ros2_ws/src/hover_above/install/_local_setup_util_ps1.py'
[0.942s] INFO:colcon.colcon_core.shell:Creating prefix chain script '/home/paige-spalsbury/ros2_ws/src/hover_above/install/setup.ps1'
[0.943s] INFO:colcon.colcon_core.shell:Creating prefix script '/home/paige-spalsbury/ros2_ws/src/hover_above/install/local_setup.sh'
[0.943s] INFO:colcon.colcon_core.shell:Creating prefix util module '/home/paige-spalsbury/ros2_ws/src/hover_above/install/_local_setup_util_sh.py'
[0.944s] INFO:colcon.colcon_core.shell:Creating prefix chain script '/home/paige-spalsbury/ros2_ws/src/hover_above/install/setup.sh'
[0.945s] INFO:colcon.colcon_core.shell:Creating prefix script '/home/paige-spalsbury/ros2_ws/src/hover_above/install/local_setup.bash'
[0.945s] INFO:colcon.colcon_core.shell:Creating prefix chain script '/home/paige-spalsbury/ros2_ws/src/hover_above/install/setup.bash'
[0.946s] INFO:colcon.colcon_core.shell:Creating prefix script '/home/paige-spalsbury/ros2_ws/src/hover_above/install/local_setup.zsh'
[0.946s] INFO:colcon.colcon_core.shell:Creating prefix chain script '/home/paige-spalsbury/ros2_ws/src/hover_above/install/setup.zsh'
