running egg_info
writing build/hover_above/hover_above.egg-info/PKG-INFO
writing dependency_links to build/hover_above/hover_above.egg-info/dependency_links.txt
writing entry points to build/hover_above/hover_above.egg-info/entry_points.txt
writing requirements to build/hover_above/hover_above.egg-info/requires.txt
writing top-level names to build/hover_above/hover_above.egg-info/top_level.txt
reading manifest file 'build/hover_above/hover_above.egg-info/SOURCES.txt'
adding license file 'LICENSE'
writing manifest file 'build/hover_above/hover_above.egg-info/SOURCES.txt'
running build
running build_py
running install
running install_lib
running install_data
running install_egg_info
removing '/home/paige-spalsbury/ros2_ws/src/hover_above/install/hover_above/lib/python3.12/site-packages/hover_above-0.0.0-py3.12.egg-info' (and everything under it)
Copying build/hover_above/hover_above.egg-info to /home/paige-spalsbury/ros2_ws/src/hover_above/install/hover_above/lib/python3.12/site-packages/hover_above-0.0.0-py3.12.egg-info
running install_scripts
Installing hover script to /home/paige-spalsbury/ros2_ws/src/hover_above/install/hover_above/lib/hover_above
Installing move script to /home/paige-spalsbury/ros2_ws/src/hover_above/install/hover_above/lib/hover_above
writing list of installed files to '/home/paige-spalsbury/ros2_ws/src/hover_above/build/hover_above/install.log'
