/home/artrpelli/HW5_RBE4540/install/hover_above/lib/python3.12/site-packages/hover_above/hover_func.py
/home/artrpelli/HW5_RBE4540/install/hover_above/lib/python3.12/site-packages/hover_above/ur_move_simple_interface.py
/home/artrpelli/HW5_RBE4540/install/hover_above/lib/python3.12/site-packages/hover_above/move_hover.py
/home/artrpelli/HW5_RBE4540/install/hover_above/lib/python3.12/site-packages/hover_above/__init__.py
/home/artrpelli/HW5_RBE4540/install/hover_above/lib/python3.12/site-packages/hover_above/__pycache__/hover_func.cpython-312.pyc
/home/artrpelli/HW5_RBE4540/install/hover_above/lib/python3.12/site-packages/hover_above/__pycache__/ur_move_simple_interface.cpython-312.pyc
/home/artrpelli/HW5_RBE4540/install/hover_above/lib/python3.12/site-packages/hover_above/__pycache__/move_hover.cpython-312.pyc
/home/artrpelli/HW5_RBE4540/install/hover_above/lib/python3.12/site-packages/hover_above/__pycache__/__init__.cpython-312.pyc
/home/artrpelli/HW5_RBE4540/install/hover_above/share/ament_index/resource_index/packages/hover_above
/home/artrpelli/HW5_RBE4540/install/hover_above/share/hover_above/package.xml
/home/artrpelli/HW5_RBE4540/install/hover_above/share/hover_above/launch/simple_pick_place_demo.launch.py
/home/artrpelli/HW5_RBE4540/install/hover_above/share/hover_above/launch/ur_move_simple_interface.launch.py
/home/artrpelli/HW5_RBE4540/install/hover_above/share/hover_above/config/ur_move_simple_interface.yaml
/home/artrpelli/HW5_RBE4540/install/hover_above/share/hover_above/config/simple_pick_place.yaml
/home/artrpelli/HW5_RBE4540/install/hover_above/lib/python3.12/site-packages/hover_above-0.0.0-py3.12.egg-info/entry_points.txt
/home/artrpelli/HW5_RBE4540/install/hover_above/lib/python3.12/site-packages/hover_above-0.0.0-py3.12.egg-info/dependency_links.txt
/home/artrpelli/HW5_RBE4540/install/hover_above/lib/python3.12/site-packages/hover_above-0.0.0-py3.12.egg-info/zip-safe
/home/artrpelli/HW5_RBE4540/install/hover_above/lib/python3.12/site-packages/hover_above-0.0.0-py3.12.egg-info/SOURCES.txt
/home/artrpelli/HW5_RBE4540/install/hover_above/lib/python3.12/site-packages/hover_above-0.0.0-py3.12.egg-info/PKG-INFO
/home/artrpelli/HW5_RBE4540/install/hover_above/lib/python3.12/site-packages/hover_above-0.0.0-py3.12.egg-info/top_level.txt
/home/artrpelli/HW5_RBE4540/install/hover_above/lib/python3.12/site-packages/hover_above-0.0.0-py3.12.egg-info/requires.txt
/home/artrpelli/HW5_RBE4540/install/hover_above/lib/hover_above/hover
/home/artrpelli/HW5_RBE4540/install/hover_above/lib/hover_above/move
/home/artrpelli/HW5_RBE4540/install/hover_above/lib/hover_above/move_interface
