[0.481s] Invoking command in '/home/paige-spalsbury/ros2_ws/src/hover_above': DEBUGINFOD_URLS=https://debuginfod.ubuntu.com PYTHONPATH=/home/paige-spalsbury/ros2_ws/src/hover_above/build/hover_above/prefix_override:/usr/lib/python3/dist-packages/colcon_core/task/python/colcon_distutils_commands:/home/paige-spalsbury/ros2_ws/src/hover_above/install/hover_above/lib/python3.12/site-packages:${PYTHONPATH} /usr/bin/python3 -W ignore:setup.py install is deprecated -W ignore:easy_install command is deprecated setup.py egg_info --egg-base build/hover_above build --build-base /home/paige-spalsbury/ros2_ws/src/hover_above/build/hover_above/build install --record /home/paige-spalsbury/ros2_ws/src/hover_above/build/hover_above/install.log --install-scripts $base/lib/hover_above --single-version-externally-managed install_data
[0.614s] running egg_info
[0.622s] writing build/hover_above/hover_above.egg-info/PKG-INFO
[0.627s] writing dependency_links to build/hover_above/hover_above.egg-info/dependency_links.txt
[0.627s] writing entry points to build/hover_above/hover_above.egg-info/entry_points.txt
[0.627s] writing requirements to build/hover_above/hover_above.egg-info/requires.txt
[0.627s] writing top-level names to build/hover_above/hover_above.egg-info/top_level.txt
[0.644s] reading manifest file 'build/hover_above/hover_above.egg-info/SOURCES.txt'
[0.644s] adding license file 'LICENSE'
[0.645s] writing manifest file 'build/hover_above/hover_above.egg-info/SOURCES.txt'
[0.645s] running build
[0.645s] running build_py
[0.645s] copying hover_above/ur_move_simple_interface.py -> /home/paige-spalsbury/ros2_ws/src/hover_above/build/hover_above/build/lib/hover_above
[0.645s] running install
[0.648s] running install_lib
[0.656s] copying /home/paige-spalsbury/ros2_ws/src/hover_above/build/hover_above/build/lib/hover_above/ur_move_simple_interface.py -> /home/paige-spalsbury/ros2_ws/src/hover_above/install/hover_above/lib/python3.12/site-packages/hover_above
[0.657s] byte-compiling /home/paige-spalsbury/ros2_ws/src/hover_above/install/hover_above/lib/python3.12/site-packages/hover_above/ur_move_simple_interface.py to ur_move_simple_interface.cpython-312.pyc
[0.659s] running install_data
[0.660s] running install_egg_info
[0.668s] removing '/home/paige-spalsbury/ros2_ws/src/hover_above/install/hover_above/lib/python3.12/site-packages/hover_above-0.0.0-py3.12.egg-info' (and everything under it)
[0.668s] Copying build/hover_above/hover_above.egg-info to /home/paige-spalsbury/ros2_ws/src/hover_above/install/hover_above/lib/python3.12/site-packages/hover_above-0.0.0-py3.12.egg-info
[0.669s] running install_scripts
[0.726s] Installing hover script to /home/paige-spalsbury/ros2_ws/src/hover_above/install/hover_above/lib/hover_above
[0.778s] Installing move script to /home/paige-spalsbury/ros2_ws/src/hover_above/install/hover_above/lib/hover_above
[0.778s] Installing ur_move_simple_interface script to /home/paige-spalsbury/ros2_ws/src/hover_above/install/hover_above/lib/hover_above
[0.778s] writing list of installed files to '/home/paige-spalsbury/ros2_ws/src/hover_above/build/hover_above/install.log'
[0.793s] Invoked command in '/home/paige-spalsbury/ros2_ws/src/hover_above' returned '0': DEBUGINFOD_URLS=https://debuginfod.ubuntu.com PYTHONPATH=/home/paige-spalsbury/ros2_ws/src/hover_above/build/hover_above/prefix_override:/usr/lib/python3/dist-packages/colcon_core/task/python/colcon_distutils_commands:/home/paige-spalsbury/ros2_ws/src/hover_above/install/hover_above/lib/python3.12/site-packages:${PYTHONPATH} /usr/bin/python3 -W ignore:setup.py install is deprecated -W ignore:easy_install command is deprecated setup.py egg_info --egg-base build/hover_above build --build-base /home/paige-spalsbury/ros2_ws/src/hover_above/build/hover_above/build install --record /home/paige-spalsbury/ros2_ws/src/hover_above/build/hover_above/install.log --install-scripts $base/lib/hover_above --single-version-externally-managed install_data
