[0.488s] Invoking command in '/home/paige-spalsbury/ros2_ws/src/hover_above/hover_above': AMENT_PREFIX_PATH=/home/paige-spalsbury/ros2_ws/src/hover_above/install/common_interfaces_merlab:${AMENT_PREFIX_PATH} CMAKE_PREFIX_PATH=/home/paige-spalsbury/ros2_ws/src/hover_above/install/common_interfaces_merlab:${CMAKE_PREFIX_PATH} DEBUGINFOD_URLS=https://debuginfod.ubuntu.com LD_LIBRARY_PATH=/home/paige-spalsbury/ros2_ws/src/hover_above/install/common_interfaces_merlab/lib:${LD_LIBRARY_PATH} PYTHONPATH=/home/paige-spalsbury/ros2_ws/src/hover_above/build/hover_above/prefix_override:/usr/lib/python3/dist-packages/colcon_core/task/python/colcon_distutils_commands:/home/paige-spalsbury/ros2_ws/src/hover_above/install/hover_above/lib/python3.12/site-packages:/home/paige-spalsbury/ros2_ws/src/hover_above/install/common_interfaces_merlab/lib/python3.12/site-packages:${PYTHONPATH} /usr/bin/python3 -W ignore:setup.py install is deprecated -W ignore:easy_install command is deprecated setup.py egg_info --egg-base ../build/hover_above build --build-base /home/paige-spalsbury/ros2_ws/src/hover_above/build/hover_above/build install --record /home/paige-spalsbury/ros2_ws/src/hover_above/build/hover_above/install.log --install-scripts $base/lib/hover_above --single-version-externally-managed install_data
[0.624s] running egg_info
[0.632s] writing ../build/hover_above/hover_above.egg-info/PKG-INFO
[0.632s] writing dependency_links to ../build/hover_above/hover_above.egg-info/dependency_links.txt
[0.632s] writing entry points to ../build/hover_above/hover_above.egg-info/entry_points.txt
[0.632s] writing requirements to ../build/hover_above/hover_above.egg-info/requires.txt
[0.632s] writing top-level names to ../build/hover_above/hover_above.egg-info/top_level.txt
[0.649s] reading manifest file '../build/hover_above/hover_above.egg-info/SOURCES.txt'
[0.650s] adding license file 'LICENSE'
[0.650s] writing manifest file '../build/hover_above/hover_above.egg-info/SOURCES.txt'
[0.650s] running build
[0.650s] running build_py
[0.650s] copying hover_above/hover_func.py -> /home/paige-spalsbury/ros2_ws/src/hover_above/build/hover_above/build/lib/hover_above
[0.650s] copying hover_above/move_hover.py -> /home/paige-spalsbury/ros2_ws/src/hover_above/build/hover_above/build/lib/hover_above
[0.650s] running install
[0.653s] running install_lib
[0.662s] copying /home/paige-spalsbury/ros2_ws/src/hover_above/build/hover_above/build/lib/hover_above/hover_func.py -> /home/paige-spalsbury/ros2_ws/src/hover_above/install/hover_above/lib/python3.12/site-packages/hover_above
[0.662s] copying /home/paige-spalsbury/ros2_ws/src/hover_above/build/hover_above/build/lib/hover_above/move_hover.py -> /home/paige-spalsbury/ros2_ws/src/hover_above/install/hover_above/lib/python3.12/site-packages/hover_above
[0.662s] byte-compiling /home/paige-spalsbury/ros2_ws/src/hover_above/install/hover_above/lib/python3.12/site-packages/hover_above/hover_func.py to hover_func.cpython-312.pyc
[0.664s] byte-compiling /home/paige-spalsbury/ros2_ws/src/hover_above/install/hover_above/lib/python3.12/site-packages/hover_above/move_hover.py to move_hover.cpython-312.pyc
[0.664s] running install_data
[0.665s] creating /home/paige-spalsbury/ros2_ws/src/hover_above/install/hover_above/share/hover_above/launch
[0.665s] copying launch/simple_pick_place_demo.launch.py -> /home/paige-spalsbury/ros2_ws/src/hover_above/install/hover_above/share/hover_above/launch
[0.665s] copying launch/ur_move_simple_interface.launch.py -> /home/paige-spalsbury/ros2_ws/src/hover_above/install/hover_above/share/hover_above/launch
[0.665s] creating /home/paige-spalsbury/ros2_ws/src/hover_above/install/hover_above/share/hover_above/config
[0.665s] copying config/ur_move_simple_interface.yaml -> /home/paige-spalsbury/ros2_ws/src/hover_above/install/hover_above/share/hover_above/config
[0.665s] copying config/simple_pick_place.yaml -> /home/paige-spalsbury/ros2_ws/src/hover_above/install/hover_above/share/hover_above/config
[0.665s] running install_egg_info
[0.675s] removing '/home/paige-spalsbury/ros2_ws/src/hover_above/install/hover_above/lib/python3.12/site-packages/hover_above-0.0.0-py3.12.egg-info' (and everything under it)
[0.675s] Copying ../build/hover_above/hover_above.egg-info to /home/paige-spalsbury/ros2_ws/src/hover_above/install/hover_above/lib/python3.12/site-packages/hover_above-0.0.0-py3.12.egg-info
[0.675s] running install_scripts
[0.735s] Installing hover script to /home/paige-spalsbury/ros2_ws/src/hover_above/install/hover_above/lib/hover_above
[0.736s] Installing move script to /home/paige-spalsbury/ros2_ws/src/hover_above/install/hover_above/lib/hover_above
[0.736s] Installing move_interface script to /home/paige-spalsbury/ros2_ws/src/hover_above/install/hover_above/lib/hover_above
[0.736s] writing list of installed files to '/home/paige-spalsbury/ros2_ws/src/hover_above/build/hover_above/install.log'
[0.749s] Invoked command in '/home/paige-spalsbury/ros2_ws/src/hover_above/hover_above' returned '0': AMENT_PREFIX_PATH=/home/paige-spalsbury/ros2_ws/src/hover_above/install/common_interfaces_merlab:${AMENT_PREFIX_PATH} CMAKE_PREFIX_PATH=/home/paige-spalsbury/ros2_ws/src/hover_above/install/common_interfaces_merlab:${CMAKE_PREFIX_PATH} DEBUGINFOD_URLS=https://debuginfod.ubuntu.com LD_LIBRARY_PATH=/home/paige-spalsbury/ros2_ws/src/hover_above/install/common_interfaces_merlab/lib:${LD_LIBRARY_PATH} PYTHONPATH=/home/paige-spalsbury/ros2_ws/src/hover_above/build/hover_above/prefix_override:/usr/lib/python3/dist-packages/colcon_core/task/python/colcon_distutils_commands:/home/paige-spalsbury/ros2_ws/src/hover_above/install/hover_above/lib/python3.12/site-packages:/home/paige-spalsbury/ros2_ws/src/hover_above/install/common_interfaces_merlab/lib/python3.12/site-packages:${PYTHONPATH} /usr/bin/python3 -W ignore:setup.py install is deprecated -W ignore:easy_install command is deprecated setup.py egg_info --egg-base ../build/hover_above build --build-base /home/paige-spalsbury/ros2_ws/src/hover_above/build/hover_above/build install --record /home/paige-spalsbury/ros2_ws/src/hover_above/build/hover_above/install.log --install-scripts $base/lib/hover_above --single-version-externally-managed install_data
