-- The C compiler identification is GNU 13.3.0
-- The CXX compiler identification is GNU 13.3.0
-- Detecting C compiler ABI info
-- Detecting C compiler ABI info - done
-- Check for working C compiler: /usr/bin/cc - skipped
-- Detecting C compile features
-- Detecting C compile features - done
-- Detecting CXX compiler ABI info
-- Detecting CXX compiler ABI info - done
-- Check for working CXX compiler: /usr/bin/c++ - skipped
-- Detecting CXX compile features
-- Detecting CXX compile features - done
-- Found ament_cmake: 2.5.6 (/opt/ros/jazzy/share/ament_cmake/cmake)
-- Found Python3: /usr/bin/python3 (found version "3.12.3") found components: Interpreter 
-- Found geometry_msgs: 5.3.8 (/opt/ros/jazzy/share/geometry_msgs/cmake)
-- Found rosidl_generator_c: 4.6.9 (/opt/ros/jazzy/share/rosidl_generator_c/cmake)
-- Found rosidl_generator_cpp: 4.6.9 (/opt/ros/jazzy/share/rosidl_generator_cpp/cmake)
-- Using all available rosidl_typesupport_c: rosidl_typesupport_fastrtps_c;rosidl_typesupport_introspection_c
-- Using all available rosidl_typesupport_cpp: rosidl_typesupport_fastrtps_cpp;rosidl_typesupport_introspection_cpp
-- Found trajectory_msgs: 5.3.8 (/opt/ros/jazzy/share/trajectory_msgs/cmake)
-- Found rosidl_default_generators: 1.6.1 (/opt/ros/jazzy/share/rosidl_default_generators/cmake)
-- Found rosidl_adapter: 4.6.9 (/opt/ros/jazzy/share/rosidl_adapter/cmake)
-- Found ament_cmake_ros: 0.12.1 (/opt/ros/jazzy/share/ament_cmake_ros/cmake)
-- Using all available rosidl_typesupport_c: rosidl_typesupport_fastrtps_c;rosidl_typesupport_introspection_c
-- Using all available rosidl_typesupport_cpp: rosidl_typesupport_fastrtps_cpp;rosidl_typesupport_introspection_cpp
-- Found python_cmake_module: 0.11.1 (/opt/ros/jazzy/share/python_cmake_module/cmake)
-- Found PythonExtra: /usr/bin/python3  
-- Found Python3: /usr/bin/python3 (found version "3.12.3") found components: Interpreter Development NumPy Development.Module Development.Embed 
-- Found Python3: /usr/bin/python3 (found version "3.12.3") found components: Interpreter 
-- Found ament_lint_auto: 0.17.5 (/opt/ros/jazzy/share/ament_lint_auto/cmake)
-- Added test 'lint_cmake' to check CMake code style
-- Added test 'xmllint' to check XML markup files
-- Configuring done (2.5s)
-- Generating done (0.0s)
-- Build files have been written to: /home/paige-spalsbury/ros2_ws/src/hover_above/build/common_interfaces_merlab
[  3%] [34m[1mGenerating type hashes for ROS interfaces[0m
[  3%] [34m[1mGenerating Rust code for ROS interfaces[0m
[  3%] Built target ament_cmake_python_copy_common_interfaces_merlab
running egg_info
creating common_interfaces_merlab.egg-info
[  3%] Built target common_interfaces_merlab__rosidl_generator_type_description
writing common_interfaces_merlab.egg-info/PKG-INFO
writing dependency_links to common_interfaces_merlab.egg-info/dependency_links.txt
writing top-level names to common_interfaces_merlab.egg-info/top_level.txt
writing manifest file 'common_interfaces_merlab.egg-info/SOURCES.txt'
[  3%] Built target common_interfaces_merlab__rs
[  4%] [34m[1mGenerating C code for ROS interfaces[0m
[  6%] [34m[1mGenerating C++ code for ROS interfaces[0m
reading manifest file 'common_interfaces_merlab.egg-info/SOURCES.txt'
writing manifest file 'common_interfaces_merlab.egg-info/SOURCES.txt'
[  6%] Built target ament_cmake_python_build_common_interfaces_merlab_egg
[  6%] Built target common_interfaces_merlab__cpp
[ 12%] [32mBuilding C object CMakeFiles/common_interfaces_merlab__rosidl_generator_c.dir/rosidl_generator_c/common_interfaces_merlab/srv/detail/send_pose__functions.c.o[0m
[ 12%] [32mBuilding C object CMakeFiles/common_interfaces_merlab__rosidl_generator_c.dir/rosidl_generator_c/common_interfaces_merlab/srv/detail/send_twist__description.c.o[0m
[ 12%] [32mBuilding C object CMakeFiles/common_interfaces_merlab__rosidl_generator_c.dir/rosidl_generator_c/common_interfaces_merlab/srv/detail/send_pose__description.c.o[0m
[ 12%] [32mBuilding C object CMakeFiles/common_interfaces_merlab__rosidl_generator_c.dir/rosidl_generator_c/common_interfaces_merlab/srv/detail/send_pose__type_support.c.o[0m
[ 13%] [32mBuilding C object CMakeFiles/common_interfaces_merlab__rosidl_generator_c.dir/rosidl_generator_c/common_interfaces_merlab/srv/detail/send_twist__functions.c.o[0m
[ 15%] [32mBuilding C object CMakeFiles/common_interfaces_merlab__rosidl_generator_c.dir/rosidl_generator_c/common_interfaces_merlab/srv/detail/send_twist__type_support.c.o[0m
[ 16%] [32mBuilding C object CMakeFiles/common_interfaces_merlab__rosidl_generator_c.dir/rosidl_generator_c/common_interfaces_merlab/srv/detail/send_joint_trajectory__description.c.o[0m
[ 18%] [32mBuilding C object CMakeFiles/common_interfaces_merlab__rosidl_generator_c.dir/rosidl_generator_c/common_interfaces_merlab/srv/detail/send_joint_trajectory_point__description.c.o[0m
[ 21%] [32mBuilding C object CMakeFiles/common_interfaces_merlab__rosidl_generator_c.dir/rosidl_generator_c/common_interfaces_merlab/srv/detail/send_joint_trajectory__type_support.c.o[0m
[ 21%] [32mBuilding C object CMakeFiles/common_interfaces_merlab__rosidl_generator_c.dir/rosidl_generator_c/common_interfaces_merlab/srv/detail/send_joint_trajectory__functions.c.o[0m
[ 24%] [32mBuilding C object CMakeFiles/common_interfaces_merlab__rosidl_generator_c.dir/rosidl_generator_c/common_interfaces_merlab/srv/detail/send_joint_trajectory_point__type_support.c.o[0m
[ 24%] [32mBuilding C object CMakeFiles/common_interfaces_merlab__rosidl_generator_c.dir/rosidl_generator_c/common_interfaces_merlab/srv/detail/send_joint_trajectory_point__functions.c.o[0m
[ 26%] [32m[1mLinking C shared library libcommon_interfaces_merlab__rosidl_generator_c.so[0m
[ 26%] Built target common_interfaces_merlab__rosidl_generator_c
[ 35%] [34m[1mGenerating C++ introspection for ROS interfaces[0m
[ 35%] [34m[1mGenerating C++ type support dispatch for ROS interfaces[0m
[ 35%] [34m[1mGenerating C type support dispatch for ROS interfaces[0m
[ 35%] [34m[1mGenerating C introspection for ROS interfaces[0m
[ 35%] [34m[1mGenerating C++ type support for eProsima Fast-RTPS[0m
[ 35%] [34m[1mGenerating C type support for eProsima Fast-RTPS[0m
[ 47%] [32mBuilding CXX object CMakeFiles/common_interfaces_merlab__rosidl_typesupport_c.dir/rosidl_typesupport_c/common_interfaces_merlab/srv/send_joint_trajectory__type_support.cpp.o[0m
[ 47%] [32mBuilding CXX object CMakeFiles/common_interfaces_merlab__rosidl_typesupport_c.dir/rosidl_typesupport_c/common_interfaces_merlab/srv/send_twist__type_support.cpp.o[0m
[ 47%] [32mBuilding CXX object CMakeFiles/common_interfaces_merlab__rosidl_typesupport_cpp.dir/rosidl_typesupport_cpp/common_interfaces_merlab/srv/send_joint_trajectory__type_support.cpp.o[0m
[ 47%] [32mBuilding CXX object CMakeFiles/common_interfaces_merlab__rosidl_typesupport_cpp.dir/rosidl_typesupport_cpp/common_interfaces_merlab/srv/send_twist__type_support.cpp.o[0m
[ 47%] [32mBuilding CXX object CMakeFiles/common_interfaces_merlab__rosidl_typesupport_cpp.dir/rosidl_typesupport_cpp/common_interfaces_merlab/srv/send_pose__type_support.cpp.o[0m
[ 47%] [32mBuilding CXX object CMakeFiles/common_interfaces_merlab__rosidl_typesupport_c.dir/rosidl_typesupport_c/common_interfaces_merlab/srv/send_pose__type_support.cpp.o[0m
[ 47%] [32mBuilding CXX object CMakeFiles/common_interfaces_merlab__rosidl_typesupport_cpp.dir/rosidl_typesupport_cpp/common_interfaces_merlab/srv/send_joint_trajectory_point__type_support.cpp.o[0m
[ 47%] [32mBuilding CXX object CMakeFiles/common_interfaces_merlab__rosidl_typesupport_c.dir/rosidl_typesupport_c/common_interfaces_merlab/srv/send_joint_trajectory_point__type_support.cpp.o[0m
[ 49%] [32mBuilding CXX object CMakeFiles/common_interfaces_merlab__rosidl_typesupport_introspection_cpp.dir/rosidl_typesupport_introspection_cpp/common_interfaces_merlab/srv/detail/send_twist__type_support.cpp.o[0m
[ 50%] [32mBuilding CXX object CMakeFiles/common_interfaces_merlab__rosidl_typesupport_introspection_cpp.dir/rosidl_typesupport_introspection_cpp/common_interfaces_merlab/srv/detail/send_joint_trajectory__type_support.cpp.o[0m
[ 52%] [32mBuilding CXX object CMakeFiles/common_interfaces_merlab__rosidl_typesupport_introspection_cpp.dir/rosidl_typesupport_introspection_cpp/common_interfaces_merlab/srv/detail/send_pose__type_support.cpp.o[0m
[ 53%] [32mBuilding CXX object CMakeFiles/common_interfaces_merlab__rosidl_typesupport_introspection_cpp.dir/rosidl_typesupport_introspection_cpp/common_interfaces_merlab/srv/detail/send_joint_trajectory_point__type_support.cpp.o[0m
[ 55%] [32m[1mLinking CXX shared library libcommon_interfaces_merlab__rosidl_typesupport_c.so[0m
[ 61%] [32mBuilding C object CMakeFiles/common_interfaces_merlab__rosidl_typesupport_introspection_c.dir/rosidl_typesupport_introspection_c/common_interfaces_merlab/srv/detail/send_joint_trajectory__type_support.c.o[0m
[ 61%] [32mBuilding C object CMakeFiles/common_interfaces_merlab__rosidl_typesupport_introspection_c.dir/rosidl_typesupport_introspection_c/common_interfaces_merlab/srv/detail/send_joint_trajectory_point__type_support.c.o[0m
[ 61%] [32mBuilding C object CMakeFiles/common_interfaces_merlab__rosidl_typesupport_introspection_c.dir/rosidl_typesupport_introspection_c/common_interfaces_merlab/srv/detail/send_pose__type_support.c.o[0m
[ 61%] [32mBuilding C object CMakeFiles/common_interfaces_merlab__rosidl_typesupport_introspection_c.dir/rosidl_typesupport_introspection_c/common_interfaces_merlab/srv/detail/send_twist__type_support.c.o[0m
[ 61%] Built target common_interfaces_merlab__rosidl_typesupport_c
[ 63%] [32m[1mLinking C shared library libcommon_interfaces_merlab__rosidl_typesupport_introspection_c.so[0m
[ 63%] Built target common_interfaces_merlab__rosidl_typesupport_introspection_c
[ 69%] [32mBuilding CXX object CMakeFiles/common_interfaces_merlab__rosidl_typesupport_fastrtps_cpp.dir/rosidl_typesupport_fastrtps_cpp/common_interfaces_merlab/srv/detail/dds_fastrtps/send_twist__type_support.cpp.o[0m
[ 69%] [32mBuilding CXX object CMakeFiles/common_interfaces_merlab__rosidl_typesupport_fastrtps_cpp.dir/rosidl_typesupport_fastrtps_cpp/common_interfaces_merlab/srv/detail/dds_fastrtps/send_joint_trajectory_point__type_support.cpp.o[0m
[ 69%] [32mBuilding CXX object CMakeFiles/common_interfaces_merlab__rosidl_typesupport_fastrtps_cpp.dir/rosidl_typesupport_fastrtps_cpp/common_interfaces_merlab/srv/detail/dds_fastrtps/send_joint_trajectory__type_support.cpp.o[0m
[ 69%] [32mBuilding CXX object CMakeFiles/common_interfaces_merlab__rosidl_typesupport_fastrtps_cpp.dir/rosidl_typesupport_fastrtps_cpp/common_interfaces_merlab/srv/detail/dds_fastrtps/send_pose__type_support.cpp.o[0m
[ 75%] [32mBuilding CXX object CMakeFiles/common_interfaces_merlab__rosidl_typesupport_fastrtps_c.dir/rosidl_typesupport_fastrtps_c/common_interfaces_merlab/srv/detail/send_pose__type_support_c.cpp.o[0m
[ 75%] [32mBuilding CXX object CMakeFiles/common_interfaces_merlab__rosidl_typesupport_fastrtps_c.dir/rosidl_typesupport_fastrtps_c/common_interfaces_merlab/srv/detail/send_joint_trajectory__type_support_c.cpp.o[0m
[ 75%] [32mBuilding CXX object CMakeFiles/common_interfaces_merlab__rosidl_typesupport_fastrtps_c.dir/rosidl_typesupport_fastrtps_c/common_interfaces_merlab/srv/detail/send_twist__type_support_c.cpp.o[0m
[ 75%] [32mBuilding CXX object CMakeFiles/common_interfaces_merlab__rosidl_typesupport_fastrtps_c.dir/rosidl_typesupport_fastrtps_c/common_interfaces_merlab/srv/detail/send_joint_trajectory_point__type_support_c.cpp.o[0m
[ 76%] [32m[1mLinking CXX shared library libcommon_interfaces_merlab__rosidl_typesupport_cpp.so[0m
[ 76%] Built target common_interfaces_merlab__rosidl_typesupport_cpp
[ 78%] [32m[1mLinking CXX shared library libcommon_interfaces_merlab__rosidl_typesupport_introspection_cpp.so[0m
[ 78%] Built target common_interfaces_merlab__rosidl_typesupport_introspection_cpp
[ 80%] [32m[1mLinking CXX shared library libcommon_interfaces_merlab__rosidl_typesupport_fastrtps_c.so[0m
[ 80%] Built target common_interfaces_merlab__rosidl_typesupport_fastrtps_c
[ 81%] [32m[1mLinking CXX shared library libcommon_interfaces_merlab__rosidl_typesupport_fastrtps_cpp.so[0m
[ 81%] Built target common_interfaces_merlab__rosidl_typesupport_fastrtps_cpp
[ 81%] Built target common_interfaces_merlab
[ 83%] [34m[1mGenerating Python code for ROS interfaces[0m
[ 83%] Built target common_interfaces_merlab__py
[ 89%] [32mBuilding C object CMakeFiles/common_interfaces_merlab__rosidl_generator_py.dir/rosidl_generator_py/common_interfaces_merlab/srv/_send_joint_trajectory_point_s.c.o[0m
[ 89%] [32mBuilding C object CMakeFiles/common_interfaces_merlab__rosidl_generator_py.dir/rosidl_generator_py/common_interfaces_merlab/srv/_send_joint_trajectory_s.c.o[0m
[ 89%] [32mBuilding C object CMakeFiles/common_interfaces_merlab__rosidl_generator_py.dir/rosidl_generator_py/common_interfaces_merlab/srv/_send_pose_s.c.o[0m
[ 89%] [32mBuilding C object CMakeFiles/common_interfaces_merlab__rosidl_generator_py.dir/rosidl_generator_py/common_interfaces_merlab/srv/_send_twist_s.c.o[0m
[ 90%] [32m[1mLinking C shared library libcommon_interfaces_merlab__rosidl_generator_py.so[0m
[ 90%] Built target common_interfaces_merlab__rosidl_generator_py
[ 95%] [32mBuilding C object CMakeFiles/common_interfaces_merlab_s__rosidl_typesupport_fastrtps_c.dir/rosidl_generator_py/common_interfaces_merlab/_common_interfaces_merlab_s.ep.rosidl_typesupport_fastrtps_c.c.o[0m
[ 95%] [32mBuilding C object CMakeFiles/common_interfaces_merlab_s__rosidl_typesupport_introspection_c.dir/rosidl_generator_py/common_interfaces_merlab/_common_interfaces_merlab_s.ep.rosidl_typesupport_introspection_c.c.o[0m
[ 95%] [32mBuilding C object CMakeFiles/common_interfaces_merlab_s__rosidl_typesupport_c.dir/rosidl_generator_py/common_interfaces_merlab/_common_interfaces_merlab_s.ep.rosidl_typesupport_c.c.o[0m
[ 96%] [32m[1mLinking C shared module rosidl_generator_py/common_interfaces_merlab/common_interfaces_merlab_s__rosidl_typesupport_c.so[0m
[ 98%] [32m[1mLinking C shared module rosidl_generator_py/common_interfaces_merlab/common_interfaces_merlab_s__rosidl_typesupport_fastrtps_c.so[0m
[100%] [32m[1mLinking C shared module rosidl_generator_py/common_interfaces_merlab/common_interfaces_merlab_s__rosidl_typesupport_introspection_c.so[0m
[100%] Built target common_interfaces_merlab_s__rosidl_typesupport_fastrtps_c
[100%] Built target common_interfaces_merlab_s__rosidl_typesupport_c
[100%] Built target common_interfaces_merlab_s__rosidl_typesupport_introspection_c
-- Install configuration: ""
-- Installing: /home/paige-spalsbury/ros2_ws/src/hover_above/install/common_interfaces_merlab/share/ament_index/resource_index/rosidl_interfaces/common_interfaces_merlab
-- Installing: /home/paige-spalsbury/ros2_ws/src/hover_above/install/common_interfaces_merlab/share/common_interfaces_merlab/srv/SendPose.json
-- Installing: /home/paige-spalsbury/ros2_ws/src/hover_above/install/common_interfaces_merlab/share/common_interfaces_merlab/srv/SendTwist.json
-- Installing: /home/paige-spalsbury/ros2_ws/src/hover_above/install/common_interfaces_merlab/share/common_interfaces_merlab/srv/SendJointTrajectory.json
-- Installing: /home/paige-spalsbury/ros2_ws/src/hover_above/install/common_interfaces_merlab/share/common_interfaces_merlab/srv/SendJointTrajectoryPoint.json
-- Installing: /home/paige-spalsbury/ros2_ws/src/hover_above/install/common_interfaces_merlab/include/common_interfaces_merlab/common_interfaces_merlab
-- Installing: /home/paige-spalsbury/ros2_ws/src/hover_above/install/common_interfaces_merlab/include/common_interfaces_merlab/common_interfaces_merlab/srv
-- Installing: /home/paige-spalsbury/ros2_ws/src/hover_above/install/common_interfaces_merlab/include/common_interfaces_merlab/common_interfaces_merlab/srv/detail
-- Installing: /home/paige-spalsbury/ros2_ws/src/hover_above/install/common_interfaces_merlab/include/common_interfaces_merlab/common_interfaces_merlab/srv/detail/send_joint_trajectory__functions.c
-- Installing: /home/paige-spalsbury/ros2_ws/src/hover_above/install/common_interfaces_merlab/include/common_interfaces_merlab/common_interfaces_merlab/srv/detail/send_twist__type_support.c
-- Installing: /home/paige-spalsbury/ros2_ws/src/hover_above/install/common_interfaces_merlab/include/common_interfaces_merlab/common_interfaces_merlab/srv/detail/send_twist__functions.h
-- Installing: /home/paige-spalsbury/ros2_ws/src/hover_above/install/common_interfaces_merlab/include/common_interfaces_merlab/common_interfaces_merlab/srv/detail/send_pose__functions.h
-- Installing: /home/paige-spalsbury/ros2_ws/src/hover_above/install/common_interfaces_merlab/include/common_interfaces_merlab/common_interfaces_merlab/srv/detail/send_joint_trajectory_point__type_support.h
-- Installing: /home/paige-spalsbury/ros2_ws/src/hover_above/install/common_interfaces_merlab/include/common_interfaces_merlab/common_interfaces_merlab/srv/detail/send_joint_trajectory_point__functions.h
-- Installing: /home/paige-spalsbury/ros2_ws/src/hover_above/install/common_interfaces_merlab/include/common_interfaces_merlab/common_interfaces_merlab/srv/detail/send_joint_trajectory_point__functions.c
-- Installing: /home/paige-spalsbury/ros2_ws/src/hover_above/install/common_interfaces_merlab/include/common_interfaces_merlab/common_interfaces_merlab/srv/detail/send_pose__functions.c
-- Installing: /home/paige-spalsbury/ros2_ws/src/hover_above/install/common_interfaces_merlab/include/common_interfaces_merlab/common_interfaces_merlab/srv/detail/send_pose__type_support.c
-- Installing: /home/paige-spalsbury/ros2_ws/src/hover_above/install/common_interfaces_merlab/include/common_interfaces_merlab/common_interfaces_merlab/srv/detail/send_twist__type_support.h
-- Installing: /home/paige-spalsbury/ros2_ws/src/hover_above/install/common_interfaces_merlab/include/common_interfaces_merlab/common_interfaces_merlab/srv/detail/send_joint_trajectory__type_support.c
-- Installing: /home/paige-spalsbury/ros2_ws/src/hover_above/install/common_interfaces_merlab/include/common_interfaces_merlab/common_interfaces_merlab/srv/detail/send_pose__type_support.h
-- Installing: /home/paige-spalsbury/ros2_ws/src/hover_above/install/common_interfaces_merlab/include/common_interfaces_merlab/common_interfaces_merlab/srv/detail/send_joint_trajectory__struct.h
-- Installing: /home/paige-spalsbury/ros2_ws/src/hover_above/install/common_interfaces_merlab/include/common_interfaces_merlab/common_interfaces_merlab/srv/detail/send_joint_trajectory_point__type_support.c
-- Installing: /home/paige-spalsbury/ros2_ws/src/hover_above/install/common_interfaces_merlab/include/common_interfaces_merlab/common_interfaces_merlab/srv/detail/send_twist__functions.c
-- Installing: /home/paige-spalsbury/ros2_ws/src/hover_above/install/common_interfaces_merlab/include/common_interfaces_merlab/common_interfaces_merlab/srv/detail/send_joint_trajectory__type_support.h
-- Installing: /home/paige-spalsbury/ros2_ws/src/hover_above/install/common_interfaces_merlab/include/common_interfaces_merlab/common_interfaces_merlab/srv/detail/send_pose__description.c
-- Installing: /home/paige-spalsbury/ros2_ws/src/hover_above/install/common_interfaces_merlab/include/common_interfaces_merlab/common_interfaces_merlab/srv/detail/send_twist__struct.h
-- Installing: /home/paige-spalsbury/ros2_ws/src/hover_above/install/common_interfaces_merlab/include/common_interfaces_merlab/common_interfaces_merlab/srv/detail/send_joint_trajectory_point__struct.h
-- Installing: /home/paige-spalsbury/ros2_ws/src/hover_above/install/common_interfaces_merlab/include/common_interfaces_merlab/common_interfaces_merlab/srv/detail/send_joint_trajectory__description.c
-- Installing: /home/paige-spalsbury/ros2_ws/src/hover_above/install/common_interfaces_merlab/include/common_interfaces_merlab/common_interfaces_merlab/srv/detail/send_twist__description.c
-- Installing: /home/paige-spalsbury/ros2_ws/src/hover_above/install/common_interfaces_merlab/include/common_interfaces_merlab/common_interfaces_merlab/srv/detail/send_joint_trajectory_point__description.c
-- Installing: /home/paige-spalsbury/ros2_ws/src/hover_above/install/common_interfaces_merlab/include/common_interfaces_merlab/common_interfaces_merlab/srv/detail/send_joint_trajectory__functions.h
-- Installing: /home/paige-spalsbury/ros2_ws/src/hover_above/install/common_interfaces_merlab/include/common_interfaces_merlab/common_interfaces_merlab/srv/detail/send_pose__struct.h
-- Installing: /home/paige-spalsbury/ros2_ws/src/hover_above/install/common_interfaces_merlab/include/common_interfaces_merlab/common_interfaces_merlab/srv/send_twist.h
-- Installing: /home/paige-spalsbury/ros2_ws/src/hover_above/install/common_interfaces_merlab/include/common_interfaces_merlab/common_interfaces_merlab/srv/send_pose.h
-- Installing: /home/paige-spalsbury/ros2_ws/src/hover_above/install/common_interfaces_merlab/include/common_interfaces_merlab/common_interfaces_merlab/srv/send_joint_trajectory.h
-- Installing: /home/paige-spalsbury/ros2_ws/src/hover_above/install/common_interfaces_merlab/include/common_interfaces_merlab/common_interfaces_merlab/srv/send_joint_trajectory_point.h
-- Installing: /home/paige-spalsbury/ros2_ws/src/hover_above/install/common_interfaces_merlab/include/common_interfaces_merlab/common_interfaces_merlab/msg
-- Installing: /home/paige-spalsbury/ros2_ws/src/hover_above/install/common_interfaces_merlab/include/common_interfaces_merlab/common_interfaces_merlab/msg/rosidl_generator_c__visibility_control.h
-- Installing: /home/paige-spalsbury/ros2_ws/src/hover_above/install/common_interfaces_merlab/share/common_interfaces_merlab/environment/library_path.sh
-- Installing: /home/paige-spalsbury/ros2_ws/src/hover_above/install/common_interfaces_merlab/share/common_interfaces_merlab/environment/library_path.dsv
-- Installing: /home/paige-spalsbury/ros2_ws/src/hover_above/install/common_interfaces_merlab/lib/libcommon_interfaces_merlab__rosidl_generator_c.so
-- Set non-toolchain portion of runtime path of "/home/paige-spalsbury/ros2_ws/src/hover_above/install/common_interfaces_merlab/lib/libcommon_interfaces_merlab__rosidl_generator_c.so" to ""
-- Up-to-date: /home/paige-spalsbury/ros2_ws/src/hover_above/install/common_interfaces_merlab/include/common_interfaces_merlab/common_interfaces_merlab
-- Up-to-date: /home/paige-spalsbury/ros2_ws/src/hover_above/install/common_interfaces_merlab/include/common_interfaces_merlab/common_interfaces_merlab/srv
-- Up-to-date: /home/paige-spalsbury/ros2_ws/src/hover_above/install/common_interfaces_merlab/include/common_interfaces_merlab/common_interfaces_merlab/srv/detail
-- Installing: /home/paige-spalsbury/ros2_ws/src/hover_above/install/common_interfaces_merlab/include/common_interfaces_merlab/common_interfaces_merlab/srv/detail/send_twist__rosidl_typesupport_fastrtps_c.h
-- Installing: /home/paige-spalsbury/ros2_ws/src/hover_above/install/common_interfaces_merlab/include/common_interfaces_merlab/common_interfaces_merlab/srv/detail/send_joint_trajectory_point__rosidl_typesupport_fastrtps_c.h
-- Installing: /home/paige-spalsbury/ros2_ws/src/hover_above/install/common_interfaces_merlab/include/common_interfaces_merlab/common_interfaces_merlab/srv/detail/send_joint_trajectory__rosidl_typesupport_fastrtps_c.h
-- Installing: /home/paige-spalsbury/ros2_ws/src/hover_above/install/common_interfaces_merlab/include/common_interfaces_merlab/common_interfaces_merlab/srv/detail/send_pose__rosidl_typesupport_fastrtps_c.h
-- Up-to-date: /home/paige-spalsbury/ros2_ws/src/hover_above/install/common_interfaces_merlab/include/common_interfaces_merlab/common_interfaces_merlab/msg
-- Installing: /home/paige-spalsbury/ros2_ws/src/hover_above/install/common_interfaces_merlab/include/common_interfaces_merlab/common_interfaces_merlab/msg/rosidl_typesupport_fastrtps_c__visibility_control.h
-- Installing: /home/paige-spalsbury/ros2_ws/src/hover_above/install/common_interfaces_merlab/lib/libcommon_interfaces_merlab__rosidl_typesupport_fastrtps_c.so
-- Set non-toolchain portion of runtime path of "/home/paige-spalsbury/ros2_ws/src/hover_above/install/common_interfaces_merlab/lib/libcommon_interfaces_merlab__rosidl_typesupport_fastrtps_c.so" to ""
-- Up-to-date: /home/paige-spalsbury/ros2_ws/src/hover_above/install/common_interfaces_merlab/include/common_interfaces_merlab/common_interfaces_merlab
-- Up-to-date: /home/paige-spalsbury/ros2_ws/src/hover_above/install/common_interfaces_merlab/include/common_interfaces_merlab/common_interfaces_merlab/srv
-- Installing: /home/paige-spalsbury/ros2_ws/src/hover_above/install/common_interfaces_merlab/include/common_interfaces_merlab/common_interfaces_merlab/srv/send_joint_trajectory.hpp
-- Up-to-date: /home/paige-spalsbury/ros2_ws/src/hover_above/install/common_interfaces_merlab/include/common_interfaces_merlab/common_interfaces_merlab/srv/detail
-- Installing: /home/paige-spalsbury/ros2_ws/src/hover_above/install/common_interfaces_merlab/include/common_interfaces_merlab/common_interfaces_merlab/srv/detail/send_twist__type_support.hpp
-- Installing: /home/paige-spalsbury/ros2_ws/src/hover_above/install/common_interfaces_merlab/include/common_interfaces_merlab/common_interfaces_merlab/srv/detail/send_pose__traits.hpp
-- Installing: /home/paige-spalsbury/ros2_ws/src/hover_above/install/common_interfaces_merlab/include/common_interfaces_merlab/common_interfaces_merlab/srv/detail/send_joint_trajectory_point__builder.hpp
-- Installing: /home/paige-spalsbury/ros2_ws/src/hover_above/install/common_interfaces_merlab/include/common_interfaces_merlab/common_interfaces_merlab/srv/detail/send_joint_trajectory__struct.hpp
-- Installing: /home/paige-spalsbury/ros2_ws/src/hover_above/install/common_interfaces_merlab/include/common_interfaces_merlab/common_interfaces_merlab/srv/detail/send_joint_trajectory__builder.hpp
-- Installing: /home/paige-spalsbury/ros2_ws/src/hover_above/install/common_interfaces_merlab/include/common_interfaces_merlab/common_interfaces_merlab/srv/detail/send_joint_trajectory_point__type_support.hpp
-- Installing: /home/paige-spalsbury/ros2_ws/src/hover_above/install/common_interfaces_merlab/include/common_interfaces_merlab/common_interfaces_merlab/srv/detail/send_joint_trajectory_point__traits.hpp
-- Installing: /home/paige-spalsbury/ros2_ws/src/hover_above/install/common_interfaces_merlab/include/common_interfaces_merlab/common_interfaces_merlab/srv/detail/send_pose__struct.hpp
-- Installing: /home/paige-spalsbury/ros2_ws/src/hover_above/install/common_interfaces_merlab/include/common_interfaces_merlab/common_interfaces_merlab/srv/detail/send_twist__struct.hpp
-- Installing: /home/paige-spalsbury/ros2_ws/src/hover_above/install/common_interfaces_merlab/include/common_interfaces_merlab/common_interfaces_merlab/srv/detail/send_joint_trajectory__traits.hpp
-- Installing: /home/paige-spalsbury/ros2_ws/src/hover_above/install/common_interfaces_merlab/include/common_interfaces_merlab/common_interfaces_merlab/srv/detail/send_joint_trajectory__type_support.hpp
-- Installing: /home/paige-spalsbury/ros2_ws/src/hover_above/install/common_interfaces_merlab/include/common_interfaces_merlab/common_interfaces_merlab/srv/detail/send_joint_trajectory_point__struct.hpp
-- Installing: /home/paige-spalsbury/ros2_ws/src/hover_above/install/common_interfaces_merlab/include/common_interfaces_merlab/common_interfaces_merlab/srv/detail/send_twist__traits.hpp
-- Installing: /home/paige-spalsbury/ros2_ws/src/hover_above/install/common_interfaces_merlab/include/common_interfaces_merlab/common_interfaces_merlab/srv/detail/send_pose__type_support.hpp
-- Installing: /home/paige-spalsbury/ros2_ws/src/hover_above/install/common_interfaces_merlab/include/common_interfaces_merlab/common_interfaces_merlab/srv/detail/send_twist__builder.hpp
-- Installing: /home/paige-spalsbury/ros2_ws/src/hover_above/install/common_interfaces_merlab/include/common_interfaces_merlab/common_interfaces_merlab/srv/detail/send_pose__builder.hpp
-- Installing: /home/paige-spalsbury/ros2_ws/src/hover_above/install/common_interfaces_merlab/include/common_interfaces_merlab/common_interfaces_merlab/srv/send_pose.hpp
-- Installing: /home/paige-spalsbury/ros2_ws/src/hover_above/install/common_interfaces_merlab/include/common_interfaces_merlab/common_interfaces_merlab/srv/send_twist.hpp
-- Installing: /home/paige-spalsbury/ros2_ws/src/hover_above/install/common_interfaces_merlab/include/common_interfaces_merlab/common_interfaces_merlab/srv/send_joint_trajectory_point.hpp
-- Up-to-date: /home/paige-spalsbury/ros2_ws/src/hover_above/install/common_interfaces_merlab/include/common_interfaces_merlab/common_interfaces_merlab/msg
-- Installing: /home/paige-spalsbury/ros2_ws/src/hover_above/install/common_interfaces_merlab/include/common_interfaces_merlab/common_interfaces_merlab/msg/rosidl_generator_cpp__visibility_control.hpp
-- Up-to-date: /home/paige-spalsbury/ros2_ws/src/hover_above/install/common_interfaces_merlab/include/common_interfaces_merlab/common_interfaces_merlab
-- Up-to-date: /home/paige-spalsbury/ros2_ws/src/hover_above/install/common_interfaces_merlab/include/common_interfaces_merlab/common_interfaces_merlab/srv
-- Up-to-date: /home/paige-spalsbury/ros2_ws/src/hover_above/install/common_interfaces_merlab/include/common_interfaces_merlab/common_interfaces_merlab/srv/detail
-- Installing: /home/paige-spalsbury/ros2_ws/src/hover_above/install/common_interfaces_merlab/include/common_interfaces_merlab/common_interfaces_merlab/srv/detail/send_twist__rosidl_typesupport_fastrtps_cpp.hpp
-- Installing: /home/paige-spalsbury/ros2_ws/src/hover_above/install/common_interfaces_merlab/include/common_interfaces_merlab/common_interfaces_merlab/srv/detail/dds_fastrtps
-- Installing: /home/paige-spalsbury/ros2_ws/src/hover_above/install/common_interfaces_merlab/include/common_interfaces_merlab/common_interfaces_merlab/srv/detail/send_joint_trajectory__rosidl_typesupport_fastrtps_cpp.hpp
-- Installing: /home/paige-spalsbury/ros2_ws/src/hover_above/install/common_interfaces_merlab/include/common_interfaces_merlab/common_interfaces_merlab/srv/detail/send_pose__rosidl_typesupport_fastrtps_cpp.hpp
-- Installing: /home/paige-spalsbury/ros2_ws/src/hover_above/install/common_interfaces_merlab/include/common_interfaces_merlab/common_interfaces_merlab/srv/detail/send_joint_trajectory_point__rosidl_typesupport_fastrtps_cpp.hpp
-- Up-to-date: /home/paige-spalsbury/ros2_ws/src/hover_above/install/common_interfaces_merlab/include/common_interfaces_merlab/common_interfaces_merlab/msg
-- Installing: /home/paige-spalsbury/ros2_ws/src/hover_above/install/common_interfaces_merlab/include/common_interfaces_merlab/common_interfaces_merlab/msg/rosidl_typesupport_fastrtps_cpp__visibility_control.h
-- Installing: /home/paige-spalsbury/ros2_ws/src/hover_above/install/common_interfaces_merlab/lib/libcommon_interfaces_merlab__rosidl_typesupport_fastrtps_cpp.so
-- Set non-toolchain portion of runtime path of "/home/paige-spalsbury/ros2_ws/src/hover_above/install/common_interfaces_merlab/lib/libcommon_interfaces_merlab__rosidl_typesupport_fastrtps_cpp.so" to ""
-- Up-to-date: /home/paige-spalsbury/ros2_ws/src/hover_above/install/common_interfaces_merlab/include/common_interfaces_merlab/common_interfaces_merlab
-- Up-to-date: /home/paige-spalsbury/ros2_ws/src/hover_above/install/common_interfaces_merlab/include/common_interfaces_merlab/common_interfaces_merlab/srv
-- Up-to-date: /home/paige-spalsbury/ros2_ws/src/hover_above/install/common_interfaces_merlab/include/common_interfaces_merlab/common_interfaces_merlab/srv/detail
-- Up-to-date: /home/paige-spalsbury/ros2_ws/src/hover_above/install/common_interfaces_merlab/include/common_interfaces_merlab/common_interfaces_merlab/srv/detail/send_twist__type_support.c
-- Installing: /home/paige-spalsbury/ros2_ws/src/hover_above/install/common_interfaces_merlab/include/common_interfaces_merlab/common_interfaces_merlab/srv/detail/send_twist__rosidl_typesupport_introspection_c.h
-- Up-to-date: /home/paige-spalsbury/ros2_ws/src/hover_above/install/common_interfaces_merlab/include/common_interfaces_merlab/common_interfaces_merlab/srv/detail/send_pose__type_support.c
-- Up-to-date: /home/paige-spalsbury/ros2_ws/src/hover_above/install/common_interfaces_merlab/include/common_interfaces_merlab/common_interfaces_merlab/srv/detail/send_joint_trajectory__type_support.c
-- Up-to-date: /home/paige-spalsbury/ros2_ws/src/hover_above/install/common_interfaces_merlab/include/common_interfaces_merlab/common_interfaces_merlab/srv/detail/send_joint_trajectory_point__type_support.c
-- Installing: /home/paige-spalsbury/ros2_ws/src/hover_above/install/common_interfaces_merlab/include/common_interfaces_merlab/common_interfaces_merlab/srv/detail/send_pose__rosidl_typesupport_introspection_c.h
-- Installing: /home/paige-spalsbury/ros2_ws/src/hover_above/install/common_interfaces_merlab/include/common_interfaces_merlab/common_interfaces_merlab/srv/detail/send_joint_trajectory__rosidl_typesupport_introspection_c.h
-- Installing: /home/paige-spalsbury/ros2_ws/src/hover_above/install/common_interfaces_merlab/include/common_interfaces_merlab/common_interfaces_merlab/srv/detail/send_joint_trajectory_point__rosidl_typesupport_introspection_c.h
-- Up-to-date: /home/paige-spalsbury/ros2_ws/src/hover_above/install/common_interfaces_merlab/include/common_interfaces_merlab/common_interfaces_merlab/msg
-- Installing: /home/paige-spalsbury/ros2_ws/src/hover_above/install/common_interfaces_merlab/include/common_interfaces_merlab/common_interfaces_merlab/msg/rosidl_typesupport_introspection_c__visibility_control.h
-- Installing: /home/paige-spalsbury/ros2_ws/src/hover_above/install/common_interfaces_merlab/lib/libcommon_interfaces_merlab__rosidl_typesupport_introspection_c.so
-- Set non-toolchain portion of runtime path of "/home/paige-spalsbury/ros2_ws/src/hover_above/install/common_interfaces_merlab/lib/libcommon_interfaces_merlab__rosidl_typesupport_introspection_c.so" to ""
-- Installing: /home/paige-spalsbury/ros2_ws/src/hover_above/install/common_interfaces_merlab/lib/libcommon_interfaces_merlab__rosidl_typesupport_c.so
-- Set non-toolchain portion of runtime path of "/home/paige-spalsbury/ros2_ws/src/hover_above/install/common_interfaces_merlab/lib/libcommon_interfaces_merlab__rosidl_typesupport_c.so" to ""
-- Up-to-date: /home/paige-spalsbury/ros2_ws/src/hover_above/install/common_interfaces_merlab/include/common_interfaces_merlab/common_interfaces_merlab
-- Up-to-date: /home/paige-spalsbury/ros2_ws/src/hover_above/install/common_interfaces_merlab/include/common_interfaces_merlab/common_interfaces_merlab/srv
-- Up-to-date: /home/paige-spalsbury/ros2_ws/src/hover_above/install/common_interfaces_merlab/include/common_interfaces_merlab/common_interfaces_merlab/srv/detail
-- Installing: /home/paige-spalsbury/ros2_ws/src/hover_above/install/common_interfaces_merlab/include/common_interfaces_merlab/common_interfaces_merlab/srv/detail/send_pose__rosidl_typesupport_introspection_cpp.hpp
-- Installing: /home/paige-spalsbury/ros2_ws/src/hover_above/install/common_interfaces_merlab/include/common_interfaces_merlab/common_interfaces_merlab/srv/detail/send_twist__rosidl_typesupport_introspection_cpp.hpp
-- Installing: /home/paige-spalsbury/ros2_ws/src/hover_above/install/common_interfaces_merlab/include/common_interfaces_merlab/common_interfaces_merlab/srv/detail/send_twist__type_support.cpp
-- Installing: /home/paige-spalsbury/ros2_ws/src/hover_above/install/common_interfaces_merlab/include/common_interfaces_merlab/common_interfaces_merlab/srv/detail/send_joint_trajectory_point__rosidl_typesupport_introspection_cpp.hpp
-- Installing: /home/paige-spalsbury/ros2_ws/src/hover_above/install/common_interfaces_merlab/include/common_interfaces_merlab/common_interfaces_merlab/srv/detail/send_joint_trajectory__type_support.cpp
-- Installing: /home/paige-spalsbury/ros2_ws/src/hover_above/install/common_interfaces_merlab/include/common_interfaces_merlab/common_interfaces_merlab/srv/detail/send_pose__type_support.cpp
-- Installing: /home/paige-spalsbury/ros2_ws/src/hover_above/install/common_interfaces_merlab/include/common_interfaces_merlab/common_interfaces_merlab/srv/detail/send_joint_trajectory__rosidl_typesupport_introspection_cpp.hpp
-- Installing: /home/paige-spalsbury/ros2_ws/src/hover_above/install/common_interfaces_merlab/include/common_interfaces_merlab/common_interfaces_merlab/srv/detail/send_joint_trajectory_point__type_support.cpp
-- Installing: /home/paige-spalsbury/ros2_ws/src/hover_above/install/common_interfaces_merlab/lib/libcommon_interfaces_merlab__rosidl_typesupport_introspection_cpp.so
-- Set non-toolchain portion of runtime path of "/home/paige-spalsbury/ros2_ws/src/hover_above/install/common_interfaces_merlab/lib/libcommon_interfaces_merlab__rosidl_typesupport_introspection_cpp.so" to ""
-- Installing: /home/paige-spalsbury/ros2_ws/src/hover_above/install/common_interfaces_merlab/lib/libcommon_interfaces_merlab__rosidl_typesupport_cpp.so
-- Set non-toolchain portion of runtime path of "/home/paige-spalsbury/ros2_ws/src/hover_above/install/common_interfaces_merlab/lib/libcommon_interfaces_merlab__rosidl_typesupport_cpp.so" to ""
-- Installing: /home/paige-spalsbury/ros2_ws/src/hover_above/install/common_interfaces_merlab/share/common_interfaces_merlab/environment/pythonpath.sh
-- Installing: /home/paige-spalsbury/ros2_ws/src/hover_above/install/common_interfaces_merlab/share/common_interfaces_merlab/environment/pythonpath.dsv
-- Installing: /home/paige-spalsbury/ros2_ws/src/hover_above/install/common_interfaces_merlab/lib/python3.12/site-packages/common_interfaces_merlab-0.0.0-py3.12.egg-info
-- Installing: /home/paige-spalsbury/ros2_ws/src/hover_above/install/common_interfaces_merlab/lib/python3.12/site-packages/common_interfaces_merlab-0.0.0-py3.12.egg-info/top_level.txt
-- Installing: /home/paige-spalsbury/ros2_ws/src/hover_above/install/common_interfaces_merlab/lib/python3.12/site-packages/common_interfaces_merlab-0.0.0-py3.12.egg-info/dependency_links.txt
-- Installing: /home/paige-spalsbury/ros2_ws/src/hover_above/install/common_interfaces_merlab/lib/python3.12/site-packages/common_interfaces_merlab-0.0.0-py3.12.egg-info/SOURCES.txt
-- Installing: /home/paige-spalsbury/ros2_ws/src/hover_above/install/common_interfaces_merlab/lib/python3.12/site-packages/common_interfaces_merlab-0.0.0-py3.12.egg-info/PKG-INFO
-- Installing: /home/paige-spalsbury/ros2_ws/src/hover_above/install/common_interfaces_merlab/lib/python3.12/site-packages/common_interfaces_merlab
-- Installing: /home/paige-spalsbury/ros2_ws/src/hover_above/install/common_interfaces_merlab/lib/python3.12/site-packages/common_interfaces_merlab/common_interfaces_merlab_s__rosidl_typesupport_introspection_c.so
-- Installing: /home/paige-spalsbury/ros2_ws/src/hover_above/install/common_interfaces_merlab/lib/python3.12/site-packages/common_interfaces_merlab/srv
-- Installing: /home/paige-spalsbury/ros2_ws/src/hover_above/install/common_interfaces_merlab/lib/python3.12/site-packages/common_interfaces_merlab/srv/_send_joint_trajectory_point_s.c
-- Installing: /home/paige-spalsbury/ros2_ws/src/hover_above/install/common_interfaces_merlab/lib/python3.12/site-packages/common_interfaces_merlab/srv/_send_joint_trajectory_s.c
-- Installing: /home/paige-spalsbury/ros2_ws/src/hover_above/install/common_interfaces_merlab/lib/python3.12/site-packages/common_interfaces_merlab/srv/__init__.py
-- Installing: /home/paige-spalsbury/ros2_ws/src/hover_above/install/common_interfaces_merlab/lib/python3.12/site-packages/common_interfaces_merlab/srv/_send_pose_s.c
-- Installing: /home/paige-spalsbury/ros2_ws/src/hover_above/install/common_interfaces_merlab/lib/python3.12/site-packages/common_interfaces_merlab/srv/_send_joint_trajectory_point.py
-- Installing: /home/paige-spalsbury/ros2_ws/src/hover_above/install/common_interfaces_merlab/lib/python3.12/site-packages/common_interfaces_merlab/srv/_send_twist_s.c
-- Installing: /home/paige-spalsbury/ros2_ws/src/hover_above/install/common_interfaces_merlab/lib/python3.12/site-packages/common_interfaces_merlab/srv/_send_twist.py
-- Installing: /home/paige-spalsbury/ros2_ws/src/hover_above/install/common_interfaces_merlab/lib/python3.12/site-packages/common_interfaces_merlab/srv/_send_joint_trajectory.py
-- Installing: /home/paige-spalsbury/ros2_ws/src/hover_above/install/common_interfaces_merlab/lib/python3.12/site-packages/common_interfaces_merlab/srv/_send_pose.py
-- Installing: /home/paige-spalsbury/ros2_ws/src/hover_above/install/common_interfaces_merlab/lib/python3.12/site-packages/common_interfaces_merlab/__init__.py
-- Installing: /home/paige-spalsbury/ros2_ws/src/hover_above/install/common_interfaces_merlab/lib/python3.12/site-packages/common_interfaces_merlab/_common_interfaces_merlab_s.ep.rosidl_typesupport_fastrtps_c.c
-- Installing: /home/paige-spalsbury/ros2_ws/src/hover_above/install/common_interfaces_merlab/lib/python3.12/site-packages/common_interfaces_merlab/common_interfaces_merlab_s__rosidl_typesupport_fastrtps_c.so
-- Installing: /home/paige-spalsbury/ros2_ws/src/hover_above/install/common_interfaces_merlab/lib/python3.12/site-packages/common_interfaces_merlab/common_interfaces_merlab_s__rosidl_typesupport_c.so
-- Installing: /home/paige-spalsbury/ros2_ws/src/hover_above/install/common_interfaces_merlab/lib/python3.12/site-packages/common_interfaces_merlab/_common_interfaces_merlab_s.ep.rosidl_typesupport_introspection_c.c
-- Installing: /home/paige-spalsbury/ros2_ws/src/hover_above/install/common_interfaces_merlab/lib/python3.12/site-packages/common_interfaces_merlab/_common_interfaces_merlab_s.ep.rosidl_typesupport_c.c
Listing '/home/paige-spalsbury/ros2_ws/src/hover_above/install/common_interfaces_merlab/lib/python3.12/site-packages/common_interfaces_merlab'...
Compiling '/home/paige-spalsbury/ros2_ws/src/hover_above/install/common_interfaces_merlab/lib/python3.12/site-packages/common_interfaces_merlab/__init__.py'...
Listing '/home/paige-spalsbury/ros2_ws/src/hover_above/install/common_interfaces_merlab/lib/python3.12/site-packages/common_interfaces_merlab/srv'...
Compiling '/home/paige-spalsbury/ros2_ws/src/hover_above/install/common_interfaces_merlab/lib/python3.12/site-packages/common_interfaces_merlab/srv/__init__.py'...
Compiling '/home/paige-spalsbury/ros2_ws/src/hover_above/install/common_interfaces_merlab/lib/python3.12/site-packages/common_interfaces_merlab/srv/_send_joint_trajectory.py'...
Compiling '/home/paige-spalsbury/ros2_ws/src/hover_above/install/common_interfaces_merlab/lib/python3.12/site-packages/common_interfaces_merlab/srv/_send_joint_trajectory_point.py'...
Compiling '/home/paige-spalsbury/ros2_ws/src/hover_above/install/common_interfaces_merlab/lib/python3.12/site-packages/common_interfaces_merlab/srv/_send_pose.py'...
Compiling '/home/paige-spalsbury/ros2_ws/src/hover_above/install/common_interfaces_merlab/lib/python3.12/site-packages/common_interfaces_merlab/srv/_send_twist.py'...
-- Installing: /home/paige-spalsbury/ros2_ws/src/hover_above/install/common_interfaces_merlab/lib/python3.12/site-packages/common_interfaces_merlab/common_interfaces_merlab_s__rosidl_typesupport_fastrtps_c.so
-- Set non-toolchain portion of runtime path of "/home/paige-spalsbury/ros2_ws/src/hover_above/install/common_interfaces_merlab/lib/python3.12/site-packages/common_interfaces_merlab/common_interfaces_merlab_s__rosidl_typesupport_fastrtps_c.so" to ""
-- Installing: /home/paige-spalsbury/ros2_ws/src/hover_above/install/common_interfaces_merlab/lib/python3.12/site-packages/common_interfaces_merlab/common_interfaces_merlab_s__rosidl_typesupport_introspection_c.so
-- Set non-toolchain portion of runtime path of "/home/paige-spalsbury/ros2_ws/src/hover_above/install/common_interfaces_merlab/lib/python3.12/site-packages/common_interfaces_merlab/common_interfaces_merlab_s__rosidl_typesupport_introspection_c.so" to ""
-- Installing: /home/paige-spalsbury/ros2_ws/src/hover_above/install/common_interfaces_merlab/lib/python3.12/site-packages/common_interfaces_merlab/common_interfaces_merlab_s__rosidl_typesupport_c.so
-- Set non-toolchain portion of runtime path of "/home/paige-spalsbury/ros2_ws/src/hover_above/install/common_interfaces_merlab/lib/python3.12/site-packages/common_interfaces_merlab/common_interfaces_merlab_s__rosidl_typesupport_c.so" to ""
-- Installing: /home/paige-spalsbury/ros2_ws/src/hover_above/install/common_interfaces_merlab/lib/libcommon_interfaces_merlab__rosidl_generator_py.so
-- Set non-toolchain portion of runtime path of "/home/paige-spalsbury/ros2_ws/src/hover_above/install/common_interfaces_merlab/lib/libcommon_interfaces_merlab__rosidl_generator_py.so" to ""
-- Installing: /home/paige-spalsbury/ros2_ws/src/hover_above/install/common_interfaces_merlab/share/ament_index/resource_index/rust_packages/common_interfaces_merlab
-- Installing: /home/paige-spalsbury/ros2_ws/src/hover_above/install/common_interfaces_merlab/share/common_interfaces_merlab/rust
-- Installing: /home/paige-spalsbury/ros2_ws/src/hover_above/install/common_interfaces_merlab/share/common_interfaces_merlab/rust/build.rs
-- Installing: /home/paige-spalsbury/ros2_ws/src/hover_above/install/common_interfaces_merlab/share/common_interfaces_merlab/rust/src
-- Installing: /home/paige-spalsbury/ros2_ws/src/hover_above/install/common_interfaces_merlab/share/common_interfaces_merlab/rust/src/srv
-- Installing: /home/paige-spalsbury/ros2_ws/src/hover_above/install/common_interfaces_merlab/share/common_interfaces_merlab/rust/src/srv/rmw.rs
-- Installing: /home/paige-spalsbury/ros2_ws/src/hover_above/install/common_interfaces_merlab/share/common_interfaces_merlab/rust/src/lib.rs
-- Installing: /home/paige-spalsbury/ros2_ws/src/hover_above/install/common_interfaces_merlab/share/common_interfaces_merlab/rust/src/srv.rs
-- Installing: /home/paige-spalsbury/ros2_ws/src/hover_above/install/common_interfaces_merlab/share/common_interfaces_merlab/rust/Cargo.toml
-- Installing: /home/paige-spalsbury/ros2_ws/src/hover_above/install/common_interfaces_merlab/share/common_interfaces_merlab/srv/SendPose.idl
-- Installing: /home/paige-spalsbury/ros2_ws/src/hover_above/install/common_interfaces_merlab/share/common_interfaces_merlab/srv/SendTwist.idl
-- Installing: /home/paige-spalsbury/ros2_ws/src/hover_above/install/common_interfaces_merlab/share/common_interfaces_merlab/srv/SendJointTrajectory.idl
-- Installing: /home/paige-spalsbury/ros2_ws/src/hover_above/install/common_interfaces_merlab/share/common_interfaces_merlab/srv/SendJointTrajectoryPoint.idl
-- Installing: /home/paige-spalsbury/ros2_ws/src/hover_above/install/common_interfaces_merlab/share/common_interfaces_merlab/srv/SendPose.srv
-- Installing: /home/paige-spalsbury/ros2_ws/src/hover_above/install/common_interfaces_merlab/share/common_interfaces_merlab/srv/SendTwist.srv
-- Installing: /home/paige-spalsbury/ros2_ws/src/hover_above/install/common_interfaces_merlab/share/common_interfaces_merlab/srv/SendJointTrajectory.srv
-- Installing: /home/paige-spalsbury/ros2_ws/src/hover_above/install/common_interfaces_merlab/share/common_interfaces_merlab/srv/SendJointTrajectoryPoint.srv
-- Installing: /home/paige-spalsbury/ros2_ws/src/hover_above/install/common_interfaces_merlab/share/ament_index/resource_index/package_run_dependencies/common_interfaces_merlab
-- Installing: /home/paige-spalsbury/ros2_ws/src/hover_above/install/common_interfaces_merlab/share/ament_index/resource_index/parent_prefix_path/common_interfaces_merlab
-- Installing: /home/paige-spalsbury/ros2_ws/src/hover_above/install/common_interfaces_merlab/share/common_interfaces_merlab/environment/ament_prefix_path.sh
-- Installing: /home/paige-spalsbury/ros2_ws/src/hover_above/install/common_interfaces_merlab/share/common_interfaces_merlab/environment/ament_prefix_path.dsv
-- Installing: /home/paige-spalsbury/ros2_ws/src/hover_above/install/common_interfaces_merlab/share/common_interfaces_merlab/environment/path.sh
-- Installing: /home/paige-spalsbury/ros2_ws/src/hover_above/install/common_interfaces_merlab/share/common_interfaces_merlab/environment/path.dsv
-- Installing: /home/paige-spalsbury/ros2_ws/src/hover_above/install/common_interfaces_merlab/share/common_interfaces_merlab/local_setup.bash
-- Installing: /home/paige-spalsbury/ros2_ws/src/hover_above/install/common_interfaces_merlab/share/common_interfaces_merlab/local_setup.sh
-- Installing: /home/paige-spalsbury/ros2_ws/src/hover_above/install/common_interfaces_merlab/share/common_interfaces_merlab/local_setup.zsh
-- Installing: /home/paige-spalsbury/ros2_ws/src/hover_above/install/common_interfaces_merlab/share/common_interfaces_merlab/local_setup.dsv
-- Installing: /home/paige-spalsbury/ros2_ws/src/hover_above/install/common_interfaces_merlab/share/common_interfaces_merlab/package.dsv
-- Installing: /home/paige-spalsbury/ros2_ws/src/hover_above/install/common_interfaces_merlab/share/ament_index/resource_index/packages/common_interfaces_merlab
-- Installing: /home/paige-spalsbury/ros2_ws/src/hover_above/install/common_interfaces_merlab/share/common_interfaces_merlab/cmake/export_common_interfaces_merlab__rosidl_generator_cExport.cmake
-- Installing: /home/paige-spalsbury/ros2_ws/src/hover_above/install/common_interfaces_merlab/share/common_interfaces_merlab/cmake/export_common_interfaces_merlab__rosidl_generator_cExport-noconfig.cmake
-- Installing: /home/paige-spalsbury/ros2_ws/src/hover_above/install/common_interfaces_merlab/share/common_interfaces_merlab/cmake/export_common_interfaces_merlab__rosidl_typesupport_fastrtps_cExport.cmake
-- Installing: /home/paige-spalsbury/ros2_ws/src/hover_above/install/common_interfaces_merlab/share/common_interfaces_merlab/cmake/export_common_interfaces_merlab__rosidl_typesupport_fastrtps_cExport-noconfig.cmake
-- Installing: /home/paige-spalsbury/ros2_ws/src/hover_above/install/common_interfaces_merlab/share/common_interfaces_merlab/cmake/export_common_interfaces_merlab__rosidl_generator_cppExport.cmake
-- Installing: /home/paige-spalsbury/ros2_ws/src/hover_above/install/common_interfaces_merlab/share/common_interfaces_merlab/cmake/export_common_interfaces_merlab__rosidl_typesupport_fastrtps_cppExport.cmake
-- Installing: /home/paige-spalsbury/ros2_ws/src/hover_above/install/common_interfaces_merlab/share/common_interfaces_merlab/cmake/export_common_interfaces_merlab__rosidl_typesupport_fastrtps_cppExport-noconfig.cmake
-- Installing: /home/paige-spalsbury/ros2_ws/src/hover_above/install/common_interfaces_merlab/share/common_interfaces_merlab/cmake/common_interfaces_merlab__rosidl_typesupport_introspection_cExport.cmake
-- Installing: /home/paige-spalsbury/ros2_ws/src/hover_above/install/common_interfaces_merlab/share/common_interfaces_merlab/cmake/common_interfaces_merlab__rosidl_typesupport_introspection_cExport-noconfig.cmake
-- Installing: /home/paige-spalsbury/ros2_ws/src/hover_above/install/common_interfaces_merlab/share/common_interfaces_merlab/cmake/common_interfaces_merlab__rosidl_typesupport_cExport.cmake
-- Installing: /home/paige-spalsbury/ros2_ws/src/hover_above/install/common_interfaces_merlab/share/common_interfaces_merlab/cmake/common_interfaces_merlab__rosidl_typesupport_cExport-noconfig.cmake
-- Installing: /home/paige-spalsbury/ros2_ws/src/hover_above/install/common_interfaces_merlab/share/common_interfaces_merlab/cmake/common_interfaces_merlab__rosidl_typesupport_introspection_cppExport.cmake
-- Installing: /home/paige-spalsbury/ros2_ws/src/hover_above/install/common_interfaces_merlab/share/common_interfaces_merlab/cmake/common_interfaces_merlab__rosidl_typesupport_introspection_cppExport-noconfig.cmake
-- Installing: /home/paige-spalsbury/ros2_ws/src/hover_above/install/common_interfaces_merlab/share/common_interfaces_merlab/cmake/common_interfaces_merlab__rosidl_typesupport_cppExport.cmake
-- Installing: /home/paige-spalsbury/ros2_ws/src/hover_above/install/common_interfaces_merlab/share/common_interfaces_merlab/cmake/common_interfaces_merlab__rosidl_typesupport_cppExport-noconfig.cmake
-- Installing: /home/paige-spalsbury/ros2_ws/src/hover_above/install/common_interfaces_merlab/share/common_interfaces_merlab/cmake/export_common_interfaces_merlab__rosidl_generator_pyExport.cmake
-- Installing: /home/paige-spalsbury/ros2_ws/src/hover_above/install/common_interfaces_merlab/share/common_interfaces_merlab/cmake/export_common_interfaces_merlab__rosidl_generator_pyExport-noconfig.cmake
-- Installing: /home/paige-spalsbury/ros2_ws/src/hover_above/install/common_interfaces_merlab/share/common_interfaces_merlab/cmake/rosidl_cmake-extras.cmake
-- Installing: /home/paige-spalsbury/ros2_ws/src/hover_above/install/common_interfaces_merlab/share/common_interfaces_merlab/cmake/ament_cmake_export_dependencies-extras.cmake
-- Installing: /home/paige-spalsbury/ros2_ws/src/hover_above/install/common_interfaces_merlab/share/common_interfaces_merlab/cmake/ament_cmake_export_include_directories-extras.cmake
-- Installing: /home/paige-spalsbury/ros2_ws/src/hover_above/install/common_interfaces_merlab/share/common_interfaces_merlab/cmake/ament_cmake_export_libraries-extras.cmake
-- Installing: /home/paige-spalsbury/ros2_ws/src/hover_above/install/common_interfaces_merlab/share/common_interfaces_merlab/cmake/ament_cmake_export_targets-extras.cmake
-- Installing: /home/paige-spalsbury/ros2_ws/src/hover_above/install/common_interfaces_merlab/share/common_interfaces_merlab/cmake/rosidl_cmake_export_typesupport_targets-extras.cmake
-- Installing: /home/paige-spalsbury/ros2_ws/src/hover_above/install/common_interfaces_merlab/share/common_interfaces_merlab/cmake/rosidl_cmake_export_typesupport_libraries-extras.cmake
-- Installing: /home/paige-spalsbury/ros2_ws/src/hover_above/install/common_interfaces_merlab/share/common_interfaces_merlab/cmake/rosidl_cmake_aggregate_target-extras.cmake
-- Installing: /home/paige-spalsbury/ros2_ws/src/hover_above/install/common_interfaces_merlab/share/common_interfaces_merlab/cmake/common_interfaces_merlabConfig.cmake
-- Installing: /home/paige-spalsbury/ros2_ws/src/hover_above/install/common_interfaces_merlab/share/common_interfaces_merlab/cmake/common_interfaces_merlabConfig-version.cmake
-- Installing: /home/paige-spalsbury/ros2_ws/src/hover_above/install/common_interfaces_merlab/share/common_interfaces_merlab/package.xml
