[0.009s] Invoking command in '/home/paige-spalsbury/ros2_ws/src/hover_above/build/common_interfaces_merlab': CMAKE_PREFIX_PATH=${CMAKE_PREFIX_PATH}:/home/paige-spalsbury/ros2_ws/src/install/ur_move_merlab:/home/paige-spalsbury/ros2_ws/src/install/hover_above:/home/paige-spalsbury/ros2_ws/install/forces_servcli:/home/paige-spalsbury/ros2_ws/install/python_parameters:/home/paige-spalsbury/ros2_ws/install/py_srvcli:/home/paige-spalsbury/ros2_ws/install/py_pubsub:/home/paige-spalsbury/ros2_ws/install/my_package:/home/paige-spalsbury/ros2_ws/install/launch_testing_examples:/home/paige-spalsbury/ros2_ws/install/hover_above:/home/paige-spalsbury/ros2_ws/install/graspmat_srvcli:/home/paige-spalsbury/ros2_ws/install/examples_rclpy_pointcloud_publisher:/home/paige-spalsbury/ros2_ws/install/examples_rclpy_minimal_subscriber:/home/paige-spalsbury/ros2_ws/install/examples_rclpy_minimal_service:/home/paige-spalsbury/ros2_ws/install/examples_rclpy_minimal_publisher:/home/paige-spalsbury/ros2_ws/install/examples_rclpy_minimal_client:/home/paige-spalsbury/ros2_ws/install/examples_rclpy_minimal_action_server:/home/paige-spalsbury/ros2_ws/install/examples_rclpy_minimal_action_client:/home/paige-spalsbury/ros2_ws/install/examples_rclpy_guard_conditions:/home/paige-spalsbury/ros2_ws/install/examples_rclpy_executors:/opt/ros/jazzy DEBUGINFOD_URLS=https://debuginfod.ubuntu.com /usr/bin/cmake /home/paige-spalsbury/ros2_ws/src/hover_above/common_interfaces_merlab -DCMAKE_INSTALL_PREFIX=/home/paige-spalsbury/ros2_ws/src/hover_above/install/common_interfaces_merlab
[0.055s] -- The C compiler identification is GNU 13.3.0
[0.087s] -- The CXX compiler identification is GNU 13.3.0
[0.096s] -- Detecting C compiler ABI info
[0.146s] -- Detecting C compiler ABI info - done
[0.152s] -- Check for working C compiler: /usr/bin/cc - skipped
[0.152s] -- Detecting C compile features
[0.152s] -- Detecting C compile features - done
[0.157s] -- Detecting CXX compiler ABI info
[0.288s] -- Detecting CXX compiler ABI info - done
[0.294s] -- Check for working CXX compiler: /usr/bin/c++ - skipped
[0.294s] -- Detecting CXX compile features
[0.295s] -- Detecting CXX compile features - done
[0.298s] -- Found ament_cmake: 2.5.6 (/opt/ros/jazzy/share/ament_cmake/cmake)
[0.412s] -- Found Python3: /usr/bin/python3 (found version "3.12.3") found components: Interpreter 
[0.505s] -- Found geometry_msgs: 5.3.8 (/opt/ros/jazzy/share/geometry_msgs/cmake)
[0.547s] -- Found rosidl_generator_c: 4.6.9 (/opt/ros/jazzy/share/rosidl_generator_c/cmake)
[0.558s] -- Found rosidl_generator_cpp: 4.6.9 (/opt/ros/jazzy/share/rosidl_generator_cpp/cmake)
[0.571s] -- Using all available rosidl_typesupport_c: rosidl_typesupport_fastrtps_c;rosidl_typesupport_introspection_c
[0.585s] -- Using all available rosidl_typesupport_cpp: rosidl_typesupport_fastrtps_cpp;rosidl_typesupport_introspection_cpp
[0.617s] -- Found trajectory_msgs: 5.3.8 (/opt/ros/jazzy/share/trajectory_msgs/cmake)
[0.631s] -- Found rosidl_default_generators: 1.6.1 (/opt/ros/jazzy/share/rosidl_default_generators/cmake)
[0.652s] -- Found rosidl_adapter: 4.6.9 (/opt/ros/jazzy/share/rosidl_adapter/cmake)
[1.148s] -- Found ament_cmake_ros: 0.12.1 (/opt/ros/jazzy/share/ament_cmake_ros/cmake)
[1.760s] -- Using all available rosidl_typesupport_c: rosidl_typesupport_fastrtps_c;rosidl_typesupport_introspection_c
[2.002s] -- Using all available rosidl_typesupport_cpp: rosidl_typesupport_fastrtps_cpp;rosidl_typesupport_introspection_cpp
[2.010s] -- Found python_cmake_module: 0.11.1 (/opt/ros/jazzy/share/python_cmake_module/cmake)
[2.108s] -- Found PythonExtra: /usr/bin/python3  
[2.408s] -- Found Python3: /usr/bin/python3 (found version "3.12.3") found components: Interpreter Development NumPy Development.Module Development.Embed 
[2.490s] -- Found Python3: /usr/bin/python3 (found version "3.12.3") found components: Interpreter 
[2.494s] -- Found ament_lint_auto: 0.17.5 (/opt/ros/jazzy/share/ament_lint_auto/cmake)
[2.524s] -- Added test 'lint_cmake' to check CMake code style
[2.525s] -- Added test 'xmllint' to check XML markup files
[2.527s] -- Configuring done (2.5s)
[2.553s] -- Generating done (0.0s)
[2.559s] -- Build files have been written to: /home/paige-spalsbury/ros2_ws/src/hover_above/build/common_interfaces_merlab
[2.568s] Invoked command in '/home/paige-spalsbury/ros2_ws/src/hover_above/build/common_interfaces_merlab' returned '0': CMAKE_PREFIX_PATH=${CMAKE_PREFIX_PATH}:/home/paige-spalsbury/ros2_ws/src/install/ur_move_merlab:/home/paige-spalsbury/ros2_ws/src/install/hover_above:/home/paige-spalsbury/ros2_ws/install/forces_servcli:/home/paige-spalsbury/ros2_ws/install/python_parameters:/home/paige-spalsbury/ros2_ws/install/py_srvcli:/home/paige-spalsbury/ros2_ws/install/py_pubsub:/home/paige-spalsbury/ros2_ws/install/my_package:/home/paige-spalsbury/ros2_ws/install/launch_testing_examples:/home/paige-spalsbury/ros2_ws/install/hover_above:/home/paige-spalsbury/ros2_ws/install/graspmat_srvcli:/home/paige-spalsbury/ros2_ws/install/examples_rclpy_pointcloud_publisher:/home/paige-spalsbury/ros2_ws/install/examples_rclpy_minimal_subscriber:/home/paige-spalsbury/ros2_ws/install/examples_rclpy_minimal_service:/home/paige-spalsbury/ros2_ws/install/examples_rclpy_minimal_publisher:/home/paige-spalsbury/ros2_ws/install/examples_rclpy_minimal_client:/home/paige-spalsbury/ros2_ws/install/examples_rclpy_minimal_action_server:/home/paige-spalsbury/ros2_ws/install/examples_rclpy_minimal_action_client:/home/paige-spalsbury/ros2_ws/install/examples_rclpy_guard_conditions:/home/paige-spalsbury/ros2_ws/install/examples_rclpy_executors:/opt/ros/jazzy DEBUGINFOD_URLS=https://debuginfod.ubuntu.com /usr/bin/cmake /home/paige-spalsbury/ros2_ws/src/hover_above/common_interfaces_merlab -DCMAKE_INSTALL_PREFIX=/home/paige-spalsbury/ros2_ws/src/hover_above/install/common_interfaces_merlab
[2.568s] Invoking command in '/home/paige-spalsbury/ros2_ws/src/hover_above/build/common_interfaces_merlab': CMAKE_PREFIX_PATH=${CMAKE_PREFIX_PATH}:/home/paige-spalsbury/ros2_ws/src/install/ur_move_merlab:/home/paige-spalsbury/ros2_ws/src/install/hover_above:/home/paige-spalsbury/ros2_ws/install/forces_servcli:/home/paige-spalsbury/ros2_ws/install/python_parameters:/home/paige-spalsbury/ros2_ws/install/py_srvcli:/home/paige-spalsbury/ros2_ws/install/py_pubsub:/home/paige-spalsbury/ros2_ws/install/my_package:/home/paige-spalsbury/ros2_ws/install/launch_testing_examples:/home/paige-spalsbury/ros2_ws/install/hover_above:/home/paige-spalsbury/ros2_ws/install/graspmat_srvcli:/home/paige-spalsbury/ros2_ws/install/examples_rclpy_pointcloud_publisher:/home/paige-spalsbury/ros2_ws/install/examples_rclpy_minimal_subscriber:/home/paige-spalsbury/ros2_ws/install/examples_rclpy_minimal_service:/home/paige-spalsbury/ros2_ws/install/examples_rclpy_minimal_publisher:/home/paige-spalsbury/ros2_ws/install/examples_rclpy_minimal_client:/home/paige-spalsbury/ros2_ws/install/examples_rclpy_minimal_action_server:/home/paige-spalsbury/ros2_ws/install/examples_rclpy_minimal_action_client:/home/paige-spalsbury/ros2_ws/install/examples_rclpy_guard_conditions:/home/paige-spalsbury/ros2_ws/install/examples_rclpy_executors:/opt/ros/jazzy DEBUGINFOD_URLS=https://debuginfod.ubuntu.com /usr/bin/cmake --build /home/paige-spalsbury/ros2_ws/src/hover_above/build/common_interfaces_merlab -- -j20 -l20
[2.605s] [  3%] [34m[1mGenerating type hashes for ROS interfaces[0m
[2.605s] [  3%] [34m[1mGenerating Rust code for ROS interfaces[0m
[2.610s] [  3%] Built target ament_cmake_python_copy_common_interfaces_merlab
[2.754s] running egg_info
[2.754s] creating common_interfaces_merlab.egg-info
[2.764s] [  3%] Built target common_interfaces_merlab__rosidl_generator_type_description
[2.767s] writing common_interfaces_merlab.egg-info/PKG-INFO
[2.767s] writing dependency_links to common_interfaces_merlab.egg-info/dependency_links.txt
[2.767s] writing top-level names to common_interfaces_merlab.egg-info/top_level.txt
[2.768s] writing manifest file 'common_interfaces_merlab.egg-info/SOURCES.txt'
[2.772s] [  3%] Built target common_interfaces_merlab__rs
[2.773s] [  4%] [34m[1mGenerating C code for ROS interfaces[0m
[2.782s] [  6%] [34m[1mGenerating C++ code for ROS interfaces[0m
[2.802s] reading manifest file 'common_interfaces_merlab.egg-info/SOURCES.txt'
[2.802s] writing manifest file 'common_interfaces_merlab.egg-info/SOURCES.txt'
[2.824s] [  6%] Built target ament_cmake_python_build_common_interfaces_merlab_egg
[3.074s] [  6%] Built target common_interfaces_merlab__cpp
[3.112s] [ 12%] [32mBuilding C object CMakeFiles/common_interfaces_merlab__rosidl_generator_c.dir/rosidl_generator_c/common_interfaces_merlab/srv/detail/send_pose__functions.c.o[0m
[3.112s] [ 12%] [32mBuilding C object CMakeFiles/common_interfaces_merlab__rosidl_generator_c.dir/rosidl_generator_c/common_interfaces_merlab/srv/detail/send_twist__description.c.o[0m
[3.112s] [ 12%] [32mBuilding C object CMakeFiles/common_interfaces_merlab__rosidl_generator_c.dir/rosidl_generator_c/common_interfaces_merlab/srv/detail/send_pose__description.c.o[0m
[3.112s] [ 12%] [32mBuilding C object CMakeFiles/common_interfaces_merlab__rosidl_generator_c.dir/rosidl_generator_c/common_interfaces_merlab/srv/detail/send_pose__type_support.c.o[0m
[3.112s] [ 13%] [32mBuilding C object CMakeFiles/common_interfaces_merlab__rosidl_generator_c.dir/rosidl_generator_c/common_interfaces_merlab/srv/detail/send_twist__functions.c.o[0m
[3.113s] [ 15%] [32mBuilding C object CMakeFiles/common_interfaces_merlab__rosidl_generator_c.dir/rosidl_generator_c/common_interfaces_merlab/srv/detail/send_twist__type_support.c.o[0m
[3.113s] [ 16%] [32mBuilding C object CMakeFiles/common_interfaces_merlab__rosidl_generator_c.dir/rosidl_generator_c/common_interfaces_merlab/srv/detail/send_joint_trajectory__description.c.o[0m
[3.114s] [ 18%] [32mBuilding C object CMakeFiles/common_interfaces_merlab__rosidl_generator_c.dir/rosidl_generator_c/common_interfaces_merlab/srv/detail/send_joint_trajectory_point__description.c.o[0m
[3.114s] [ 21%] [32mBuilding C object CMakeFiles/common_interfaces_merlab__rosidl_generator_c.dir/rosidl_generator_c/common_interfaces_merlab/srv/detail/send_joint_trajectory__type_support.c.o[0m
[3.114s] [ 21%] [32mBuilding C object CMakeFiles/common_interfaces_merlab__rosidl_generator_c.dir/rosidl_generator_c/common_interfaces_merlab/srv/detail/send_joint_trajectory__functions.c.o[0m
[3.116s] [ 24%] [32mBuilding C object CMakeFiles/common_interfaces_merlab__rosidl_generator_c.dir/rosidl_generator_c/common_interfaces_merlab/srv/detail/send_joint_trajectory_point__type_support.c.o[0m
[3.116s] [ 24%] [32mBuilding C object CMakeFiles/common_interfaces_merlab__rosidl_generator_c.dir/rosidl_generator_c/common_interfaces_merlab/srv/detail/send_joint_trajectory_point__functions.c.o[0m
[3.170s] [ 26%] [32m[1mLinking C shared library libcommon_interfaces_merlab__rosidl_generator_c.so[0m
[3.198s] [ 26%] Built target common_interfaces_merlab__rosidl_generator_c
[3.206s] [ 35%] [34m[1mGenerating C++ introspection for ROS interfaces[0m
[3.206s] [ 35%] [34m[1mGenerating C++ type support dispatch for ROS interfaces[0m
[3.206s] [ 35%] [34m[1mGenerating C type support dispatch for ROS interfaces[0m
[3.206s] [ 35%] [34m[1mGenerating C introspection for ROS interfaces[0m
[3.206s] [ 35%] [34m[1mGenerating C++ type support for eProsima Fast-RTPS[0m
[3.206s] [ 35%] [34m[1mGenerating C type support for eProsima Fast-RTPS[0m
[3.467s] [ 47%] [32mBuilding CXX object CMakeFiles/common_interfaces_merlab__rosidl_typesupport_c.dir/rosidl_typesupport_c/common_interfaces_merlab/srv/send_joint_trajectory__type_support.cpp.o[0m
[3.467s] [ 47%] [32mBuilding CXX object CMakeFiles/common_interfaces_merlab__rosidl_typesupport_c.dir/rosidl_typesupport_c/common_interfaces_merlab/srv/send_twist__type_support.cpp.o[0m
[3.467s] [ 47%] [32mBuilding CXX object CMakeFiles/common_interfaces_merlab__rosidl_typesupport_cpp.dir/rosidl_typesupport_cpp/common_interfaces_merlab/srv/send_joint_trajectory__type_support.cpp.o[0m
[3.467s] [ 47%] [32mBuilding CXX object CMakeFiles/common_interfaces_merlab__rosidl_typesupport_cpp.dir/rosidl_typesupport_cpp/common_interfaces_merlab/srv/send_twist__type_support.cpp.o[0m
[3.467s] [ 47%] [32mBuilding CXX object CMakeFiles/common_interfaces_merlab__rosidl_typesupport_cpp.dir/rosidl_typesupport_cpp/common_interfaces_merlab/srv/send_pose__type_support.cpp.o[0m
[3.467s] [ 47%] [32mBuilding CXX object CMakeFiles/common_interfaces_merlab__rosidl_typesupport_c.dir/rosidl_typesupport_c/common_interfaces_merlab/srv/send_pose__type_support.cpp.o[0m
[3.467s] [ 47%] [32mBuilding CXX object CMakeFiles/common_interfaces_merlab__rosidl_typesupport_cpp.dir/rosidl_typesupport_cpp/common_interfaces_merlab/srv/send_joint_trajectory_point__type_support.cpp.o[0m
[3.467s] [ 47%] [32mBuilding CXX object CMakeFiles/common_interfaces_merlab__rosidl_typesupport_c.dir/rosidl_typesupport_c/common_interfaces_merlab/srv/send_joint_trajectory_point__type_support.cpp.o[0m
[3.500s] [ 49%] [32mBuilding CXX object CMakeFiles/common_interfaces_merlab__rosidl_typesupport_introspection_cpp.dir/rosidl_typesupport_introspection_cpp/common_interfaces_merlab/srv/detail/send_twist__type_support.cpp.o[0m
[3.501s] [ 50%] [32mBuilding CXX object CMakeFiles/common_interfaces_merlab__rosidl_typesupport_introspection_cpp.dir/rosidl_typesupport_introspection_cpp/common_interfaces_merlab/srv/detail/send_joint_trajectory__type_support.cpp.o[0m
[3.504s] [ 52%] [32mBuilding CXX object CMakeFiles/common_interfaces_merlab__rosidl_typesupport_introspection_cpp.dir/rosidl_typesupport_introspection_cpp/common_interfaces_merlab/srv/detail/send_pose__type_support.cpp.o[0m
[3.506s] [ 53%] [32mBuilding CXX object CMakeFiles/common_interfaces_merlab__rosidl_typesupport_introspection_cpp.dir/rosidl_typesupport_introspection_cpp/common_interfaces_merlab/srv/detail/send_joint_trajectory_point__type_support.cpp.o[0m
[3.513s] [ 55%] [32m[1mLinking CXX shared library libcommon_interfaces_merlab__rosidl_typesupport_c.so[0m
[3.526s] [ 61%] [32mBuilding C object CMakeFiles/common_interfaces_merlab__rosidl_typesupport_introspection_c.dir/rosidl_typesupport_introspection_c/common_interfaces_merlab/srv/detail/send_joint_trajectory__type_support.c.o[0m
[3.526s] [ 61%] [32mBuilding C object CMakeFiles/common_interfaces_merlab__rosidl_typesupport_introspection_c.dir/rosidl_typesupport_introspection_c/common_interfaces_merlab/srv/detail/send_joint_trajectory_point__type_support.c.o[0m
[3.526s] [ 61%] [32mBuilding C object CMakeFiles/common_interfaces_merlab__rosidl_typesupport_introspection_c.dir/rosidl_typesupport_introspection_c/common_interfaces_merlab/srv/detail/send_pose__type_support.c.o[0m
[3.527s] [ 61%] [32mBuilding C object CMakeFiles/common_interfaces_merlab__rosidl_typesupport_introspection_c.dir/rosidl_typesupport_introspection_c/common_interfaces_merlab/srv/detail/send_twist__type_support.c.o[0m
[3.555s] [ 61%] Built target common_interfaces_merlab__rosidl_typesupport_c
[3.572s] [ 63%] [32m[1mLinking C shared library libcommon_interfaces_merlab__rosidl_typesupport_introspection_c.so[0m
[3.604s] [ 63%] Built target common_interfaces_merlab__rosidl_typesupport_introspection_c
[3.622s] [ 69%] [32mBuilding CXX object CMakeFiles/common_interfaces_merlab__rosidl_typesupport_fastrtps_cpp.dir/rosidl_typesupport_fastrtps_cpp/common_interfaces_merlab/srv/detail/dds_fastrtps/send_twist__type_support.cpp.o[0m
[3.622s] [ 69%] [32mBuilding CXX object CMakeFiles/common_interfaces_merlab__rosidl_typesupport_fastrtps_cpp.dir/rosidl_typesupport_fastrtps_cpp/common_interfaces_merlab/srv/detail/dds_fastrtps/send_joint_trajectory_point__type_support.cpp.o[0m
[3.622s] [ 69%] [32mBuilding CXX object CMakeFiles/common_interfaces_merlab__rosidl_typesupport_fastrtps_cpp.dir/rosidl_typesupport_fastrtps_cpp/common_interfaces_merlab/srv/detail/dds_fastrtps/send_joint_trajectory__type_support.cpp.o[0m
[3.622s] [ 69%] [32mBuilding CXX object CMakeFiles/common_interfaces_merlab__rosidl_typesupport_fastrtps_cpp.dir/rosidl_typesupport_fastrtps_cpp/common_interfaces_merlab/srv/detail/dds_fastrtps/send_pose__type_support.cpp.o[0m
[3.683s] [ 75%] [32mBuilding CXX object CMakeFiles/common_interfaces_merlab__rosidl_typesupport_fastrtps_c.dir/rosidl_typesupport_fastrtps_c/common_interfaces_merlab/srv/detail/send_pose__type_support_c.cpp.o[0m
[3.683s] [ 75%] [32mBuilding CXX object CMakeFiles/common_interfaces_merlab__rosidl_typesupport_fastrtps_c.dir/rosidl_typesupport_fastrtps_c/common_interfaces_merlab/srv/detail/send_joint_trajectory__type_support_c.cpp.o[0m
[3.683s] [ 75%] [32mBuilding CXX object CMakeFiles/common_interfaces_merlab__rosidl_typesupport_fastrtps_c.dir/rosidl_typesupport_fastrtps_c/common_interfaces_merlab/srv/detail/send_twist__type_support_c.cpp.o[0m
[3.683s] [ 75%] [32mBuilding CXX object CMakeFiles/common_interfaces_merlab__rosidl_typesupport_fastrtps_c.dir/rosidl_typesupport_fastrtps_c/common_interfaces_merlab/srv/detail/send_joint_trajectory_point__type_support_c.cpp.o[0m
[3.854s] [ 76%] [32m[1mLinking CXX shared library libcommon_interfaces_merlab__rosidl_typesupport_cpp.so[0m
[3.925s] [ 76%] Built target common_interfaces_merlab__rosidl_typesupport_cpp
[3.940s] [ 78%] [32m[1mLinking CXX shared library libcommon_interfaces_merlab__rosidl_typesupport_introspection_cpp.so[0m
[4.015s] [ 78%] Built target common_interfaces_merlab__rosidl_typesupport_introspection_cpp
[4.064s] [ 80%] [32m[1mLinking CXX shared library libcommon_interfaces_merlab__rosidl_typesupport_fastrtps_c.so[0m
[4.117s] [ 80%] Built target common_interfaces_merlab__rosidl_typesupport_fastrtps_c
[4.135s] [ 81%] [32m[1mLinking CXX shared library libcommon_interfaces_merlab__rosidl_typesupport_fastrtps_cpp.so[0m
[4.188s] [ 81%] Built target common_interfaces_merlab__rosidl_typesupport_fastrtps_cpp
[4.202s] [ 81%] Built target common_interfaces_merlab
[4.215s] [ 83%] [34m[1mGenerating Python code for ROS interfaces[0m
[4.580s] [ 83%] Built target common_interfaces_merlab__py
[4.594s] [ 89%] [32mBuilding C object CMakeFiles/common_interfaces_merlab__rosidl_generator_py.dir/rosidl_generator_py/common_interfaces_merlab/srv/_send_joint_trajectory_point_s.c.o[0m
[4.594s] [ 89%] [32mBuilding C object CMakeFiles/common_interfaces_merlab__rosidl_generator_py.dir/rosidl_generator_py/common_interfaces_merlab/srv/_send_joint_trajectory_s.c.o[0m
[4.594s] [ 89%] [32mBuilding C object CMakeFiles/common_interfaces_merlab__rosidl_generator_py.dir/rosidl_generator_py/common_interfaces_merlab/srv/_send_pose_s.c.o[0m
[4.594s] [ 89%] [32mBuilding C object CMakeFiles/common_interfaces_merlab__rosidl_generator_py.dir/rosidl_generator_py/common_interfaces_merlab/srv/_send_twist_s.c.o[0m
[4.708s] [ 90%] [32m[1mLinking C shared library libcommon_interfaces_merlab__rosidl_generator_py.so[0m
[4.739s] [ 90%] Built target common_interfaces_merlab__rosidl_generator_py
[4.753s] [ 95%] [32mBuilding C object CMakeFiles/common_interfaces_merlab_s__rosidl_typesupport_fastrtps_c.dir/rosidl_generator_py/common_interfaces_merlab/_common_interfaces_merlab_s.ep.rosidl_typesupport_fastrtps_c.c.o[0m
[4.753s] [ 95%] [32mBuilding C object CMakeFiles/common_interfaces_merlab_s__rosidl_typesupport_introspection_c.dir/rosidl_generator_py/common_interfaces_merlab/_common_interfaces_merlab_s.ep.rosidl_typesupport_introspection_c.c.o[0m
[4.753s] [ 95%] [32mBuilding C object CMakeFiles/common_interfaces_merlab_s__rosidl_typesupport_c.dir/rosidl_generator_py/common_interfaces_merlab/_common_interfaces_merlab_s.ep.rosidl_typesupport_c.c.o[0m
[4.834s] [ 96%] [32m[1mLinking C shared module rosidl_generator_py/common_interfaces_merlab/common_interfaces_merlab_s__rosidl_typesupport_c.so[0m
[4.835s] [ 98%] [32m[1mLinking C shared module rosidl_generator_py/common_interfaces_merlab/common_interfaces_merlab_s__rosidl_typesupport_fastrtps_c.so[0m
[4.837s] [100%] [32m[1mLinking C shared module rosidl_generator_py/common_interfaces_merlab/common_interfaces_merlab_s__rosidl_typesupport_introspection_c.so[0m
[4.857s] [100%] Built target common_interfaces_merlab_s__rosidl_typesupport_fastrtps_c
[4.857s] [100%] Built target common_interfaces_merlab_s__rosidl_typesupport_c
[4.857s] [100%] Built target common_interfaces_merlab_s__rosidl_typesupport_introspection_c
[4.865s] Invoked command in '/home/paige-spalsbury/ros2_ws/src/hover_above/build/common_interfaces_merlab' returned '0': CMAKE_PREFIX_PATH=${CMAKE_PREFIX_PATH}:/home/paige-spalsbury/ros2_ws/src/install/ur_move_merlab:/home/paige-spalsbury/ros2_ws/src/install/hover_above:/home/paige-spalsbury/ros2_ws/install/forces_servcli:/home/paige-spalsbury/ros2_ws/install/python_parameters:/home/paige-spalsbury/ros2_ws/install/py_srvcli:/home/paige-spalsbury/ros2_ws/install/py_pubsub:/home/paige-spalsbury/ros2_ws/install/my_package:/home/paige-spalsbury/ros2_ws/install/launch_testing_examples:/home/paige-spalsbury/ros2_ws/install/hover_above:/home/paige-spalsbury/ros2_ws/install/graspmat_srvcli:/home/paige-spalsbury/ros2_ws/install/examples_rclpy_pointcloud_publisher:/home/paige-spalsbury/ros2_ws/install/examples_rclpy_minimal_subscriber:/home/paige-spalsbury/ros2_ws/install/examples_rclpy_minimal_service:/home/paige-spalsbury/ros2_ws/install/examples_rclpy_minimal_publisher:/home/paige-spalsbury/ros2_ws/install/examples_rclpy_minimal_client:/home/paige-spalsbury/ros2_ws/install/examples_rclpy_minimal_action_server:/home/paige-spalsbury/ros2_ws/install/examples_rclpy_minimal_action_client:/home/paige-spalsbury/ros2_ws/install/examples_rclpy_guard_conditions:/home/paige-spalsbury/ros2_ws/install/examples_rclpy_executors:/opt/ros/jazzy DEBUGINFOD_URLS=https://debuginfod.ubuntu.com /usr/bin/cmake --build /home/paige-spalsbury/ros2_ws/src/hover_above/build/common_interfaces_merlab -- -j20 -l20
[4.865s] Invoking command in '/home/paige-spalsbury/ros2_ws/src/hover_above/build/common_interfaces_merlab': CMAKE_PREFIX_PATH=${CMAKE_PREFIX_PATH}:/home/paige-spalsbury/ros2_ws/src/install/ur_move_merlab:/home/paige-spalsbury/ros2_ws/src/install/hover_above:/home/paige-spalsbury/ros2_ws/install/forces_servcli:/home/paige-spalsbury/ros2_ws/install/python_parameters:/home/paige-spalsbury/ros2_ws/install/py_srvcli:/home/paige-spalsbury/ros2_ws/install/py_pubsub:/home/paige-spalsbury/ros2_ws/install/my_package:/home/paige-spalsbury/ros2_ws/install/launch_testing_examples:/home/paige-spalsbury/ros2_ws/install/hover_above:/home/paige-spalsbury/ros2_ws/install/graspmat_srvcli:/home/paige-spalsbury/ros2_ws/install/examples_rclpy_pointcloud_publisher:/home/paige-spalsbury/ros2_ws/install/examples_rclpy_minimal_subscriber:/home/paige-spalsbury/ros2_ws/install/examples_rclpy_minimal_service:/home/paige-spalsbury/ros2_ws/install/examples_rclpy_minimal_publisher:/home/paige-spalsbury/ros2_ws/install/examples_rclpy_minimal_client:/home/paige-spalsbury/ros2_ws/install/examples_rclpy_minimal_action_server:/home/paige-spalsbury/ros2_ws/install/examples_rclpy_minimal_action_client:/home/paige-spalsbury/ros2_ws/install/examples_rclpy_guard_conditions:/home/paige-spalsbury/ros2_ws/install/examples_rclpy_executors:/opt/ros/jazzy DEBUGINFOD_URLS=https://debuginfod.ubuntu.com /usr/bin/cmake --install /home/paige-spalsbury/ros2_ws/src/hover_above/build/common_interfaces_merlab
[4.871s] -- Install configuration: ""
[4.871s] -- Installing: /home/paige-spalsbury/ros2_ws/src/hover_above/install/common_interfaces_merlab/share/ament_index/resource_index/rosidl_interfaces/common_interfaces_merlab
[4.871s] -- Installing: /home/paige-spalsbury/ros2_ws/src/hover_above/install/common_interfaces_merlab/share/common_interfaces_merlab/srv/SendPose.json
[4.871s] -- Installing: /home/paige-spalsbury/ros2_ws/src/hover_above/install/common_interfaces_merlab/share/common_interfaces_merlab/srv/SendTwist.json
[4.871s] -- Installing: /home/paige-spalsbury/ros2_ws/src/hover_above/install/common_interfaces_merlab/share/common_interfaces_merlab/srv/SendJointTrajectory.json
[4.871s] -- Installing: /home/paige-spalsbury/ros2_ws/src/hover_above/install/common_interfaces_merlab/share/common_interfaces_merlab/srv/SendJointTrajectoryPoint.json
[4.871s] -- Installing: /home/paige-spalsbury/ros2_ws/src/hover_above/install/common_interfaces_merlab/include/common_interfaces_merlab/common_interfaces_merlab
[4.871s] -- Installing: /home/paige-spalsbury/ros2_ws/src/hover_above/install/common_interfaces_merlab/include/common_interfaces_merlab/common_interfaces_merlab/srv
[4.871s] -- Installing: /home/paige-spalsbury/ros2_ws/src/hover_above/install/common_interfaces_merlab/include/common_interfaces_merlab/common_interfaces_merlab/srv/detail
[4.871s] -- Installing: /home/paige-spalsbury/ros2_ws/src/hover_above/install/common_interfaces_merlab/include/common_interfaces_merlab/common_interfaces_merlab/srv/detail/send_joint_trajectory__functions.c
[4.871s] -- Installing: /home/paige-spalsbury/ros2_ws/src/hover_above/install/common_interfaces_merlab/include/common_interfaces_merlab/common_interfaces_merlab/srv/detail/send_twist__type_support.c
[4.871s] -- Installing: /home/paige-spalsbury/ros2_ws/src/hover_above/install/common_interfaces_merlab/include/common_interfaces_merlab/common_interfaces_merlab/srv/detail/send_twist__functions.h
[4.871s] -- Installing: /home/paige-spalsbury/ros2_ws/src/hover_above/install/common_interfaces_merlab/include/common_interfaces_merlab/common_interfaces_merlab/srv/detail/send_pose__functions.h
[4.872s] -- Installing: /home/paige-spalsbury/ros2_ws/src/hover_above/install/common_interfaces_merlab/include/common_interfaces_merlab/common_interfaces_merlab/srv/detail/send_joint_trajectory_point__type_support.h
[4.872s] -- Installing: /home/paige-spalsbury/ros2_ws/src/hover_above/install/common_interfaces_merlab/include/common_interfaces_merlab/common_interfaces_merlab/srv/detail/send_joint_trajectory_point__functions.h
[4.872s] -- Installing: /home/paige-spalsbury/ros2_ws/src/hover_above/install/common_interfaces_merlab/include/common_interfaces_merlab/common_interfaces_merlab/srv/detail/send_joint_trajectory_point__functions.c
[4.872s] -- Installing: /home/paige-spalsbury/ros2_ws/src/hover_above/install/common_interfaces_merlab/include/common_interfaces_merlab/common_interfaces_merlab/srv/detail/send_pose__functions.c
[4.872s] -- Installing: /home/paige-spalsbury/ros2_ws/src/hover_above/install/common_interfaces_merlab/include/common_interfaces_merlab/common_interfaces_merlab/srv/detail/send_pose__type_support.c
[4.872s] -- Installing: /home/paige-spalsbury/ros2_ws/src/hover_above/install/common_interfaces_merlab/include/common_interfaces_merlab/common_interfaces_merlab/srv/detail/send_twist__type_support.h
[4.872s] -- Installing: /home/paige-spalsbury/ros2_ws/src/hover_above/install/common_interfaces_merlab/include/common_interfaces_merlab/common_interfaces_merlab/srv/detail/send_joint_trajectory__type_support.c
[4.872s] -- Installing: /home/paige-spalsbury/ros2_ws/src/hover_above/install/common_interfaces_merlab/include/common_interfaces_merlab/common_interfaces_merlab/srv/detail/send_pose__type_support.h
[4.872s] -- Installing: /home/paige-spalsbury/ros2_ws/src/hover_above/install/common_interfaces_merlab/include/common_interfaces_merlab/common_interfaces_merlab/srv/detail/send_joint_trajectory__struct.h
[4.872s] -- Installing: /home/paige-spalsbury/ros2_ws/src/hover_above/install/common_interfaces_merlab/include/common_interfaces_merlab/common_interfaces_merlab/srv/detail/send_joint_trajectory_point__type_support.c
[4.872s] -- Installing: /home/paige-spalsbury/ros2_ws/src/hover_above/install/common_interfaces_merlab/include/common_interfaces_merlab/common_interfaces_merlab/srv/detail/send_twist__functions.c
[4.872s] -- Installing: /home/paige-spalsbury/ros2_ws/src/hover_above/install/common_interfaces_merlab/include/common_interfaces_merlab/common_interfaces_merlab/srv/detail/send_joint_trajectory__type_support.h
[4.872s] -- Installing: /home/paige-spalsbury/ros2_ws/src/hover_above/install/common_interfaces_merlab/include/common_interfaces_merlab/common_interfaces_merlab/srv/detail/send_pose__description.c
[4.872s] -- Installing: /home/paige-spalsbury/ros2_ws/src/hover_above/install/common_interfaces_merlab/include/common_interfaces_merlab/common_interfaces_merlab/srv/detail/send_twist__struct.h
[4.872s] -- Installing: /home/paige-spalsbury/ros2_ws/src/hover_above/install/common_interfaces_merlab/include/common_interfaces_merlab/common_interfaces_merlab/srv/detail/send_joint_trajectory_point__struct.h
[4.872s] -- Installing: /home/paige-spalsbury/ros2_ws/src/hover_above/install/common_interfaces_merlab/include/common_interfaces_merlab/common_interfaces_merlab/srv/detail/send_joint_trajectory__description.c
[4.872s] -- Installing: /home/paige-spalsbury/ros2_ws/src/hover_above/install/common_interfaces_merlab/include/common_interfaces_merlab/common_interfaces_merlab/srv/detail/send_twist__description.c
[4.872s] -- Installing: /home/paige-spalsbury/ros2_ws/src/hover_above/install/common_interfaces_merlab/include/common_interfaces_merlab/common_interfaces_merlab/srv/detail/send_joint_trajectory_point__description.c
[4.872s] -- Installing: /home/paige-spalsbury/ros2_ws/src/hover_above/install/common_interfaces_merlab/include/common_interfaces_merlab/common_interfaces_merlab/srv/detail/send_joint_trajectory__functions.h
[4.872s] -- Installing: /home/paige-spalsbury/ros2_ws/src/hover_above/install/common_interfaces_merlab/include/common_interfaces_merlab/common_interfaces_merlab/srv/detail/send_pose__struct.h
[4.872s] -- Installing: /home/paige-spalsbury/ros2_ws/src/hover_above/install/common_interfaces_merlab/include/common_interfaces_merlab/common_interfaces_merlab/srv/send_twist.h
[4.872s] -- Installing: /home/paige-spalsbury/ros2_ws/src/hover_above/install/common_interfaces_merlab/include/common_interfaces_merlab/common_interfaces_merlab/srv/send_pose.h
[4.872s] -- Installing: /home/paige-spalsbury/ros2_ws/src/hover_above/install/common_interfaces_merlab/include/common_interfaces_merlab/common_interfaces_merlab/srv/send_joint_trajectory.h
[4.872s] -- Installing: /home/paige-spalsbury/ros2_ws/src/hover_above/install/common_interfaces_merlab/include/common_interfaces_merlab/common_interfaces_merlab/srv/send_joint_trajectory_point.h
[4.872s] -- Installing: /home/paige-spalsbury/ros2_ws/src/hover_above/install/common_interfaces_merlab/include/common_interfaces_merlab/common_interfaces_merlab/msg
[4.872s] -- Installing: /home/paige-spalsbury/ros2_ws/src/hover_above/install/common_interfaces_merlab/include/common_interfaces_merlab/common_interfaces_merlab/msg/rosidl_generator_c__visibility_control.h
[4.872s] -- Installing: /home/paige-spalsbury/ros2_ws/src/hover_above/install/common_interfaces_merlab/share/common_interfaces_merlab/environment/library_path.sh
[4.872s] -- Installing: /home/paige-spalsbury/ros2_ws/src/hover_above/install/common_interfaces_merlab/share/common_interfaces_merlab/environment/library_path.dsv
[4.873s] -- Installing: /home/paige-spalsbury/ros2_ws/src/hover_above/install/common_interfaces_merlab/lib/libcommon_interfaces_merlab__rosidl_generator_c.so
[4.873s] -- Set non-toolchain portion of runtime path of "/home/paige-spalsbury/ros2_ws/src/hover_above/install/common_interfaces_merlab/lib/libcommon_interfaces_merlab__rosidl_generator_c.so" to ""
[4.873s] -- Up-to-date: /home/paige-spalsbury/ros2_ws/src/hover_above/install/common_interfaces_merlab/include/common_interfaces_merlab/common_interfaces_merlab
[4.873s] -- Up-to-date: /home/paige-spalsbury/ros2_ws/src/hover_above/install/common_interfaces_merlab/include/common_interfaces_merlab/common_interfaces_merlab/srv
[4.873s] -- Up-to-date: /home/paige-spalsbury/ros2_ws/src/hover_above/install/common_interfaces_merlab/include/common_interfaces_merlab/common_interfaces_merlab/srv/detail
[4.873s] -- Installing: /home/paige-spalsbury/ros2_ws/src/hover_above/install/common_interfaces_merlab/include/common_interfaces_merlab/common_interfaces_merlab/srv/detail/send_twist__rosidl_typesupport_fastrtps_c.h
[4.873s] -- Installing: /home/paige-spalsbury/ros2_ws/src/hover_above/install/common_interfaces_merlab/include/common_interfaces_merlab/common_interfaces_merlab/srv/detail/send_joint_trajectory_point__rosidl_typesupport_fastrtps_c.h
[4.873s] -- Installing: /home/paige-spalsbury/ros2_ws/src/hover_above/install/common_interfaces_merlab/include/common_interfaces_merlab/common_interfaces_merlab/srv/detail/send_joint_trajectory__rosidl_typesupport_fastrtps_c.h
[4.873s] -- Installing: /home/paige-spalsbury/ros2_ws/src/hover_above/install/common_interfaces_merlab/include/common_interfaces_merlab/common_interfaces_merlab/srv/detail/send_pose__rosidl_typesupport_fastrtps_c.h
[4.873s] -- Up-to-date: /home/paige-spalsbury/ros2_ws/src/hover_above/install/common_interfaces_merlab/include/common_interfaces_merlab/common_interfaces_merlab/msg
[4.873s] -- Installing: /home/paige-spalsbury/ros2_ws/src/hover_above/install/common_interfaces_merlab/include/common_interfaces_merlab/common_interfaces_merlab/msg/rosidl_typesupport_fastrtps_c__visibility_control.h
[4.873s] -- Installing: /home/paige-spalsbury/ros2_ws/src/hover_above/install/common_interfaces_merlab/lib/libcommon_interfaces_merlab__rosidl_typesupport_fastrtps_c.so
[4.874s] -- Set non-toolchain portion of runtime path of "/home/paige-spalsbury/ros2_ws/src/hover_above/install/common_interfaces_merlab/lib/libcommon_interfaces_merlab__rosidl_typesupport_fastrtps_c.so" to ""
[4.874s] -- Up-to-date: /home/paige-spalsbury/ros2_ws/src/hover_above/install/common_interfaces_merlab/include/common_interfaces_merlab/common_interfaces_merlab
[4.874s] -- Up-to-date: /home/paige-spalsbury/ros2_ws/src/hover_above/install/common_interfaces_merlab/include/common_interfaces_merlab/common_interfaces_merlab/srv
[4.874s] -- Installing: /home/paige-spalsbury/ros2_ws/src/hover_above/install/common_interfaces_merlab/include/common_interfaces_merlab/common_interfaces_merlab/srv/send_joint_trajectory.hpp
[4.874s] -- Up-to-date: /home/paige-spalsbury/ros2_ws/src/hover_above/install/common_interfaces_merlab/include/common_interfaces_merlab/common_interfaces_merlab/srv/detail
[4.874s] -- Installing: /home/paige-spalsbury/ros2_ws/src/hover_above/install/common_interfaces_merlab/include/common_interfaces_merlab/common_interfaces_merlab/srv/detail/send_twist__type_support.hpp
[4.874s] -- Installing: /home/paige-spalsbury/ros2_ws/src/hover_above/install/common_interfaces_merlab/include/common_interfaces_merlab/common_interfaces_merlab/srv/detail/send_pose__traits.hpp
[4.874s] -- Installing: /home/paige-spalsbury/ros2_ws/src/hover_above/install/common_interfaces_merlab/include/common_interfaces_merlab/common_interfaces_merlab/srv/detail/send_joint_trajectory_point__builder.hpp
[4.874s] -- Installing: /home/paige-spalsbury/ros2_ws/src/hover_above/install/common_interfaces_merlab/include/common_interfaces_merlab/common_interfaces_merlab/srv/detail/send_joint_trajectory__struct.hpp
[4.874s] -- Installing: /home/paige-spalsbury/ros2_ws/src/hover_above/install/common_interfaces_merlab/include/common_interfaces_merlab/common_interfaces_merlab/srv/detail/send_joint_trajectory__builder.hpp
[4.874s] -- Installing: /home/paige-spalsbury/ros2_ws/src/hover_above/install/common_interfaces_merlab/include/common_interfaces_merlab/common_interfaces_merlab/srv/detail/send_joint_trajectory_point__type_support.hpp
[4.874s] -- Installing: /home/paige-spalsbury/ros2_ws/src/hover_above/install/common_interfaces_merlab/include/common_interfaces_merlab/common_interfaces_merlab/srv/detail/send_joint_trajectory_point__traits.hpp
[4.874s] -- Installing: /home/paige-spalsbury/ros2_ws/src/hover_above/install/common_interfaces_merlab/include/common_interfaces_merlab/common_interfaces_merlab/srv/detail/send_pose__struct.hpp
[4.874s] -- Installing: /home/paige-spalsbury/ros2_ws/src/hover_above/install/common_interfaces_merlab/include/common_interfaces_merlab/common_interfaces_merlab/srv/detail/send_twist__struct.hpp
[4.874s] -- Installing: /home/paige-spalsbury/ros2_ws/src/hover_above/install/common_interfaces_merlab/include/common_interfaces_merlab/common_interfaces_merlab/srv/detail/send_joint_trajectory__traits.hpp
[4.874s] -- Installing: /home/paige-spalsbury/ros2_ws/src/hover_above/install/common_interfaces_merlab/include/common_interfaces_merlab/common_interfaces_merlab/srv/detail/send_joint_trajectory__type_support.hpp
[4.875s] -- Installing: /home/paige-spalsbury/ros2_ws/src/hover_above/install/common_interfaces_merlab/include/common_interfaces_merlab/common_interfaces_merlab/srv/detail/send_joint_trajectory_point__struct.hpp
[4.875s] -- Installing: /home/paige-spalsbury/ros2_ws/src/hover_above/install/common_interfaces_merlab/include/common_interfaces_merlab/common_interfaces_merlab/srv/detail/send_twist__traits.hpp
[4.875s] -- Installing: /home/paige-spalsbury/ros2_ws/src/hover_above/install/common_interfaces_merlab/include/common_interfaces_merlab/common_interfaces_merlab/srv/detail/send_pose__type_support.hpp
[4.875s] -- Installing: /home/paige-spalsbury/ros2_ws/src/hover_above/install/common_interfaces_merlab/include/common_interfaces_merlab/common_interfaces_merlab/srv/detail/send_twist__builder.hpp
[4.875s] -- Installing: /home/paige-spalsbury/ros2_ws/src/hover_above/install/common_interfaces_merlab/include/common_interfaces_merlab/common_interfaces_merlab/srv/detail/send_pose__builder.hpp
[4.875s] -- Installing: /home/paige-spalsbury/ros2_ws/src/hover_above/install/common_interfaces_merlab/include/common_interfaces_merlab/common_interfaces_merlab/srv/send_pose.hpp
[4.875s] -- Installing: /home/paige-spalsbury/ros2_ws/src/hover_above/install/common_interfaces_merlab/include/common_interfaces_merlab/common_interfaces_merlab/srv/send_twist.hpp
[4.875s] -- Installing: /home/paige-spalsbury/ros2_ws/src/hover_above/install/common_interfaces_merlab/include/common_interfaces_merlab/common_interfaces_merlab/srv/send_joint_trajectory_point.hpp
[4.875s] -- Up-to-date: /home/paige-spalsbury/ros2_ws/src/hover_above/install/common_interfaces_merlab/include/common_interfaces_merlab/common_interfaces_merlab/msg
[4.875s] -- Installing: /home/paige-spalsbury/ros2_ws/src/hover_above/install/common_interfaces_merlab/include/common_interfaces_merlab/common_interfaces_merlab/msg/rosidl_generator_cpp__visibility_control.hpp
[4.875s] -- Up-to-date: /home/paige-spalsbury/ros2_ws/src/hover_above/install/common_interfaces_merlab/include/common_interfaces_merlab/common_interfaces_merlab
[4.875s] -- Up-to-date: /home/paige-spalsbury/ros2_ws/src/hover_above/install/common_interfaces_merlab/include/common_interfaces_merlab/common_interfaces_merlab/srv
[4.875s] -- Up-to-date: /home/paige-spalsbury/ros2_ws/src/hover_above/install/common_interfaces_merlab/include/common_interfaces_merlab/common_interfaces_merlab/srv/detail
[4.875s] -- Installing: /home/paige-spalsbury/ros2_ws/src/hover_above/install/common_interfaces_merlab/include/common_interfaces_merlab/common_interfaces_merlab/srv/detail/send_twist__rosidl_typesupport_fastrtps_cpp.hpp
[4.875s] -- Installing: /home/paige-spalsbury/ros2_ws/src/hover_above/install/common_interfaces_merlab/include/common_interfaces_merlab/common_interfaces_merlab/srv/detail/dds_fastrtps
[4.875s] -- Installing: /home/paige-spalsbury/ros2_ws/src/hover_above/install/common_interfaces_merlab/include/common_interfaces_merlab/common_interfaces_merlab/srv/detail/send_joint_trajectory__rosidl_typesupport_fastrtps_cpp.hpp
[4.875s] -- Installing: /home/paige-spalsbury/ros2_ws/src/hover_above/install/common_interfaces_merlab/include/common_interfaces_merlab/common_interfaces_merlab/srv/detail/send_pose__rosidl_typesupport_fastrtps_cpp.hpp
[4.875s] -- Installing: /home/paige-spalsbury/ros2_ws/src/hover_above/install/common_interfaces_merlab/include/common_interfaces_merlab/common_interfaces_merlab/srv/detail/send_joint_trajectory_point__rosidl_typesupport_fastrtps_cpp.hpp
[4.875s] -- Up-to-date: /home/paige-spalsbury/ros2_ws/src/hover_above/install/common_interfaces_merlab/include/common_interfaces_merlab/common_interfaces_merlab/msg
[4.875s] -- Installing: /home/paige-spalsbury/ros2_ws/src/hover_above/install/common_interfaces_merlab/include/common_interfaces_merlab/common_interfaces_merlab/msg/rosidl_typesupport_fastrtps_cpp__visibility_control.h
[4.875s] -- Installing: /home/paige-spalsbury/ros2_ws/src/hover_above/install/common_interfaces_merlab/lib/libcommon_interfaces_merlab__rosidl_typesupport_fastrtps_cpp.so
[4.876s] -- Set non-toolchain portion of runtime path of "/home/paige-spalsbury/ros2_ws/src/hover_above/install/common_interfaces_merlab/lib/libcommon_interfaces_merlab__rosidl_typesupport_fastrtps_cpp.so" to ""
[4.876s] -- Up-to-date: /home/paige-spalsbury/ros2_ws/src/hover_above/install/common_interfaces_merlab/include/common_interfaces_merlab/common_interfaces_merlab
[4.876s] -- Up-to-date: /home/paige-spalsbury/ros2_ws/src/hover_above/install/common_interfaces_merlab/include/common_interfaces_merlab/common_interfaces_merlab/srv
[4.876s] -- Up-to-date: /home/paige-spalsbury/ros2_ws/src/hover_above/install/common_interfaces_merlab/include/common_interfaces_merlab/common_interfaces_merlab/srv/detail
[4.876s] -- Up-to-date: /home/paige-spalsbury/ros2_ws/src/hover_above/install/common_interfaces_merlab/include/common_interfaces_merlab/common_interfaces_merlab/srv/detail/send_twist__type_support.c
[4.876s] -- Installing: /home/paige-spalsbury/ros2_ws/src/hover_above/install/common_interfaces_merlab/include/common_interfaces_merlab/common_interfaces_merlab/srv/detail/send_twist__rosidl_typesupport_introspection_c.h
[4.876s] -- Up-to-date: /home/paige-spalsbury/ros2_ws/src/hover_above/install/common_interfaces_merlab/include/common_interfaces_merlab/common_interfaces_merlab/srv/detail/send_pose__type_support.c
[4.876s] -- Up-to-date: /home/paige-spalsbury/ros2_ws/src/hover_above/install/common_interfaces_merlab/include/common_interfaces_merlab/common_interfaces_merlab/srv/detail/send_joint_trajectory__type_support.c
[4.876s] -- Up-to-date: /home/paige-spalsbury/ros2_ws/src/hover_above/install/common_interfaces_merlab/include/common_interfaces_merlab/common_interfaces_merlab/srv/detail/send_joint_trajectory_point__type_support.c
[4.876s] -- Installing: /home/paige-spalsbury/ros2_ws/src/hover_above/install/common_interfaces_merlab/include/common_interfaces_merlab/common_interfaces_merlab/srv/detail/send_pose__rosidl_typesupport_introspection_c.h
[4.876s] -- Installing: /home/paige-spalsbury/ros2_ws/src/hover_above/install/common_interfaces_merlab/include/common_interfaces_merlab/common_interfaces_merlab/srv/detail/send_joint_trajectory__rosidl_typesupport_introspection_c.h
[4.876s] -- Installing: /home/paige-spalsbury/ros2_ws/src/hover_above/install/common_interfaces_merlab/include/common_interfaces_merlab/common_interfaces_merlab/srv/detail/send_joint_trajectory_point__rosidl_typesupport_introspection_c.h
[4.876s] -- Up-to-date: /home/paige-spalsbury/ros2_ws/src/hover_above/install/common_interfaces_merlab/include/common_interfaces_merlab/common_interfaces_merlab/msg
[4.876s] -- Installing: /home/paige-spalsbury/ros2_ws/src/hover_above/install/common_interfaces_merlab/include/common_interfaces_merlab/common_interfaces_merlab/msg/rosidl_typesupport_introspection_c__visibility_control.h
[4.876s] -- Installing: /home/paige-spalsbury/ros2_ws/src/hover_above/install/common_interfaces_merlab/lib/libcommon_interfaces_merlab__rosidl_typesupport_introspection_c.so
[4.876s] -- Set non-toolchain portion of runtime path of "/home/paige-spalsbury/ros2_ws/src/hover_above/install/common_interfaces_merlab/lib/libcommon_interfaces_merlab__rosidl_typesupport_introspection_c.so" to ""
[4.876s] -- Installing: /home/paige-spalsbury/ros2_ws/src/hover_above/install/common_interfaces_merlab/lib/libcommon_interfaces_merlab__rosidl_typesupport_c.so
[4.876s] -- Set non-toolchain portion of runtime path of "/home/paige-spalsbury/ros2_ws/src/hover_above/install/common_interfaces_merlab/lib/libcommon_interfaces_merlab__rosidl_typesupport_c.so" to ""
[4.876s] -- Up-to-date: /home/paige-spalsbury/ros2_ws/src/hover_above/install/common_interfaces_merlab/include/common_interfaces_merlab/common_interfaces_merlab
[4.876s] -- Up-to-date: /home/paige-spalsbury/ros2_ws/src/hover_above/install/common_interfaces_merlab/include/common_interfaces_merlab/common_interfaces_merlab/srv
[4.876s] -- Up-to-date: /home/paige-spalsbury/ros2_ws/src/hover_above/install/common_interfaces_merlab/include/common_interfaces_merlab/common_interfaces_merlab/srv/detail
[4.876s] -- Installing: /home/paige-spalsbury/ros2_ws/src/hover_above/install/common_interfaces_merlab/include/common_interfaces_merlab/common_interfaces_merlab/srv/detail/send_pose__rosidl_typesupport_introspection_cpp.hpp
[4.877s] -- Installing: /home/paige-spalsbury/ros2_ws/src/hover_above/install/common_interfaces_merlab/include/common_interfaces_merlab/common_interfaces_merlab/srv/detail/send_twist__rosidl_typesupport_introspection_cpp.hpp
[4.877s] -- Installing: /home/paige-spalsbury/ros2_ws/src/hover_above/install/common_interfaces_merlab/include/common_interfaces_merlab/common_interfaces_merlab/srv/detail/send_twist__type_support.cpp
[4.877s] -- Installing: /home/paige-spalsbury/ros2_ws/src/hover_above/install/common_interfaces_merlab/include/common_interfaces_merlab/common_interfaces_merlab/srv/detail/send_joint_trajectory_point__rosidl_typesupport_introspection_cpp.hpp
[4.877s] -- Installing: /home/paige-spalsbury/ros2_ws/src/hover_above/install/common_interfaces_merlab/include/common_interfaces_merlab/common_interfaces_merlab/srv/detail/send_joint_trajectory__type_support.cpp
[4.877s] -- Installing: /home/paige-spalsbury/ros2_ws/src/hover_above/install/common_interfaces_merlab/include/common_interfaces_merlab/common_interfaces_merlab/srv/detail/send_pose__type_support.cpp
[4.877s] -- Installing: /home/paige-spalsbury/ros2_ws/src/hover_above/install/common_interfaces_merlab/include/common_interfaces_merlab/common_interfaces_merlab/srv/detail/send_joint_trajectory__rosidl_typesupport_introspection_cpp.hpp
[4.877s] -- Installing: /home/paige-spalsbury/ros2_ws/src/hover_above/install/common_interfaces_merlab/include/common_interfaces_merlab/common_interfaces_merlab/srv/detail/send_joint_trajectory_point__type_support.cpp
[4.877s] -- Installing: /home/paige-spalsbury/ros2_ws/src/hover_above/install/common_interfaces_merlab/lib/libcommon_interfaces_merlab__rosidl_typesupport_introspection_cpp.so
[4.877s] -- Set non-toolchain portion of runtime path of "/home/paige-spalsbury/ros2_ws/src/hover_above/install/common_interfaces_merlab/lib/libcommon_interfaces_merlab__rosidl_typesupport_introspection_cpp.so" to ""
[4.877s] -- Installing: /home/paige-spalsbury/ros2_ws/src/hover_above/install/common_interfaces_merlab/lib/libcommon_interfaces_merlab__rosidl_typesupport_cpp.so
[4.877s] -- Set non-toolchain portion of runtime path of "/home/paige-spalsbury/ros2_ws/src/hover_above/install/common_interfaces_merlab/lib/libcommon_interfaces_merlab__rosidl_typesupport_cpp.so" to ""
[4.877s] -- Installing: /home/paige-spalsbury/ros2_ws/src/hover_above/install/common_interfaces_merlab/share/common_interfaces_merlab/environment/pythonpath.sh
[4.878s] -- Installing: /home/paige-spalsbury/ros2_ws/src/hover_above/install/common_interfaces_merlab/share/common_interfaces_merlab/environment/pythonpath.dsv
[4.878s] -- Installing: /home/paige-spalsbury/ros2_ws/src/hover_above/install/common_interfaces_merlab/lib/python3.12/site-packages/common_interfaces_merlab-0.0.0-py3.12.egg-info
[4.878s] -- Installing: /home/paige-spalsbury/ros2_ws/src/hover_above/install/common_interfaces_merlab/lib/python3.12/site-packages/common_interfaces_merlab-0.0.0-py3.12.egg-info/top_level.txt
[4.878s] -- Installing: /home/paige-spalsbury/ros2_ws/src/hover_above/install/common_interfaces_merlab/lib/python3.12/site-packages/common_interfaces_merlab-0.0.0-py3.12.egg-info/dependency_links.txt
[4.878s] -- Installing: /home/paige-spalsbury/ros2_ws/src/hover_above/install/common_interfaces_merlab/lib/python3.12/site-packages/common_interfaces_merlab-0.0.0-py3.12.egg-info/SOURCES.txt
[4.878s] -- Installing: /home/paige-spalsbury/ros2_ws/src/hover_above/install/common_interfaces_merlab/lib/python3.12/site-packages/common_interfaces_merlab-0.0.0-py3.12.egg-info/PKG-INFO
[4.878s] -- Installing: /home/paige-spalsbury/ros2_ws/src/hover_above/install/common_interfaces_merlab/lib/python3.12/site-packages/common_interfaces_merlab
[4.878s] -- Installing: /home/paige-spalsbury/ros2_ws/src/hover_above/install/common_interfaces_merlab/lib/python3.12/site-packages/common_interfaces_merlab/common_interfaces_merlab_s__rosidl_typesupport_introspection_c.so
[4.878s] -- Installing: /home/paige-spalsbury/ros2_ws/src/hover_above/install/common_interfaces_merlab/lib/python3.12/site-packages/common_interfaces_merlab/srv
[4.878s] -- Installing: /home/paige-spalsbury/ros2_ws/src/hover_above/install/common_interfaces_merlab/lib/python3.12/site-packages/common_interfaces_merlab/srv/_send_joint_trajectory_point_s.c
[4.878s] -- Installing: /home/paige-spalsbury/ros2_ws/src/hover_above/install/common_interfaces_merlab/lib/python3.12/site-packages/common_interfaces_merlab/srv/_send_joint_trajectory_s.c
[4.878s] -- Installing: /home/paige-spalsbury/ros2_ws/src/hover_above/install/common_interfaces_merlab/lib/python3.12/site-packages/common_interfaces_merlab/srv/__init__.py
[4.878s] -- Installing: /home/paige-spalsbury/ros2_ws/src/hover_above/install/common_interfaces_merlab/lib/python3.12/site-packages/common_interfaces_merlab/srv/_send_pose_s.c
[4.878s] -- Installing: /home/paige-spalsbury/ros2_ws/src/hover_above/install/common_interfaces_merlab/lib/python3.12/site-packages/common_interfaces_merlab/srv/_send_joint_trajectory_point.py
[4.878s] -- Installing: /home/paige-spalsbury/ros2_ws/src/hover_above/install/common_interfaces_merlab/lib/python3.12/site-packages/common_interfaces_merlab/srv/_send_twist_s.c
[4.878s] -- Installing: /home/paige-spalsbury/ros2_ws/src/hover_above/install/common_interfaces_merlab/lib/python3.12/site-packages/common_interfaces_merlab/srv/_send_twist.py
[4.878s] -- Installing: /home/paige-spalsbury/ros2_ws/src/hover_above/install/common_interfaces_merlab/lib/python3.12/site-packages/common_interfaces_merlab/srv/_send_joint_trajectory.py
[4.878s] -- Installing: /home/paige-spalsbury/ros2_ws/src/hover_above/install/common_interfaces_merlab/lib/python3.12/site-packages/common_interfaces_merlab/srv/_send_pose.py
[4.878s] -- Installing: /home/paige-spalsbury/ros2_ws/src/hover_above/install/common_interfaces_merlab/lib/python3.12/site-packages/common_interfaces_merlab/__init__.py
[4.878s] -- Installing: /home/paige-spalsbury/ros2_ws/src/hover_above/install/common_interfaces_merlab/lib/python3.12/site-packages/common_interfaces_merlab/_common_interfaces_merlab_s.ep.rosidl_typesupport_fastrtps_c.c
[4.878s] -- Installing: /home/paige-spalsbury/ros2_ws/src/hover_above/install/common_interfaces_merlab/lib/python3.12/site-packages/common_interfaces_merlab/common_interfaces_merlab_s__rosidl_typesupport_fastrtps_c.so
[4.879s] -- Installing: /home/paige-spalsbury/ros2_ws/src/hover_above/install/common_interfaces_merlab/lib/python3.12/site-packages/common_interfaces_merlab/common_interfaces_merlab_s__rosidl_typesupport_c.so
[4.879s] -- Installing: /home/paige-spalsbury/ros2_ws/src/hover_above/install/common_interfaces_merlab/lib/python3.12/site-packages/common_interfaces_merlab/_common_interfaces_merlab_s.ep.rosidl_typesupport_introspection_c.c
[4.879s] -- Installing: /home/paige-spalsbury/ros2_ws/src/hover_above/install/common_interfaces_merlab/lib/python3.12/site-packages/common_interfaces_merlab/_common_interfaces_merlab_s.ep.rosidl_typesupport_c.c
[4.914s] Listing '/home/paige-spalsbury/ros2_ws/src/hover_above/install/common_interfaces_merlab/lib/python3.12/site-packages/common_interfaces_merlab'...
[4.914s] Compiling '/home/paige-spalsbury/ros2_ws/src/hover_above/install/common_interfaces_merlab/lib/python3.12/site-packages/common_interfaces_merlab/__init__.py'...
[4.914s] Listing '/home/paige-spalsbury/ros2_ws/src/hover_above/install/common_interfaces_merlab/lib/python3.12/site-packages/common_interfaces_merlab/srv'...
[4.914s] Compiling '/home/paige-spalsbury/ros2_ws/src/hover_above/install/common_interfaces_merlab/lib/python3.12/site-packages/common_interfaces_merlab/srv/__init__.py'...
[4.914s] Compiling '/home/paige-spalsbury/ros2_ws/src/hover_above/install/common_interfaces_merlab/lib/python3.12/site-packages/common_interfaces_merlab/srv/_send_joint_trajectory.py'...
[4.914s] Compiling '/home/paige-spalsbury/ros2_ws/src/hover_above/install/common_interfaces_merlab/lib/python3.12/site-packages/common_interfaces_merlab/srv/_send_joint_trajectory_point.py'...
[4.914s] Compiling '/home/paige-spalsbury/ros2_ws/src/hover_above/install/common_interfaces_merlab/lib/python3.12/site-packages/common_interfaces_merlab/srv/_send_pose.py'...
[4.914s] Compiling '/home/paige-spalsbury/ros2_ws/src/hover_above/install/common_interfaces_merlab/lib/python3.12/site-packages/common_interfaces_merlab/srv/_send_twist.py'...
[4.918s] -- Installing: /home/paige-spalsbury/ros2_ws/src/hover_above/install/common_interfaces_merlab/lib/python3.12/site-packages/common_interfaces_merlab/common_interfaces_merlab_s__rosidl_typesupport_fastrtps_c.so
[4.918s] -- Set non-toolchain portion of runtime path of "/home/paige-spalsbury/ros2_ws/src/hover_above/install/common_interfaces_merlab/lib/python3.12/site-packages/common_interfaces_merlab/common_interfaces_merlab_s__rosidl_typesupport_fastrtps_c.so" to ""
[4.918s] -- Installing: /home/paige-spalsbury/ros2_ws/src/hover_above/install/common_interfaces_merlab/lib/python3.12/site-packages/common_interfaces_merlab/common_interfaces_merlab_s__rosidl_typesupport_introspection_c.so
[4.918s] -- Set non-toolchain portion of runtime path of "/home/paige-spalsbury/ros2_ws/src/hover_above/install/common_interfaces_merlab/lib/python3.12/site-packages/common_interfaces_merlab/common_interfaces_merlab_s__rosidl_typesupport_introspection_c.so" to ""
[4.918s] -- Installing: /home/paige-spalsbury/ros2_ws/src/hover_above/install/common_interfaces_merlab/lib/python3.12/site-packages/common_interfaces_merlab/common_interfaces_merlab_s__rosidl_typesupport_c.so
[4.918s] -- Set non-toolchain portion of runtime path of "/home/paige-spalsbury/ros2_ws/src/hover_above/install/common_interfaces_merlab/lib/python3.12/site-packages/common_interfaces_merlab/common_interfaces_merlab_s__rosidl_typesupport_c.so" to ""
[4.918s] -- Installing: /home/paige-spalsbury/ros2_ws/src/hover_above/install/common_interfaces_merlab/lib/libcommon_interfaces_merlab__rosidl_generator_py.so
[4.918s] -- Set non-toolchain portion of runtime path of "/home/paige-spalsbury/ros2_ws/src/hover_above/install/common_interfaces_merlab/lib/libcommon_interfaces_merlab__rosidl_generator_py.so" to ""
[4.918s] -- Installing: /home/paige-spalsbury/ros2_ws/src/hover_above/install/common_interfaces_merlab/share/ament_index/resource_index/rust_packages/common_interfaces_merlab
[4.918s] -- Installing: /home/paige-spalsbury/ros2_ws/src/hover_above/install/common_interfaces_merlab/share/common_interfaces_merlab/rust
[4.918s] -- Installing: /home/paige-spalsbury/ros2_ws/src/hover_above/install/common_interfaces_merlab/share/common_interfaces_merlab/rust/build.rs
[4.918s] -- Installing: /home/paige-spalsbury/ros2_ws/src/hover_above/install/common_interfaces_merlab/share/common_interfaces_merlab/rust/src
[4.918s] -- Installing: /home/paige-spalsbury/ros2_ws/src/hover_above/install/common_interfaces_merlab/share/common_interfaces_merlab/rust/src/srv
[4.918s] -- Installing: /home/paige-spalsbury/ros2_ws/src/hover_above/install/common_interfaces_merlab/share/common_interfaces_merlab/rust/src/srv/rmw.rs
[4.918s] -- Installing: /home/paige-spalsbury/ros2_ws/src/hover_above/install/common_interfaces_merlab/share/common_interfaces_merlab/rust/src/lib.rs
[4.918s] -- Installing: /home/paige-spalsbury/ros2_ws/src/hover_above/install/common_interfaces_merlab/share/common_interfaces_merlab/rust/src/srv.rs
[4.918s] -- Installing: /home/paige-spalsbury/ros2_ws/src/hover_above/install/common_interfaces_merlab/share/common_interfaces_merlab/rust/Cargo.toml
[4.918s] -- Installing: /home/paige-spalsbury/ros2_ws/src/hover_above/install/common_interfaces_merlab/share/common_interfaces_merlab/srv/SendPose.idl
[4.918s] -- Installing: /home/paige-spalsbury/ros2_ws/src/hover_above/install/common_interfaces_merlab/share/common_interfaces_merlab/srv/SendTwist.idl
[4.918s] -- Installing: /home/paige-spalsbury/ros2_ws/src/hover_above/install/common_interfaces_merlab/share/common_interfaces_merlab/srv/SendJointTrajectory.idl
[4.918s] -- Installing: /home/paige-spalsbury/ros2_ws/src/hover_above/install/common_interfaces_merlab/share/common_interfaces_merlab/srv/SendJointTrajectoryPoint.idl
[4.918s] -- Installing: /home/paige-spalsbury/ros2_ws/src/hover_above/install/common_interfaces_merlab/share/common_interfaces_merlab/srv/SendPose.srv
[4.919s] -- Installing: /home/paige-spalsbury/ros2_ws/src/hover_above/install/common_interfaces_merlab/share/common_interfaces_merlab/srv/SendTwist.srv
[4.919s] -- Installing: /home/paige-spalsbury/ros2_ws/src/hover_above/install/common_interfaces_merlab/share/common_interfaces_merlab/srv/SendJointTrajectory.srv
[4.919s] -- Installing: /home/paige-spalsbury/ros2_ws/src/hover_above/install/common_interfaces_merlab/share/common_interfaces_merlab/srv/SendJointTrajectoryPoint.srv
[4.919s] -- Installing: /home/paige-spalsbury/ros2_ws/src/hover_above/install/common_interfaces_merlab/share/ament_index/resource_index/package_run_dependencies/common_interfaces_merlab
[4.919s] -- Installing: /home/paige-spalsbury/ros2_ws/src/hover_above/install/common_interfaces_merlab/share/ament_index/resource_index/parent_prefix_path/common_interfaces_merlab
[4.919s] -- Installing: /home/paige-spalsbury/ros2_ws/src/hover_above/install/common_interfaces_merlab/share/common_interfaces_merlab/environment/ament_prefix_path.sh
[4.919s] -- Installing: /home/paige-spalsbury/ros2_ws/src/hover_above/install/common_interfaces_merlab/share/common_interfaces_merlab/environment/ament_prefix_path.dsv
[4.919s] -- Installing: /home/paige-spalsbury/ros2_ws/src/hover_above/install/common_interfaces_merlab/share/common_interfaces_merlab/environment/path.sh
[4.919s] -- Installing: /home/paige-spalsbury/ros2_ws/src/hover_above/install/common_interfaces_merlab/share/common_interfaces_merlab/environment/path.dsv
[4.919s] -- Installing: /home/paige-spalsbury/ros2_ws/src/hover_above/install/common_interfaces_merlab/share/common_interfaces_merlab/local_setup.bash
[4.919s] -- Installing: /home/paige-spalsbury/ros2_ws/src/hover_above/install/common_interfaces_merlab/share/common_interfaces_merlab/local_setup.sh
[4.919s] -- Installing: /home/paige-spalsbury/ros2_ws/src/hover_above/install/common_interfaces_merlab/share/common_interfaces_merlab/local_setup.zsh
[4.919s] -- Installing: /home/paige-spalsbury/ros2_ws/src/hover_above/install/common_interfaces_merlab/share/common_interfaces_merlab/local_setup.dsv
[4.919s] -- Installing: /home/paige-spalsbury/ros2_ws/src/hover_above/install/common_interfaces_merlab/share/common_interfaces_merlab/package.dsv
[4.919s] -- Installing: /home/paige-spalsbury/ros2_ws/src/hover_above/install/common_interfaces_merlab/share/ament_index/resource_index/packages/common_interfaces_merlab
[4.919s] -- Installing: /home/paige-spalsbury/ros2_ws/src/hover_above/install/common_interfaces_merlab/share/common_interfaces_merlab/cmake/export_common_interfaces_merlab__rosidl_generator_cExport.cmake
[4.919s] -- Installing: /home/paige-spalsbury/ros2_ws/src/hover_above/install/common_interfaces_merlab/share/common_interfaces_merlab/cmake/export_common_interfaces_merlab__rosidl_generator_cExport-noconfig.cmake
[4.919s] -- Installing: /home/paige-spalsbury/ros2_ws/src/hover_above/install/common_interfaces_merlab/share/common_interfaces_merlab/cmake/export_common_interfaces_merlab__rosidl_typesupport_fastrtps_cExport.cmake
[4.919s] -- Installing: /home/paige-spalsbury/ros2_ws/src/hover_above/install/common_interfaces_merlab/share/common_interfaces_merlab/cmake/export_common_interfaces_merlab__rosidl_typesupport_fastrtps_cExport-noconfig.cmake
[4.919s] -- Installing: /home/paige-spalsbury/ros2_ws/src/hover_above/install/common_interfaces_merlab/share/common_interfaces_merlab/cmake/export_common_interfaces_merlab__rosidl_generator_cppExport.cmake
[4.919s] -- Installing: /home/paige-spalsbury/ros2_ws/src/hover_above/install/common_interfaces_merlab/share/common_interfaces_merlab/cmake/export_common_interfaces_merlab__rosidl_typesupport_fastrtps_cppExport.cmake
[4.919s] -- Installing: /home/paige-spalsbury/ros2_ws/src/hover_above/install/common_interfaces_merlab/share/common_interfaces_merlab/cmake/export_common_interfaces_merlab__rosidl_typesupport_fastrtps_cppExport-noconfig.cmake
[4.919s] -- Installing: /home/paige-spalsbury/ros2_ws/src/hover_above/install/common_interfaces_merlab/share/common_interfaces_merlab/cmake/common_interfaces_merlab__rosidl_typesupport_introspection_cExport.cmake
[4.919s] -- Installing: /home/paige-spalsbury/ros2_ws/src/hover_above/install/common_interfaces_merlab/share/common_interfaces_merlab/cmake/common_interfaces_merlab__rosidl_typesupport_introspection_cExport-noconfig.cmake
[4.919s] -- Installing: /home/paige-spalsbury/ros2_ws/src/hover_above/install/common_interfaces_merlab/share/common_interfaces_merlab/cmake/common_interfaces_merlab__rosidl_typesupport_cExport.cmake
[4.919s] -- Installing: /home/paige-spalsbury/ros2_ws/src/hover_above/install/common_interfaces_merlab/share/common_interfaces_merlab/cmake/common_interfaces_merlab__rosidl_typesupport_cExport-noconfig.cmake
[4.919s] -- Installing: /home/paige-spalsbury/ros2_ws/src/hover_above/install/common_interfaces_merlab/share/common_interfaces_merlab/cmake/common_interfaces_merlab__rosidl_typesupport_introspection_cppExport.cmake
[4.920s] -- Installing: /home/paige-spalsbury/ros2_ws/src/hover_above/install/common_interfaces_merlab/share/common_interfaces_merlab/cmake/common_interfaces_merlab__rosidl_typesupport_introspection_cppExport-noconfig.cmake
[4.920s] -- Installing: /home/paige-spalsbury/ros2_ws/src/hover_above/install/common_interfaces_merlab/share/common_interfaces_merlab/cmake/common_interfaces_merlab__rosidl_typesupport_cppExport.cmake
[4.920s] -- Installing: /home/paige-spalsbury/ros2_ws/src/hover_above/install/common_interfaces_merlab/share/common_interfaces_merlab/cmake/common_interfaces_merlab__rosidl_typesupport_cppExport-noconfig.cmake
[4.920s] -- Installing: /home/paige-spalsbury/ros2_ws/src/hover_above/install/common_interfaces_merlab/share/common_interfaces_merlab/cmake/export_common_interfaces_merlab__rosidl_generator_pyExport.cmake
[4.920s] -- Installing: /home/paige-spalsbury/ros2_ws/src/hover_above/install/common_interfaces_merlab/share/common_interfaces_merlab/cmake/export_common_interfaces_merlab__rosidl_generator_pyExport-noconfig.cmake
[4.920s] -- Installing: /home/paige-spalsbury/ros2_ws/src/hover_above/install/common_interfaces_merlab/share/common_interfaces_merlab/cmake/rosidl_cmake-extras.cmake
[4.920s] -- Installing: /home/paige-spalsbury/ros2_ws/src/hover_above/install/common_interfaces_merlab/share/common_interfaces_merlab/cmake/ament_cmake_export_dependencies-extras.cmake
[4.920s] -- Installing: /home/paige-spalsbury/ros2_ws/src/hover_above/install/common_interfaces_merlab/share/common_interfaces_merlab/cmake/ament_cmake_export_include_directories-extras.cmake
[4.920s] -- Installing: /home/paige-spalsbury/ros2_ws/src/hover_above/install/common_interfaces_merlab/share/common_interfaces_merlab/cmake/ament_cmake_export_libraries-extras.cmake
[4.921s] -- Installing: /home/paige-spalsbury/ros2_ws/src/hover_above/install/common_interfaces_merlab/share/common_interfaces_merlab/cmake/ament_cmake_export_targets-extras.cmake
[4.921s] -- Installing: /home/paige-spalsbury/ros2_ws/src/hover_above/install/common_interfaces_merlab/share/common_interfaces_merlab/cmake/rosidl_cmake_export_typesupport_targets-extras.cmake
[4.921s] -- Installing: /home/paige-spalsbury/ros2_ws/src/hover_above/install/common_interfaces_merlab/share/common_interfaces_merlab/cmake/rosidl_cmake_export_typesupport_libraries-extras.cmake
[4.921s] -- Installing: /home/paige-spalsbury/ros2_ws/src/hover_above/install/common_interfaces_merlab/share/common_interfaces_merlab/cmake/rosidl_cmake_aggregate_target-extras.cmake
[4.921s] -- Installing: /home/paige-spalsbury/ros2_ws/src/hover_above/install/common_interfaces_merlab/share/common_interfaces_merlab/cmake/common_interfaces_merlabConfig.cmake
[4.921s] -- Installing: /home/paige-spalsbury/ros2_ws/src/hover_above/install/common_interfaces_merlab/share/common_interfaces_merlab/cmake/common_interfaces_merlabConfig-version.cmake
[4.921s] -- Installing: /home/paige-spalsbury/ros2_ws/src/hover_above/install/common_interfaces_merlab/share/common_interfaces_merlab/package.xml
[4.922s] Invoked command in '/home/paige-spalsbury/ros2_ws/src/hover_above/build/common_interfaces_merlab' returned '0': CMAKE_PREFIX_PATH=${CMAKE_PREFIX_PATH}:/home/paige-spalsbury/ros2_ws/src/install/ur_move_merlab:/home/paige-spalsbury/ros2_ws/src/install/hover_above:/home/paige-spalsbury/ros2_ws/install/forces_servcli:/home/paige-spalsbury/ros2_ws/install/python_parameters:/home/paige-spalsbury/ros2_ws/install/py_srvcli:/home/paige-spalsbury/ros2_ws/install/py_pubsub:/home/paige-spalsbury/ros2_ws/install/my_package:/home/paige-spalsbury/ros2_ws/install/launch_testing_examples:/home/paige-spalsbury/ros2_ws/install/hover_above:/home/paige-spalsbury/ros2_ws/install/graspmat_srvcli:/home/paige-spalsbury/ros2_ws/install/examples_rclpy_pointcloud_publisher:/home/paige-spalsbury/ros2_ws/install/examples_rclpy_minimal_subscriber:/home/paige-spalsbury/ros2_ws/install/examples_rclpy_minimal_service:/home/paige-spalsbury/ros2_ws/install/examples_rclpy_minimal_publisher:/home/paige-spalsbury/ros2_ws/install/examples_rclpy_minimal_client:/home/paige-spalsbury/ros2_ws/install/examples_rclpy_minimal_action_server:/home/paige-spalsbury/ros2_ws/install/examples_rclpy_minimal_action_client:/home/paige-spalsbury/ros2_ws/install/examples_rclpy_guard_conditions:/home/paige-spalsbury/ros2_ws/install/examples_rclpy_executors:/opt/ros/jazzy DEBUGINFOD_URLS=https://debuginfod.ubuntu.com /usr/bin/cmake --install /home/paige-spalsbury/ros2_ws/src/hover_above/build/common_interfaces_merlab
