[0.991s] Invoking command in '/home/artrpelli/HW5_RBE4540/hover_above': DEBUGINFOD_URLS=https://debuginfod.ubuntu.com PYTHONPATH=/home/artrpelli/HW5_RBE4540/build/hover_above/prefix_override:/usr/lib/python3/dist-packages/colcon_core/task/python/colcon_distutils_commands:/home/artrpelli/HW5_RBE4540/install/hover_above/lib/python3.12/site-packages:${PYTHONPATH} /usr/bin/python3 -W ignore:setup.py install is deprecated -W ignore:easy_install command is deprecated setup.py egg_info --egg-base ../build/hover_above build --build-base /home/artrpelli/HW5_RBE4540/build/hover_above/build install --record /home/artrpelli/HW5_RBE4540/build/hover_above/install.log --single-version-externally-managed install_data
[1.319s] running egg_info
[1.343s] writing ../build/hover_above/hover_above.egg-info/PKG-INFO
[1.343s] writing dependency_links to ../build/hover_above/hover_above.egg-info/dependency_links.txt
[1.343s] writing entry points to ../build/hover_above/hover_above.egg-info/entry_points.txt
[1.343s] writing requirements to ../build/hover_above/hover_above.egg-info/requires.txt
[1.343s] writing top-level names to ../build/hover_above/hover_above.egg-info/top_level.txt
[1.391s] reading manifest file '../build/hover_above/hover_above.egg-info/SOURCES.txt'
[1.391s] adding license file 'LICENSE'
[1.391s] writing manifest file '../build/hover_above/hover_above.egg-info/SOURCES.txt'
[1.392s] running build
[1.392s] running build_py
[1.392s] running install
[1.399s] running install_lib
[1.431s] running install_data
[1.431s] running install_egg_info
[1.456s] removing '/home/artrpelli/HW5_RBE4540/install/hover_above/lib/python3.12/site-packages/hover_above-0.0.0-py3.12.egg-info' (and everything under it)
[1.456s] Copying ../build/hover_above/hover_above.egg-info to /home/artrpelli/HW5_RBE4540/install/hover_above/lib/python3.12/site-packages/hover_above-0.0.0-py3.12.egg-info
[1.457s] running install_scripts
[1.608s] Installing hover script to /home/artrpelli/HW5_RBE4540/install/hover_above/lib/hover_above
[1.609s] Installing move script to /home/artrpelli/HW5_RBE4540/install/hover_above/lib/hover_above
[1.609s] Installing move_interface script to /home/artrpelli/HW5_RBE4540/install/hover_above/lib/hover_above
[1.609s] writing list of installed files to '/home/artrpelli/HW5_RBE4540/build/hover_above/install.log'
[1.643s] Invoked command in '/home/artrpelli/HW5_RBE4540/hover_above' returned '0': DEBUGINFOD_URLS=https://debuginfod.ubuntu.com PYTHONPATH=/home/artrpelli/HW5_RBE4540/build/hover_above/prefix_override:/usr/lib/python3/dist-packages/colcon_core/task/python/colcon_distutils_commands:/home/artrpelli/HW5_RBE4540/install/hover_above/lib/python3.12/site-packages:${PYTHONPATH} /usr/bin/python3 -W ignore:setup.py install is deprecated -W ignore:easy_install command is deprecated setup.py egg_info --egg-base ../build/hover_above build --build-base /home/artrpelli/HW5_RBE4540/build/hover_above/build install --record /home/artrpelli/HW5_RBE4540/build/hover_above/install.log --single-version-externally-managed install_data
