[0.258s] Invoking command in '/home/artrpelli/HW5_RBE4540/build/robotiq_description': CMAKE_PREFIX_PATH=${CMAKE_PREFIX_PATH}:/home/artrpelli/turtlebot3_ws/install/turtlebot3_teleop:/home/artrpelli/turtlebot3_ws/install/turtlebot3_example:/opt/ros/jazzy DEBUGINFOD_URLS=https://debuginfod.ubuntu.com /usr/bin/cmake /home/artrpelli/HW5_RBE4540/ros2_robotiq_gripper/robotiq_description -DCMAKE_INSTALL_PREFIX=/home/artrpelli/HW5_RBE4540/install/robotiq_description
[0.320s] -- The C compiler identification is GNU 13.3.0
[0.381s] -- The CXX compiler identification is GNU 13.3.0
[0.399s] -- Detecting C compiler ABI info
[0.494s] -- Detecting C compiler ABI info - done
[0.507s] -- Check for working C compiler: /usr/bin/cc - skipped
[0.507s] -- Detecting C compile features
[0.508s] -- Detecting C compile features - done
[0.517s] -- Detecting CXX compiler ABI info
[0.624s] -- Detecting CXX compiler ABI info - done
[0.638s] -- Check for working CXX compiler: /usr/bin/c++ - skipped
[0.638s] -- Detecting CXX compile features
[0.639s] -- Detecting CXX compile features - done
[0.644s] -- Found ament_cmake: 2.5.6 (/opt/ros/jazzy/share/ament_cmake/cmake)
[0.830s] -- Found Python3: /usr/bin/python3 (found version "3.12.3") found components: Interpreter 
[1.114s] -- Configuring done (0.8s)
[1.117s] -- Generating done (0.0s)
[1.119s] -- Build files have been written to: /home/artrpelli/HW5_RBE4540/build/robotiq_description
[1.124s] Invoked command in '/home/artrpelli/HW5_RBE4540/build/robotiq_description' returned '0': CMAKE_PREFIX_PATH=${CMAKE_PREFIX_PATH}:/home/artrpelli/turtlebot3_ws/install/turtlebot3_teleop:/home/artrpelli/turtlebot3_ws/install/turtlebot3_example:/opt/ros/jazzy DEBUGINFOD_URLS=https://debuginfod.ubuntu.com /usr/bin/cmake /home/artrpelli/HW5_RBE4540/ros2_robotiq_gripper/robotiq_description -DCMAKE_INSTALL_PREFIX=/home/artrpelli/HW5_RBE4540/install/robotiq_description
[1.126s] Invoking command in '/home/artrpelli/HW5_RBE4540/build/robotiq_description': CMAKE_PREFIX_PATH=${CMAKE_PREFIX_PATH}:/home/artrpelli/turtlebot3_ws/install/turtlebot3_teleop:/home/artrpelli/turtlebot3_ws/install/turtlebot3_example:/opt/ros/jazzy DEBUGINFOD_URLS=https://debuginfod.ubuntu.com /usr/bin/cmake --build /home/artrpelli/HW5_RBE4540/build/robotiq_description -- -j8 -l8
[1.166s] Invoked command in '/home/artrpelli/HW5_RBE4540/build/robotiq_description' returned '0': CMAKE_PREFIX_PATH=${CMAKE_PREFIX_PATH}:/home/artrpelli/turtlebot3_ws/install/turtlebot3_teleop:/home/artrpelli/turtlebot3_ws/install/turtlebot3_example:/opt/ros/jazzy DEBUGINFOD_URLS=https://debuginfod.ubuntu.com /usr/bin/cmake --build /home/artrpelli/HW5_RBE4540/build/robotiq_description -- -j8 -l8
[1.177s] Invoking command in '/home/artrpelli/HW5_RBE4540/build/robotiq_description': CMAKE_PREFIX_PATH=${CMAKE_PREFIX_PATH}:/home/artrpelli/turtlebot3_ws/install/turtlebot3_teleop:/home/artrpelli/turtlebot3_ws/install/turtlebot3_example:/opt/ros/jazzy DEBUGINFOD_URLS=https://debuginfod.ubuntu.com /usr/bin/cmake --install /home/artrpelli/HW5_RBE4540/build/robotiq_description
[1.185s] -- Install configuration: ""
[1.185s] -- Installing: /home/artrpelli/HW5_RBE4540/install/robotiq_description/share/robotiq_description/config
[1.185s] -- Installing: /home/artrpelli/HW5_RBE4540/install/robotiq_description/share/robotiq_description/config/robotiq_controllers.yaml
[1.186s] -- Installing: /home/artrpelli/HW5_RBE4540/install/robotiq_description/share/robotiq_description/launch
[1.186s] -- Installing: /home/artrpelli/HW5_RBE4540/install/robotiq_description/share/robotiq_description/launch/view_gripper.launch.py
[1.186s] -- Installing: /home/artrpelli/HW5_RBE4540/install/robotiq_description/share/robotiq_description/launch/robotiq_control.launch.py
[1.186s] -- Installing: /home/artrpelli/HW5_RBE4540/install/robotiq_description/share/robotiq_description/meshes
[1.186s] -- Installing: /home/artrpelli/HW5_RBE4540/install/robotiq_description/share/robotiq_description/meshes/collision
[1.186s] -- Installing: /home/artrpelli/HW5_RBE4540/install/robotiq_description/share/robotiq_description/meshes/collision/2f_85
[1.187s] -- Installing: /home/artrpelli/HW5_RBE4540/install/robotiq_description/share/robotiq_description/meshes/collision/2f_85/ur_to_robotiq_adapter.stl
[1.187s] -- Installing: /home/artrpelli/HW5_RBE4540/install/robotiq_description/share/robotiq_description/meshes/collision/2f_85/left_inner_knuckle.stl
[1.187s] -- Installing: /home/artrpelli/HW5_RBE4540/install/robotiq_description/share/robotiq_description/meshes/collision/2f_85/right_finger_tip.stl
[1.187s] -- Installing: /home/artrpelli/HW5_RBE4540/install/robotiq_description/share/robotiq_description/meshes/collision/2f_85/robotiq_base.stl
[1.187s] -- Installing: /home/artrpelli/HW5_RBE4540/install/robotiq_description/share/robotiq_description/meshes/collision/2f_85/right_inner_knuckle.stl
[1.187s] -- Installing: /home/artrpelli/HW5_RBE4540/install/robotiq_description/share/robotiq_description/meshes/collision/2f_85/left_knuckle.stl
[1.187s] -- Installing: /home/artrpelli/HW5_RBE4540/install/robotiq_description/share/robotiq_description/meshes/collision/2f_85/left_finger.stl
[1.188s] -- Installing: /home/artrpelli/HW5_RBE4540/install/robotiq_description/share/robotiq_description/meshes/collision/2f_85/left_finger_tip.stl
[1.188s] -- Installing: /home/artrpelli/HW5_RBE4540/install/robotiq_description/share/robotiq_description/meshes/collision/2f_85/right_knuckle.stl
[1.188s] -- Installing: /home/artrpelli/HW5_RBE4540/install/robotiq_description/share/robotiq_description/meshes/collision/2f_85/right_finger.stl
[1.188s] -- Installing: /home/artrpelli/HW5_RBE4540/install/robotiq_description/share/robotiq_description/meshes/collision/2f_140
[1.188s] -- Installing: /home/artrpelli/HW5_RBE4540/install/robotiq_description/share/robotiq_description/meshes/collision/2f_140/robotiq_2f_140_base_link.stl
[1.188s] -- Installing: /home/artrpelli/HW5_RBE4540/install/robotiq_description/share/robotiq_description/meshes/collision/2f_140/robotiq_2f_140_inner_knuckle.stl
[1.188s] -- Installing: /home/artrpelli/HW5_RBE4540/install/robotiq_description/share/robotiq_description/meshes/collision/2f_140/robotiq_2f_140_outer_knuckle.stl
[1.188s] -- Installing: /home/artrpelli/HW5_RBE4540/install/robotiq_description/share/robotiq_description/meshes/collision/2f_140/robotiq_2f_140_inner_finger.stl
[1.188s] -- Installing: /home/artrpelli/HW5_RBE4540/install/robotiq_description/share/robotiq_description/meshes/collision/2f_140/robotiq_2f_140_outer_finger.stl
[1.189s] -- Installing: /home/artrpelli/HW5_RBE4540/install/robotiq_description/share/robotiq_description/meshes/collision/2f_140/robotiq_2f_140_coupling.stl
[1.189s] -- Installing: /home/artrpelli/HW5_RBE4540/install/robotiq_description/share/robotiq_description/meshes/visual
[1.189s] -- Installing: /home/artrpelli/HW5_RBE4540/install/robotiq_description/share/robotiq_description/meshes/visual/2f_85
[1.189s] -- Installing: /home/artrpelli/HW5_RBE4540/install/robotiq_description/share/robotiq_description/meshes/visual/2f_85/right_knuckle.dae
[1.189s] -- Installing: /home/artrpelli/HW5_RBE4540/install/robotiq_description/share/robotiq_description/meshes/visual/2f_85/ur_to_robotiq_adapter.dae
[1.189s] -- Installing: /home/artrpelli/HW5_RBE4540/install/robotiq_description/share/robotiq_description/meshes/visual/2f_85/left_knuckle.dae
[1.190s] -- Installing: /home/artrpelli/HW5_RBE4540/install/robotiq_description/share/robotiq_description/meshes/visual/2f_85/right_finger.dae
[1.190s] -- Installing: /home/artrpelli/HW5_RBE4540/install/robotiq_description/share/robotiq_description/meshes/visual/2f_85/left_finger.dae
[1.190s] -- Installing: /home/artrpelli/HW5_RBE4540/install/robotiq_description/share/robotiq_description/meshes/visual/2f_85/robotiq_base.dae
[1.190s] -- Installing: /home/artrpelli/HW5_RBE4540/install/robotiq_description/share/robotiq_description/meshes/visual/2f_85/right_inner_knuckle.dae
[1.190s] -- Installing: /home/artrpelli/HW5_RBE4540/install/robotiq_description/share/robotiq_description/meshes/visual/2f_85/right_finger_tip.dae
[1.190s] -- Installing: /home/artrpelli/HW5_RBE4540/install/robotiq_description/share/robotiq_description/meshes/visual/2f_85/left_inner_knuckle.dae
[1.190s] -- Installing: /home/artrpelli/HW5_RBE4540/install/robotiq_description/share/robotiq_description/meshes/visual/2f_85/left_finger_tip.dae
[1.191s] -- Installing: /home/artrpelli/HW5_RBE4540/install/robotiq_description/share/robotiq_description/meshes/visual/2f_140
[1.191s] -- Installing: /home/artrpelli/HW5_RBE4540/install/robotiq_description/share/robotiq_description/meshes/visual/2f_140/robotiq_2f_140_base_link.stl
[1.191s] -- Installing: /home/artrpelli/HW5_RBE4540/install/robotiq_description/share/robotiq_description/meshes/visual/2f_140/robotiq_2f_140_inner_knuckle.stl
[1.191s] -- Installing: /home/artrpelli/HW5_RBE4540/install/robotiq_description/share/robotiq_description/meshes/visual/2f_140/robotiq_2f_140_outer_knuckle.stl
[1.191s] -- Installing: /home/artrpelli/HW5_RBE4540/install/robotiq_description/share/robotiq_description/meshes/visual/2f_140/robotiq_2f_140_inner_finger.stl
[1.191s] -- Installing: /home/artrpelli/HW5_RBE4540/install/robotiq_description/share/robotiq_description/meshes/visual/2f_140/robotiq_2f_140_outer_finger.stl
[1.191s] -- Installing: /home/artrpelli/HW5_RBE4540/install/robotiq_description/share/robotiq_description/meshes/visual/2f_140/robotiq_2f_140_coupling.stl
[1.192s] -- Installing: /home/artrpelli/HW5_RBE4540/install/robotiq_description/share/robotiq_description/rviz
[1.192s] -- Installing: /home/artrpelli/HW5_RBE4540/install/robotiq_description/share/robotiq_description/rviz/view_urdf.rviz
[1.192s] -- Installing: /home/artrpelli/HW5_RBE4540/install/robotiq_description/share/robotiq_description/urdf
[1.192s] -- Installing: /home/artrpelli/HW5_RBE4540/install/robotiq_description/share/robotiq_description/urdf/robotiq_2f_85_gripper.urdf.xacro
[1.192s] -- Installing: /home/artrpelli/HW5_RBE4540/install/robotiq_description/share/robotiq_description/urdf/2f_85.ros2_control.xacro
[1.192s] -- Installing: /home/artrpelli/HW5_RBE4540/install/robotiq_description/share/robotiq_description/urdf/robotiq_2f_85_macro.urdf.xacro
[1.192s] -- Installing: /home/artrpelli/HW5_RBE4540/install/robotiq_description/share/robotiq_description/urdf/robotiq_2f_140_macro.urdf.xacro
[1.192s] -- Installing: /home/artrpelli/HW5_RBE4540/install/robotiq_description/share/robotiq_description/urdf/2f_140.ros2_control.xacro
[1.193s] -- Installing: /home/artrpelli/HW5_RBE4540/install/robotiq_description/share/robotiq_description/urdf/robotiq_2f_140.xacro
[1.193s] -- Installing: /home/artrpelli/HW5_RBE4540/install/robotiq_description/share/robotiq_description/urdf/robotiq_2f_140_gripper.urdf.xacro
[1.193s] -- Installing: /home/artrpelli/HW5_RBE4540/install/robotiq_description/share/robotiq_description/urdf/ur_to_robotiq_adapter.urdf.xacro
[1.193s] -- Installing: /home/artrpelli/HW5_RBE4540/install/robotiq_description/share/ament_index/resource_index/package_run_dependencies/robotiq_description
[1.193s] -- Installing: /home/artrpelli/HW5_RBE4540/install/robotiq_description/share/ament_index/resource_index/parent_prefix_path/robotiq_description
[1.193s] -- Installing: /home/artrpelli/HW5_RBE4540/install/robotiq_description/share/robotiq_description/environment/ament_prefix_path.sh
[1.194s] -- Installing: /home/artrpelli/HW5_RBE4540/install/robotiq_description/share/robotiq_description/environment/ament_prefix_path.dsv
[1.194s] -- Installing: /home/artrpelli/HW5_RBE4540/install/robotiq_description/share/robotiq_description/environment/path.sh
[1.194s] -- Installing: /home/artrpelli/HW5_RBE4540/install/robotiq_description/share/robotiq_description/environment/path.dsv
[1.194s] -- Installing: /home/artrpelli/HW5_RBE4540/install/robotiq_description/share/robotiq_description/local_setup.bash
[1.194s] -- Installing: /home/artrpelli/HW5_RBE4540/install/robotiq_description/share/robotiq_description/local_setup.sh
[1.194s] -- Installing: /home/artrpelli/HW5_RBE4540/install/robotiq_description/share/robotiq_description/local_setup.zsh
[1.194s] -- Installing: /home/artrpelli/HW5_RBE4540/install/robotiq_description/share/robotiq_description/local_setup.dsv
[1.194s] -- Installing: /home/artrpelli/HW5_RBE4540/install/robotiq_description/share/robotiq_description/package.dsv
[1.195s] -- Installing: /home/artrpelli/HW5_RBE4540/install/robotiq_description/share/ament_index/resource_index/packages/robotiq_description
[1.195s] -- Installing: /home/artrpelli/HW5_RBE4540/install/robotiq_description/share/robotiq_description/cmake/robotiq_descriptionConfig.cmake
[1.195s] -- Installing: /home/artrpelli/HW5_RBE4540/install/robotiq_description/share/robotiq_description/cmake/robotiq_descriptionConfig-version.cmake
[1.195s] -- Installing: /home/artrpelli/HW5_RBE4540/install/robotiq_description/share/robotiq_description/package.xml
[1.196s] Invoked command in '/home/artrpelli/HW5_RBE4540/build/robotiq_description' returned '0': CMAKE_PREFIX_PATH=${CMAKE_PREFIX_PATH}:/home/artrpelli/turtlebot3_ws/install/turtlebot3_teleop:/home/artrpelli/turtlebot3_ws/install/turtlebot3_example:/opt/ros/jazzy DEBUGINFOD_URLS=https://debuginfod.ubuntu.com /usr/bin/cmake --install /home/artrpelli/HW5_RBE4540/build/robotiq_description
