[0.108s] DEBUG:colcon:Command line arguments: ['/usr/bin/colcon', 'build']
[0.108s] DEBUG:colcon:Parsed command line arguments: Namespace(log_base=None, log_level=None, verb_name='build', build_base='build', install_base='install', merge_install=False, symlink_install=False, test_result_base=None, continue_on_error=False, executor='parallel', parallel_workers=8, event_handlers=None, ignore_user_meta=False, metas=['./colcon.meta'], base_paths=['.'], packages_ignore=None, packages_ignore_regex=None, paths=None, packages_up_to=None, packages_up_to_regex=None, packages_above=None, packages_above_and_dependencies=None, packages_above_depth=None, packages_select_by_dep=None, packages_skip_by_dep=None, packages_skip_up_to=None, packages_select_build_failed=False, packages_skip_build_finished=False, packages_select_test_failures=False, packages_skip_test_passed=False, packages_select=None, packages_skip=None, packages_select_regex=None, packages_skip_regex=None, packages_start=None, packages_end=None, allow_overriding=[], cmake_args=None, cmake_target=None, cmake_target_skip_unavailable=False, cmake_clean_cache=False, cmake_clean_first=False, cmake_force_configure=False, ament_cmake_args=None, catkin_cmake_args=None, catkin_skip_building_tests=False, mixin_files=None, mixin=None, verb_parser=<colcon_mixin.mixin.mixin_argument.MixinArgumentDecorator object at 0x78a406ab2a80>, verb_extension=<colcon_core.verb.build.BuildVerb object at 0x78a406ab2720>, main=<bound method BuildVerb.main of <colcon_core.verb.build.BuildVerb object at 0x78a406ab2720>>, mixin_verb=('build',))
[0.148s] Level 1:colcon.colcon_core.package_discovery:discover_packages(colcon_meta) check parameters
[0.148s] Level 1:colcon.colcon_core.package_discovery:discover_packages(recursive) check parameters
[0.148s] Level 1:colcon.colcon_core.package_discovery:discover_packages(ignore) check parameters
[0.148s] Level 1:colcon.colcon_core.package_discovery:discover_packages(path) check parameters
[0.148s] Level 1:colcon.colcon_core.package_discovery:discover_packages(colcon_meta) discover
[0.148s] Level 1:colcon.colcon_core.package_discovery:discover_packages(recursive) discover
[0.148s] INFO:colcon.colcon_core.package_discovery:Crawling recursively for packages in '/home/artrpelli/HW5_RBE4540'
[0.152s] Level 1:colcon.colcon_core.package_identification:_identify(.) by extensions ['ignore', 'ignore_ament_install']
[0.152s] Level 1:colcon.colcon_core.package_identification:_identify(.) by extension 'ignore'
[0.152s] Level 1:colcon.colcon_core.package_identification:_identify(.) by extension 'ignore_ament_install'
[0.152s] Level 1:colcon.colcon_core.package_identification:_identify(.) by extensions ['colcon_pkg']
[0.152s] Level 1:colcon.colcon_core.package_identification:_identify(.) by extension 'colcon_pkg'
[0.152s] Level 1:colcon.colcon_core.package_identification:_identify(.) by extensions ['colcon_meta']
[0.152s] Level 1:colcon.colcon_core.package_identification:_identify(.) by extension 'colcon_meta'
[0.152s] Level 1:colcon.colcon_core.package_identification:_identify(.) by extensions ['ros']
[0.152s] Level 1:colcon.colcon_core.package_identification:_identify(.) by extension 'ros'
[0.180s] Level 1:colcon.colcon_core.package_identification:_identify(.) by extensions ['cmake', 'python']
[0.180s] Level 1:colcon.colcon_core.package_identification:_identify(.) by extension 'cmake'
[0.180s] Level 1:colcon.colcon_core.package_identification:_identify(.) by extension 'python'
[0.180s] Level 1:colcon.colcon_core.package_identification:_identify(.) by extensions ['python_setup_py']
[0.180s] Level 1:colcon.colcon_core.package_identification:_identify(.) by extension 'python_setup_py'
[0.180s] Level 1:colcon.colcon_core.package_identification:_identify(build) by extensions ['ignore', 'ignore_ament_install']
[0.180s] Level 1:colcon.colcon_core.package_identification:_identify(build) by extension 'ignore'
[0.180s] Level 1:colcon.colcon_core.package_identification:_identify(build) ignored
[0.180s] Level 1:colcon.colcon_core.package_identification:_identify(hover_above) by extensions ['ignore', 'ignore_ament_install']
[0.181s] Level 1:colcon.colcon_core.package_identification:_identify(hover_above) by extension 'ignore'
[0.181s] Level 1:colcon.colcon_core.package_identification:_identify(hover_above) by extension 'ignore_ament_install'
[0.181s] Level 1:colcon.colcon_core.package_identification:_identify(hover_above) by extensions ['colcon_pkg']
[0.181s] Level 1:colcon.colcon_core.package_identification:_identify(hover_above) by extension 'colcon_pkg'
[0.181s] Level 1:colcon.colcon_core.package_identification:_identify(hover_above) by extensions ['colcon_meta']
[0.181s] Level 1:colcon.colcon_core.package_identification:_identify(hover_above) by extension 'colcon_meta'
[0.181s] Level 1:colcon.colcon_core.package_identification:_identify(hover_above) by extensions ['ros']
[0.181s] Level 1:colcon.colcon_core.package_identification:_identify(hover_above) by extension 'ros'
[0.183s] DEBUG:colcon.colcon_core.package_identification:Package 'hover_above' with type 'ros.ament_python' and name 'hover_above'
[0.183s] Level 1:colcon.colcon_core.package_identification:_identify(install) by extensions ['ignore', 'ignore_ament_install']
[0.183s] Level 1:colcon.colcon_core.package_identification:_identify(install) by extension 'ignore'
[0.183s] Level 1:colcon.colcon_core.package_identification:_identify(install) ignored
[0.184s] Level 1:colcon.colcon_core.package_identification:_identify(log) by extensions ['ignore', 'ignore_ament_install']
[0.184s] Level 1:colcon.colcon_core.package_identification:_identify(log) by extension 'ignore'
[0.184s] Level 1:colcon.colcon_core.package_identification:_identify(log) ignored
[0.184s] Level 1:colcon.colcon_core.package_identification:_identify(move_interfaces_merlab) by extensions ['ignore', 'ignore_ament_install']
[0.184s] Level 1:colcon.colcon_core.package_identification:_identify(move_interfaces_merlab) by extension 'ignore'
[0.184s] Level 1:colcon.colcon_core.package_identification:_identify(move_interfaces_merlab) by extension 'ignore_ament_install'
[0.184s] Level 1:colcon.colcon_core.package_identification:_identify(move_interfaces_merlab) by extensions ['colcon_pkg']
[0.184s] Level 1:colcon.colcon_core.package_identification:_identify(move_interfaces_merlab) by extension 'colcon_pkg'
[0.184s] Level 1:colcon.colcon_core.package_identification:_identify(move_interfaces_merlab) by extensions ['colcon_meta']
[0.184s] Level 1:colcon.colcon_core.package_identification:_identify(move_interfaces_merlab) by extension 'colcon_meta'
[0.184s] Level 1:colcon.colcon_core.package_identification:_identify(move_interfaces_merlab) by extensions ['ros']
[0.184s] Level 1:colcon.colcon_core.package_identification:_identify(move_interfaces_merlab) by extension 'ros'
[0.185s] DEBUG:colcon.colcon_core.package_identification:Package 'move_interfaces_merlab' with type 'ros.ament_cmake' and name 'move_interfaces_merlab'
[0.185s] Level 1:colcon.colcon_core.package_identification:_identify(ros2_robotiq_gripper) by extensions ['ignore', 'ignore_ament_install']
[0.185s] Level 1:colcon.colcon_core.package_identification:_identify(ros2_robotiq_gripper) by extension 'ignore'
[0.185s] Level 1:colcon.colcon_core.package_identification:_identify(ros2_robotiq_gripper) by extension 'ignore_ament_install'
[0.185s] Level 1:colcon.colcon_core.package_identification:_identify(ros2_robotiq_gripper) by extensions ['colcon_pkg']
[0.185s] Level 1:colcon.colcon_core.package_identification:_identify(ros2_robotiq_gripper) by extension 'colcon_pkg'
[0.185s] Level 1:colcon.colcon_core.package_identification:_identify(ros2_robotiq_gripper) by extensions ['colcon_meta']
[0.185s] Level 1:colcon.colcon_core.package_identification:_identify(ros2_robotiq_gripper) by extension 'colcon_meta'
[0.185s] Level 1:colcon.colcon_core.package_identification:_identify(ros2_robotiq_gripper) by extensions ['ros']
[0.185s] Level 1:colcon.colcon_core.package_identification:_identify(ros2_robotiq_gripper) by extension 'ros'
[0.185s] Level 1:colcon.colcon_core.package_identification:_identify(ros2_robotiq_gripper) by extensions ['cmake', 'python']
[0.185s] Level 1:colcon.colcon_core.package_identification:_identify(ros2_robotiq_gripper) by extension 'cmake'
[0.185s] Level 1:colcon.colcon_core.package_identification:_identify(ros2_robotiq_gripper) by extension 'python'
[0.185s] Level 1:colcon.colcon_core.package_identification:_identify(ros2_robotiq_gripper) by extensions ['python_setup_py']
[0.185s] Level 1:colcon.colcon_core.package_identification:_identify(ros2_robotiq_gripper) by extension 'python_setup_py'
[0.185s] Level 1:colcon.colcon_core.package_identification:_identify(ros2_robotiq_gripper/build) by extensions ['ignore', 'ignore_ament_install']
[0.185s] Level 1:colcon.colcon_core.package_identification:_identify(ros2_robotiq_gripper/build) by extension 'ignore'
[0.185s] Level 1:colcon.colcon_core.package_identification:_identify(ros2_robotiq_gripper/build) ignored
[0.185s] Level 1:colcon.colcon_core.package_identification:_identify(ros2_robotiq_gripper/install) by extensions ['ignore', 'ignore_ament_install']
[0.186s] Level 1:colcon.colcon_core.package_identification:_identify(ros2_robotiq_gripper/install) by extension 'ignore'
[0.186s] Level 1:colcon.colcon_core.package_identification:_identify(ros2_robotiq_gripper/install) ignored
[0.186s] Level 1:colcon.colcon_core.package_identification:_identify(ros2_robotiq_gripper/log) by extensions ['ignore', 'ignore_ament_install']
[0.186s] Level 1:colcon.colcon_core.package_identification:_identify(ros2_robotiq_gripper/log) by extension 'ignore'
[0.186s] Level 1:colcon.colcon_core.package_identification:_identify(ros2_robotiq_gripper/log) ignored
[0.186s] Level 1:colcon.colcon_core.package_identification:_identify(ros2_robotiq_gripper/robotiq_controllers) by extensions ['ignore', 'ignore_ament_install']
[0.186s] Level 1:colcon.colcon_core.package_identification:_identify(ros2_robotiq_gripper/robotiq_controllers) by extension 'ignore'
[0.186s] Level 1:colcon.colcon_core.package_identification:_identify(ros2_robotiq_gripper/robotiq_controllers) by extension 'ignore_ament_install'
[0.186s] Level 1:colcon.colcon_core.package_identification:_identify(ros2_robotiq_gripper/robotiq_controllers) by extensions ['colcon_pkg']
[0.186s] Level 1:colcon.colcon_core.package_identification:_identify(ros2_robotiq_gripper/robotiq_controllers) by extension 'colcon_pkg'
[0.186s] Level 1:colcon.colcon_core.package_identification:_identify(ros2_robotiq_gripper/robotiq_controllers) by extensions ['colcon_meta']
[0.186s] Level 1:colcon.colcon_core.package_identification:_identify(ros2_robotiq_gripper/robotiq_controllers) by extension 'colcon_meta'
[0.186s] Level 1:colcon.colcon_core.package_identification:_identify(ros2_robotiq_gripper/robotiq_controllers) by extensions ['ros']
[0.186s] Level 1:colcon.colcon_core.package_identification:_identify(ros2_robotiq_gripper/robotiq_controllers) by extension 'ros'
[0.187s] DEBUG:colcon.colcon_core.package_identification:Package 'ros2_robotiq_gripper/robotiq_controllers' with type 'ros.ament_cmake' and name 'robotiq_controllers'
[0.187s] Level 1:colcon.colcon_core.package_identification:_identify(ros2_robotiq_gripper/robotiq_description) by extensions ['ignore', 'ignore_ament_install']
[0.187s] Level 1:colcon.colcon_core.package_identification:_identify(ros2_robotiq_gripper/robotiq_description) by extension 'ignore'
[0.187s] Level 1:colcon.colcon_core.package_identification:_identify(ros2_robotiq_gripper/robotiq_description) by extension 'ignore_ament_install'
[0.187s] Level 1:colcon.colcon_core.package_identification:_identify(ros2_robotiq_gripper/robotiq_description) by extensions ['colcon_pkg']
[0.187s] Level 1:colcon.colcon_core.package_identification:_identify(ros2_robotiq_gripper/robotiq_description) by extension 'colcon_pkg'
[0.187s] Level 1:colcon.colcon_core.package_identification:_identify(ros2_robotiq_gripper/robotiq_description) by extensions ['colcon_meta']
[0.187s] Level 1:colcon.colcon_core.package_identification:_identify(ros2_robotiq_gripper/robotiq_description) by extension 'colcon_meta'
[0.187s] Level 1:colcon.colcon_core.package_identification:_identify(ros2_robotiq_gripper/robotiq_description) by extensions ['ros']
[0.187s] Level 1:colcon.colcon_core.package_identification:_identify(ros2_robotiq_gripper/robotiq_description) by extension 'ros'
[0.188s] DEBUG:colcon.colcon_core.package_identification:Package 'ros2_robotiq_gripper/robotiq_description' with type 'ros.ament_cmake' and name 'robotiq_description'
[0.188s] Level 1:colcon.colcon_core.package_discovery:discover_packages(recursive) using defaults
[0.188s] Level 1:colcon.colcon_core.package_discovery:discover_packages(ignore) discover
[0.188s] Level 1:colcon.colcon_core.package_discovery:discover_packages(ignore) using defaults
[0.188s] Level 1:colcon.colcon_core.package_discovery:discover_packages(path) discover
[0.188s] Level 1:colcon.colcon_core.package_discovery:discover_packages(path) using defaults
[0.206s] Level 1:colcon.colcon_core.package_discovery:discover_packages(prefix_path) check parameters
[0.206s] Level 1:colcon.colcon_core.package_discovery:discover_packages(prefix_path) discover
[0.209s] DEBUG:colcon.colcon_installed_package_information.package_discovery:Found 2 installed packages in /home/artrpelli/rbe4540_ws/install
[0.209s] DEBUG:colcon.colcon_installed_package_information.package_discovery:Found 6 installed packages in /home/artrpelli/ros2_ws/install
[0.210s] DEBUG:colcon.colcon_installed_package_information.package_discovery:Found 15 installed packages in /home/artrpelli/turtlebot3_ws/install
[0.212s] DEBUG:colcon.colcon_installed_package_information.package_discovery:Found 484 installed packages in /opt/ros/jazzy
[0.214s] Level 1:colcon.colcon_core.package_discovery:discover_packages(prefix_path) using defaults
[0.289s] Level 5:colcon.colcon_core.verb:set package 'hover_above' build argument 'cmake_args' from command line to 'None'
[0.289s] Level 5:colcon.colcon_core.verb:set package 'hover_above' build argument 'cmake_target' from command line to 'None'
[0.289s] Level 5:colcon.colcon_core.verb:set package 'hover_above' build argument 'cmake_target_skip_unavailable' from command line to 'False'
[0.289s] Level 5:colcon.colcon_core.verb:set package 'hover_above' build argument 'cmake_clean_cache' from command line to 'False'
[0.289s] Level 5:colcon.colcon_core.verb:set package 'hover_above' build argument 'cmake_clean_first' from command line to 'False'
[0.289s] Level 5:colcon.colcon_core.verb:set package 'hover_above' build argument 'cmake_force_configure' from command line to 'False'
[0.289s] Level 5:colcon.colcon_core.verb:set package 'hover_above' build argument 'ament_cmake_args' from command line to 'None'
[0.289s] Level 5:colcon.colcon_core.verb:set package 'hover_above' build argument 'catkin_cmake_args' from command line to 'None'
[0.289s] Level 5:colcon.colcon_core.verb:set package 'hover_above' build argument 'catkin_skip_building_tests' from command line to 'False'
[0.289s] DEBUG:colcon.colcon_core.verb:Building package 'hover_above' with the following arguments: {'ament_cmake_args': None, 'build_base': '/home/artrpelli/HW5_RBE4540/build/hover_above', 'catkin_cmake_args': None, 'catkin_skip_building_tests': False, 'cmake_args': None, 'cmake_clean_cache': False, 'cmake_clean_first': False, 'cmake_force_configure': False, 'cmake_target': None, 'cmake_target_skip_unavailable': False, 'install_base': '/home/artrpelli/HW5_RBE4540/install/hover_above', 'merge_install': False, 'path': '/home/artrpelli/HW5_RBE4540/hover_above', 'symlink_install': False, 'test_result_base': None}
[0.289s] Level 5:colcon.colcon_core.verb:set package 'move_interfaces_merlab' build argument 'cmake_args' from command line to 'None'
[0.289s] Level 5:colcon.colcon_core.verb:set package 'move_interfaces_merlab' build argument 'cmake_target' from command line to 'None'
[0.289s] Level 5:colcon.colcon_core.verb:set package 'move_interfaces_merlab' build argument 'cmake_target_skip_unavailable' from command line to 'False'
[0.289s] Level 5:colcon.colcon_core.verb:set package 'move_interfaces_merlab' build argument 'cmake_clean_cache' from command line to 'False'
[0.289s] Level 5:colcon.colcon_core.verb:set package 'move_interfaces_merlab' build argument 'cmake_clean_first' from command line to 'False'
[0.289s] Level 5:colcon.colcon_core.verb:set package 'move_interfaces_merlab' build argument 'cmake_force_configure' from command line to 'False'
[0.289s] Level 5:colcon.colcon_core.verb:set package 'move_interfaces_merlab' build argument 'ament_cmake_args' from command line to 'None'
[0.289s] Level 5:colcon.colcon_core.verb:set package 'move_interfaces_merlab' build argument 'catkin_cmake_args' from command line to 'None'
[0.289s] Level 5:colcon.colcon_core.verb:set package 'move_interfaces_merlab' build argument 'catkin_skip_building_tests' from command line to 'False'
[0.290s] DEBUG:colcon.colcon_core.verb:Building package 'move_interfaces_merlab' with the following arguments: {'ament_cmake_args': None, 'build_base': '/home/artrpelli/HW5_RBE4540/build/move_interfaces_merlab', 'catkin_cmake_args': None, 'catkin_skip_building_tests': False, 'cmake_args': None, 'cmake_clean_cache': False, 'cmake_clean_first': False, 'cmake_force_configure': False, 'cmake_target': None, 'cmake_target_skip_unavailable': False, 'install_base': '/home/artrpelli/HW5_RBE4540/install/move_interfaces_merlab', 'merge_install': False, 'path': '/home/artrpelli/HW5_RBE4540/move_interfaces_merlab', 'symlink_install': False, 'test_result_base': None}
[0.290s] Level 5:colcon.colcon_core.verb:set package 'robotiq_controllers' build argument 'cmake_args' from command line to 'None'
[0.290s] Level 5:colcon.colcon_core.verb:set package 'robotiq_controllers' build argument 'cmake_target' from command line to 'None'
[0.290s] Level 5:colcon.colcon_core.verb:set package 'robotiq_controllers' build argument 'cmake_target_skip_unavailable' from command line to 'False'
[0.290s] Level 5:colcon.colcon_core.verb:set package 'robotiq_controllers' build argument 'cmake_clean_cache' from command line to 'False'
[0.290s] Level 5:colcon.colcon_core.verb:set package 'robotiq_controllers' build argument 'cmake_clean_first' from command line to 'False'
[0.290s] Level 5:colcon.colcon_core.verb:set package 'robotiq_controllers' build argument 'cmake_force_configure' from command line to 'False'
[0.290s] Level 5:colcon.colcon_core.verb:set package 'robotiq_controllers' build argument 'ament_cmake_args' from command line to 'None'
[0.290s] Level 5:colcon.colcon_core.verb:set package 'robotiq_controllers' build argument 'catkin_cmake_args' from command line to 'None'
[0.290s] Level 5:colcon.colcon_core.verb:set package 'robotiq_controllers' build argument 'catkin_skip_building_tests' from command line to 'False'
[0.290s] DEBUG:colcon.colcon_core.verb:Building package 'robotiq_controllers' with the following arguments: {'ament_cmake_args': None, 'build_base': '/home/artrpelli/HW5_RBE4540/build/robotiq_controllers', 'catkin_cmake_args': None, 'catkin_skip_building_tests': False, 'cmake_args': None, 'cmake_clean_cache': False, 'cmake_clean_first': False, 'cmake_force_configure': False, 'cmake_target': None, 'cmake_target_skip_unavailable': False, 'install_base': '/home/artrpelli/HW5_RBE4540/install/robotiq_controllers', 'merge_install': False, 'path': '/home/artrpelli/HW5_RBE4540/ros2_robotiq_gripper/robotiq_controllers', 'symlink_install': False, 'test_result_base': None}
[0.290s] Level 5:colcon.colcon_core.verb:set package 'robotiq_description' build argument 'cmake_args' from command line to 'None'
[0.290s] Level 5:colcon.colcon_core.verb:set package 'robotiq_description' build argument 'cmake_target' from command line to 'None'
[0.290s] Level 5:colcon.colcon_core.verb:set package 'robotiq_description' build argument 'cmake_target_skip_unavailable' from command line to 'False'
[0.290s] Level 5:colcon.colcon_core.verb:set package 'robotiq_description' build argument 'cmake_clean_cache' from command line to 'False'
[0.290s] Level 5:colcon.colcon_core.verb:set package 'robotiq_description' build argument 'cmake_clean_first' from command line to 'False'
[0.290s] Level 5:colcon.colcon_core.verb:set package 'robotiq_description' build argument 'cmake_force_configure' from command line to 'False'
[0.290s] Level 5:colcon.colcon_core.verb:set package 'robotiq_description' build argument 'ament_cmake_args' from command line to 'None'
[0.290s] Level 5:colcon.colcon_core.verb:set package 'robotiq_description' build argument 'catkin_cmake_args' from command line to 'None'
[0.290s] Level 5:colcon.colcon_core.verb:set package 'robotiq_description' build argument 'catkin_skip_building_tests' from command line to 'False'
[0.290s] DEBUG:colcon.colcon_core.verb:Building package 'robotiq_description' with the following arguments: {'ament_cmake_args': None, 'build_base': '/home/artrpelli/HW5_RBE4540/build/robotiq_description', 'catkin_cmake_args': None, 'catkin_skip_building_tests': False, 'cmake_args': None, 'cmake_clean_cache': False, 'cmake_clean_first': False, 'cmake_force_configure': False, 'cmake_target': None, 'cmake_target_skip_unavailable': False, 'install_base': '/home/artrpelli/HW5_RBE4540/install/robotiq_description', 'merge_install': False, 'path': '/home/artrpelli/HW5_RBE4540/ros2_robotiq_gripper/robotiq_description', 'symlink_install': False, 'test_result_base': None}
[0.290s] INFO:colcon.colcon_core.executor:Executing jobs using 'parallel' executor
[0.291s] DEBUG:colcon.colcon_parallel_executor.executor.parallel:run_until_complete
[0.292s] INFO:colcon.colcon_ros.task.ament_python.build:Building ROS package in '/home/artrpelli/HW5_RBE4540/hover_above' with build type 'ament_python'
[0.292s] Level 1:colcon.colcon_core.shell:create_environment_hook('hover_above', 'ament_prefix_path')
[0.294s] INFO:colcon.colcon_core.plugin_system:Skipping extension 'colcon_core.shell.bat': Not used on non-Windows systems
[0.294s] INFO:colcon.colcon_core.shell:Creating environment hook '/home/artrpelli/HW5_RBE4540/install/hover_above/share/hover_above/hook/ament_prefix_path.ps1'
[0.295s] INFO:colcon.colcon_core.shell:Creating environment descriptor '/home/artrpelli/HW5_RBE4540/install/hover_above/share/hover_above/hook/ament_prefix_path.dsv'
[0.295s] INFO:colcon.colcon_core.shell:Creating environment hook '/home/artrpelli/HW5_RBE4540/install/hover_above/share/hover_above/hook/ament_prefix_path.sh'
[0.296s] INFO:colcon.colcon_core.shell:Skip shell extension 'powershell' for command environment: Not usable outside of PowerShell
[0.296s] DEBUG:colcon.colcon_core.shell:Skip shell extension 'dsv' for command environment
[0.301s] INFO:colcon.colcon_ros.task.ament_cmake.build:Building ROS package in '/home/artrpelli/HW5_RBE4540/move_interfaces_merlab' with build type 'ament_cmake'
[0.301s] INFO:colcon.colcon_cmake.task.cmake.build:Building CMake package in '/home/artrpelli/HW5_RBE4540/move_interfaces_merlab'
[0.301s] INFO:colcon.colcon_core.shell:Skip shell extension 'powershell' for command environment: Not usable outside of PowerShell
[0.301s] DEBUG:colcon.colcon_core.shell:Skip shell extension 'dsv' for command environment
[0.307s] INFO:colcon.colcon_ros.task.ament_cmake.build:Building ROS package in '/home/artrpelli/HW5_RBE4540/ros2_robotiq_gripper/robotiq_controllers' with build type 'ament_cmake'
[0.307s] INFO:colcon.colcon_cmake.task.cmake.build:Building CMake package in '/home/artrpelli/HW5_RBE4540/ros2_robotiq_gripper/robotiq_controllers'
[0.307s] INFO:colcon.colcon_core.shell:Skip shell extension 'powershell' for command environment: Not usable outside of PowerShell
[0.307s] DEBUG:colcon.colcon_core.shell:Skip shell extension 'dsv' for command environment
[0.313s] INFO:colcon.colcon_ros.task.ament_cmake.build:Building ROS package in '/home/artrpelli/HW5_RBE4540/ros2_robotiq_gripper/robotiq_description' with build type 'ament_cmake'
[0.313s] INFO:colcon.colcon_cmake.task.cmake.build:Building CMake package in '/home/artrpelli/HW5_RBE4540/ros2_robotiq_gripper/robotiq_description'
[0.313s] INFO:colcon.colcon_core.shell:Skip shell extension 'powershell' for command environment: Not usable outside of PowerShell
[0.313s] DEBUG:colcon.colcon_core.shell:Skip shell extension 'dsv' for command environment
[0.558s] INFO:colcon.colcon_core.task.python.build:Building Python package in '/home/artrpelli/HW5_RBE4540/hover_above'
[0.558s] INFO:colcon.colcon_core.shell:Skip shell extension 'powershell' for command environment: Not usable outside of PowerShell
[0.558s] DEBUG:colcon.colcon_core.shell:Skip shell extension 'dsv' for command environment
[0.567s] DEBUG:colcon.colcon_core.event_handler.log_command:Invoking command in '/home/artrpelli/HW5_RBE4540/build/move_interfaces_merlab': CMAKE_PREFIX_PATH=${CMAKE_PREFIX_PATH}:/home/artrpelli/turtlebot3_ws/install/turtlebot3_teleop:/home/artrpelli/turtlebot3_ws/install/turtlebot3_example:/opt/ros/jazzy DEBUGINFOD_URLS=https://debuginfod.ubuntu.com /usr/bin/cmake /home/artrpelli/HW5_RBE4540/move_interfaces_merlab -DCMAKE_INSTALL_PREFIX=/home/artrpelli/HW5_RBE4540/install/move_interfaces_merlab
[0.568s] DEBUG:colcon.colcon_core.event_handler.log_command:Invoking command in '/home/artrpelli/HW5_RBE4540/build/robotiq_controllers': CMAKE_PREFIX_PATH=${CMAKE_PREFIX_PATH}:/home/artrpelli/turtlebot3_ws/install/turtlebot3_teleop:/home/artrpelli/turtlebot3_ws/install/turtlebot3_example:/opt/ros/jazzy DEBUGINFOD_URLS=https://debuginfod.ubuntu.com /usr/bin/cmake /home/artrpelli/HW5_RBE4540/ros2_robotiq_gripper/robotiq_controllers -DCMAKE_INSTALL_PREFIX=/home/artrpelli/HW5_RBE4540/install/robotiq_controllers
[0.572s] DEBUG:colcon.colcon_core.event_handler.log_command:Invoking command in '/home/artrpelli/HW5_RBE4540/build/robotiq_description': CMAKE_PREFIX_PATH=${CMAKE_PREFIX_PATH}:/home/artrpelli/turtlebot3_ws/install/turtlebot3_teleop:/home/artrpelli/turtlebot3_ws/install/turtlebot3_example:/opt/ros/jazzy DEBUGINFOD_URLS=https://debuginfod.ubuntu.com /usr/bin/cmake /home/artrpelli/HW5_RBE4540/ros2_robotiq_gripper/robotiq_description -DCMAKE_INSTALL_PREFIX=/home/artrpelli/HW5_RBE4540/install/robotiq_description
[1.300s] DEBUG:colcon.colcon_core.event_handler.log_command:Invoking command in '/home/artrpelli/HW5_RBE4540/hover_above': DEBUGINFOD_URLS=https://debuginfod.ubuntu.com PYTHONPATH=/home/artrpelli/HW5_RBE4540/build/hover_above/prefix_override:/usr/lib/python3/dist-packages/colcon_core/task/python/colcon_distutils_commands:/home/artrpelli/HW5_RBE4540/install/hover_above/lib/python3.12/site-packages:${PYTHONPATH} /usr/bin/python3 -W ignore:setup.py install is deprecated -W ignore:easy_install command is deprecated setup.py egg_info --egg-base ../build/hover_above build --build-base /home/artrpelli/HW5_RBE4540/build/hover_above/build install --record /home/artrpelli/HW5_RBE4540/build/hover_above/install.log --single-version-externally-managed install_data
[1.438s] DEBUG:colcon.colcon_core.event_handler.log_command:Invoked command in '/home/artrpelli/HW5_RBE4540/build/robotiq_description' returned '0': CMAKE_PREFIX_PATH=${CMAKE_PREFIX_PATH}:/home/artrpelli/turtlebot3_ws/install/turtlebot3_teleop:/home/artrpelli/turtlebot3_ws/install/turtlebot3_example:/opt/ros/jazzy DEBUGINFOD_URLS=https://debuginfod.ubuntu.com /usr/bin/cmake /home/artrpelli/HW5_RBE4540/ros2_robotiq_gripper/robotiq_description -DCMAKE_INSTALL_PREFIX=/home/artrpelli/HW5_RBE4540/install/robotiq_description
[1.440s] DEBUG:colcon.colcon_core.event_handler.log_command:Invoking command in '/home/artrpelli/HW5_RBE4540/build/robotiq_description': CMAKE_PREFIX_PATH=${CMAKE_PREFIX_PATH}:/home/artrpelli/turtlebot3_ws/install/turtlebot3_teleop:/home/artrpelli/turtlebot3_ws/install/turtlebot3_example:/opt/ros/jazzy DEBUGINFOD_URLS=https://debuginfod.ubuntu.com /usr/bin/cmake --build /home/artrpelli/HW5_RBE4540/build/robotiq_description -- -j8 -l8
[1.480s] DEBUG:colcon.colcon_core.event_handler.log_command:Invoked command in '/home/artrpelli/HW5_RBE4540/build/robotiq_description' returned '0': CMAKE_PREFIX_PATH=${CMAKE_PREFIX_PATH}:/home/artrpelli/turtlebot3_ws/install/turtlebot3_teleop:/home/artrpelli/turtlebot3_ws/install/turtlebot3_example:/opt/ros/jazzy DEBUGINFOD_URLS=https://debuginfod.ubuntu.com /usr/bin/cmake --build /home/artrpelli/HW5_RBE4540/build/robotiq_description -- -j8 -l8
[1.490s] DEBUG:colcon.colcon_core.event_handler.log_command:Invoking command in '/home/artrpelli/HW5_RBE4540/build/robotiq_description': CMAKE_PREFIX_PATH=${CMAKE_PREFIX_PATH}:/home/artrpelli/turtlebot3_ws/install/turtlebot3_teleop:/home/artrpelli/turtlebot3_ws/install/turtlebot3_example:/opt/ros/jazzy DEBUGINFOD_URLS=https://debuginfod.ubuntu.com /usr/bin/cmake --install /home/artrpelli/HW5_RBE4540/build/robotiq_description
[1.509s] Level 1:colcon.colcon_core.environment:create_environment_scripts_only(robotiq_description)
[1.509s] DEBUG:colcon.colcon_core.event_handler.log_command:Invoked command in '/home/artrpelli/HW5_RBE4540/build/robotiq_description' returned '0': CMAKE_PREFIX_PATH=${CMAKE_PREFIX_PATH}:/home/artrpelli/turtlebot3_ws/install/turtlebot3_teleop:/home/artrpelli/turtlebot3_ws/install/turtlebot3_example:/opt/ros/jazzy DEBUGINFOD_URLS=https://debuginfod.ubuntu.com /usr/bin/cmake --install /home/artrpelli/HW5_RBE4540/build/robotiq_description
[1.511s] Level 1:colcon.colcon_core.environment:checking '/home/artrpelli/HW5_RBE4540/install/robotiq_description' for CMake module files
[1.512s] Level 1:colcon.colcon_core.environment:checking '/home/artrpelli/HW5_RBE4540/install/robotiq_description' for CMake config files
[1.512s] Level 1:colcon.colcon_core.shell:create_environment_hook('robotiq_description', 'cmake_prefix_path')
[1.512s] INFO:colcon.colcon_core.shell:Creating environment hook '/home/artrpelli/HW5_RBE4540/install/robotiq_description/share/robotiq_description/hook/cmake_prefix_path.ps1'
[1.513s] INFO:colcon.colcon_core.shell:Creating environment descriptor '/home/artrpelli/HW5_RBE4540/install/robotiq_description/share/robotiq_description/hook/cmake_prefix_path.dsv'
[1.513s] INFO:colcon.colcon_core.shell:Creating environment hook '/home/artrpelli/HW5_RBE4540/install/robotiq_description/share/robotiq_description/hook/cmake_prefix_path.sh'
[1.514s] Level 1:colcon.colcon_core.environment:checking '/home/artrpelli/HW5_RBE4540/install/robotiq_description/bin'
[1.514s] Level 1:colcon.colcon_core.environment:checking '/home/artrpelli/HW5_RBE4540/install/robotiq_description/lib/pkgconfig/robotiq_description.pc'
[1.514s] Level 1:colcon.colcon_core.environment:checking '/home/artrpelli/HW5_RBE4540/install/robotiq_description/lib/python3.12/site-packages'
[1.514s] Level 1:colcon.colcon_core.environment:checking '/home/artrpelli/HW5_RBE4540/install/robotiq_description/bin'
[1.514s] INFO:colcon.colcon_core.shell:Creating package script '/home/artrpelli/HW5_RBE4540/install/robotiq_description/share/robotiq_description/package.ps1'
[1.515s] INFO:colcon.colcon_core.shell:Creating package descriptor '/home/artrpelli/HW5_RBE4540/install/robotiq_description/share/robotiq_description/package.dsv'
[1.516s] INFO:colcon.colcon_core.shell:Creating package script '/home/artrpelli/HW5_RBE4540/install/robotiq_description/share/robotiq_description/package.sh'
[1.516s] INFO:colcon.colcon_core.shell:Creating package script '/home/artrpelli/HW5_RBE4540/install/robotiq_description/share/robotiq_description/package.bash'
[1.517s] INFO:colcon.colcon_core.shell:Creating package script '/home/artrpelli/HW5_RBE4540/install/robotiq_description/share/robotiq_description/package.zsh'
[1.517s] Level 1:colcon.colcon_core.environment:create_file_with_runtime_dependencies(/home/artrpelli/HW5_RBE4540/install/robotiq_description/share/colcon-core/packages/robotiq_description)
[1.518s] Level 1:colcon.colcon_core.environment:create_environment_scripts_only(robotiq_description)
[1.518s] Level 1:colcon.colcon_core.environment:checking '/home/artrpelli/HW5_RBE4540/install/robotiq_description' for CMake module files
[1.518s] Level 1:colcon.colcon_core.environment:checking '/home/artrpelli/HW5_RBE4540/install/robotiq_description' for CMake config files
[1.518s] Level 1:colcon.colcon_core.shell:create_environment_hook('robotiq_description', 'cmake_prefix_path')
[1.518s] INFO:colcon.colcon_core.shell:Creating environment hook '/home/artrpelli/HW5_RBE4540/install/robotiq_description/share/robotiq_description/hook/cmake_prefix_path.ps1'
[1.519s] INFO:colcon.colcon_core.shell:Creating environment descriptor '/home/artrpelli/HW5_RBE4540/install/robotiq_description/share/robotiq_description/hook/cmake_prefix_path.dsv'
[1.519s] INFO:colcon.colcon_core.shell:Creating environment hook '/home/artrpelli/HW5_RBE4540/install/robotiq_description/share/robotiq_description/hook/cmake_prefix_path.sh'
[1.520s] Level 1:colcon.colcon_core.environment:checking '/home/artrpelli/HW5_RBE4540/install/robotiq_description/bin'
[1.520s] Level 1:colcon.colcon_core.environment:checking '/home/artrpelli/HW5_RBE4540/install/robotiq_description/lib/pkgconfig/robotiq_description.pc'
[1.520s] Level 1:colcon.colcon_core.environment:checking '/home/artrpelli/HW5_RBE4540/install/robotiq_description/lib/python3.12/site-packages'
[1.520s] Level 1:colcon.colcon_core.environment:checking '/home/artrpelli/HW5_RBE4540/install/robotiq_description/bin'
[1.520s] INFO:colcon.colcon_core.shell:Creating package script '/home/artrpelli/HW5_RBE4540/install/robotiq_description/share/robotiq_description/package.ps1'
[1.521s] INFO:colcon.colcon_core.shell:Creating package descriptor '/home/artrpelli/HW5_RBE4540/install/robotiq_description/share/robotiq_description/package.dsv'
[1.521s] INFO:colcon.colcon_core.shell:Creating package script '/home/artrpelli/HW5_RBE4540/install/robotiq_description/share/robotiq_description/package.sh'
[1.522s] INFO:colcon.colcon_core.shell:Creating package script '/home/artrpelli/HW5_RBE4540/install/robotiq_description/share/robotiq_description/package.bash'
[1.522s] INFO:colcon.colcon_core.shell:Creating package script '/home/artrpelli/HW5_RBE4540/install/robotiq_description/share/robotiq_description/package.zsh'
[1.522s] Level 1:colcon.colcon_core.environment:create_file_with_runtime_dependencies(/home/artrpelli/HW5_RBE4540/install/robotiq_description/share/colcon-core/packages/robotiq_description)
[1.969s] DEBUG:colcon.colcon_core.event_handler.log_command:Invoked command in '/home/artrpelli/HW5_RBE4540/build/move_interfaces_merlab' returned '1': CMAKE_PREFIX_PATH=${CMAKE_PREFIX_PATH}:/home/artrpelli/turtlebot3_ws/install/turtlebot3_teleop:/home/artrpelli/turtlebot3_ws/install/turtlebot3_example:/opt/ros/jazzy DEBUGINFOD_URLS=https://debuginfod.ubuntu.com /usr/bin/cmake /home/artrpelli/HW5_RBE4540/move_interfaces_merlab -DCMAKE_INSTALL_PREFIX=/home/artrpelli/HW5_RBE4540/install/move_interfaces_merlab
[1.982s] Level 1:colcon.colcon_core.environment:create_environment_scripts_only(move_interfaces_merlab)
[1.982s] Level 1:colcon.colcon_core.environment:checking '/home/artrpelli/HW5_RBE4540/install/move_interfaces_merlab' for CMake module files
[1.982s] Level 1:colcon.colcon_core.environment:checking '/home/artrpelli/HW5_RBE4540/install/move_interfaces_merlab' for CMake config files
[1.982s] Level 1:colcon.colcon_core.environment:checking '/home/artrpelli/HW5_RBE4540/install/move_interfaces_merlab/bin'
[1.983s] Level 1:colcon.colcon_core.environment:checking '/home/artrpelli/HW5_RBE4540/install/move_interfaces_merlab/lib/pkgconfig/move_interfaces_merlab.pc'
[1.983s] Level 1:colcon.colcon_core.environment:checking '/home/artrpelli/HW5_RBE4540/install/move_interfaces_merlab/lib/python3.12/site-packages'
[1.983s] Level 1:colcon.colcon_core.environment:checking '/home/artrpelli/HW5_RBE4540/install/move_interfaces_merlab/bin'
[1.983s] INFO:colcon.colcon_core.shell:Creating package script '/home/artrpelli/HW5_RBE4540/install/move_interfaces_merlab/share/move_interfaces_merlab/package.ps1'
[1.984s] INFO:colcon.colcon_core.shell:Creating package descriptor '/home/artrpelli/HW5_RBE4540/install/move_interfaces_merlab/share/move_interfaces_merlab/package.dsv'
[1.984s] INFO:colcon.colcon_core.shell:Creating package script '/home/artrpelli/HW5_RBE4540/install/move_interfaces_merlab/share/move_interfaces_merlab/package.sh'
[1.984s] INFO:colcon.colcon_core.shell:Creating package script '/home/artrpelli/HW5_RBE4540/install/move_interfaces_merlab/share/move_interfaces_merlab/package.bash'
[1.985s] INFO:colcon.colcon_core.shell:Creating package script '/home/artrpelli/HW5_RBE4540/install/move_interfaces_merlab/share/move_interfaces_merlab/package.zsh'
[1.985s] Level 1:colcon.colcon_core.environment:create_file_with_runtime_dependencies(/home/artrpelli/HW5_RBE4540/install/move_interfaces_merlab/share/colcon-core/packages/move_interfaces_merlab)
[2.713s] DEBUG:colcon.colcon_parallel_executor.executor.parallel:closing loop
[2.713s] DEBUG:colcon.colcon_parallel_executor.executor.parallel:loop closed
[2.713s] DEBUG:colcon.colcon_parallel_executor.executor.parallel:run_until_complete finished with '1'
[2.713s] DEBUG:colcon.colcon_core.event_reactor:joining thread
[2.723s] INFO:colcon.colcon_core.plugin_system:Skipping extension 'colcon_notification.desktop_notification.terminal_notifier': Not used on non-Darwin systems
[2.723s] INFO:colcon.colcon_core.plugin_system:Skipping extension 'colcon_notification.desktop_notification.win32': Not used on non-Windows systems
[2.723s] INFO:colcon.colcon_notification.desktop_notification:Sending desktop notification using 'notify2'
[2.752s] DEBUG:colcon.colcon_core.event_reactor:joined thread
[2.752s] INFO:colcon.colcon_core.shell:Creating prefix script '/home/artrpelli/HW5_RBE4540/install/local_setup.ps1'
[2.754s] INFO:colcon.colcon_core.shell:Creating prefix util module '/home/artrpelli/HW5_RBE4540/install/_local_setup_util_ps1.py'
[2.756s] INFO:colcon.colcon_core.shell:Creating prefix chain script '/home/artrpelli/HW5_RBE4540/install/setup.ps1'
[2.759s] INFO:colcon.colcon_core.shell:Creating prefix script '/home/artrpelli/HW5_RBE4540/install/local_setup.sh'
[2.760s] INFO:colcon.colcon_core.shell:Creating prefix util module '/home/artrpelli/HW5_RBE4540/install/_local_setup_util_sh.py'
[2.761s] INFO:colcon.colcon_core.shell:Creating prefix chain script '/home/artrpelli/HW5_RBE4540/install/setup.sh'
[2.764s] INFO:colcon.colcon_core.shell:Creating prefix script '/home/artrpelli/HW5_RBE4540/install/local_setup.bash'
[2.765s] INFO:colcon.colcon_core.shell:Creating prefix chain script '/home/artrpelli/HW5_RBE4540/install/setup.bash'
[2.768s] INFO:colcon.colcon_core.shell:Creating prefix script '/home/artrpelli/HW5_RBE4540/install/local_setup.zsh'
[2.769s] INFO:colcon.colcon_core.shell:Creating prefix chain script '/home/artrpelli/HW5_RBE4540/install/setup.zsh'
