[0.057s] DEBUG:colcon:Command line arguments: ['/usr/bin/colcon', 'build']
[0.057s] DEBUG:colcon:Parsed command line arguments: Namespace(log_base=None, log_level=None, verb_name='build', build_base='build', install_base='install', merge_install=False, symlink_install=False, test_result_base=None, continue_on_error=False, executor='parallel', parallel_workers=20, event_handlers=None, ignore_user_meta=False, metas=['./colcon.meta'], base_paths=['.'], packages_ignore=None, packages_ignore_regex=None, paths=None, packages_up_to=None, packages_up_to_regex=None, packages_above=None, packages_above_and_dependencies=None, packages_above_depth=None, packages_select_by_dep=None, packages_skip_by_dep=None, packages_skip_up_to=None, packages_select_build_failed=False, packages_skip_build_finished=False, packages_select_test_failures=False, packages_skip_test_passed=False, packages_select=None, packages_skip=None, packages_select_regex=None, packages_skip_regex=None, packages_start=None, packages_end=None, allow_overriding=[], cmake_args=None, cmake_target=None, cmake_target_skip_unavailable=False, cmake_clean_cache=False, cmake_clean_first=False, cmake_force_configure=False, ament_cmake_args=None, catkin_cmake_args=None, catkin_skip_building_tests=False, mixin_files=None, mixin=None, verb_parser=<colcon_mixin.mixin.mixin_argument.MixinArgumentDecorator object at 0x7a62c7aafe60>, verb_extension=<colcon_core.verb.build.BuildVerb object at 0x7a62c7bf8200>, main=<bound method BuildVerb.main of <colcon_core.verb.build.BuildVerb object at 0x7a62c7bf8200>>, mixin_verb=('build',))
[0.077s] Level 1:colcon.colcon_core.package_discovery:discover_packages(colcon_meta) check parameters
[0.077s] Level 1:colcon.colcon_core.package_discovery:discover_packages(recursive) check parameters
[0.077s] Level 1:colcon.colcon_core.package_discovery:discover_packages(ignore) check parameters
[0.077s] Level 1:colcon.colcon_core.package_discovery:discover_packages(path) check parameters
[0.077s] Level 1:colcon.colcon_core.package_discovery:discover_packages(colcon_meta) discover
[0.077s] Level 1:colcon.colcon_core.package_discovery:discover_packages(recursive) discover
[0.077s] INFO:colcon.colcon_core.package_discovery:Crawling recursively for packages in '/home/paige-spalsbury/ros2_ws/src/hover_above'
[0.077s] Level 1:colcon.colcon_core.package_identification:_identify(.) by extensions ['ignore', 'ignore_ament_install']
[0.077s] Level 1:colcon.colcon_core.package_identification:_identify(.) by extension 'ignore'
[0.077s] Level 1:colcon.colcon_core.package_identification:_identify(.) by extension 'ignore_ament_install'
[0.077s] Level 1:colcon.colcon_core.package_identification:_identify(.) by extensions ['colcon_pkg']
[0.077s] Level 1:colcon.colcon_core.package_identification:_identify(.) by extension 'colcon_pkg'
[0.077s] Level 1:colcon.colcon_core.package_identification:_identify(.) by extensions ['colcon_meta']
[0.077s] Level 1:colcon.colcon_core.package_identification:_identify(.) by extension 'colcon_meta'
[0.077s] Level 1:colcon.colcon_core.package_identification:_identify(.) by extensions ['ros']
[0.077s] Level 1:colcon.colcon_core.package_identification:_identify(.) by extension 'ros'
[0.090s] Level 1:colcon.colcon_core.package_identification:_identify(.) by extensions ['cmake', 'python']
[0.090s] Level 1:colcon.colcon_core.package_identification:_identify(.) by extension 'cmake'
[0.091s] Level 1:colcon.colcon_core.package_identification:_identify(.) by extension 'python'
[0.091s] Level 1:colcon.colcon_core.package_identification:_identify(.) by extensions ['python_setup_py']
[0.091s] Level 1:colcon.colcon_core.package_identification:_identify(.) by extension 'python_setup_py'
[0.091s] Level 1:colcon.colcon_core.package_identification:_identify(build) by extensions ['ignore', 'ignore_ament_install']
[0.091s] Level 1:colcon.colcon_core.package_identification:_identify(build) by extension 'ignore'
[0.091s] Level 1:colcon.colcon_core.package_identification:_identify(build) ignored
[0.091s] Level 1:colcon.colcon_core.package_identification:_identify(common_interfaces_merlab) by extensions ['ignore', 'ignore_ament_install']
[0.091s] Level 1:colcon.colcon_core.package_identification:_identify(common_interfaces_merlab) by extension 'ignore'
[0.091s] Level 1:colcon.colcon_core.package_identification:_identify(common_interfaces_merlab) by extension 'ignore_ament_install'
[0.091s] Level 1:colcon.colcon_core.package_identification:_identify(common_interfaces_merlab) by extensions ['colcon_pkg']
[0.091s] Level 1:colcon.colcon_core.package_identification:_identify(common_interfaces_merlab) by extension 'colcon_pkg'
[0.091s] Level 1:colcon.colcon_core.package_identification:_identify(common_interfaces_merlab) by extensions ['colcon_meta']
[0.091s] Level 1:colcon.colcon_core.package_identification:_identify(common_interfaces_merlab) by extension 'colcon_meta'
[0.091s] Level 1:colcon.colcon_core.package_identification:_identify(common_interfaces_merlab) by extensions ['ros']
[0.091s] Level 1:colcon.colcon_core.package_identification:_identify(common_interfaces_merlab) by extension 'ros'
[0.092s] DEBUG:colcon.colcon_core.package_identification:Package 'common_interfaces_merlab' with type 'ros.ament_cmake' and name 'common_interfaces_merlab'
[0.092s] Level 1:colcon.colcon_core.package_identification:_identify(hover_above) by extensions ['ignore', 'ignore_ament_install']
[0.092s] Level 1:colcon.colcon_core.package_identification:_identify(hover_above) by extension 'ignore'
[0.092s] Level 1:colcon.colcon_core.package_identification:_identify(hover_above) by extension 'ignore_ament_install'
[0.092s] Level 1:colcon.colcon_core.package_identification:_identify(hover_above) by extensions ['colcon_pkg']
[0.092s] Level 1:colcon.colcon_core.package_identification:_identify(hover_above) by extension 'colcon_pkg'
[0.092s] Level 1:colcon.colcon_core.package_identification:_identify(hover_above) by extensions ['colcon_meta']
[0.092s] Level 1:colcon.colcon_core.package_identification:_identify(hover_above) by extension 'colcon_meta'
[0.092s] Level 1:colcon.colcon_core.package_identification:_identify(hover_above) by extensions ['ros']
[0.092s] Level 1:colcon.colcon_core.package_identification:_identify(hover_above) by extension 'ros'
[0.093s] DEBUG:colcon.colcon_core.package_identification:Package 'hover_above' with type 'ros.ament_python' and name 'hover_above'
[0.093s] Level 1:colcon.colcon_core.package_identification:_identify(install) by extensions ['ignore', 'ignore_ament_install']
[0.093s] Level 1:colcon.colcon_core.package_identification:_identify(install) by extension 'ignore'
[0.093s] Level 1:colcon.colcon_core.package_identification:_identify(install) ignored
[0.093s] Level 1:colcon.colcon_core.package_identification:_identify(log) by extensions ['ignore', 'ignore_ament_install']
[0.093s] Level 1:colcon.colcon_core.package_identification:_identify(log) by extension 'ignore'
[0.093s] Level 1:colcon.colcon_core.package_identification:_identify(log) ignored
[0.093s] Level 1:colcon.colcon_core.package_identification:_identify(ros2_robotiq_gripper) by extensions ['ignore', 'ignore_ament_install']
[0.093s] Level 1:colcon.colcon_core.package_identification:_identify(ros2_robotiq_gripper) by extension 'ignore'
[0.093s] Level 1:colcon.colcon_core.package_identification:_identify(ros2_robotiq_gripper) by extension 'ignore_ament_install'
[0.093s] Level 1:colcon.colcon_core.package_identification:_identify(ros2_robotiq_gripper) by extensions ['colcon_pkg']
[0.093s] Level 1:colcon.colcon_core.package_identification:_identify(ros2_robotiq_gripper) by extension 'colcon_pkg'
[0.093s] Level 1:colcon.colcon_core.package_identification:_identify(ros2_robotiq_gripper) by extensions ['colcon_meta']
[0.093s] Level 1:colcon.colcon_core.package_identification:_identify(ros2_robotiq_gripper) by extension 'colcon_meta'
[0.093s] Level 1:colcon.colcon_core.package_identification:_identify(ros2_robotiq_gripper) by extensions ['ros']
[0.093s] Level 1:colcon.colcon_core.package_identification:_identify(ros2_robotiq_gripper) by extension 'ros'
[0.093s] Level 1:colcon.colcon_core.package_identification:_identify(ros2_robotiq_gripper) by extensions ['cmake', 'python']
[0.093s] Level 1:colcon.colcon_core.package_identification:_identify(ros2_robotiq_gripper) by extension 'cmake'
[0.093s] Level 1:colcon.colcon_core.package_identification:_identify(ros2_robotiq_gripper) by extension 'python'
[0.093s] Level 1:colcon.colcon_core.package_identification:_identify(ros2_robotiq_gripper) by extensions ['python_setup_py']
[0.093s] Level 1:colcon.colcon_core.package_identification:_identify(ros2_robotiq_gripper) by extension 'python_setup_py'
[0.093s] Level 1:colcon.colcon_core.package_identification:_identify(ros2_robotiq_gripper/build) by extensions ['ignore', 'ignore_ament_install']
[0.093s] Level 1:colcon.colcon_core.package_identification:_identify(ros2_robotiq_gripper/build) by extension 'ignore'
[0.093s] Level 1:colcon.colcon_core.package_identification:_identify(ros2_robotiq_gripper/build) ignored
[0.093s] Level 1:colcon.colcon_core.package_identification:_identify(ros2_robotiq_gripper/install) by extensions ['ignore', 'ignore_ament_install']
[0.093s] Level 1:colcon.colcon_core.package_identification:_identify(ros2_robotiq_gripper/install) by extension 'ignore'
[0.093s] Level 1:colcon.colcon_core.package_identification:_identify(ros2_robotiq_gripper/install) ignored
[0.093s] Level 1:colcon.colcon_core.package_identification:_identify(ros2_robotiq_gripper/log) by extensions ['ignore', 'ignore_ament_install']
[0.093s] Level 1:colcon.colcon_core.package_identification:_identify(ros2_robotiq_gripper/log) by extension 'ignore'
[0.093s] Level 1:colcon.colcon_core.package_identification:_identify(ros2_robotiq_gripper/log) ignored
[0.093s] Level 1:colcon.colcon_core.package_identification:_identify(ros2_robotiq_gripper/robotiq_controllers) by extensions ['ignore', 'ignore_ament_install']
[0.093s] Level 1:colcon.colcon_core.package_identification:_identify(ros2_robotiq_gripper/robotiq_controllers) by extension 'ignore'
[0.093s] Level 1:colcon.colcon_core.package_identification:_identify(ros2_robotiq_gripper/robotiq_controllers) by extension 'ignore_ament_install'
[0.093s] Level 1:colcon.colcon_core.package_identification:_identify(ros2_robotiq_gripper/robotiq_controllers) by extensions ['colcon_pkg']
[0.093s] Level 1:colcon.colcon_core.package_identification:_identify(ros2_robotiq_gripper/robotiq_controllers) by extension 'colcon_pkg'
[0.093s] Level 1:colcon.colcon_core.package_identification:_identify(ros2_robotiq_gripper/robotiq_controllers) by extensions ['colcon_meta']
[0.093s] Level 1:colcon.colcon_core.package_identification:_identify(ros2_robotiq_gripper/robotiq_controllers) by extension 'colcon_meta'
[0.093s] Level 1:colcon.colcon_core.package_identification:_identify(ros2_robotiq_gripper/robotiq_controllers) by extensions ['ros']
[0.093s] Level 1:colcon.colcon_core.package_identification:_identify(ros2_robotiq_gripper/robotiq_controllers) by extension 'ros'
[0.094s] DEBUG:colcon.colcon_core.package_identification:Package 'ros2_robotiq_gripper/robotiq_controllers' with type 'ros.ament_cmake' and name 'robotiq_controllers'
[0.094s] Level 1:colcon.colcon_core.package_identification:_identify(ros2_robotiq_gripper/robotiq_description) by extensions ['ignore', 'ignore_ament_install']
[0.094s] Level 1:colcon.colcon_core.package_identification:_identify(ros2_robotiq_gripper/robotiq_description) by extension 'ignore'
[0.094s] Level 1:colcon.colcon_core.package_identification:_identify(ros2_robotiq_gripper/robotiq_description) by extension 'ignore_ament_install'
[0.094s] Level 1:colcon.colcon_core.package_identification:_identify(ros2_robotiq_gripper/robotiq_description) by extensions ['colcon_pkg']
[0.094s] Level 1:colcon.colcon_core.package_identification:_identify(ros2_robotiq_gripper/robotiq_description) by extension 'colcon_pkg'
[0.094s] Level 1:colcon.colcon_core.package_identification:_identify(ros2_robotiq_gripper/robotiq_description) by extensions ['colcon_meta']
[0.094s] Level 1:colcon.colcon_core.package_identification:_identify(ros2_robotiq_gripper/robotiq_description) by extension 'colcon_meta'
[0.094s] Level 1:colcon.colcon_core.package_identification:_identify(ros2_robotiq_gripper/robotiq_description) by extensions ['ros']
[0.094s] Level 1:colcon.colcon_core.package_identification:_identify(ros2_robotiq_gripper/robotiq_description) by extension 'ros'
[0.094s] DEBUG:colcon.colcon_core.package_identification:Package 'ros2_robotiq_gripper/robotiq_description' with type 'ros.ament_cmake' and name 'robotiq_description'
[0.094s] Level 1:colcon.colcon_core.package_discovery:discover_packages(recursive) using defaults
[0.094s] Level 1:colcon.colcon_core.package_discovery:discover_packages(ignore) discover
[0.094s] Level 1:colcon.colcon_core.package_discovery:discover_packages(ignore) using defaults
[0.094s] Level 1:colcon.colcon_core.package_discovery:discover_packages(path) discover
[0.094s] Level 1:colcon.colcon_core.package_discovery:discover_packages(path) using defaults
[0.104s] Level 1:colcon.colcon_core.package_discovery:discover_packages(prefix_path) check parameters
[0.104s] Level 1:colcon.colcon_core.package_discovery:discover_packages(prefix_path) discover
[0.105s] DEBUG:colcon.colcon_installed_package_information.package_discovery:Found 3 installed packages in /home/paige-spalsbury/ros2_ws/src/install
[0.106s] DEBUG:colcon.colcon_installed_package_information.package_discovery:Found 37 installed packages in /home/paige-spalsbury/ros2_ws/install
[0.106s] DEBUG:colcon.colcon_installed_package_information.package_discovery:Found 410 installed packages in /opt/ros/jazzy
[0.107s] Level 1:colcon.colcon_core.package_discovery:discover_packages(prefix_path) using defaults
[0.130s] WARNING:colcon.colcon_core.package_selection:Some selected packages are already built in one or more underlay workspaces:
	'common_interfaces_merlab' is in: /home/paige-spalsbury/ros2_ws/src/install/common_interfaces_merlab, /home/paige-spalsbury/ros2_ws/install/common_interfaces_merlab
If a package in a merged underlay workspace is overridden and it installs headers, then all packages in the overlay must sort their include directories by workspace order. Failure to do so may result in build failures or undefined behavior at run time.
If the overridden package is used by another package in any underlay, then the overriding package in the overlay must be API and ABI compatible or undefined behavior at run time may occur.

If you understand the risks and want to override a package anyways, add the following to the command line:
	--allow-overriding common_interfaces_merlab

This may be promoted to an error in a future release of colcon-override-check.
[0.130s] Level 5:colcon.colcon_core.verb:set package 'common_interfaces_merlab' build argument 'cmake_args' from command line to 'None'
[0.130s] Level 5:colcon.colcon_core.verb:set package 'common_interfaces_merlab' build argument 'cmake_target' from command line to 'None'
[0.130s] Level 5:colcon.colcon_core.verb:set package 'common_interfaces_merlab' build argument 'cmake_target_skip_unavailable' from command line to 'False'
[0.130s] Level 5:colcon.colcon_core.verb:set package 'common_interfaces_merlab' build argument 'cmake_clean_cache' from command line to 'False'
[0.130s] Level 5:colcon.colcon_core.verb:set package 'common_interfaces_merlab' build argument 'cmake_clean_first' from command line to 'False'
[0.130s] Level 5:colcon.colcon_core.verb:set package 'common_interfaces_merlab' build argument 'cmake_force_configure' from command line to 'False'
[0.130s] Level 5:colcon.colcon_core.verb:set package 'common_interfaces_merlab' build argument 'ament_cmake_args' from command line to 'None'
[0.130s] Level 5:colcon.colcon_core.verb:set package 'common_interfaces_merlab' build argument 'catkin_cmake_args' from command line to 'None'
[0.130s] Level 5:colcon.colcon_core.verb:set package 'common_interfaces_merlab' build argument 'catkin_skip_building_tests' from command line to 'False'
[0.130s] DEBUG:colcon.colcon_core.verb:Building package 'common_interfaces_merlab' with the following arguments: {'ament_cmake_args': None, 'build_base': '/home/paige-spalsbury/ros2_ws/src/hover_above/build/common_interfaces_merlab', 'catkin_cmake_args': None, 'catkin_skip_building_tests': False, 'cmake_args': None, 'cmake_clean_cache': False, 'cmake_clean_first': False, 'cmake_force_configure': False, 'cmake_target': None, 'cmake_target_skip_unavailable': False, 'install_base': '/home/paige-spalsbury/ros2_ws/src/hover_above/install/common_interfaces_merlab', 'merge_install': False, 'path': '/home/paige-spalsbury/ros2_ws/src/hover_above/common_interfaces_merlab', 'symlink_install': False, 'test_result_base': None}
[0.131s] Level 5:colcon.colcon_core.verb:set package 'robotiq_controllers' build argument 'cmake_args' from command line to 'None'
[0.131s] Level 5:colcon.colcon_core.verb:set package 'robotiq_controllers' build argument 'cmake_target' from command line to 'None'
[0.131s] Level 5:colcon.colcon_core.verb:set package 'robotiq_controllers' build argument 'cmake_target_skip_unavailable' from command line to 'False'
[0.131s] Level 5:colcon.colcon_core.verb:set package 'robotiq_controllers' build argument 'cmake_clean_cache' from command line to 'False'
[0.131s] Level 5:colcon.colcon_core.verb:set package 'robotiq_controllers' build argument 'cmake_clean_first' from command line to 'False'
[0.131s] Level 5:colcon.colcon_core.verb:set package 'robotiq_controllers' build argument 'cmake_force_configure' from command line to 'False'
[0.131s] Level 5:colcon.colcon_core.verb:set package 'robotiq_controllers' build argument 'ament_cmake_args' from command line to 'None'
[0.131s] Level 5:colcon.colcon_core.verb:set package 'robotiq_controllers' build argument 'catkin_cmake_args' from command line to 'None'
[0.131s] Level 5:colcon.colcon_core.verb:set package 'robotiq_controllers' build argument 'catkin_skip_building_tests' from command line to 'False'
[0.131s] DEBUG:colcon.colcon_core.verb:Building package 'robotiq_controllers' with the following arguments: {'ament_cmake_args': None, 'build_base': '/home/paige-spalsbury/ros2_ws/src/hover_above/build/robotiq_controllers', 'catkin_cmake_args': None, 'catkin_skip_building_tests': False, 'cmake_args': None, 'cmake_clean_cache': False, 'cmake_clean_first': False, 'cmake_force_configure': False, 'cmake_target': None, 'cmake_target_skip_unavailable': False, 'install_base': '/home/paige-spalsbury/ros2_ws/src/hover_above/install/robotiq_controllers', 'merge_install': False, 'path': '/home/paige-spalsbury/ros2_ws/src/hover_above/ros2_robotiq_gripper/robotiq_controllers', 'symlink_install': False, 'test_result_base': None}
[0.131s] Level 5:colcon.colcon_core.verb:set package 'robotiq_description' build argument 'cmake_args' from command line to 'None'
[0.131s] Level 5:colcon.colcon_core.verb:set package 'robotiq_description' build argument 'cmake_target' from command line to 'None'
[0.131s] Level 5:colcon.colcon_core.verb:set package 'robotiq_description' build argument 'cmake_target_skip_unavailable' from command line to 'False'
[0.131s] Level 5:colcon.colcon_core.verb:set package 'robotiq_description' build argument 'cmake_clean_cache' from command line to 'False'
[0.131s] Level 5:colcon.colcon_core.verb:set package 'robotiq_description' build argument 'cmake_clean_first' from command line to 'False'
[0.131s] Level 5:colcon.colcon_core.verb:set package 'robotiq_description' build argument 'cmake_force_configure' from command line to 'False'
[0.131s] Level 5:colcon.colcon_core.verb:set package 'robotiq_description' build argument 'ament_cmake_args' from command line to 'None'
[0.131s] Level 5:colcon.colcon_core.verb:set package 'robotiq_description' build argument 'catkin_cmake_args' from command line to 'None'
[0.131s] Level 5:colcon.colcon_core.verb:set package 'robotiq_description' build argument 'catkin_skip_building_tests' from command line to 'False'
[0.131s] DEBUG:colcon.colcon_core.verb:Building package 'robotiq_description' with the following arguments: {'ament_cmake_args': None, 'build_base': '/home/paige-spalsbury/ros2_ws/src/hover_above/build/robotiq_description', 'catkin_cmake_args': None, 'catkin_skip_building_tests': False, 'cmake_args': None, 'cmake_clean_cache': False, 'cmake_clean_first': False, 'cmake_force_configure': False, 'cmake_target': None, 'cmake_target_skip_unavailable': False, 'install_base': '/home/paige-spalsbury/ros2_ws/src/hover_above/install/robotiq_description', 'merge_install': False, 'path': '/home/paige-spalsbury/ros2_ws/src/hover_above/ros2_robotiq_gripper/robotiq_description', 'symlink_install': False, 'test_result_base': None}
[0.131s] Level 5:colcon.colcon_core.verb:set package 'hover_above' build argument 'cmake_args' from command line to 'None'
[0.131s] Level 5:colcon.colcon_core.verb:set package 'hover_above' build argument 'cmake_target' from command line to 'None'
[0.131s] Level 5:colcon.colcon_core.verb:set package 'hover_above' build argument 'cmake_target_skip_unavailable' from command line to 'False'
[0.131s] Level 5:colcon.colcon_core.verb:set package 'hover_above' build argument 'cmake_clean_cache' from command line to 'False'
[0.131s] Level 5:colcon.colcon_core.verb:set package 'hover_above' build argument 'cmake_clean_first' from command line to 'False'
[0.131s] Level 5:colcon.colcon_core.verb:set package 'hover_above' build argument 'cmake_force_configure' from command line to 'False'
[0.131s] Level 5:colcon.colcon_core.verb:set package 'hover_above' build argument 'ament_cmake_args' from command line to 'None'
[0.131s] Level 5:colcon.colcon_core.verb:set package 'hover_above' build argument 'catkin_cmake_args' from command line to 'None'
[0.131s] Level 5:colcon.colcon_core.verb:set package 'hover_above' build argument 'catkin_skip_building_tests' from command line to 'False'
[0.131s] DEBUG:colcon.colcon_core.verb:Building package 'hover_above' with the following arguments: {'ament_cmake_args': None, 'build_base': '/home/paige-spalsbury/ros2_ws/src/hover_above/build/hover_above', 'catkin_cmake_args': None, 'catkin_skip_building_tests': False, 'cmake_args': None, 'cmake_clean_cache': False, 'cmake_clean_first': False, 'cmake_force_configure': False, 'cmake_target': None, 'cmake_target_skip_unavailable': False, 'install_base': '/home/paige-spalsbury/ros2_ws/src/hover_above/install/hover_above', 'merge_install': False, 'path': '/home/paige-spalsbury/ros2_ws/src/hover_above/hover_above', 'symlink_install': False, 'test_result_base': None}
[0.131s] INFO:colcon.colcon_core.executor:Executing jobs using 'parallel' executor
[0.132s] DEBUG:colcon.colcon_parallel_executor.executor.parallel:run_until_complete
[0.133s] INFO:colcon.colcon_ros.task.ament_cmake.build:Building ROS package in '/home/paige-spalsbury/ros2_ws/src/hover_above/common_interfaces_merlab' with build type 'ament_cmake'
[0.133s] INFO:colcon.colcon_cmake.task.cmake.build:Building CMake package in '/home/paige-spalsbury/ros2_ws/src/hover_above/common_interfaces_merlab'
[0.134s] INFO:colcon.colcon_core.plugin_system:Skipping extension 'colcon_core.shell.bat': Not used on non-Windows systems
[0.134s] INFO:colcon.colcon_core.shell:Skip shell extension 'powershell' for command environment: Not usable outside of PowerShell
[0.134s] DEBUG:colcon.colcon_core.shell:Skip shell extension 'dsv' for command environment
[0.137s] INFO:colcon.colcon_ros.task.ament_cmake.build:Building ROS package in '/home/paige-spalsbury/ros2_ws/src/hover_above/ros2_robotiq_gripper/robotiq_controllers' with build type 'ament_cmake'
[0.137s] INFO:colcon.colcon_cmake.task.cmake.build:Building CMake package in '/home/paige-spalsbury/ros2_ws/src/hover_above/ros2_robotiq_gripper/robotiq_controllers'
[0.137s] INFO:colcon.colcon_core.shell:Skip shell extension 'powershell' for command environment: Not usable outside of PowerShell
[0.137s] DEBUG:colcon.colcon_core.shell:Skip shell extension 'dsv' for command environment
[0.139s] INFO:colcon.colcon_ros.task.ament_cmake.build:Building ROS package in '/home/paige-spalsbury/ros2_ws/src/hover_above/ros2_robotiq_gripper/robotiq_description' with build type 'ament_cmake'
[0.139s] INFO:colcon.colcon_cmake.task.cmake.build:Building CMake package in '/home/paige-spalsbury/ros2_ws/src/hover_above/ros2_robotiq_gripper/robotiq_description'
[0.139s] INFO:colcon.colcon_core.shell:Skip shell extension 'powershell' for command environment: Not usable outside of PowerShell
[0.139s] DEBUG:colcon.colcon_core.shell:Skip shell extension 'dsv' for command environment
[0.143s] DEBUG:colcon.colcon_core.event_handler.log_command:Invoking command in '/home/paige-spalsbury/ros2_ws/src/hover_above/build/common_interfaces_merlab': CMAKE_PREFIX_PATH=${CMAKE_PREFIX_PATH}:/home/paige-spalsbury/ros2_ws/src/install/ur_move_merlab:/home/paige-spalsbury/ros2_ws/src/install/hover_above:/home/paige-spalsbury/ros2_ws/install/forces_servcli:/home/paige-spalsbury/ros2_ws/install/python_parameters:/home/paige-spalsbury/ros2_ws/install/py_srvcli:/home/paige-spalsbury/ros2_ws/install/py_pubsub:/home/paige-spalsbury/ros2_ws/install/my_package:/home/paige-spalsbury/ros2_ws/install/launch_testing_examples:/home/paige-spalsbury/ros2_ws/install/hover_above:/home/paige-spalsbury/ros2_ws/install/graspmat_srvcli:/home/paige-spalsbury/ros2_ws/install/examples_rclpy_pointcloud_publisher:/home/paige-spalsbury/ros2_ws/install/examples_rclpy_minimal_subscriber:/home/paige-spalsbury/ros2_ws/install/examples_rclpy_minimal_service:/home/paige-spalsbury/ros2_ws/install/examples_rclpy_minimal_publisher:/home/paige-spalsbury/ros2_ws/install/examples_rclpy_minimal_client:/home/paige-spalsbury/ros2_ws/install/examples_rclpy_minimal_action_server:/home/paige-spalsbury/ros2_ws/install/examples_rclpy_minimal_action_client:/home/paige-spalsbury/ros2_ws/install/examples_rclpy_guard_conditions:/home/paige-spalsbury/ros2_ws/install/examples_rclpy_executors:/opt/ros/jazzy DEBUGINFOD_URLS=https://debuginfod.ubuntu.com /usr/bin/cmake /home/paige-spalsbury/ros2_ws/src/hover_above/common_interfaces_merlab -DCMAKE_INSTALL_PREFIX=/home/paige-spalsbury/ros2_ws/src/hover_above/install/common_interfaces_merlab
[0.144s] DEBUG:colcon.colcon_core.event_handler.log_command:Invoking command in '/home/paige-spalsbury/ros2_ws/src/hover_above/build/robotiq_controllers': CMAKE_PREFIX_PATH=${CMAKE_PREFIX_PATH}:/home/paige-spalsbury/ros2_ws/src/install/ur_move_merlab:/home/paige-spalsbury/ros2_ws/src/install/hover_above:/home/paige-spalsbury/ros2_ws/install/forces_servcli:/home/paige-spalsbury/ros2_ws/install/python_parameters:/home/paige-spalsbury/ros2_ws/install/py_srvcli:/home/paige-spalsbury/ros2_ws/install/py_pubsub:/home/paige-spalsbury/ros2_ws/install/my_package:/home/paige-spalsbury/ros2_ws/install/launch_testing_examples:/home/paige-spalsbury/ros2_ws/install/hover_above:/home/paige-spalsbury/ros2_ws/install/graspmat_srvcli:/home/paige-spalsbury/ros2_ws/install/examples_rclpy_pointcloud_publisher:/home/paige-spalsbury/ros2_ws/install/examples_rclpy_minimal_subscriber:/home/paige-spalsbury/ros2_ws/install/examples_rclpy_minimal_service:/home/paige-spalsbury/ros2_ws/install/examples_rclpy_minimal_publisher:/home/paige-spalsbury/ros2_ws/install/examples_rclpy_minimal_client:/home/paige-spalsbury/ros2_ws/install/examples_rclpy_minimal_action_server:/home/paige-spalsbury/ros2_ws/install/examples_rclpy_minimal_action_client:/home/paige-spalsbury/ros2_ws/install/examples_rclpy_guard_conditions:/home/paige-spalsbury/ros2_ws/install/examples_rclpy_executors:/opt/ros/jazzy DEBUGINFOD_URLS=https://debuginfod.ubuntu.com /usr/bin/cmake /home/paige-spalsbury/ros2_ws/src/hover_above/ros2_robotiq_gripper/robotiq_controllers -DCMAKE_INSTALL_PREFIX=/home/paige-spalsbury/ros2_ws/src/hover_above/install/robotiq_controllers
[0.147s] DEBUG:colcon.colcon_core.event_handler.log_command:Invoking command in '/home/paige-spalsbury/ros2_ws/src/hover_above/build/robotiq_description': CMAKE_PREFIX_PATH=${CMAKE_PREFIX_PATH}:/home/paige-spalsbury/ros2_ws/src/install/ur_move_merlab:/home/paige-spalsbury/ros2_ws/src/install/hover_above:/home/paige-spalsbury/ros2_ws/install/forces_servcli:/home/paige-spalsbury/ros2_ws/install/python_parameters:/home/paige-spalsbury/ros2_ws/install/py_srvcli:/home/paige-spalsbury/ros2_ws/install/py_pubsub:/home/paige-spalsbury/ros2_ws/install/my_package:/home/paige-spalsbury/ros2_ws/install/launch_testing_examples:/home/paige-spalsbury/ros2_ws/install/hover_above:/home/paige-spalsbury/ros2_ws/install/graspmat_srvcli:/home/paige-spalsbury/ros2_ws/install/examples_rclpy_pointcloud_publisher:/home/paige-spalsbury/ros2_ws/install/examples_rclpy_minimal_subscriber:/home/paige-spalsbury/ros2_ws/install/examples_rclpy_minimal_service:/home/paige-spalsbury/ros2_ws/install/examples_rclpy_minimal_publisher:/home/paige-spalsbury/ros2_ws/install/examples_rclpy_minimal_client:/home/paige-spalsbury/ros2_ws/install/examples_rclpy_minimal_action_server:/home/paige-spalsbury/ros2_ws/install/examples_rclpy_minimal_action_client:/home/paige-spalsbury/ros2_ws/install/examples_rclpy_guard_conditions:/home/paige-spalsbury/ros2_ws/install/examples_rclpy_executors:/opt/ros/jazzy DEBUGINFOD_URLS=https://debuginfod.ubuntu.com /usr/bin/cmake /home/paige-spalsbury/ros2_ws/src/hover_above/ros2_robotiq_gripper/robotiq_description -DCMAKE_INSTALL_PREFIX=/home/paige-spalsbury/ros2_ws/src/hover_above/install/robotiq_description
[0.699s] DEBUG:colcon.colcon_core.event_handler.log_command:Invoked command in '/home/paige-spalsbury/ros2_ws/src/hover_above/build/robotiq_description' returned '0': CMAKE_PREFIX_PATH=${CMAKE_PREFIX_PATH}:/home/paige-spalsbury/ros2_ws/src/install/ur_move_merlab:/home/paige-spalsbury/ros2_ws/src/install/hover_above:/home/paige-spalsbury/ros2_ws/install/forces_servcli:/home/paige-spalsbury/ros2_ws/install/python_parameters:/home/paige-spalsbury/ros2_ws/install/py_srvcli:/home/paige-spalsbury/ros2_ws/install/py_pubsub:/home/paige-spalsbury/ros2_ws/install/my_package:/home/paige-spalsbury/ros2_ws/install/launch_testing_examples:/home/paige-spalsbury/ros2_ws/install/hover_above:/home/paige-spalsbury/ros2_ws/install/graspmat_srvcli:/home/paige-spalsbury/ros2_ws/install/examples_rclpy_pointcloud_publisher:/home/paige-spalsbury/ros2_ws/install/examples_rclpy_minimal_subscriber:/home/paige-spalsbury/ros2_ws/install/examples_rclpy_minimal_service:/home/paige-spalsbury/ros2_ws/install/examples_rclpy_minimal_publisher:/home/paige-spalsbury/ros2_ws/install/examples_rclpy_minimal_client:/home/paige-spalsbury/ros2_ws/install/examples_rclpy_minimal_action_server:/home/paige-spalsbury/ros2_ws/install/examples_rclpy_minimal_action_client:/home/paige-spalsbury/ros2_ws/install/examples_rclpy_guard_conditions:/home/paige-spalsbury/ros2_ws/install/examples_rclpy_executors:/opt/ros/jazzy DEBUGINFOD_URLS=https://debuginfod.ubuntu.com /usr/bin/cmake /home/paige-spalsbury/ros2_ws/src/hover_above/ros2_robotiq_gripper/robotiq_description -DCMAKE_INSTALL_PREFIX=/home/paige-spalsbury/ros2_ws/src/hover_above/install/robotiq_description
[0.700s] DEBUG:colcon.colcon_core.event_handler.log_command:Invoking command in '/home/paige-spalsbury/ros2_ws/src/hover_above/build/robotiq_description': CMAKE_PREFIX_PATH=${CMAKE_PREFIX_PATH}:/home/paige-spalsbury/ros2_ws/src/install/ur_move_merlab:/home/paige-spalsbury/ros2_ws/src/install/hover_above:/home/paige-spalsbury/ros2_ws/install/forces_servcli:/home/paige-spalsbury/ros2_ws/install/python_parameters:/home/paige-spalsbury/ros2_ws/install/py_srvcli:/home/paige-spalsbury/ros2_ws/install/py_pubsub:/home/paige-spalsbury/ros2_ws/install/my_package:/home/paige-spalsbury/ros2_ws/install/launch_testing_examples:/home/paige-spalsbury/ros2_ws/install/hover_above:/home/paige-spalsbury/ros2_ws/install/graspmat_srvcli:/home/paige-spalsbury/ros2_ws/install/examples_rclpy_pointcloud_publisher:/home/paige-spalsbury/ros2_ws/install/examples_rclpy_minimal_subscriber:/home/paige-spalsbury/ros2_ws/install/examples_rclpy_minimal_service:/home/paige-spalsbury/ros2_ws/install/examples_rclpy_minimal_publisher:/home/paige-spalsbury/ros2_ws/install/examples_rclpy_minimal_client:/home/paige-spalsbury/ros2_ws/install/examples_rclpy_minimal_action_server:/home/paige-spalsbury/ros2_ws/install/examples_rclpy_minimal_action_client:/home/paige-spalsbury/ros2_ws/install/examples_rclpy_guard_conditions:/home/paige-spalsbury/ros2_ws/install/examples_rclpy_executors:/opt/ros/jazzy DEBUGINFOD_URLS=https://debuginfod.ubuntu.com /usr/bin/cmake --build /home/paige-spalsbury/ros2_ws/src/hover_above/build/robotiq_description -- -j20 -l20
[0.726s] DEBUG:colcon.colcon_core.event_handler.log_command:Invoked command in '/home/paige-spalsbury/ros2_ws/src/hover_above/build/robotiq_description' returned '0': CMAKE_PREFIX_PATH=${CMAKE_PREFIX_PATH}:/home/paige-spalsbury/ros2_ws/src/install/ur_move_merlab:/home/paige-spalsbury/ros2_ws/src/install/hover_above:/home/paige-spalsbury/ros2_ws/install/forces_servcli:/home/paige-spalsbury/ros2_ws/install/python_parameters:/home/paige-spalsbury/ros2_ws/install/py_srvcli:/home/paige-spalsbury/ros2_ws/install/py_pubsub:/home/paige-spalsbury/ros2_ws/install/my_package:/home/paige-spalsbury/ros2_ws/install/launch_testing_examples:/home/paige-spalsbury/ros2_ws/install/hover_above:/home/paige-spalsbury/ros2_ws/install/graspmat_srvcli:/home/paige-spalsbury/ros2_ws/install/examples_rclpy_pointcloud_publisher:/home/paige-spalsbury/ros2_ws/install/examples_rclpy_minimal_subscriber:/home/paige-spalsbury/ros2_ws/install/examples_rclpy_minimal_service:/home/paige-spalsbury/ros2_ws/install/examples_rclpy_minimal_publisher:/home/paige-spalsbury/ros2_ws/install/examples_rclpy_minimal_client:/home/paige-spalsbury/ros2_ws/install/examples_rclpy_minimal_action_server:/home/paige-spalsbury/ros2_ws/install/examples_rclpy_minimal_action_client:/home/paige-spalsbury/ros2_ws/install/examples_rclpy_guard_conditions:/home/paige-spalsbury/ros2_ws/install/examples_rclpy_executors:/opt/ros/jazzy DEBUGINFOD_URLS=https://debuginfod.ubuntu.com /usr/bin/cmake --build /home/paige-spalsbury/ros2_ws/src/hover_above/build/robotiq_description -- -j20 -l20
[0.732s] DEBUG:colcon.colcon_core.event_handler.log_command:Invoking command in '/home/paige-spalsbury/ros2_ws/src/hover_above/build/robotiq_description': CMAKE_PREFIX_PATH=${CMAKE_PREFIX_PATH}:/home/paige-spalsbury/ros2_ws/src/install/ur_move_merlab:/home/paige-spalsbury/ros2_ws/src/install/hover_above:/home/paige-spalsbury/ros2_ws/install/forces_servcli:/home/paige-spalsbury/ros2_ws/install/python_parameters:/home/paige-spalsbury/ros2_ws/install/py_srvcli:/home/paige-spalsbury/ros2_ws/install/py_pubsub:/home/paige-spalsbury/ros2_ws/install/my_package:/home/paige-spalsbury/ros2_ws/install/launch_testing_examples:/home/paige-spalsbury/ros2_ws/install/hover_above:/home/paige-spalsbury/ros2_ws/install/graspmat_srvcli:/home/paige-spalsbury/ros2_ws/install/examples_rclpy_pointcloud_publisher:/home/paige-spalsbury/ros2_ws/install/examples_rclpy_minimal_subscriber:/home/paige-spalsbury/ros2_ws/install/examples_rclpy_minimal_service:/home/paige-spalsbury/ros2_ws/install/examples_rclpy_minimal_publisher:/home/paige-spalsbury/ros2_ws/install/examples_rclpy_minimal_client:/home/paige-spalsbury/ros2_ws/install/examples_rclpy_minimal_action_server:/home/paige-spalsbury/ros2_ws/install/examples_rclpy_minimal_action_client:/home/paige-spalsbury/ros2_ws/install/examples_rclpy_guard_conditions:/home/paige-spalsbury/ros2_ws/install/examples_rclpy_executors:/opt/ros/jazzy DEBUGINFOD_URLS=https://debuginfod.ubuntu.com /usr/bin/cmake --install /home/paige-spalsbury/ros2_ws/src/hover_above/build/robotiq_description
[0.743s] Level 1:colcon.colcon_core.environment:create_environment_scripts_only(robotiq_description)
[0.743s] DEBUG:colcon.colcon_core.event_handler.log_command:Invoked command in '/home/paige-spalsbury/ros2_ws/src/hover_above/build/robotiq_description' returned '0': CMAKE_PREFIX_PATH=${CMAKE_PREFIX_PATH}:/home/paige-spalsbury/ros2_ws/src/install/ur_move_merlab:/home/paige-spalsbury/ros2_ws/src/install/hover_above:/home/paige-spalsbury/ros2_ws/install/forces_servcli:/home/paige-spalsbury/ros2_ws/install/python_parameters:/home/paige-spalsbury/ros2_ws/install/py_srvcli:/home/paige-spalsbury/ros2_ws/install/py_pubsub:/home/paige-spalsbury/ros2_ws/install/my_package:/home/paige-spalsbury/ros2_ws/install/launch_testing_examples:/home/paige-spalsbury/ros2_ws/install/hover_above:/home/paige-spalsbury/ros2_ws/install/graspmat_srvcli:/home/paige-spalsbury/ros2_ws/install/examples_rclpy_pointcloud_publisher:/home/paige-spalsbury/ros2_ws/install/examples_rclpy_minimal_subscriber:/home/paige-spalsbury/ros2_ws/install/examples_rclpy_minimal_service:/home/paige-spalsbury/ros2_ws/install/examples_rclpy_minimal_publisher:/home/paige-spalsbury/ros2_ws/install/examples_rclpy_minimal_client:/home/paige-spalsbury/ros2_ws/install/examples_rclpy_minimal_action_server:/home/paige-spalsbury/ros2_ws/install/examples_rclpy_minimal_action_client:/home/paige-spalsbury/ros2_ws/install/examples_rclpy_guard_conditions:/home/paige-spalsbury/ros2_ws/install/examples_rclpy_executors:/opt/ros/jazzy DEBUGINFOD_URLS=https://debuginfod.ubuntu.com /usr/bin/cmake --install /home/paige-spalsbury/ros2_ws/src/hover_above/build/robotiq_description
[0.744s] Level 1:colcon.colcon_core.environment:checking '/home/paige-spalsbury/ros2_ws/src/hover_above/install/robotiq_description' for CMake module files
[0.745s] Level 1:colcon.colcon_core.environment:checking '/home/paige-spalsbury/ros2_ws/src/hover_above/install/robotiq_description' for CMake config files
[0.745s] Level 1:colcon.colcon_core.shell:create_environment_hook('robotiq_description', 'cmake_prefix_path')
[0.745s] INFO:colcon.colcon_core.shell:Creating environment hook '/home/paige-spalsbury/ros2_ws/src/hover_above/install/robotiq_description/share/robotiq_description/hook/cmake_prefix_path.ps1'
[0.745s] INFO:colcon.colcon_core.shell:Creating environment descriptor '/home/paige-spalsbury/ros2_ws/src/hover_above/install/robotiq_description/share/robotiq_description/hook/cmake_prefix_path.dsv'
[0.746s] INFO:colcon.colcon_core.shell:Creating environment hook '/home/paige-spalsbury/ros2_ws/src/hover_above/install/robotiq_description/share/robotiq_description/hook/cmake_prefix_path.sh'
[0.746s] Level 1:colcon.colcon_core.environment:checking '/home/paige-spalsbury/ros2_ws/src/hover_above/install/robotiq_description/bin'
[0.746s] Level 1:colcon.colcon_core.environment:checking '/home/paige-spalsbury/ros2_ws/src/hover_above/install/robotiq_description/lib/pkgconfig/robotiq_description.pc'
[0.746s] Level 1:colcon.colcon_core.environment:checking '/home/paige-spalsbury/ros2_ws/src/hover_above/install/robotiq_description/lib/python3.12/site-packages'
[0.746s] Level 1:colcon.colcon_core.environment:checking '/home/paige-spalsbury/ros2_ws/src/hover_above/install/robotiq_description/bin'
[0.746s] INFO:colcon.colcon_core.shell:Creating package script '/home/paige-spalsbury/ros2_ws/src/hover_above/install/robotiq_description/share/robotiq_description/package.ps1'
[0.747s] INFO:colcon.colcon_core.shell:Creating package descriptor '/home/paige-spalsbury/ros2_ws/src/hover_above/install/robotiq_description/share/robotiq_description/package.dsv'
[0.747s] INFO:colcon.colcon_core.shell:Creating package script '/home/paige-spalsbury/ros2_ws/src/hover_above/install/robotiq_description/share/robotiq_description/package.sh'
[0.747s] INFO:colcon.colcon_core.shell:Creating package script '/home/paige-spalsbury/ros2_ws/src/hover_above/install/robotiq_description/share/robotiq_description/package.bash'
[0.748s] INFO:colcon.colcon_core.shell:Creating package script '/home/paige-spalsbury/ros2_ws/src/hover_above/install/robotiq_description/share/robotiq_description/package.zsh'
[0.748s] Level 1:colcon.colcon_core.environment:create_file_with_runtime_dependencies(/home/paige-spalsbury/ros2_ws/src/hover_above/install/robotiq_description/share/colcon-core/packages/robotiq_description)
[0.748s] Level 1:colcon.colcon_core.environment:create_environment_scripts_only(robotiq_description)
[0.748s] Level 1:colcon.colcon_core.environment:checking '/home/paige-spalsbury/ros2_ws/src/hover_above/install/robotiq_description' for CMake module files
[0.748s] Level 1:colcon.colcon_core.environment:checking '/home/paige-spalsbury/ros2_ws/src/hover_above/install/robotiq_description' for CMake config files
[0.749s] Level 1:colcon.colcon_core.shell:create_environment_hook('robotiq_description', 'cmake_prefix_path')
[0.749s] INFO:colcon.colcon_core.shell:Creating environment hook '/home/paige-spalsbury/ros2_ws/src/hover_above/install/robotiq_description/share/robotiq_description/hook/cmake_prefix_path.ps1'
[0.749s] INFO:colcon.colcon_core.shell:Creating environment descriptor '/home/paige-spalsbury/ros2_ws/src/hover_above/install/robotiq_description/share/robotiq_description/hook/cmake_prefix_path.dsv'
[0.749s] INFO:colcon.colcon_core.shell:Creating environment hook '/home/paige-spalsbury/ros2_ws/src/hover_above/install/robotiq_description/share/robotiq_description/hook/cmake_prefix_path.sh'
[0.749s] Level 1:colcon.colcon_core.environment:checking '/home/paige-spalsbury/ros2_ws/src/hover_above/install/robotiq_description/bin'
[0.749s] Level 1:colcon.colcon_core.environment:checking '/home/paige-spalsbury/ros2_ws/src/hover_above/install/robotiq_description/lib/pkgconfig/robotiq_description.pc'
[0.749s] Level 1:colcon.colcon_core.environment:checking '/home/paige-spalsbury/ros2_ws/src/hover_above/install/robotiq_description/lib/python3.12/site-packages'
[0.750s] Level 1:colcon.colcon_core.environment:checking '/home/paige-spalsbury/ros2_ws/src/hover_above/install/robotiq_description/bin'
[0.750s] INFO:colcon.colcon_core.shell:Creating package script '/home/paige-spalsbury/ros2_ws/src/hover_above/install/robotiq_description/share/robotiq_description/package.ps1'
[0.750s] INFO:colcon.colcon_core.shell:Creating package descriptor '/home/paige-spalsbury/ros2_ws/src/hover_above/install/robotiq_description/share/robotiq_description/package.dsv'
[0.750s] INFO:colcon.colcon_core.shell:Creating package script '/home/paige-spalsbury/ros2_ws/src/hover_above/install/robotiq_description/share/robotiq_description/package.sh'
[0.751s] INFO:colcon.colcon_core.shell:Creating package script '/home/paige-spalsbury/ros2_ws/src/hover_above/install/robotiq_description/share/robotiq_description/package.bash'
[0.751s] INFO:colcon.colcon_core.shell:Creating package script '/home/paige-spalsbury/ros2_ws/src/hover_above/install/robotiq_description/share/robotiq_description/package.zsh'
[0.751s] Level 1:colcon.colcon_core.environment:create_file_with_runtime_dependencies(/home/paige-spalsbury/ros2_ws/src/hover_above/install/robotiq_description/share/colcon-core/packages/robotiq_description)
[1.283s] DEBUG:colcon.colcon_core.event_handler.log_command:Invoked command in '/home/paige-spalsbury/ros2_ws/src/hover_above/build/robotiq_controllers' returned '0': CMAKE_PREFIX_PATH=${CMAKE_PREFIX_PATH}:/home/paige-spalsbury/ros2_ws/src/install/ur_move_merlab:/home/paige-spalsbury/ros2_ws/src/install/hover_above:/home/paige-spalsbury/ros2_ws/install/forces_servcli:/home/paige-spalsbury/ros2_ws/install/python_parameters:/home/paige-spalsbury/ros2_ws/install/py_srvcli:/home/paige-spalsbury/ros2_ws/install/py_pubsub:/home/paige-spalsbury/ros2_ws/install/my_package:/home/paige-spalsbury/ros2_ws/install/launch_testing_examples:/home/paige-spalsbury/ros2_ws/install/hover_above:/home/paige-spalsbury/ros2_ws/install/graspmat_srvcli:/home/paige-spalsbury/ros2_ws/install/examples_rclpy_pointcloud_publisher:/home/paige-spalsbury/ros2_ws/install/examples_rclpy_minimal_subscriber:/home/paige-spalsbury/ros2_ws/install/examples_rclpy_minimal_service:/home/paige-spalsbury/ros2_ws/install/examples_rclpy_minimal_publisher:/home/paige-spalsbury/ros2_ws/install/examples_rclpy_minimal_client:/home/paige-spalsbury/ros2_ws/install/examples_rclpy_minimal_action_server:/home/paige-spalsbury/ros2_ws/install/examples_rclpy_minimal_action_client:/home/paige-spalsbury/ros2_ws/install/examples_rclpy_guard_conditions:/home/paige-spalsbury/ros2_ws/install/examples_rclpy_executors:/opt/ros/jazzy DEBUGINFOD_URLS=https://debuginfod.ubuntu.com /usr/bin/cmake /home/paige-spalsbury/ros2_ws/src/hover_above/ros2_robotiq_gripper/robotiq_controllers -DCMAKE_INSTALL_PREFIX=/home/paige-spalsbury/ros2_ws/src/hover_above/install/robotiq_controllers
[1.283s] DEBUG:colcon.colcon_core.event_handler.log_command:Invoking command in '/home/paige-spalsbury/ros2_ws/src/hover_above/build/robotiq_controllers': CMAKE_PREFIX_PATH=${CMAKE_PREFIX_PATH}:/home/paige-spalsbury/ros2_ws/src/install/ur_move_merlab:/home/paige-spalsbury/ros2_ws/src/install/hover_above:/home/paige-spalsbury/ros2_ws/install/forces_servcli:/home/paige-spalsbury/ros2_ws/install/python_parameters:/home/paige-spalsbury/ros2_ws/install/py_srvcli:/home/paige-spalsbury/ros2_ws/install/py_pubsub:/home/paige-spalsbury/ros2_ws/install/my_package:/home/paige-spalsbury/ros2_ws/install/launch_testing_examples:/home/paige-spalsbury/ros2_ws/install/hover_above:/home/paige-spalsbury/ros2_ws/install/graspmat_srvcli:/home/paige-spalsbury/ros2_ws/install/examples_rclpy_pointcloud_publisher:/home/paige-spalsbury/ros2_ws/install/examples_rclpy_minimal_subscriber:/home/paige-spalsbury/ros2_ws/install/examples_rclpy_minimal_service:/home/paige-spalsbury/ros2_ws/install/examples_rclpy_minimal_publisher:/home/paige-spalsbury/ros2_ws/install/examples_rclpy_minimal_client:/home/paige-spalsbury/ros2_ws/install/examples_rclpy_minimal_action_server:/home/paige-spalsbury/ros2_ws/install/examples_rclpy_minimal_action_client:/home/paige-spalsbury/ros2_ws/install/examples_rclpy_guard_conditions:/home/paige-spalsbury/ros2_ws/install/examples_rclpy_executors:/opt/ros/jazzy DEBUGINFOD_URLS=https://debuginfod.ubuntu.com /usr/bin/cmake --build /home/paige-spalsbury/ros2_ws/src/hover_above/build/robotiq_controllers -- -j20 -l20
[2.701s] DEBUG:colcon.colcon_core.event_handler.log_command:Invoked command in '/home/paige-spalsbury/ros2_ws/src/hover_above/build/common_interfaces_merlab' returned '0': CMAKE_PREFIX_PATH=${CMAKE_PREFIX_PATH}:/home/paige-spalsbury/ros2_ws/src/install/ur_move_merlab:/home/paige-spalsbury/ros2_ws/src/install/hover_above:/home/paige-spalsbury/ros2_ws/install/forces_servcli:/home/paige-spalsbury/ros2_ws/install/python_parameters:/home/paige-spalsbury/ros2_ws/install/py_srvcli:/home/paige-spalsbury/ros2_ws/install/py_pubsub:/home/paige-spalsbury/ros2_ws/install/my_package:/home/paige-spalsbury/ros2_ws/install/launch_testing_examples:/home/paige-spalsbury/ros2_ws/install/hover_above:/home/paige-spalsbury/ros2_ws/install/graspmat_srvcli:/home/paige-spalsbury/ros2_ws/install/examples_rclpy_pointcloud_publisher:/home/paige-spalsbury/ros2_ws/install/examples_rclpy_minimal_subscriber:/home/paige-spalsbury/ros2_ws/install/examples_rclpy_minimal_service:/home/paige-spalsbury/ros2_ws/install/examples_rclpy_minimal_publisher:/home/paige-spalsbury/ros2_ws/install/examples_rclpy_minimal_client:/home/paige-spalsbury/ros2_ws/install/examples_rclpy_minimal_action_server:/home/paige-spalsbury/ros2_ws/install/examples_rclpy_minimal_action_client:/home/paige-spalsbury/ros2_ws/install/examples_rclpy_guard_conditions:/home/paige-spalsbury/ros2_ws/install/examples_rclpy_executors:/opt/ros/jazzy DEBUGINFOD_URLS=https://debuginfod.ubuntu.com /usr/bin/cmake /home/paige-spalsbury/ros2_ws/src/hover_above/common_interfaces_merlab -DCMAKE_INSTALL_PREFIX=/home/paige-spalsbury/ros2_ws/src/hover_above/install/common_interfaces_merlab
[2.701s] DEBUG:colcon.colcon_core.event_handler.log_command:Invoking command in '/home/paige-spalsbury/ros2_ws/src/hover_above/build/common_interfaces_merlab': CMAKE_PREFIX_PATH=${CMAKE_PREFIX_PATH}:/home/paige-spalsbury/ros2_ws/src/install/ur_move_merlab:/home/paige-spalsbury/ros2_ws/src/install/hover_above:/home/paige-spalsbury/ros2_ws/install/forces_servcli:/home/paige-spalsbury/ros2_ws/install/python_parameters:/home/paige-spalsbury/ros2_ws/install/py_srvcli:/home/paige-spalsbury/ros2_ws/install/py_pubsub:/home/paige-spalsbury/ros2_ws/install/my_package:/home/paige-spalsbury/ros2_ws/install/launch_testing_examples:/home/paige-spalsbury/ros2_ws/install/hover_above:/home/paige-spalsbury/ros2_ws/install/graspmat_srvcli:/home/paige-spalsbury/ros2_ws/install/examples_rclpy_pointcloud_publisher:/home/paige-spalsbury/ros2_ws/install/examples_rclpy_minimal_subscriber:/home/paige-spalsbury/ros2_ws/install/examples_rclpy_minimal_service:/home/paige-spalsbury/ros2_ws/install/examples_rclpy_minimal_publisher:/home/paige-spalsbury/ros2_ws/install/examples_rclpy_minimal_client:/home/paige-spalsbury/ros2_ws/install/examples_rclpy_minimal_action_server:/home/paige-spalsbury/ros2_ws/install/examples_rclpy_minimal_action_client:/home/paige-spalsbury/ros2_ws/install/examples_rclpy_guard_conditions:/home/paige-spalsbury/ros2_ws/install/examples_rclpy_executors:/opt/ros/jazzy DEBUGINFOD_URLS=https://debuginfod.ubuntu.com /usr/bin/cmake --build /home/paige-spalsbury/ros2_ws/src/hover_above/build/common_interfaces_merlab -- -j20 -l20
[4.190s] DEBUG:colcon.colcon_core.event_handler.log_command:Invoked command in '/home/paige-spalsbury/ros2_ws/src/hover_above/build/robotiq_controllers' returned '0': CMAKE_PREFIX_PATH=${CMAKE_PREFIX_PATH}:/home/paige-spalsbury/ros2_ws/src/install/ur_move_merlab:/home/paige-spalsbury/ros2_ws/src/install/hover_above:/home/paige-spalsbury/ros2_ws/install/forces_servcli:/home/paige-spalsbury/ros2_ws/install/python_parameters:/home/paige-spalsbury/ros2_ws/install/py_srvcli:/home/paige-spalsbury/ros2_ws/install/py_pubsub:/home/paige-spalsbury/ros2_ws/install/my_package:/home/paige-spalsbury/ros2_ws/install/launch_testing_examples:/home/paige-spalsbury/ros2_ws/install/hover_above:/home/paige-spalsbury/ros2_ws/install/graspmat_srvcli:/home/paige-spalsbury/ros2_ws/install/examples_rclpy_pointcloud_publisher:/home/paige-spalsbury/ros2_ws/install/examples_rclpy_minimal_subscriber:/home/paige-spalsbury/ros2_ws/install/examples_rclpy_minimal_service:/home/paige-spalsbury/ros2_ws/install/examples_rclpy_minimal_publisher:/home/paige-spalsbury/ros2_ws/install/examples_rclpy_minimal_client:/home/paige-spalsbury/ros2_ws/install/examples_rclpy_minimal_action_server:/home/paige-spalsbury/ros2_ws/install/examples_rclpy_minimal_action_client:/home/paige-spalsbury/ros2_ws/install/examples_rclpy_guard_conditions:/home/paige-spalsbury/ros2_ws/install/examples_rclpy_executors:/opt/ros/jazzy DEBUGINFOD_URLS=https://debuginfod.ubuntu.com /usr/bin/cmake --build /home/paige-spalsbury/ros2_ws/src/hover_above/build/robotiq_controllers -- -j20 -l20
[4.191s] DEBUG:colcon.colcon_core.event_handler.log_command:Invoking command in '/home/paige-spalsbury/ros2_ws/src/hover_above/build/robotiq_controllers': CMAKE_PREFIX_PATH=${CMAKE_PREFIX_PATH}:/home/paige-spalsbury/ros2_ws/src/install/ur_move_merlab:/home/paige-spalsbury/ros2_ws/src/install/hover_above:/home/paige-spalsbury/ros2_ws/install/forces_servcli:/home/paige-spalsbury/ros2_ws/install/python_parameters:/home/paige-spalsbury/ros2_ws/install/py_srvcli:/home/paige-spalsbury/ros2_ws/install/py_pubsub:/home/paige-spalsbury/ros2_ws/install/my_package:/home/paige-spalsbury/ros2_ws/install/launch_testing_examples:/home/paige-spalsbury/ros2_ws/install/hover_above:/home/paige-spalsbury/ros2_ws/install/graspmat_srvcli:/home/paige-spalsbury/ros2_ws/install/examples_rclpy_pointcloud_publisher:/home/paige-spalsbury/ros2_ws/install/examples_rclpy_minimal_subscriber:/home/paige-spalsbury/ros2_ws/install/examples_rclpy_minimal_service:/home/paige-spalsbury/ros2_ws/install/examples_rclpy_minimal_publisher:/home/paige-spalsbury/ros2_ws/install/examples_rclpy_minimal_client:/home/paige-spalsbury/ros2_ws/install/examples_rclpy_minimal_action_server:/home/paige-spalsbury/ros2_ws/install/examples_rclpy_minimal_action_client:/home/paige-spalsbury/ros2_ws/install/examples_rclpy_guard_conditions:/home/paige-spalsbury/ros2_ws/install/examples_rclpy_executors:/opt/ros/jazzy DEBUGINFOD_URLS=https://debuginfod.ubuntu.com /usr/bin/cmake --install /home/paige-spalsbury/ros2_ws/src/hover_above/build/robotiq_controllers
[4.201s] Level 1:colcon.colcon_core.environment:create_environment_scripts_only(robotiq_controllers)
[4.201s] Level 1:colcon.colcon_core.environment:checking '/home/paige-spalsbury/ros2_ws/src/hover_above/install/robotiq_controllers' for CMake module files
[4.202s] DEBUG:colcon.colcon_core.event_handler.log_command:Invoked command in '/home/paige-spalsbury/ros2_ws/src/hover_above/build/robotiq_controllers' returned '0': CMAKE_PREFIX_PATH=${CMAKE_PREFIX_PATH}:/home/paige-spalsbury/ros2_ws/src/install/ur_move_merlab:/home/paige-spalsbury/ros2_ws/src/install/hover_above:/home/paige-spalsbury/ros2_ws/install/forces_servcli:/home/paige-spalsbury/ros2_ws/install/python_parameters:/home/paige-spalsbury/ros2_ws/install/py_srvcli:/home/paige-spalsbury/ros2_ws/install/py_pubsub:/home/paige-spalsbury/ros2_ws/install/my_package:/home/paige-spalsbury/ros2_ws/install/launch_testing_examples:/home/paige-spalsbury/ros2_ws/install/hover_above:/home/paige-spalsbury/ros2_ws/install/graspmat_srvcli:/home/paige-spalsbury/ros2_ws/install/examples_rclpy_pointcloud_publisher:/home/paige-spalsbury/ros2_ws/install/examples_rclpy_minimal_subscriber:/home/paige-spalsbury/ros2_ws/install/examples_rclpy_minimal_service:/home/paige-spalsbury/ros2_ws/install/examples_rclpy_minimal_publisher:/home/paige-spalsbury/ros2_ws/install/examples_rclpy_minimal_client:/home/paige-spalsbury/ros2_ws/install/examples_rclpy_minimal_action_server:/home/paige-spalsbury/ros2_ws/install/examples_rclpy_minimal_action_client:/home/paige-spalsbury/ros2_ws/install/examples_rclpy_guard_conditions:/home/paige-spalsbury/ros2_ws/install/examples_rclpy_executors:/opt/ros/jazzy DEBUGINFOD_URLS=https://debuginfod.ubuntu.com /usr/bin/cmake --install /home/paige-spalsbury/ros2_ws/src/hover_above/build/robotiq_controllers
[4.202s] Level 1:colcon.colcon_core.environment:checking '/home/paige-spalsbury/ros2_ws/src/hover_above/install/robotiq_controllers' for CMake config files
[4.202s] Level 1:colcon.colcon_core.shell:create_environment_hook('robotiq_controllers', 'cmake_prefix_path')
[4.202s] INFO:colcon.colcon_core.shell:Creating environment hook '/home/paige-spalsbury/ros2_ws/src/hover_above/install/robotiq_controllers/share/robotiq_controllers/hook/cmake_prefix_path.ps1'
[4.203s] INFO:colcon.colcon_core.shell:Creating environment descriptor '/home/paige-spalsbury/ros2_ws/src/hover_above/install/robotiq_controllers/share/robotiq_controllers/hook/cmake_prefix_path.dsv'
[4.203s] INFO:colcon.colcon_core.shell:Creating environment hook '/home/paige-spalsbury/ros2_ws/src/hover_above/install/robotiq_controllers/share/robotiq_controllers/hook/cmake_prefix_path.sh'
[4.203s] Level 1:colcon.colcon_core.environment:checking '/home/paige-spalsbury/ros2_ws/src/hover_above/install/robotiq_controllers/lib'
[4.203s] Level 1:colcon.colcon_core.shell:create_environment_hook('robotiq_controllers', 'ld_library_path_lib')
[4.203s] INFO:colcon.colcon_core.shell:Creating environment hook '/home/paige-spalsbury/ros2_ws/src/hover_above/install/robotiq_controllers/share/robotiq_controllers/hook/ld_library_path_lib.ps1'
[4.204s] INFO:colcon.colcon_core.shell:Creating environment descriptor '/home/paige-spalsbury/ros2_ws/src/hover_above/install/robotiq_controllers/share/robotiq_controllers/hook/ld_library_path_lib.dsv'
[4.204s] INFO:colcon.colcon_core.shell:Creating environment hook '/home/paige-spalsbury/ros2_ws/src/hover_above/install/robotiq_controllers/share/robotiq_controllers/hook/ld_library_path_lib.sh'
[4.204s] Level 1:colcon.colcon_core.environment:checking '/home/paige-spalsbury/ros2_ws/src/hover_above/install/robotiq_controllers/bin'
[4.204s] Level 1:colcon.colcon_core.environment:checking '/home/paige-spalsbury/ros2_ws/src/hover_above/install/robotiq_controllers/lib/pkgconfig/robotiq_controllers.pc'
[4.204s] Level 1:colcon.colcon_core.environment:checking '/home/paige-spalsbury/ros2_ws/src/hover_above/install/robotiq_controllers/lib/python3.12/site-packages'
[4.205s] Level 1:colcon.colcon_core.environment:checking '/home/paige-spalsbury/ros2_ws/src/hover_above/install/robotiq_controllers/bin'
[4.205s] INFO:colcon.colcon_core.shell:Creating package script '/home/paige-spalsbury/ros2_ws/src/hover_above/install/robotiq_controllers/share/robotiq_controllers/package.ps1'
[4.205s] INFO:colcon.colcon_core.shell:Creating package descriptor '/home/paige-spalsbury/ros2_ws/src/hover_above/install/robotiq_controllers/share/robotiq_controllers/package.dsv'
[4.205s] INFO:colcon.colcon_core.shell:Creating package script '/home/paige-spalsbury/ros2_ws/src/hover_above/install/robotiq_controllers/share/robotiq_controllers/package.sh'
[4.206s] INFO:colcon.colcon_core.shell:Creating package script '/home/paige-spalsbury/ros2_ws/src/hover_above/install/robotiq_controllers/share/robotiq_controllers/package.bash'
[4.206s] INFO:colcon.colcon_core.shell:Creating package script '/home/paige-spalsbury/ros2_ws/src/hover_above/install/robotiq_controllers/share/robotiq_controllers/package.zsh'
[4.206s] Level 1:colcon.colcon_core.environment:create_file_with_runtime_dependencies(/home/paige-spalsbury/ros2_ws/src/hover_above/install/robotiq_controllers/share/colcon-core/packages/robotiq_controllers)
[4.206s] Level 1:colcon.colcon_core.environment:create_environment_scripts_only(robotiq_controllers)
[4.206s] Level 1:colcon.colcon_core.environment:checking '/home/paige-spalsbury/ros2_ws/src/hover_above/install/robotiq_controllers' for CMake module files
[4.207s] Level 1:colcon.colcon_core.environment:checking '/home/paige-spalsbury/ros2_ws/src/hover_above/install/robotiq_controllers' for CMake config files
[4.207s] Level 1:colcon.colcon_core.shell:create_environment_hook('robotiq_controllers', 'cmake_prefix_path')
[4.207s] INFO:colcon.colcon_core.shell:Creating environment hook '/home/paige-spalsbury/ros2_ws/src/hover_above/install/robotiq_controllers/share/robotiq_controllers/hook/cmake_prefix_path.ps1'
[4.207s] INFO:colcon.colcon_core.shell:Creating environment descriptor '/home/paige-spalsbury/ros2_ws/src/hover_above/install/robotiq_controllers/share/robotiq_controllers/hook/cmake_prefix_path.dsv'
[4.207s] INFO:colcon.colcon_core.shell:Creating environment hook '/home/paige-spalsbury/ros2_ws/src/hover_above/install/robotiq_controllers/share/robotiq_controllers/hook/cmake_prefix_path.sh'
[4.208s] Level 1:colcon.colcon_core.environment:checking '/home/paige-spalsbury/ros2_ws/src/hover_above/install/robotiq_controllers/lib'
[4.208s] Level 1:colcon.colcon_core.shell:create_environment_hook('robotiq_controllers', 'ld_library_path_lib')
[4.208s] INFO:colcon.colcon_core.shell:Creating environment hook '/home/paige-spalsbury/ros2_ws/src/hover_above/install/robotiq_controllers/share/robotiq_controllers/hook/ld_library_path_lib.ps1'
[4.208s] INFO:colcon.colcon_core.shell:Creating environment descriptor '/home/paige-spalsbury/ros2_ws/src/hover_above/install/robotiq_controllers/share/robotiq_controllers/hook/ld_library_path_lib.dsv'
[4.208s] INFO:colcon.colcon_core.shell:Creating environment hook '/home/paige-spalsbury/ros2_ws/src/hover_above/install/robotiq_controllers/share/robotiq_controllers/hook/ld_library_path_lib.sh'
[4.208s] Level 1:colcon.colcon_core.environment:checking '/home/paige-spalsbury/ros2_ws/src/hover_above/install/robotiq_controllers/bin'
[4.208s] Level 1:colcon.colcon_core.environment:checking '/home/paige-spalsbury/ros2_ws/src/hover_above/install/robotiq_controllers/lib/pkgconfig/robotiq_controllers.pc'
[4.209s] Level 1:colcon.colcon_core.environment:checking '/home/paige-spalsbury/ros2_ws/src/hover_above/install/robotiq_controllers/lib/python3.12/site-packages'
[4.209s] Level 1:colcon.colcon_core.environment:checking '/home/paige-spalsbury/ros2_ws/src/hover_above/install/robotiq_controllers/bin'
[4.209s] INFO:colcon.colcon_core.shell:Creating package script '/home/paige-spalsbury/ros2_ws/src/hover_above/install/robotiq_controllers/share/robotiq_controllers/package.ps1'
[4.209s] INFO:colcon.colcon_core.shell:Creating package descriptor '/home/paige-spalsbury/ros2_ws/src/hover_above/install/robotiq_controllers/share/robotiq_controllers/package.dsv'
[4.210s] INFO:colcon.colcon_core.shell:Creating package script '/home/paige-spalsbury/ros2_ws/src/hover_above/install/robotiq_controllers/share/robotiq_controllers/package.sh'
[4.210s] INFO:colcon.colcon_core.shell:Creating package script '/home/paige-spalsbury/ros2_ws/src/hover_above/install/robotiq_controllers/share/robotiq_controllers/package.bash'
[4.210s] INFO:colcon.colcon_core.shell:Creating package script '/home/paige-spalsbury/ros2_ws/src/hover_above/install/robotiq_controllers/share/robotiq_controllers/package.zsh'
[4.210s] Level 1:colcon.colcon_core.environment:create_file_with_runtime_dependencies(/home/paige-spalsbury/ros2_ws/src/hover_above/install/robotiq_controllers/share/colcon-core/packages/robotiq_controllers)
[4.999s] DEBUG:colcon.colcon_core.event_handler.log_command:Invoked command in '/home/paige-spalsbury/ros2_ws/src/hover_above/build/common_interfaces_merlab' returned '0': CMAKE_PREFIX_PATH=${CMAKE_PREFIX_PATH}:/home/paige-spalsbury/ros2_ws/src/install/ur_move_merlab:/home/paige-spalsbury/ros2_ws/src/install/hover_above:/home/paige-spalsbury/ros2_ws/install/forces_servcli:/home/paige-spalsbury/ros2_ws/install/python_parameters:/home/paige-spalsbury/ros2_ws/install/py_srvcli:/home/paige-spalsbury/ros2_ws/install/py_pubsub:/home/paige-spalsbury/ros2_ws/install/my_package:/home/paige-spalsbury/ros2_ws/install/launch_testing_examples:/home/paige-spalsbury/ros2_ws/install/hover_above:/home/paige-spalsbury/ros2_ws/install/graspmat_srvcli:/home/paige-spalsbury/ros2_ws/install/examples_rclpy_pointcloud_publisher:/home/paige-spalsbury/ros2_ws/install/examples_rclpy_minimal_subscriber:/home/paige-spalsbury/ros2_ws/install/examples_rclpy_minimal_service:/home/paige-spalsbury/ros2_ws/install/examples_rclpy_minimal_publisher:/home/paige-spalsbury/ros2_ws/install/examples_rclpy_minimal_client:/home/paige-spalsbury/ros2_ws/install/examples_rclpy_minimal_action_server:/home/paige-spalsbury/ros2_ws/install/examples_rclpy_minimal_action_client:/home/paige-spalsbury/ros2_ws/install/examples_rclpy_guard_conditions:/home/paige-spalsbury/ros2_ws/install/examples_rclpy_executors:/opt/ros/jazzy DEBUGINFOD_URLS=https://debuginfod.ubuntu.com /usr/bin/cmake --build /home/paige-spalsbury/ros2_ws/src/hover_above/build/common_interfaces_merlab -- -j20 -l20
[4.999s] DEBUG:colcon.colcon_core.event_handler.log_command:Invoking command in '/home/paige-spalsbury/ros2_ws/src/hover_above/build/common_interfaces_merlab': CMAKE_PREFIX_PATH=${CMAKE_PREFIX_PATH}:/home/paige-spalsbury/ros2_ws/src/install/ur_move_merlab:/home/paige-spalsbury/ros2_ws/src/install/hover_above:/home/paige-spalsbury/ros2_ws/install/forces_servcli:/home/paige-spalsbury/ros2_ws/install/python_parameters:/home/paige-spalsbury/ros2_ws/install/py_srvcli:/home/paige-spalsbury/ros2_ws/install/py_pubsub:/home/paige-spalsbury/ros2_ws/install/my_package:/home/paige-spalsbury/ros2_ws/install/launch_testing_examples:/home/paige-spalsbury/ros2_ws/install/hover_above:/home/paige-spalsbury/ros2_ws/install/graspmat_srvcli:/home/paige-spalsbury/ros2_ws/install/examples_rclpy_pointcloud_publisher:/home/paige-spalsbury/ros2_ws/install/examples_rclpy_minimal_subscriber:/home/paige-spalsbury/ros2_ws/install/examples_rclpy_minimal_service:/home/paige-spalsbury/ros2_ws/install/examples_rclpy_minimal_publisher:/home/paige-spalsbury/ros2_ws/install/examples_rclpy_minimal_client:/home/paige-spalsbury/ros2_ws/install/examples_rclpy_minimal_action_server:/home/paige-spalsbury/ros2_ws/install/examples_rclpy_minimal_action_client:/home/paige-spalsbury/ros2_ws/install/examples_rclpy_guard_conditions:/home/paige-spalsbury/ros2_ws/install/examples_rclpy_executors:/opt/ros/jazzy DEBUGINFOD_URLS=https://debuginfod.ubuntu.com /usr/bin/cmake --install /home/paige-spalsbury/ros2_ws/src/hover_above/build/common_interfaces_merlab
[5.055s] Level 1:colcon.colcon_core.environment:create_environment_scripts_only(common_interfaces_merlab)
[5.055s] Level 1:colcon.colcon_core.environment:checking '/home/paige-spalsbury/ros2_ws/src/hover_above/install/common_interfaces_merlab' for CMake module files
[5.056s] DEBUG:colcon.colcon_core.event_handler.log_command:Invoked command in '/home/paige-spalsbury/ros2_ws/src/hover_above/build/common_interfaces_merlab' returned '0': CMAKE_PREFIX_PATH=${CMAKE_PREFIX_PATH}:/home/paige-spalsbury/ros2_ws/src/install/ur_move_merlab:/home/paige-spalsbury/ros2_ws/src/install/hover_above:/home/paige-spalsbury/ros2_ws/install/forces_servcli:/home/paige-spalsbury/ros2_ws/install/python_parameters:/home/paige-spalsbury/ros2_ws/install/py_srvcli:/home/paige-spalsbury/ros2_ws/install/py_pubsub:/home/paige-spalsbury/ros2_ws/install/my_package:/home/paige-spalsbury/ros2_ws/install/launch_testing_examples:/home/paige-spalsbury/ros2_ws/install/hover_above:/home/paige-spalsbury/ros2_ws/install/graspmat_srvcli:/home/paige-spalsbury/ros2_ws/install/examples_rclpy_pointcloud_publisher:/home/paige-spalsbury/ros2_ws/install/examples_rclpy_minimal_subscriber:/home/paige-spalsbury/ros2_ws/install/examples_rclpy_minimal_service:/home/paige-spalsbury/ros2_ws/install/examples_rclpy_minimal_publisher:/home/paige-spalsbury/ros2_ws/install/examples_rclpy_minimal_client:/home/paige-spalsbury/ros2_ws/install/examples_rclpy_minimal_action_server:/home/paige-spalsbury/ros2_ws/install/examples_rclpy_minimal_action_client:/home/paige-spalsbury/ros2_ws/install/examples_rclpy_guard_conditions:/home/paige-spalsbury/ros2_ws/install/examples_rclpy_executors:/opt/ros/jazzy DEBUGINFOD_URLS=https://debuginfod.ubuntu.com /usr/bin/cmake --install /home/paige-spalsbury/ros2_ws/src/hover_above/build/common_interfaces_merlab
[5.056s] Level 1:colcon.colcon_core.environment:checking '/home/paige-spalsbury/ros2_ws/src/hover_above/install/common_interfaces_merlab' for CMake config files
[5.056s] Level 1:colcon.colcon_core.shell:create_environment_hook('common_interfaces_merlab', 'cmake_prefix_path')
[5.056s] INFO:colcon.colcon_core.shell:Creating environment hook '/home/paige-spalsbury/ros2_ws/src/hover_above/install/common_interfaces_merlab/share/common_interfaces_merlab/hook/cmake_prefix_path.ps1'
[5.057s] INFO:colcon.colcon_core.shell:Creating environment descriptor '/home/paige-spalsbury/ros2_ws/src/hover_above/install/common_interfaces_merlab/share/common_interfaces_merlab/hook/cmake_prefix_path.dsv'
[5.057s] INFO:colcon.colcon_core.shell:Creating environment hook '/home/paige-spalsbury/ros2_ws/src/hover_above/install/common_interfaces_merlab/share/common_interfaces_merlab/hook/cmake_prefix_path.sh'
[5.057s] Level 1:colcon.colcon_core.environment:checking '/home/paige-spalsbury/ros2_ws/src/hover_above/install/common_interfaces_merlab/lib'
[5.057s] Level 1:colcon.colcon_core.shell:create_environment_hook('common_interfaces_merlab', 'ld_library_path_lib')
[5.057s] INFO:colcon.colcon_core.shell:Creating environment hook '/home/paige-spalsbury/ros2_ws/src/hover_above/install/common_interfaces_merlab/share/common_interfaces_merlab/hook/ld_library_path_lib.ps1'
[5.057s] INFO:colcon.colcon_core.shell:Creating environment descriptor '/home/paige-spalsbury/ros2_ws/src/hover_above/install/common_interfaces_merlab/share/common_interfaces_merlab/hook/ld_library_path_lib.dsv'
[5.057s] INFO:colcon.colcon_core.shell:Creating environment hook '/home/paige-spalsbury/ros2_ws/src/hover_above/install/common_interfaces_merlab/share/common_interfaces_merlab/hook/ld_library_path_lib.sh'
[5.057s] Level 1:colcon.colcon_core.environment:checking '/home/paige-spalsbury/ros2_ws/src/hover_above/install/common_interfaces_merlab/bin'
[5.057s] Level 1:colcon.colcon_core.environment:checking '/home/paige-spalsbury/ros2_ws/src/hover_above/install/common_interfaces_merlab/lib/pkgconfig/common_interfaces_merlab.pc'
[5.058s] Level 1:colcon.colcon_core.environment:checking '/home/paige-spalsbury/ros2_ws/src/hover_above/install/common_interfaces_merlab/lib/python3.12/site-packages'
[5.058s] Level 1:colcon.colcon_core.shell:create_environment_hook('common_interfaces_merlab', 'pythonpath')
[5.058s] INFO:colcon.colcon_core.shell:Creating environment hook '/home/paige-spalsbury/ros2_ws/src/hover_above/install/common_interfaces_merlab/share/common_interfaces_merlab/hook/pythonpath.ps1'
[5.058s] INFO:colcon.colcon_core.shell:Creating environment descriptor '/home/paige-spalsbury/ros2_ws/src/hover_above/install/common_interfaces_merlab/share/common_interfaces_merlab/hook/pythonpath.dsv'
[5.058s] INFO:colcon.colcon_core.shell:Creating environment hook '/home/paige-spalsbury/ros2_ws/src/hover_above/install/common_interfaces_merlab/share/common_interfaces_merlab/hook/pythonpath.sh'
[5.058s] Level 1:colcon.colcon_core.environment:checking '/home/paige-spalsbury/ros2_ws/src/hover_above/install/common_interfaces_merlab/bin'
[5.058s] INFO:colcon.colcon_core.shell:Creating package script '/home/paige-spalsbury/ros2_ws/src/hover_above/install/common_interfaces_merlab/share/common_interfaces_merlab/package.ps1'
[5.058s] INFO:colcon.colcon_core.shell:Creating package descriptor '/home/paige-spalsbury/ros2_ws/src/hover_above/install/common_interfaces_merlab/share/common_interfaces_merlab/package.dsv'
[5.059s] INFO:colcon.colcon_core.shell:Creating package script '/home/paige-spalsbury/ros2_ws/src/hover_above/install/common_interfaces_merlab/share/common_interfaces_merlab/package.sh'
[5.059s] INFO:colcon.colcon_core.shell:Creating package script '/home/paige-spalsbury/ros2_ws/src/hover_above/install/common_interfaces_merlab/share/common_interfaces_merlab/package.bash'
[5.059s] INFO:colcon.colcon_core.shell:Creating package script '/home/paige-spalsbury/ros2_ws/src/hover_above/install/common_interfaces_merlab/share/common_interfaces_merlab/package.zsh'
[5.059s] Level 1:colcon.colcon_core.environment:create_file_with_runtime_dependencies(/home/paige-spalsbury/ros2_ws/src/hover_above/install/common_interfaces_merlab/share/colcon-core/packages/common_interfaces_merlab)
[5.059s] Level 1:colcon.colcon_core.environment:create_environment_scripts_only(common_interfaces_merlab)
[5.059s] Level 1:colcon.colcon_core.environment:checking '/home/paige-spalsbury/ros2_ws/src/hover_above/install/common_interfaces_merlab' for CMake module files
[5.060s] Level 1:colcon.colcon_core.environment:checking '/home/paige-spalsbury/ros2_ws/src/hover_above/install/common_interfaces_merlab' for CMake config files
[5.060s] Level 1:colcon.colcon_core.shell:create_environment_hook('common_interfaces_merlab', 'cmake_prefix_path')
[5.060s] INFO:colcon.colcon_core.shell:Creating environment hook '/home/paige-spalsbury/ros2_ws/src/hover_above/install/common_interfaces_merlab/share/common_interfaces_merlab/hook/cmake_prefix_path.ps1'
[5.060s] INFO:colcon.colcon_core.shell:Creating environment descriptor '/home/paige-spalsbury/ros2_ws/src/hover_above/install/common_interfaces_merlab/share/common_interfaces_merlab/hook/cmake_prefix_path.dsv'
[5.060s] INFO:colcon.colcon_core.shell:Creating environment hook '/home/paige-spalsbury/ros2_ws/src/hover_above/install/common_interfaces_merlab/share/common_interfaces_merlab/hook/cmake_prefix_path.sh'
[5.060s] Level 1:colcon.colcon_core.environment:checking '/home/paige-spalsbury/ros2_ws/src/hover_above/install/common_interfaces_merlab/lib'
[5.060s] Level 1:colcon.colcon_core.shell:create_environment_hook('common_interfaces_merlab', 'ld_library_path_lib')
[5.060s] INFO:colcon.colcon_core.shell:Creating environment hook '/home/paige-spalsbury/ros2_ws/src/hover_above/install/common_interfaces_merlab/share/common_interfaces_merlab/hook/ld_library_path_lib.ps1'
[5.060s] INFO:colcon.colcon_core.shell:Creating environment descriptor '/home/paige-spalsbury/ros2_ws/src/hover_above/install/common_interfaces_merlab/share/common_interfaces_merlab/hook/ld_library_path_lib.dsv'
[5.061s] INFO:colcon.colcon_core.shell:Creating environment hook '/home/paige-spalsbury/ros2_ws/src/hover_above/install/common_interfaces_merlab/share/common_interfaces_merlab/hook/ld_library_path_lib.sh'
[5.061s] Level 1:colcon.colcon_core.environment:checking '/home/paige-spalsbury/ros2_ws/src/hover_above/install/common_interfaces_merlab/bin'
[5.061s] Level 1:colcon.colcon_core.environment:checking '/home/paige-spalsbury/ros2_ws/src/hover_above/install/common_interfaces_merlab/lib/pkgconfig/common_interfaces_merlab.pc'
[5.061s] Level 1:colcon.colcon_core.environment:checking '/home/paige-spalsbury/ros2_ws/src/hover_above/install/common_interfaces_merlab/lib/python3.12/site-packages'
[5.061s] Level 1:colcon.colcon_core.shell:create_environment_hook('common_interfaces_merlab', 'pythonpath')
[5.061s] INFO:colcon.colcon_core.shell:Creating environment hook '/home/paige-spalsbury/ros2_ws/src/hover_above/install/common_interfaces_merlab/share/common_interfaces_merlab/hook/pythonpath.ps1'
[5.061s] INFO:colcon.colcon_core.shell:Creating environment descriptor '/home/paige-spalsbury/ros2_ws/src/hover_above/install/common_interfaces_merlab/share/common_interfaces_merlab/hook/pythonpath.dsv'
[5.061s] INFO:colcon.colcon_core.shell:Creating environment hook '/home/paige-spalsbury/ros2_ws/src/hover_above/install/common_interfaces_merlab/share/common_interfaces_merlab/hook/pythonpath.sh'
[5.061s] Level 1:colcon.colcon_core.environment:checking '/home/paige-spalsbury/ros2_ws/src/hover_above/install/common_interfaces_merlab/bin'
[5.062s] INFO:colcon.colcon_core.shell:Creating package script '/home/paige-spalsbury/ros2_ws/src/hover_above/install/common_interfaces_merlab/share/common_interfaces_merlab/package.ps1'
[5.062s] INFO:colcon.colcon_core.shell:Creating package descriptor '/home/paige-spalsbury/ros2_ws/src/hover_above/install/common_interfaces_merlab/share/common_interfaces_merlab/package.dsv'
[5.110s] INFO:colcon.colcon_core.shell:Creating package script '/home/paige-spalsbury/ros2_ws/src/hover_above/install/common_interfaces_merlab/share/common_interfaces_merlab/package.sh'
[5.111s] INFO:colcon.colcon_core.shell:Creating package script '/home/paige-spalsbury/ros2_ws/src/hover_above/install/common_interfaces_merlab/share/common_interfaces_merlab/package.bash'
[5.111s] INFO:colcon.colcon_core.shell:Creating package script '/home/paige-spalsbury/ros2_ws/src/hover_above/install/common_interfaces_merlab/share/common_interfaces_merlab/package.zsh'
[5.112s] Level 1:colcon.colcon_core.environment:create_file_with_runtime_dependencies(/home/paige-spalsbury/ros2_ws/src/hover_above/install/common_interfaces_merlab/share/colcon-core/packages/common_interfaces_merlab)
[5.112s] INFO:colcon.colcon_ros.task.ament_python.build:Building ROS package in '/home/paige-spalsbury/ros2_ws/src/hover_above/hover_above' with build type 'ament_python'
[5.112s] Level 1:colcon.colcon_core.shell:create_environment_hook('hover_above', 'ament_prefix_path')
[5.112s] INFO:colcon.colcon_core.shell:Creating environment hook '/home/paige-spalsbury/ros2_ws/src/hover_above/install/hover_above/share/hover_above/hook/ament_prefix_path.ps1'
[5.113s] INFO:colcon.colcon_core.shell:Creating environment descriptor '/home/paige-spalsbury/ros2_ws/src/hover_above/install/hover_above/share/hover_above/hook/ament_prefix_path.dsv'
[5.113s] INFO:colcon.colcon_core.shell:Creating environment hook '/home/paige-spalsbury/ros2_ws/src/hover_above/install/hover_above/share/hover_above/hook/ament_prefix_path.sh'
[5.114s] INFO:colcon.colcon_core.shell:Skip shell extension 'powershell' for command environment: Not usable outside of PowerShell
[5.114s] DEBUG:colcon.colcon_core.shell:Skip shell extension 'dsv' for command environment
[5.242s] INFO:colcon.colcon_core.task.python.build:Building Python package in '/home/paige-spalsbury/ros2_ws/src/hover_above/hover_above'
[5.242s] INFO:colcon.colcon_core.shell:Skip shell extension 'powershell' for command environment: Not usable outside of PowerShell
[5.242s] DEBUG:colcon.colcon_core.shell:Skip shell extension 'dsv' for command environment
[5.601s] DEBUG:colcon.colcon_core.task.python.build:Available setuptools commands: build_py, editable_wheel, build_ext, init_catalog, extract_messages, install_headers, bdist_rpm, easy_install, symlink_data, test, upload_docs, egg_info, rotate, check, update_catalog, compile_catalog, bdist_dumb, install_scripts, register, alias, sdist, upload, setopt, install_data, install_lib, dist_info, saveopts, install, clean, bdist, bdist_egg, build_clib, develop, build_scripts, install_egg_info, build
[5.602s] DEBUG:colcon.colcon_core.event_handler.log_command:Invoking command in '/home/paige-spalsbury/ros2_ws/src/hover_above/hover_above': AMENT_PREFIX_PATH=/home/paige-spalsbury/ros2_ws/src/hover_above/install/common_interfaces_merlab:${AMENT_PREFIX_PATH} CMAKE_PREFIX_PATH=/home/paige-spalsbury/ros2_ws/src/hover_above/install/common_interfaces_merlab:${CMAKE_PREFIX_PATH} DEBUGINFOD_URLS=https://debuginfod.ubuntu.com LD_LIBRARY_PATH=/home/paige-spalsbury/ros2_ws/src/hover_above/install/common_interfaces_merlab/lib:${LD_LIBRARY_PATH} PYTHONPATH=/home/paige-spalsbury/ros2_ws/src/hover_above/build/hover_above/prefix_override:/usr/lib/python3/dist-packages/colcon_core/task/python/colcon_distutils_commands:/home/paige-spalsbury/ros2_ws/src/hover_above/install/hover_above/lib/python3.12/site-packages:/home/paige-spalsbury/ros2_ws/src/hover_above/install/common_interfaces_merlab/lib/python3.12/site-packages:${PYTHONPATH} /usr/bin/python3 -W ignore:setup.py install is deprecated -W ignore:easy_install command is deprecated setup.py egg_info --egg-base ../build/hover_above build --build-base /home/paige-spalsbury/ros2_ws/src/hover_above/build/hover_above/build install --record /home/paige-spalsbury/ros2_ws/src/hover_above/build/hover_above/install.log --install-scripts $base/lib/hover_above --single-version-externally-managed install_data
[5.862s] Level 1:colcon.colcon_core.environment:checking '/home/paige-spalsbury/ros2_ws/src/hover_above/install/hover_above' for CMake module files
[5.863s] DEBUG:colcon.colcon_core.event_handler.log_command:Invoked command in '/home/paige-spalsbury/ros2_ws/src/hover_above/hover_above' returned '0': AMENT_PREFIX_PATH=/home/paige-spalsbury/ros2_ws/src/hover_above/install/common_interfaces_merlab:${AMENT_PREFIX_PATH} CMAKE_PREFIX_PATH=/home/paige-spalsbury/ros2_ws/src/hover_above/install/common_interfaces_merlab:${CMAKE_PREFIX_PATH} DEBUGINFOD_URLS=https://debuginfod.ubuntu.com LD_LIBRARY_PATH=/home/paige-spalsbury/ros2_ws/src/hover_above/install/common_interfaces_merlab/lib:${LD_LIBRARY_PATH} PYTHONPATH=/home/paige-spalsbury/ros2_ws/src/hover_above/build/hover_above/prefix_override:/usr/lib/python3/dist-packages/colcon_core/task/python/colcon_distutils_commands:/home/paige-spalsbury/ros2_ws/src/hover_above/install/hover_above/lib/python3.12/site-packages:/home/paige-spalsbury/ros2_ws/src/hover_above/install/common_interfaces_merlab/lib/python3.12/site-packages:${PYTHONPATH} /usr/bin/python3 -W ignore:setup.py install is deprecated -W ignore:easy_install command is deprecated setup.py egg_info --egg-base ../build/hover_above build --build-base /home/paige-spalsbury/ros2_ws/src/hover_above/build/hover_above/build install --record /home/paige-spalsbury/ros2_ws/src/hover_above/build/hover_above/install.log --install-scripts $base/lib/hover_above --single-version-externally-managed install_data
[5.863s] Level 1:colcon.colcon_core.environment:checking '/home/paige-spalsbury/ros2_ws/src/hover_above/install/hover_above' for CMake config files
[5.863s] Level 1:colcon.colcon_core.environment:checking '/home/paige-spalsbury/ros2_ws/src/hover_above/install/hover_above/lib'
[5.863s] Level 1:colcon.colcon_core.environment:checking '/home/paige-spalsbury/ros2_ws/src/hover_above/install/hover_above/bin'
[5.863s] Level 1:colcon.colcon_core.environment:checking '/home/paige-spalsbury/ros2_ws/src/hover_above/install/hover_above/lib/pkgconfig/hover_above.pc'
[5.863s] Level 1:colcon.colcon_core.environment:checking '/home/paige-spalsbury/ros2_ws/src/hover_above/install/hover_above/lib/python3.12/site-packages'
[5.864s] Level 1:colcon.colcon_core.shell:create_environment_hook('hover_above', 'pythonpath')
[5.864s] INFO:colcon.colcon_core.shell:Creating environment hook '/home/paige-spalsbury/ros2_ws/src/hover_above/install/hover_above/share/hover_above/hook/pythonpath.ps1'
[5.864s] INFO:colcon.colcon_core.shell:Creating environment descriptor '/home/paige-spalsbury/ros2_ws/src/hover_above/install/hover_above/share/hover_above/hook/pythonpath.dsv'
[5.864s] INFO:colcon.colcon_core.shell:Creating environment hook '/home/paige-spalsbury/ros2_ws/src/hover_above/install/hover_above/share/hover_above/hook/pythonpath.sh'
[5.864s] Level 1:colcon.colcon_core.environment:checking '/home/paige-spalsbury/ros2_ws/src/hover_above/install/hover_above/bin'
[5.864s] Level 1:colcon.colcon_core.environment:create_environment_scripts_only(hover_above)
[5.864s] INFO:colcon.colcon_core.shell:Creating package script '/home/paige-spalsbury/ros2_ws/src/hover_above/install/hover_above/share/hover_above/package.ps1'
[5.865s] INFO:colcon.colcon_core.shell:Creating package descriptor '/home/paige-spalsbury/ros2_ws/src/hover_above/install/hover_above/share/hover_above/package.dsv'
[5.865s] INFO:colcon.colcon_core.shell:Creating package script '/home/paige-spalsbury/ros2_ws/src/hover_above/install/hover_above/share/hover_above/package.sh'
[5.865s] INFO:colcon.colcon_core.shell:Creating package script '/home/paige-spalsbury/ros2_ws/src/hover_above/install/hover_above/share/hover_above/package.bash'
[5.865s] INFO:colcon.colcon_core.shell:Creating package script '/home/paige-spalsbury/ros2_ws/src/hover_above/install/hover_above/share/hover_above/package.zsh'
[5.865s] Level 1:colcon.colcon_core.environment:create_file_with_runtime_dependencies(/home/paige-spalsbury/ros2_ws/src/hover_above/install/hover_above/share/colcon-core/packages/hover_above)
[5.865s] DEBUG:colcon.colcon_parallel_executor.executor.parallel:closing loop
[5.865s] DEBUG:colcon.colcon_parallel_executor.executor.parallel:loop closed
[5.865s] DEBUG:colcon.colcon_parallel_executor.executor.parallel:run_until_complete finished with '0'
[5.866s] DEBUG:colcon.colcon_core.event_reactor:joining thread
[5.876s] INFO:colcon.colcon_core.plugin_system:Skipping extension 'colcon_notification.desktop_notification.terminal_notifier': Not used on non-Darwin systems
[5.876s] INFO:colcon.colcon_core.plugin_system:Skipping extension 'colcon_notification.desktop_notification.win32': Not used on non-Windows systems
[5.876s] INFO:colcon.colcon_notification.desktop_notification:Sending desktop notification using 'notify2'
[5.888s] DEBUG:colcon.colcon_core.event_reactor:joined thread
[5.888s] INFO:colcon.colcon_core.shell:Creating prefix script '/home/paige-spalsbury/ros2_ws/src/hover_above/install/local_setup.ps1'
[5.888s] INFO:colcon.colcon_core.shell:Creating prefix util module '/home/paige-spalsbury/ros2_ws/src/hover_above/install/_local_setup_util_ps1.py'
[5.889s] INFO:colcon.colcon_core.shell:Creating prefix chain script '/home/paige-spalsbury/ros2_ws/src/hover_above/install/setup.ps1'
[5.890s] INFO:colcon.colcon_core.shell:Creating prefix script '/home/paige-spalsbury/ros2_ws/src/hover_above/install/local_setup.sh'
[5.890s] INFO:colcon.colcon_core.shell:Creating prefix util module '/home/paige-spalsbury/ros2_ws/src/hover_above/install/_local_setup_util_sh.py'
[5.890s] INFO:colcon.colcon_core.shell:Creating prefix chain script '/home/paige-spalsbury/ros2_ws/src/hover_above/install/setup.sh'
[5.891s] INFO:colcon.colcon_core.shell:Creating prefix script '/home/paige-spalsbury/ros2_ws/src/hover_above/install/local_setup.bash'
[5.891s] INFO:colcon.colcon_core.shell:Creating prefix chain script '/home/paige-spalsbury/ros2_ws/src/hover_above/install/setup.bash'
[5.892s] INFO:colcon.colcon_core.shell:Creating prefix script '/home/paige-spalsbury/ros2_ws/src/hover_above/install/local_setup.zsh'
[5.892s] INFO:colcon.colcon_core.shell:Creating prefix chain script '/home/paige-spalsbury/ros2_ws/src/hover_above/install/setup.zsh'
