[  1%] Built target move_interfaces_merlab__rosidl_generator_type_description
[  3%] Built target move_interfaces_merlab__rs
[  3%] Built target ament_cmake_python_copy_move_interfaces_merlab
[  4%] Built target move_interfaces_merlab__cpp
[ 26%] Built target move_interfaces_merlab__rosidl_generator_c
[ 35%] Built target move_interfaces_merlab__rosidl_typesupport_introspection_c
[ 44%] Built target move_interfaces_merlab__rosidl_typesupport_c
[ 53%] Built target move_interfaces_merlab__rosidl_typesupport_fastrtps_c
[ 63%] Built target move_interfaces_merlab__rosidl_typesupport_fastrtps_cpp
[ 72%] Built target move_interfaces_merlab__rosidl_typesupport_cpp
[ 81%] Built target move_interfaces_merlab__rosidl_typesupport_introspection_cpp
[ 81%] Built target move_interfaces_merlab
[ 83%] Built target move_interfaces_merlab__py
[ 90%] Built target move_interfaces_merlab__rosidl_generator_py
[ 93%] Built target move_interfaces_merlab_s__rosidl_typesupport_introspection_c
[ 96%] Built target move_interfaces_merlab_s__rosidl_typesupport_fastrtps_c
[100%] Built target move_interfaces_merlab_s__rosidl_typesupport_c
running egg_info
writing move_interfaces_merlab.egg-info/PKG-INFO
writing dependency_links to move_interfaces_merlab.egg-info/dependency_links.txt
writing top-level names to move_interfaces_merlab.egg-info/top_level.txt
reading manifest file 'move_interfaces_merlab.egg-info/SOURCES.txt'
writing manifest file 'move_interfaces_merlab.egg-info/SOURCES.txt'
[100%] Built target ament_cmake_python_build_move_interfaces_merlab_egg
-- Install configuration: ""
-- Up-to-date: /home/artrpelli/HW5_RBE4540/install/move_interfaces_merlab/share/ament_index/resource_index/rosidl_interfaces/move_interfaces_merlab
-- Up-to-date: /home/artrpelli/HW5_RBE4540/install/move_interfaces_merlab/share/move_interfaces_merlab/srv/SendPose.json
-- Up-to-date: /home/artrpelli/HW5_RBE4540/install/move_interfaces_merlab/share/move_interfaces_merlab/srv/SendTwist.json
-- Up-to-date: /home/artrpelli/HW5_RBE4540/install/move_interfaces_merlab/share/move_interfaces_merlab/srv/SendJointTrajectory.json
-- Up-to-date: /home/artrpelli/HW5_RBE4540/install/move_interfaces_merlab/share/move_interfaces_merlab/srv/SendJointTrajectoryPoint.json
-- Up-to-date: /home/artrpelli/HW5_RBE4540/install/move_interfaces_merlab/include/move_interfaces_merlab/move_interfaces_merlab
-- Up-to-date: /home/artrpelli/HW5_RBE4540/install/move_interfaces_merlab/include/move_interfaces_merlab/move_interfaces_merlab/srv
-- Up-to-date: /home/artrpelli/HW5_RBE4540/install/move_interfaces_merlab/include/move_interfaces_merlab/move_interfaces_merlab/srv/detail
-- Up-to-date: /home/artrpelli/HW5_RBE4540/install/move_interfaces_merlab/include/move_interfaces_merlab/move_interfaces_merlab/srv/detail/send_pose__type_support.c
-- Up-to-date: /home/artrpelli/HW5_RBE4540/install/move_interfaces_merlab/include/move_interfaces_merlab/move_interfaces_merlab/srv/detail/send_joint_trajectory_point__struct.h
-- Up-to-date: /home/artrpelli/HW5_RBE4540/install/move_interfaces_merlab/include/move_interfaces_merlab/move_interfaces_merlab/srv/detail/send_twist__description.c
-- Up-to-date: /home/artrpelli/HW5_RBE4540/install/move_interfaces_merlab/include/move_interfaces_merlab/move_interfaces_merlab/srv/detail/send_pose__functions.c
-- Up-to-date: /home/artrpelli/HW5_RBE4540/install/move_interfaces_merlab/include/move_interfaces_merlab/move_interfaces_merlab/srv/detail/send_pose__struct.h
-- Up-to-date: /home/artrpelli/HW5_RBE4540/install/move_interfaces_merlab/include/move_interfaces_merlab/move_interfaces_merlab/srv/detail/send_pose__type_support.h
-- Up-to-date: /home/artrpelli/HW5_RBE4540/install/move_interfaces_merlab/include/move_interfaces_merlab/move_interfaces_merlab/srv/detail/send_joint_trajectory__description.c
-- Up-to-date: /home/artrpelli/HW5_RBE4540/install/move_interfaces_merlab/include/move_interfaces_merlab/move_interfaces_merlab/srv/detail/send_joint_trajectory_point__description.c
-- Up-to-date: /home/artrpelli/HW5_RBE4540/install/move_interfaces_merlab/include/move_interfaces_merlab/move_interfaces_merlab/srv/detail/send_joint_trajectory__type_support.h
-- Up-to-date: /home/artrpelli/HW5_RBE4540/install/move_interfaces_merlab/include/move_interfaces_merlab/move_interfaces_merlab/srv/detail/send_joint_trajectory_point__type_support.h
-- Up-to-date: /home/artrpelli/HW5_RBE4540/install/move_interfaces_merlab/include/move_interfaces_merlab/move_interfaces_merlab/srv/detail/send_joint_trajectory__struct.h
-- Up-to-date: /home/artrpelli/HW5_RBE4540/install/move_interfaces_merlab/include/move_interfaces_merlab/move_interfaces_merlab/srv/detail/send_twist__functions.h
-- Up-to-date: /home/artrpelli/HW5_RBE4540/install/move_interfaces_merlab/include/move_interfaces_merlab/move_interfaces_merlab/srv/detail/send_joint_trajectory_point__type_support.c
-- Up-to-date: /home/artrpelli/HW5_RBE4540/install/move_interfaces_merlab/include/move_interfaces_merlab/move_interfaces_merlab/srv/detail/send_twist__type_support.c
-- Up-to-date: /home/artrpelli/HW5_RBE4540/install/move_interfaces_merlab/include/move_interfaces_merlab/move_interfaces_merlab/srv/detail/send_joint_trajectory_point__functions.c
-- Up-to-date: /home/artrpelli/HW5_RBE4540/install/move_interfaces_merlab/include/move_interfaces_merlab/move_interfaces_merlab/srv/detail/send_joint_trajectory__functions.h
-- Up-to-date: /home/artrpelli/HW5_RBE4540/install/move_interfaces_merlab/include/move_interfaces_merlab/move_interfaces_merlab/srv/detail/send_pose__description.c
-- Up-to-date: /home/artrpelli/HW5_RBE4540/install/move_interfaces_merlab/include/move_interfaces_merlab/move_interfaces_merlab/srv/detail/send_twist__functions.c
-- Up-to-date: /home/artrpelli/HW5_RBE4540/install/move_interfaces_merlab/include/move_interfaces_merlab/move_interfaces_merlab/srv/detail/send_pose__functions.h
-- Up-to-date: /home/artrpelli/HW5_RBE4540/install/move_interfaces_merlab/include/move_interfaces_merlab/move_interfaces_merlab/srv/detail/send_twist__struct.h
-- Up-to-date: /home/artrpelli/HW5_RBE4540/install/move_interfaces_merlab/include/move_interfaces_merlab/move_interfaces_merlab/srv/detail/send_joint_trajectory__type_support.c
-- Up-to-date: /home/artrpelli/HW5_RBE4540/install/move_interfaces_merlab/include/move_interfaces_merlab/move_interfaces_merlab/srv/detail/send_twist__type_support.h
-- Up-to-date: /home/artrpelli/HW5_RBE4540/install/move_interfaces_merlab/include/move_interfaces_merlab/move_interfaces_merlab/srv/detail/send_joint_trajectory_point__functions.h
-- Up-to-date: /home/artrpelli/HW5_RBE4540/install/move_interfaces_merlab/include/move_interfaces_merlab/move_interfaces_merlab/srv/detail/send_joint_trajectory__functions.c
-- Up-to-date: /home/artrpelli/HW5_RBE4540/install/move_interfaces_merlab/include/move_interfaces_merlab/move_interfaces_merlab/srv/send_twist.h
-- Up-to-date: /home/artrpelli/HW5_RBE4540/install/move_interfaces_merlab/include/move_interfaces_merlab/move_interfaces_merlab/srv/send_joint_trajectory.h
-- Up-to-date: /home/artrpelli/HW5_RBE4540/install/move_interfaces_merlab/include/move_interfaces_merlab/move_interfaces_merlab/srv/send_pose.h
-- Up-to-date: /home/artrpelli/HW5_RBE4540/install/move_interfaces_merlab/include/move_interfaces_merlab/move_interfaces_merlab/srv/send_joint_trajectory_point.h
-- Up-to-date: /home/artrpelli/HW5_RBE4540/install/move_interfaces_merlab/include/move_interfaces_merlab/move_interfaces_merlab/msg
-- Up-to-date: /home/artrpelli/HW5_RBE4540/install/move_interfaces_merlab/include/move_interfaces_merlab/move_interfaces_merlab/msg/rosidl_generator_c__visibility_control.h
-- Up-to-date: /home/artrpelli/HW5_RBE4540/install/move_interfaces_merlab/share/move_interfaces_merlab/environment/library_path.sh
-- Up-to-date: /home/artrpelli/HW5_RBE4540/install/move_interfaces_merlab/share/move_interfaces_merlab/environment/library_path.dsv
-- Up-to-date: /home/artrpelli/HW5_RBE4540/install/move_interfaces_merlab/lib/libmove_interfaces_merlab__rosidl_generator_c.so
-- Up-to-date: /home/artrpelli/HW5_RBE4540/install/move_interfaces_merlab/include/move_interfaces_merlab/move_interfaces_merlab
-- Up-to-date: /home/artrpelli/HW5_RBE4540/install/move_interfaces_merlab/include/move_interfaces_merlab/move_interfaces_merlab/srv
-- Up-to-date: /home/artrpelli/HW5_RBE4540/install/move_interfaces_merlab/include/move_interfaces_merlab/move_interfaces_merlab/srv/detail
-- Up-to-date: /home/artrpelli/HW5_RBE4540/install/move_interfaces_merlab/include/move_interfaces_merlab/move_interfaces_merlab/srv/detail/send_joint_trajectory_point__rosidl_typesupport_fastrtps_c.h
-- Up-to-date: /home/artrpelli/HW5_RBE4540/install/move_interfaces_merlab/include/move_interfaces_merlab/move_interfaces_merlab/srv/detail/send_pose__rosidl_typesupport_fastrtps_c.h
-- Up-to-date: /home/artrpelli/HW5_RBE4540/install/move_interfaces_merlab/include/move_interfaces_merlab/move_interfaces_merlab/srv/detail/send_joint_trajectory__rosidl_typesupport_fastrtps_c.h
-- Up-to-date: /home/artrpelli/HW5_RBE4540/install/move_interfaces_merlab/include/move_interfaces_merlab/move_interfaces_merlab/srv/detail/send_twist__rosidl_typesupport_fastrtps_c.h
-- Up-to-date: /home/artrpelli/HW5_RBE4540/install/move_interfaces_merlab/include/move_interfaces_merlab/move_interfaces_merlab/msg
-- Up-to-date: /home/artrpelli/HW5_RBE4540/install/move_interfaces_merlab/include/move_interfaces_merlab/move_interfaces_merlab/msg/rosidl_typesupport_fastrtps_c__visibility_control.h
-- Up-to-date: /home/artrpelli/HW5_RBE4540/install/move_interfaces_merlab/lib/libmove_interfaces_merlab__rosidl_typesupport_fastrtps_c.so
-- Up-to-date: /home/artrpelli/HW5_RBE4540/install/move_interfaces_merlab/include/move_interfaces_merlab/move_interfaces_merlab
-- Up-to-date: /home/artrpelli/HW5_RBE4540/install/move_interfaces_merlab/include/move_interfaces_merlab/move_interfaces_merlab/srv
-- Up-to-date: /home/artrpelli/HW5_RBE4540/install/move_interfaces_merlab/include/move_interfaces_merlab/move_interfaces_merlab/srv/detail
-- Up-to-date: /home/artrpelli/HW5_RBE4540/install/move_interfaces_merlab/include/move_interfaces_merlab/move_interfaces_merlab/srv/detail/send_twist__type_support.hpp
-- Up-to-date: /home/artrpelli/HW5_RBE4540/install/move_interfaces_merlab/include/move_interfaces_merlab/move_interfaces_merlab/srv/detail/send_joint_trajectory_point__builder.hpp
-- Up-to-date: /home/artrpelli/HW5_RBE4540/install/move_interfaces_merlab/include/move_interfaces_merlab/move_interfaces_merlab/srv/detail/send_joint_trajectory__builder.hpp
-- Up-to-date: /home/artrpelli/HW5_RBE4540/install/move_interfaces_merlab/include/move_interfaces_merlab/move_interfaces_merlab/srv/detail/send_pose__traits.hpp
-- Up-to-date: /home/artrpelli/HW5_RBE4540/install/move_interfaces_merlab/include/move_interfaces_merlab/move_interfaces_merlab/srv/detail/send_twist__builder.hpp
-- Up-to-date: /home/artrpelli/HW5_RBE4540/install/move_interfaces_merlab/include/move_interfaces_merlab/move_interfaces_merlab/srv/detail/send_joint_trajectory_point__struct.hpp
-- Up-to-date: /home/artrpelli/HW5_RBE4540/install/move_interfaces_merlab/include/move_interfaces_merlab/move_interfaces_merlab/srv/detail/send_joint_trajectory_point__traits.hpp
-- Up-to-date: /home/artrpelli/HW5_RBE4540/install/move_interfaces_merlab/include/move_interfaces_merlab/move_interfaces_merlab/srv/detail/send_joint_trajectory_point__type_support.hpp
-- Up-to-date: /home/artrpelli/HW5_RBE4540/install/move_interfaces_merlab/include/move_interfaces_merlab/move_interfaces_merlab/srv/detail/send_pose__type_support.hpp
-- Up-to-date: /home/artrpelli/HW5_RBE4540/install/move_interfaces_merlab/include/move_interfaces_merlab/move_interfaces_merlab/srv/detail/send_twist__traits.hpp
-- Up-to-date: /home/artrpelli/HW5_RBE4540/install/move_interfaces_merlab/include/move_interfaces_merlab/move_interfaces_merlab/srv/detail/send_twist__struct.hpp
-- Up-to-date: /home/artrpelli/HW5_RBE4540/install/move_interfaces_merlab/include/move_interfaces_merlab/move_interfaces_merlab/srv/detail/send_pose__struct.hpp
-- Up-to-date: /home/artrpelli/HW5_RBE4540/install/move_interfaces_merlab/include/move_interfaces_merlab/move_interfaces_merlab/srv/detail/send_joint_trajectory__type_support.hpp
-- Up-to-date: /home/artrpelli/HW5_RBE4540/install/move_interfaces_merlab/include/move_interfaces_merlab/move_interfaces_merlab/srv/detail/send_joint_trajectory__struct.hpp
-- Up-to-date: /home/artrpelli/HW5_RBE4540/install/move_interfaces_merlab/include/move_interfaces_merlab/move_interfaces_merlab/srv/detail/send_joint_trajectory__traits.hpp
-- Up-to-date: /home/artrpelli/HW5_RBE4540/install/move_interfaces_merlab/include/move_interfaces_merlab/move_interfaces_merlab/srv/detail/send_pose__builder.hpp
-- Up-to-date: /home/artrpelli/HW5_RBE4540/install/move_interfaces_merlab/include/move_interfaces_merlab/move_interfaces_merlab/srv/send_joint_trajectory.hpp
-- Up-to-date: /home/artrpelli/HW5_RBE4540/install/move_interfaces_merlab/include/move_interfaces_merlab/move_interfaces_merlab/srv/send_pose.hpp
-- Up-to-date: /home/artrpelli/HW5_RBE4540/install/move_interfaces_merlab/include/move_interfaces_merlab/move_interfaces_merlab/srv/send_joint_trajectory_point.hpp
-- Up-to-date: /home/artrpelli/HW5_RBE4540/install/move_interfaces_merlab/include/move_interfaces_merlab/move_interfaces_merlab/srv/send_twist.hpp
-- Up-to-date: /home/artrpelli/HW5_RBE4540/install/move_interfaces_merlab/include/move_interfaces_merlab/move_interfaces_merlab/msg
-- Up-to-date: /home/artrpelli/HW5_RBE4540/install/move_interfaces_merlab/include/move_interfaces_merlab/move_interfaces_merlab/msg/rosidl_generator_cpp__visibility_control.hpp
-- Up-to-date: /home/artrpelli/HW5_RBE4540/install/move_interfaces_merlab/include/move_interfaces_merlab/move_interfaces_merlab
-- Up-to-date: /home/artrpelli/HW5_RBE4540/install/move_interfaces_merlab/include/move_interfaces_merlab/move_interfaces_merlab/srv
-- Up-to-date: /home/artrpelli/HW5_RBE4540/install/move_interfaces_merlab/include/move_interfaces_merlab/move_interfaces_merlab/srv/detail
-- Up-to-date: /home/artrpelli/HW5_RBE4540/install/move_interfaces_merlab/include/move_interfaces_merlab/move_interfaces_merlab/srv/detail/dds_fastrtps
-- Up-to-date: /home/artrpelli/HW5_RBE4540/install/move_interfaces_merlab/include/move_interfaces_merlab/move_interfaces_merlab/srv/detail/send_joint_trajectory_point__rosidl_typesupport_fastrtps_cpp.hpp
-- Up-to-date: /home/artrpelli/HW5_RBE4540/install/move_interfaces_merlab/include/move_interfaces_merlab/move_interfaces_merlab/srv/detail/send_pose__rosidl_typesupport_fastrtps_cpp.hpp
-- Up-to-date: /home/artrpelli/HW5_RBE4540/install/move_interfaces_merlab/include/move_interfaces_merlab/move_interfaces_merlab/srv/detail/send_twist__rosidl_typesupport_fastrtps_cpp.hpp
-- Up-to-date: /home/artrpelli/HW5_RBE4540/install/move_interfaces_merlab/include/move_interfaces_merlab/move_interfaces_merlab/srv/detail/send_joint_trajectory__rosidl_typesupport_fastrtps_cpp.hpp
-- Up-to-date: /home/artrpelli/HW5_RBE4540/install/move_interfaces_merlab/include/move_interfaces_merlab/move_interfaces_merlab/msg
-- Up-to-date: /home/artrpelli/HW5_RBE4540/install/move_interfaces_merlab/include/move_interfaces_merlab/move_interfaces_merlab/msg/rosidl_typesupport_fastrtps_cpp__visibility_control.h
-- Up-to-date: /home/artrpelli/HW5_RBE4540/install/move_interfaces_merlab/lib/libmove_interfaces_merlab__rosidl_typesupport_fastrtps_cpp.so
-- Up-to-date: /home/artrpelli/HW5_RBE4540/install/move_interfaces_merlab/include/move_interfaces_merlab/move_interfaces_merlab
-- Up-to-date: /home/artrpelli/HW5_RBE4540/install/move_interfaces_merlab/include/move_interfaces_merlab/move_interfaces_merlab/srv
-- Up-to-date: /home/artrpelli/HW5_RBE4540/install/move_interfaces_merlab/include/move_interfaces_merlab/move_interfaces_merlab/srv/detail
-- Up-to-date: /home/artrpelli/HW5_RBE4540/install/move_interfaces_merlab/include/move_interfaces_merlab/move_interfaces_merlab/srv/detail/send_pose__type_support.c
-- Up-to-date: /home/artrpelli/HW5_RBE4540/install/move_interfaces_merlab/include/move_interfaces_merlab/move_interfaces_merlab/srv/detail/send_joint_trajectory__rosidl_typesupport_introspection_c.h
-- Up-to-date: /home/artrpelli/HW5_RBE4540/install/move_interfaces_merlab/include/move_interfaces_merlab/move_interfaces_merlab/srv/detail/send_twist__rosidl_typesupport_introspection_c.h
-- Up-to-date: /home/artrpelli/HW5_RBE4540/install/move_interfaces_merlab/include/move_interfaces_merlab/move_interfaces_merlab/srv/detail/send_joint_trajectory_point__type_support.c
-- Up-to-date: /home/artrpelli/HW5_RBE4540/install/move_interfaces_merlab/include/move_interfaces_merlab/move_interfaces_merlab/srv/detail/send_pose__rosidl_typesupport_introspection_c.h
-- Up-to-date: /home/artrpelli/HW5_RBE4540/install/move_interfaces_merlab/include/move_interfaces_merlab/move_interfaces_merlab/srv/detail/send_twist__type_support.c
-- Up-to-date: /home/artrpelli/HW5_RBE4540/install/move_interfaces_merlab/include/move_interfaces_merlab/move_interfaces_merlab/srv/detail/send_joint_trajectory__type_support.c
-- Up-to-date: /home/artrpelli/HW5_RBE4540/install/move_interfaces_merlab/include/move_interfaces_merlab/move_interfaces_merlab/srv/detail/send_joint_trajectory_point__rosidl_typesupport_introspection_c.h
-- Up-to-date: /home/artrpelli/HW5_RBE4540/install/move_interfaces_merlab/include/move_interfaces_merlab/move_interfaces_merlab/msg
-- Up-to-date: /home/artrpelli/HW5_RBE4540/install/move_interfaces_merlab/include/move_interfaces_merlab/move_interfaces_merlab/msg/rosidl_typesupport_introspection_c__visibility_control.h
-- Up-to-date: /home/artrpelli/HW5_RBE4540/install/move_interfaces_merlab/lib/libmove_interfaces_merlab__rosidl_typesupport_introspection_c.so
-- Up-to-date: /home/artrpelli/HW5_RBE4540/install/move_interfaces_merlab/lib/libmove_interfaces_merlab__rosidl_typesupport_c.so
-- Up-to-date: /home/artrpelli/HW5_RBE4540/install/move_interfaces_merlab/include/move_interfaces_merlab/move_interfaces_merlab
-- Up-to-date: /home/artrpelli/HW5_RBE4540/install/move_interfaces_merlab/include/move_interfaces_merlab/move_interfaces_merlab/srv
-- Up-to-date: /home/artrpelli/HW5_RBE4540/install/move_interfaces_merlab/include/move_interfaces_merlab/move_interfaces_merlab/srv/detail
-- Up-to-date: /home/artrpelli/HW5_RBE4540/install/move_interfaces_merlab/include/move_interfaces_merlab/move_interfaces_merlab/srv/detail/send_pose__rosidl_typesupport_introspection_cpp.hpp
-- Up-to-date: /home/artrpelli/HW5_RBE4540/install/move_interfaces_merlab/include/move_interfaces_merlab/move_interfaces_merlab/srv/detail/send_joint_trajectory__type_support.cpp
-- Up-to-date: /home/artrpelli/HW5_RBE4540/install/move_interfaces_merlab/include/move_interfaces_merlab/move_interfaces_merlab/srv/detail/send_joint_trajectory__rosidl_typesupport_introspection_cpp.hpp
-- Up-to-date: /home/artrpelli/HW5_RBE4540/install/move_interfaces_merlab/include/move_interfaces_merlab/move_interfaces_merlab/srv/detail/send_twist__rosidl_typesupport_introspection_cpp.hpp
-- Up-to-date: /home/artrpelli/HW5_RBE4540/install/move_interfaces_merlab/include/move_interfaces_merlab/move_interfaces_merlab/srv/detail/send_twist__type_support.cpp
-- Up-to-date: /home/artrpelli/HW5_RBE4540/install/move_interfaces_merlab/include/move_interfaces_merlab/move_interfaces_merlab/srv/detail/send_joint_trajectory_point__type_support.cpp
-- Up-to-date: /home/artrpelli/HW5_RBE4540/install/move_interfaces_merlab/include/move_interfaces_merlab/move_interfaces_merlab/srv/detail/send_joint_trajectory_point__rosidl_typesupport_introspection_cpp.hpp
-- Up-to-date: /home/artrpelli/HW5_RBE4540/install/move_interfaces_merlab/include/move_interfaces_merlab/move_interfaces_merlab/srv/detail/send_pose__type_support.cpp
-- Up-to-date: /home/artrpelli/HW5_RBE4540/install/move_interfaces_merlab/lib/libmove_interfaces_merlab__rosidl_typesupport_introspection_cpp.so
-- Up-to-date: /home/artrpelli/HW5_RBE4540/install/move_interfaces_merlab/lib/libmove_interfaces_merlab__rosidl_typesupport_cpp.so
-- Up-to-date: /home/artrpelli/HW5_RBE4540/install/move_interfaces_merlab/share/move_interfaces_merlab/environment/pythonpath.sh
-- Up-to-date: /home/artrpelli/HW5_RBE4540/install/move_interfaces_merlab/share/move_interfaces_merlab/environment/pythonpath.dsv
-- Up-to-date: /home/artrpelli/HW5_RBE4540/install/move_interfaces_merlab/lib/python3.12/site-packages/move_interfaces_merlab-0.0.0-py3.12.egg-info
-- Installing: /home/artrpelli/HW5_RBE4540/install/move_interfaces_merlab/lib/python3.12/site-packages/move_interfaces_merlab-0.0.0-py3.12.egg-info/dependency_links.txt
-- Installing: /home/artrpelli/HW5_RBE4540/install/move_interfaces_merlab/lib/python3.12/site-packages/move_interfaces_merlab-0.0.0-py3.12.egg-info/SOURCES.txt
-- Installing: /home/artrpelli/HW5_RBE4540/install/move_interfaces_merlab/lib/python3.12/site-packages/move_interfaces_merlab-0.0.0-py3.12.egg-info/PKG-INFO
-- Installing: /home/artrpelli/HW5_RBE4540/install/move_interfaces_merlab/lib/python3.12/site-packages/move_interfaces_merlab-0.0.0-py3.12.egg-info/top_level.txt
-- Up-to-date: /home/artrpelli/HW5_RBE4540/install/move_interfaces_merlab/lib/python3.12/site-packages/move_interfaces_merlab
-- Up-to-date: /home/artrpelli/HW5_RBE4540/install/move_interfaces_merlab/lib/python3.12/site-packages/move_interfaces_merlab/_move_interfaces_merlab_s.ep.rosidl_typesupport_fastrtps_c.c
-- Up-to-date: /home/artrpelli/HW5_RBE4540/install/move_interfaces_merlab/lib/python3.12/site-packages/move_interfaces_merlab/srv
-- Up-to-date: /home/artrpelli/HW5_RBE4540/install/move_interfaces_merlab/lib/python3.12/site-packages/move_interfaces_merlab/srv/_send_joint_trajectory.py
-- Up-to-date: /home/artrpelli/HW5_RBE4540/install/move_interfaces_merlab/lib/python3.12/site-packages/move_interfaces_merlab/srv/_send_joint_trajectory_point.py
-- Up-to-date: /home/artrpelli/HW5_RBE4540/install/move_interfaces_merlab/lib/python3.12/site-packages/move_interfaces_merlab/srv/_send_twist_s.c
-- Up-to-date: /home/artrpelli/HW5_RBE4540/install/move_interfaces_merlab/lib/python3.12/site-packages/move_interfaces_merlab/srv/_send_pose.py
-- Up-to-date: /home/artrpelli/HW5_RBE4540/install/move_interfaces_merlab/lib/python3.12/site-packages/move_interfaces_merlab/srv/_send_joint_trajectory_s.c
-- Up-to-date: /home/artrpelli/HW5_RBE4540/install/move_interfaces_merlab/lib/python3.12/site-packages/move_interfaces_merlab/srv/_send_joint_trajectory_point_s.c
-- Up-to-date: /home/artrpelli/HW5_RBE4540/install/move_interfaces_merlab/lib/python3.12/site-packages/move_interfaces_merlab/srv/_send_twist.py
-- Up-to-date: /home/artrpelli/HW5_RBE4540/install/move_interfaces_merlab/lib/python3.12/site-packages/move_interfaces_merlab/srv/__init__.py
-- Up-to-date: /home/artrpelli/HW5_RBE4540/install/move_interfaces_merlab/lib/python3.12/site-packages/move_interfaces_merlab/srv/_send_pose_s.c
-- Up-to-date: /home/artrpelli/HW5_RBE4540/install/move_interfaces_merlab/lib/python3.12/site-packages/move_interfaces_merlab/move_interfaces_merlab_s__rosidl_typesupport_introspection_c.so
-- Up-to-date: /home/artrpelli/HW5_RBE4540/install/move_interfaces_merlab/lib/python3.12/site-packages/move_interfaces_merlab/_move_interfaces_merlab_s.ep.rosidl_typesupport_introspection_c.c
-- Up-to-date: /home/artrpelli/HW5_RBE4540/install/move_interfaces_merlab/lib/python3.12/site-packages/move_interfaces_merlab/_move_interfaces_merlab_s.ep.rosidl_typesupport_c.c
-- Up-to-date: /home/artrpelli/HW5_RBE4540/install/move_interfaces_merlab/lib/python3.12/site-packages/move_interfaces_merlab/move_interfaces_merlab_s__rosidl_typesupport_fastrtps_c.so
-- Up-to-date: /home/artrpelli/HW5_RBE4540/install/move_interfaces_merlab/lib/python3.12/site-packages/move_interfaces_merlab/move_interfaces_merlab_s__rosidl_typesupport_c.so
-- Up-to-date: /home/artrpelli/HW5_RBE4540/install/move_interfaces_merlab/lib/python3.12/site-packages/move_interfaces_merlab/__init__.py
Listing '/home/artrpelli/HW5_RBE4540/install/move_interfaces_merlab/lib/python3.12/site-packages/move_interfaces_merlab'...
Listing '/home/artrpelli/HW5_RBE4540/install/move_interfaces_merlab/lib/python3.12/site-packages/move_interfaces_merlab/srv'...
-- Up-to-date: /home/artrpelli/HW5_RBE4540/install/move_interfaces_merlab/lib/python3.12/site-packages/move_interfaces_merlab/move_interfaces_merlab_s__rosidl_typesupport_fastrtps_c.so
-- Up-to-date: /home/artrpelli/HW5_RBE4540/install/move_interfaces_merlab/lib/python3.12/site-packages/move_interfaces_merlab/move_interfaces_merlab_s__rosidl_typesupport_introspection_c.so
-- Up-to-date: /home/artrpelli/HW5_RBE4540/install/move_interfaces_merlab/lib/python3.12/site-packages/move_interfaces_merlab/move_interfaces_merlab_s__rosidl_typesupport_c.so
-- Up-to-date: /home/artrpelli/HW5_RBE4540/install/move_interfaces_merlab/lib/libmove_interfaces_merlab__rosidl_generator_py.so
-- Up-to-date: /home/artrpelli/HW5_RBE4540/install/move_interfaces_merlab/share/ament_index/resource_index/rust_packages/move_interfaces_merlab
-- Up-to-date: /home/artrpelli/HW5_RBE4540/install/move_interfaces_merlab/share/move_interfaces_merlab/rust
-- Up-to-date: /home/artrpelli/HW5_RBE4540/install/move_interfaces_merlab/share/move_interfaces_merlab/rust/Cargo.toml
-- Up-to-date: /home/artrpelli/HW5_RBE4540/install/move_interfaces_merlab/share/move_interfaces_merlab/rust/src
-- Up-to-date: /home/artrpelli/HW5_RBE4540/install/move_interfaces_merlab/share/move_interfaces_merlab/rust/src/lib.rs
-- Up-to-date: /home/artrpelli/HW5_RBE4540/install/move_interfaces_merlab/share/move_interfaces_merlab/rust/src/srv
-- Up-to-date: /home/artrpelli/HW5_RBE4540/install/move_interfaces_merlab/share/move_interfaces_merlab/rust/src/srv/rmw.rs
-- Up-to-date: /home/artrpelli/HW5_RBE4540/install/move_interfaces_merlab/share/move_interfaces_merlab/rust/src/srv.rs
-- Up-to-date: /home/artrpelli/HW5_RBE4540/install/move_interfaces_merlab/share/move_interfaces_merlab/rust/build.rs
-- Up-to-date: /home/artrpelli/HW5_RBE4540/install/move_interfaces_merlab/share/move_interfaces_merlab/srv/SendPose.idl
-- Up-to-date: /home/artrpelli/HW5_RBE4540/install/move_interfaces_merlab/share/move_interfaces_merlab/srv/SendTwist.idl
-- Up-to-date: /home/artrpelli/HW5_RBE4540/install/move_interfaces_merlab/share/move_interfaces_merlab/srv/SendJointTrajectory.idl
-- Up-to-date: /home/artrpelli/HW5_RBE4540/install/move_interfaces_merlab/share/move_interfaces_merlab/srv/SendJointTrajectoryPoint.idl
-- Up-to-date: /home/artrpelli/HW5_RBE4540/install/move_interfaces_merlab/share/move_interfaces_merlab/srv/SendPose.srv
-- Up-to-date: /home/artrpelli/HW5_RBE4540/install/move_interfaces_merlab/share/move_interfaces_merlab/srv/SendTwist.srv
-- Up-to-date: /home/artrpelli/HW5_RBE4540/install/move_interfaces_merlab/share/move_interfaces_merlab/srv/SendJointTrajectory.srv
-- Up-to-date: /home/artrpelli/HW5_RBE4540/install/move_interfaces_merlab/share/move_interfaces_merlab/srv/SendJointTrajectoryPoint.srv
-- Up-to-date: /home/artrpelli/HW5_RBE4540/install/move_interfaces_merlab/share/ament_index/resource_index/package_run_dependencies/move_interfaces_merlab
-- Up-to-date: /home/artrpelli/HW5_RBE4540/install/move_interfaces_merlab/share/ament_index/resource_index/parent_prefix_path/move_interfaces_merlab
-- Up-to-date: /home/artrpelli/HW5_RBE4540/install/move_interfaces_merlab/share/move_interfaces_merlab/environment/ament_prefix_path.sh
-- Up-to-date: /home/artrpelli/HW5_RBE4540/install/move_interfaces_merlab/share/move_interfaces_merlab/environment/ament_prefix_path.dsv
-- Up-to-date: /home/artrpelli/HW5_RBE4540/install/move_interfaces_merlab/share/move_interfaces_merlab/environment/path.sh
-- Up-to-date: /home/artrpelli/HW5_RBE4540/install/move_interfaces_merlab/share/move_interfaces_merlab/environment/path.dsv
-- Up-to-date: /home/artrpelli/HW5_RBE4540/install/move_interfaces_merlab/share/move_interfaces_merlab/local_setup.bash
-- Up-to-date: /home/artrpelli/HW5_RBE4540/install/move_interfaces_merlab/share/move_interfaces_merlab/local_setup.sh
-- Up-to-date: /home/artrpelli/HW5_RBE4540/install/move_interfaces_merlab/share/move_interfaces_merlab/local_setup.zsh
-- Up-to-date: /home/artrpelli/HW5_RBE4540/install/move_interfaces_merlab/share/move_interfaces_merlab/local_setup.dsv
-- Installing: /home/artrpelli/HW5_RBE4540/install/move_interfaces_merlab/share/move_interfaces_merlab/package.dsv
-- Up-to-date: /home/artrpelli/HW5_RBE4540/install/move_interfaces_merlab/share/ament_index/resource_index/packages/move_interfaces_merlab
-- Up-to-date: /home/artrpelli/HW5_RBE4540/install/move_interfaces_merlab/share/move_interfaces_merlab/cmake/export_move_interfaces_merlab__rosidl_generator_cExport.cmake
-- Up-to-date: /home/artrpelli/HW5_RBE4540/install/move_interfaces_merlab/share/move_interfaces_merlab/cmake/export_move_interfaces_merlab__rosidl_generator_cExport-noconfig.cmake
-- Up-to-date: /home/artrpelli/HW5_RBE4540/install/move_interfaces_merlab/share/move_interfaces_merlab/cmake/export_move_interfaces_merlab__rosidl_typesupport_fastrtps_cExport.cmake
-- Up-to-date: /home/artrpelli/HW5_RBE4540/install/move_interfaces_merlab/share/move_interfaces_merlab/cmake/export_move_interfaces_merlab__rosidl_typesupport_fastrtps_cExport-noconfig.cmake
-- Up-to-date: /home/artrpelli/HW5_RBE4540/install/move_interfaces_merlab/share/move_interfaces_merlab/cmake/export_move_interfaces_merlab__rosidl_generator_cppExport.cmake
-- Up-to-date: /home/artrpelli/HW5_RBE4540/install/move_interfaces_merlab/share/move_interfaces_merlab/cmake/export_move_interfaces_merlab__rosidl_typesupport_fastrtps_cppExport.cmake
-- Up-to-date: /home/artrpelli/HW5_RBE4540/install/move_interfaces_merlab/share/move_interfaces_merlab/cmake/export_move_interfaces_merlab__rosidl_typesupport_fastrtps_cppExport-noconfig.cmake
-- Up-to-date: /home/artrpelli/HW5_RBE4540/install/move_interfaces_merlab/share/move_interfaces_merlab/cmake/move_interfaces_merlab__rosidl_typesupport_introspection_cExport.cmake
-- Up-to-date: /home/artrpelli/HW5_RBE4540/install/move_interfaces_merlab/share/move_interfaces_merlab/cmake/move_interfaces_merlab__rosidl_typesupport_introspection_cExport-noconfig.cmake
-- Up-to-date: /home/artrpelli/HW5_RBE4540/install/move_interfaces_merlab/share/move_interfaces_merlab/cmake/move_interfaces_merlab__rosidl_typesupport_cExport.cmake
-- Up-to-date: /home/artrpelli/HW5_RBE4540/install/move_interfaces_merlab/share/move_interfaces_merlab/cmake/move_interfaces_merlab__rosidl_typesupport_cExport-noconfig.cmake
-- Up-to-date: /home/artrpelli/HW5_RBE4540/install/move_interfaces_merlab/share/move_interfaces_merlab/cmake/move_interfaces_merlab__rosidl_typesupport_introspection_cppExport.cmake
-- Up-to-date: /home/artrpelli/HW5_RBE4540/install/move_interfaces_merlab/share/move_interfaces_merlab/cmake/move_interfaces_merlab__rosidl_typesupport_introspection_cppExport-noconfig.cmake
-- Up-to-date: /home/artrpelli/HW5_RBE4540/install/move_interfaces_merlab/share/move_interfaces_merlab/cmake/move_interfaces_merlab__rosidl_typesupport_cppExport.cmake
-- Up-to-date: /home/artrpelli/HW5_RBE4540/install/move_interfaces_merlab/share/move_interfaces_merlab/cmake/move_interfaces_merlab__rosidl_typesupport_cppExport-noconfig.cmake
-- Up-to-date: /home/artrpelli/HW5_RBE4540/install/move_interfaces_merlab/share/move_interfaces_merlab/cmake/export_move_interfaces_merlab__rosidl_generator_pyExport.cmake
-- Up-to-date: /home/artrpelli/HW5_RBE4540/install/move_interfaces_merlab/share/move_interfaces_merlab/cmake/export_move_interfaces_merlab__rosidl_generator_pyExport-noconfig.cmake
-- Up-to-date: /home/artrpelli/HW5_RBE4540/install/move_interfaces_merlab/share/move_interfaces_merlab/cmake/rosidl_cmake-extras.cmake
-- Up-to-date: /home/artrpelli/HW5_RBE4540/install/move_interfaces_merlab/share/move_interfaces_merlab/cmake/ament_cmake_export_dependencies-extras.cmake
-- Up-to-date: /home/artrpelli/HW5_RBE4540/install/move_interfaces_merlab/share/move_interfaces_merlab/cmake/ament_cmake_export_include_directories-extras.cmake
-- Up-to-date: /home/artrpelli/HW5_RBE4540/install/move_interfaces_merlab/share/move_interfaces_merlab/cmake/ament_cmake_export_libraries-extras.cmake
-- Up-to-date: /home/artrpelli/HW5_RBE4540/install/move_interfaces_merlab/share/move_interfaces_merlab/cmake/ament_cmake_export_targets-extras.cmake
-- Up-to-date: /home/artrpelli/HW5_RBE4540/install/move_interfaces_merlab/share/move_interfaces_merlab/cmake/rosidl_cmake_export_typesupport_targets-extras.cmake
-- Up-to-date: /home/artrpelli/HW5_RBE4540/install/move_interfaces_merlab/share/move_interfaces_merlab/cmake/rosidl_cmake_export_typesupport_libraries-extras.cmake
-- Up-to-date: /home/artrpelli/HW5_RBE4540/install/move_interfaces_merlab/share/move_interfaces_merlab/cmake/move_interfaces_merlabConfig.cmake
-- Up-to-date: /home/artrpelli/HW5_RBE4540/install/move_interfaces_merlab/share/move_interfaces_merlab/cmake/move_interfaces_merlabConfig-version.cmake
-- Up-to-date: /home/artrpelli/HW5_RBE4540/install/move_interfaces_merlab/share/move_interfaces_merlab/package.xml
