[0.741s] Invoking command in '/home/paige-spalsbury/ros2_ws/src/hover_above': DEBUGINFOD_URLS=https://debuginfod.ubuntu.com PYTHONPATH=/home/paige-spalsbury/ros2_ws/src/hover_above/build/hover_above/prefix_override:/usr/lib/python3/dist-packages/colcon_core/task/python/colcon_distutils_commands:/home/paige-spalsbury/ros2_ws/src/hover_above/install/hover_above/lib/python3.12/site-packages:${PYTHONPATH} /usr/bin/python3 -W ignore:setup.py install is deprecated -W ignore:easy_install command is deprecated setup.py egg_info --egg-base build/hover_above build --build-base /home/paige-spalsbury/ros2_ws/src/hover_above/build/hover_above/build install --record /home/paige-spalsbury/ros2_ws/src/hover_above/build/hover_above/install.log --install-scripts $base/lib/hover_above --single-version-externally-managed install_data
[0.991s] running egg_info
[0.991s] creating build/hover_above/hover_above.egg-info
[1.005s] writing build/hover_above/hover_above.egg-info/PKG-INFO
[1.005s] writing dependency_links to build/hover_above/hover_above.egg-info/dependency_links.txt
[1.006s] writing entry points to build/hover_above/hover_above.egg-info/entry_points.txt
[1.006s] writing requirements to build/hover_above/hover_above.egg-info/requires.txt
[1.006s] writing top-level names to build/hover_above/hover_above.egg-info/top_level.txt
[1.006s] writing manifest file 'build/hover_above/hover_above.egg-info/SOURCES.txt'
[1.035s] reading manifest file 'build/hover_above/hover_above.egg-info/SOURCES.txt'
[1.035s] adding license file 'LICENSE'
[1.035s] writing manifest file 'build/hover_above/hover_above.egg-info/SOURCES.txt'
[1.036s] running build
[1.036s] running build_py
[1.036s] creating /home/paige-spalsbury/ros2_ws/src/hover_above/build/hover_above/build
[1.036s] creating /home/paige-spalsbury/ros2_ws/src/hover_above/build/hover_above/build/lib
[1.036s] creating /home/paige-spalsbury/ros2_ws/src/hover_above/build/hover_above/build/lib/hover_above
[1.036s] copying hover_above/__init__.py -> /home/paige-spalsbury/ros2_ws/src/hover_above/build/hover_above/build/lib/hover_above
[1.036s] copying hover_above/hover_func.py -> /home/paige-spalsbury/ros2_ws/src/hover_above/build/hover_above/build/lib/hover_above
[1.036s] copying hover_above/move_hover.py -> /home/paige-spalsbury/ros2_ws/src/hover_above/build/hover_above/build/lib/hover_above
[1.036s] running install
[1.041s] running install_lib
[1.055s] creating /home/paige-spalsbury/ros2_ws/src/hover_above/install/hover_above/lib/python3.12/site-packages/hover_above
[1.055s] copying /home/paige-spalsbury/ros2_ws/src/hover_above/build/hover_above/build/lib/hover_above/__init__.py -> /home/paige-spalsbury/ros2_ws/src/hover_above/install/hover_above/lib/python3.12/site-packages/hover_above
[1.056s] copying /home/paige-spalsbury/ros2_ws/src/hover_above/build/hover_above/build/lib/hover_above/hover_func.py -> /home/paige-spalsbury/ros2_ws/src/hover_above/install/hover_above/lib/python3.12/site-packages/hover_above
[1.056s] copying /home/paige-spalsbury/ros2_ws/src/hover_above/build/hover_above/build/lib/hover_above/move_hover.py -> /home/paige-spalsbury/ros2_ws/src/hover_above/install/hover_above/lib/python3.12/site-packages/hover_above
[1.056s] byte-compiling /home/paige-spalsbury/ros2_ws/src/hover_above/install/hover_above/lib/python3.12/site-packages/hover_above/__init__.py to __init__.cpython-312.pyc
[1.056s] byte-compiling /home/paige-spalsbury/ros2_ws/src/hover_above/install/hover_above/lib/python3.12/site-packages/hover_above/hover_func.py to hover_func.cpython-312.pyc
[1.059s] byte-compiling /home/paige-spalsbury/ros2_ws/src/hover_above/install/hover_above/lib/python3.12/site-packages/hover_above/move_hover.py to move_hover.cpython-312.pyc
[1.060s] running install_data
[1.060s] creating /home/paige-spalsbury/ros2_ws/src/hover_above/install/hover_above/share/ament_index
[1.060s] creating /home/paige-spalsbury/ros2_ws/src/hover_above/install/hover_above/share/ament_index/resource_index
[1.060s] creating /home/paige-spalsbury/ros2_ws/src/hover_above/install/hover_above/share/ament_index/resource_index/packages
[1.061s] copying resource/hover_above -> /home/paige-spalsbury/ros2_ws/src/hover_above/install/hover_above/share/ament_index/resource_index/packages
[1.061s] copying package.xml -> /home/paige-spalsbury/ros2_ws/src/hover_above/install/hover_above/share/hover_above
[1.061s] running install_egg_info
[1.076s] Copying build/hover_above/hover_above.egg-info to /home/paige-spalsbury/ros2_ws/src/hover_above/install/hover_above/lib/python3.12/site-packages/hover_above-0.0.0-py3.12.egg-info
[1.077s] running install_scripts
[1.179s] Installing hover script to /home/paige-spalsbury/ros2_ws/src/hover_above/install/hover_above/lib/hover_above
[1.180s] Installing move script to /home/paige-spalsbury/ros2_ws/src/hover_above/install/hover_above/lib/hover_above
[1.180s] writing list of installed files to '/home/paige-spalsbury/ros2_ws/src/hover_above/build/hover_above/install.log'
[1.204s] Invoked command in '/home/paige-spalsbury/ros2_ws/src/hover_above' returned '0': DEBUGINFOD_URLS=https://debuginfod.ubuntu.com PYTHONPATH=/home/paige-spalsbury/ros2_ws/src/hover_above/build/hover_above/prefix_override:/usr/lib/python3/dist-packages/colcon_core/task/python/colcon_distutils_commands:/home/paige-spalsbury/ros2_ws/src/hover_above/install/hover_above/lib/python3.12/site-packages:${PYTHONPATH} /usr/bin/python3 -W ignore:setup.py install is deprecated -W ignore:easy_install command is deprecated setup.py egg_info --egg-base build/hover_above build --build-base /home/paige-spalsbury/ros2_ws/src/hover_above/build/hover_above/build install --record /home/paige-spalsbury/ros2_ws/src/hover_above/build/hover_above/install.log --install-scripts $base/lib/hover_above --single-version-externally-managed install_data
