[0.174s] Invoking command in '/home/artrpelli/HW5_RBE4540/build/robotiq_controllers': CMAKE_PREFIX_PATH=${CMAKE_PREFIX_PATH}:/home/artrpelli/turtlebot3_ws/install/turtlebot3_teleop:/home/artrpelli/turtlebot3_ws/install/turtlebot3_example:/opt/ros/jazzy DEBUGINFOD_URLS=https://debuginfod.ubuntu.com /usr/bin/cmake --build /home/artrpelli/HW5_RBE4540/build/robotiq_controllers -- -j8 -l8
[0.244s] [100%] Built target robotiq_controllers
[0.268s] Invoked command in '/home/artrpelli/HW5_RBE4540/build/robotiq_controllers' returned '0': CMAKE_PREFIX_PATH=${CMAKE_PREFIX_PATH}:/home/artrpelli/turtlebot3_ws/install/turtlebot3_teleop:/home/artrpelli/turtlebot3_ws/install/turtlebot3_example:/opt/ros/jazzy DEBUGINFOD_URLS=https://debuginfod.ubuntu.com /usr/bin/cmake --build /home/artrpelli/HW5_RBE4540/build/robotiq_controllers -- -j8 -l8
[0.269s] Invoking command in '/home/artrpelli/HW5_RBE4540/build/robotiq_controllers': CMAKE_PREFIX_PATH=${CMAKE_PREFIX_PATH}:/home/artrpelli/turtlebot3_ws/install/turtlebot3_teleop:/home/artrpelli/turtlebot3_ws/install/turtlebot3_example:/opt/ros/jazzy DEBUGINFOD_URLS=https://debuginfod.ubuntu.com /usr/bin/cmake --install /home/artrpelli/HW5_RBE4540/build/robotiq_controllers
[0.289s] -- Install configuration: ""
[0.289s] -- Up-to-date: /home/artrpelli/HW5_RBE4540/install/robotiq_controllers/share/robotiq_controllers/controller_plugins.xml
[0.296s] -- Up-to-date: /home/artrpelli/HW5_RBE4540/install/robotiq_controllers/lib/librobotiq_controllers.so
[0.296s] -- Up-to-date: /home/artrpelli/HW5_RBE4540/install/robotiq_controllers/include
[0.296s] -- Up-to-date: /home/artrpelli/HW5_RBE4540/install/robotiq_controllers/include/robotiq_controllers
[0.296s] -- Up-to-date: /home/artrpelli/HW5_RBE4540/install/robotiq_controllers/include/robotiq_controllers/robotiq_activation_controller.hpp
[0.296s] -- Up-to-date: /home/artrpelli/HW5_RBE4540/install/robotiq_controllers/share/robotiq_controllers/environment/library_path.sh
[0.296s] -- Up-to-date: /home/artrpelli/HW5_RBE4540/install/robotiq_controllers/share/robotiq_controllers/environment/library_path.dsv
[0.296s] -- Up-to-date: /home/artrpelli/HW5_RBE4540/install/robotiq_controllers/share/ament_index/resource_index/package_run_dependencies/robotiq_controllers
[0.296s] -- Up-to-date: /home/artrpelli/HW5_RBE4540/install/robotiq_controllers/share/ament_index/resource_index/parent_prefix_path/robotiq_controllers
[0.296s] -- Up-to-date: /home/artrpelli/HW5_RBE4540/install/robotiq_controllers/share/robotiq_controllers/environment/ament_prefix_path.sh
[0.296s] -- Up-to-date: /home/artrpelli/HW5_RBE4540/install/robotiq_controllers/share/robotiq_controllers/environment/ament_prefix_path.dsv
[0.296s] -- Up-to-date: /home/artrpelli/HW5_RBE4540/install/robotiq_controllers/share/robotiq_controllers/environment/path.sh
[0.297s] -- Up-to-date: /home/artrpelli/HW5_RBE4540/install/robotiq_controllers/share/robotiq_controllers/environment/path.dsv
[0.297s] -- Up-to-date: /home/artrpelli/HW5_RBE4540/install/robotiq_controllers/share/robotiq_controllers/local_setup.bash
[0.297s] -- Up-to-date: /home/artrpelli/HW5_RBE4540/install/robotiq_controllers/share/robotiq_controllers/local_setup.sh
[0.297s] -- Up-to-date: /home/artrpelli/HW5_RBE4540/install/robotiq_controllers/share/robotiq_controllers/local_setup.zsh
[0.297s] -- Up-to-date: /home/artrpelli/HW5_RBE4540/install/robotiq_controllers/share/robotiq_controllers/local_setup.dsv
[0.297s] -- Installing: /home/artrpelli/HW5_RBE4540/install/robotiq_controllers/share/robotiq_controllers/package.dsv
[0.297s] -- Up-to-date: /home/artrpelli/HW5_RBE4540/install/robotiq_controllers/share/ament_index/resource_index/packages/robotiq_controllers
[0.297s] -- Up-to-date: /home/artrpelli/HW5_RBE4540/install/robotiq_controllers/share/ament_index/resource_index/controller_interface__pluginlib__plugin/robotiq_controllers
[0.302s] -- Up-to-date: /home/artrpelli/HW5_RBE4540/install/robotiq_controllers/share/robotiq_controllers/cmake/export_robotiq_controllersExport.cmake
[0.302s] -- Up-to-date: /home/artrpelli/HW5_RBE4540/install/robotiq_controllers/share/robotiq_controllers/cmake/export_robotiq_controllersExport-noconfig.cmake
[0.302s] -- Up-to-date: /home/artrpelli/HW5_RBE4540/install/robotiq_controllers/share/robotiq_controllers/cmake/ament_cmake_export_include_directories-extras.cmake
[0.302s] -- Up-to-date: /home/artrpelli/HW5_RBE4540/install/robotiq_controllers/share/robotiq_controllers/cmake/ament_cmake_export_libraries-extras.cmake
[0.302s] -- Up-to-date: /home/artrpelli/HW5_RBE4540/install/robotiq_controllers/share/robotiq_controllers/cmake/ament_cmake_export_targets-extras.cmake
[0.302s] -- Up-to-date: /home/artrpelli/HW5_RBE4540/install/robotiq_controllers/share/robotiq_controllers/cmake/ament_cmake_export_dependencies-extras.cmake
[0.302s] -- Up-to-date: /home/artrpelli/HW5_RBE4540/install/robotiq_controllers/share/robotiq_controllers/cmake/robotiq_controllersConfig.cmake
[0.302s] -- Up-to-date: /home/artrpelli/HW5_RBE4540/install/robotiq_controllers/share/robotiq_controllers/cmake/robotiq_controllersConfig-version.cmake
[0.302s] -- Up-to-date: /home/artrpelli/HW5_RBE4540/install/robotiq_controllers/share/robotiq_controllers/package.xml
[0.305s] Invoked command in '/home/artrpelli/HW5_RBE4540/build/robotiq_controllers' returned '0': CMAKE_PREFIX_PATH=${CMAKE_PREFIX_PATH}:/home/artrpelli/turtlebot3_ws/install/turtlebot3_teleop:/home/artrpelli/turtlebot3_ws/install/turtlebot3_example:/opt/ros/jazzy DEBUGINFOD_URLS=https://debuginfod.ubuntu.com /usr/bin/cmake --install /home/artrpelli/HW5_RBE4540/build/robotiq_controllers
