-- The C compiler identification is GNU 13.3.0
-- The CXX compiler identification is GNU 13.3.0
-- Detecting C compiler ABI info
-- Detecting C compiler ABI info - done
-- Check for working C compiler: /usr/bin/cc - skipped
-- Detecting C compile features
-- Detecting C compile features - done
-- Detecting CXX compiler ABI info
-- Detecting CXX compiler ABI info - done
-- Check for working CXX compiler: /usr/bin/c++ - skipped
-- Detecting CXX compile features
-- Detecting CXX compile features - done
-- Found ament_cmake: 2.5.6 (/opt/ros/jazzy/share/ament_cmake/cmake)
-- Found Python3: /usr/bin/python3 (found version "3.12.3") found components: Interpreter 
-- Found controller_interface: 4.48.0 (/opt/ros/jazzy/share/controller_interface/cmake)
-- Found rosidl_generator_c: 4.6.9 (/opt/ros/jazzy/share/rosidl_generator_c/cmake)
-- Found rosidl_generator_cpp: 4.6.9 (/opt/ros/jazzy/share/rosidl_generator_cpp/cmake)
-- Using all available rosidl_typesupport_c: rosidl_typesupport_fastrtps_c;rosidl_typesupport_introspection_c
-- Using all available rosidl_typesupport_cpp: rosidl_typesupport_fastrtps_cpp;rosidl_typesupport_introspection_cpp
-- Found TinyXML2 via Config file: /usr/lib/x86_64-linux-gnu/cmake/tinyxml2
-- Found rmw_implementation_cmake: 7.3.3 (/opt/ros/jazzy/share/rmw_implementation_cmake/cmake)
-- Found rmw_fastrtps_cpp: 8.4.4 (/opt/ros/jazzy/share/rmw_fastrtps_cpp/cmake)
-- Found TinyXML2 via Config file: /usr/lib/x86_64-linux-gnu/cmake/tinyxml2
-- Found OpenSSL: /usr/lib/x86_64-linux-gnu/libcrypto.so (found version "3.0.13")  
-- Found TinyXML2 via Config file: /usr/lib/x86_64-linux-gnu/cmake/tinyxml2
-- Found FastRTPS: /opt/ros/jazzy/include (Required is at least version "2.13") 
-- Found TinyXML2 via Config file: /usr/lib/x86_64-linux-gnu/cmake/tinyxml2
-- Found TinyXML2 via Config file: /usr/lib/x86_64-linux-gnu/cmake/tinyxml2
-- Using RMW implementation 'rmw_fastrtps_cpp' as default
-- Found Boost: /usr/lib/x86_64-linux-gnu/cmake/Boost-1.83.0/BoostConfig.cmake (found version "1.83.0")  
-- Found std_srvs: 5.3.8 (/opt/ros/jazzy/share/std_srvs/cmake)
-- Found ament_lint_auto: 0.17.5 (/opt/ros/jazzy/share/ament_lint_auto/cmake)
-- Added test 'cppcheck' to perform static code analysis on C / C++ code
-- Configured cppcheck include dirs: /home/paige-spalsbury/ros2_ws/src/hover_above/ros2_robotiq_gripper/robotiq_controllers/include
-- Configured cppcheck exclude dirs and/or files: 
-- Added test 'lint_cmake' to check CMake code style
-- Configuring done (1.4s)
-- Generating done (0.0s)
-- Build files have been written to: /home/paige-spalsbury/ros2_ws/src/hover_above/ros2_robotiq_gripper/build/robotiq_controllers
[ 50%] [32mBuilding CXX object CMakeFiles/robotiq_controllers.dir/src/robotiq_activation_controller.cpp.o[0m
[100%] [32m[1mLinking CXX shared library librobotiq_controllers.so[0m
[100%] Built target robotiq_controllers
-- Install configuration: ""
-- Installing: /home/paige-spalsbury/ros2_ws/src/hover_above/ros2_robotiq_gripper/install/robotiq_controllers/share/robotiq_controllers/controller_plugins.xml
-- Installing: /home/paige-spalsbury/ros2_ws/src/hover_above/ros2_robotiq_gripper/install/robotiq_controllers/lib/librobotiq_controllers.so
-- Set non-toolchain portion of runtime path of "/home/paige-spalsbury/ros2_ws/src/hover_above/ros2_robotiq_gripper/install/robotiq_controllers/lib/librobotiq_controllers.so" to ""
-- Installing: /home/paige-spalsbury/ros2_ws/src/hover_above/ros2_robotiq_gripper/install/robotiq_controllers/include
-- Installing: /home/paige-spalsbury/ros2_ws/src/hover_above/ros2_robotiq_gripper/install/robotiq_controllers/include/robotiq_controllers
-- Installing: /home/paige-spalsbury/ros2_ws/src/hover_above/ros2_robotiq_gripper/install/robotiq_controllers/include/robotiq_controllers/robotiq_activation_controller.hpp
-- Installing: /home/paige-spalsbury/ros2_ws/src/hover_above/ros2_robotiq_gripper/install/robotiq_controllers/share/robotiq_controllers/environment/library_path.sh
-- Installing: /home/paige-spalsbury/ros2_ws/src/hover_above/ros2_robotiq_gripper/install/robotiq_controllers/share/robotiq_controllers/environment/library_path.dsv
-- Installing: /home/paige-spalsbury/ros2_ws/src/hover_above/ros2_robotiq_gripper/install/robotiq_controllers/share/ament_index/resource_index/package_run_dependencies/robotiq_controllers
-- Installing: /home/paige-spalsbury/ros2_ws/src/hover_above/ros2_robotiq_gripper/install/robotiq_controllers/share/ament_index/resource_index/parent_prefix_path/robotiq_controllers
-- Installing: /home/paige-spalsbury/ros2_ws/src/hover_above/ros2_robotiq_gripper/install/robotiq_controllers/share/robotiq_controllers/environment/ament_prefix_path.sh
-- Installing: /home/paige-spalsbury/ros2_ws/src/hover_above/ros2_robotiq_gripper/install/robotiq_controllers/share/robotiq_controllers/environment/ament_prefix_path.dsv
-- Installing: /home/paige-spalsbury/ros2_ws/src/hover_above/ros2_robotiq_gripper/install/robotiq_controllers/share/robotiq_controllers/environment/path.sh
-- Installing: /home/paige-spalsbury/ros2_ws/src/hover_above/ros2_robotiq_gripper/install/robotiq_controllers/share/robotiq_controllers/environment/path.dsv
-- Installing: /home/paige-spalsbury/ros2_ws/src/hover_above/ros2_robotiq_gripper/install/robotiq_controllers/share/robotiq_controllers/local_setup.bash
-- Installing: /home/paige-spalsbury/ros2_ws/src/hover_above/ros2_robotiq_gripper/install/robotiq_controllers/share/robotiq_controllers/local_setup.sh
-- Installing: /home/paige-spalsbury/ros2_ws/src/hover_above/ros2_robotiq_gripper/install/robotiq_controllers/share/robotiq_controllers/local_setup.zsh
-- Installing: /home/paige-spalsbury/ros2_ws/src/hover_above/ros2_robotiq_gripper/install/robotiq_controllers/share/robotiq_controllers/local_setup.dsv
-- Installing: /home/paige-spalsbury/ros2_ws/src/hover_above/ros2_robotiq_gripper/install/robotiq_controllers/share/robotiq_controllers/package.dsv
-- Installing: /home/paige-spalsbury/ros2_ws/src/hover_above/ros2_robotiq_gripper/install/robotiq_controllers/share/ament_index/resource_index/packages/robotiq_controllers
-- Installing: /home/paige-spalsbury/ros2_ws/src/hover_above/ros2_robotiq_gripper/install/robotiq_controllers/share/ament_index/resource_index/controller_interface__pluginlib__plugin/robotiq_controllers
-- Installing: /home/paige-spalsbury/ros2_ws/src/hover_above/ros2_robotiq_gripper/install/robotiq_controllers/share/robotiq_controllers/cmake/export_robotiq_controllersExport.cmake
-- Installing: /home/paige-spalsbury/ros2_ws/src/hover_above/ros2_robotiq_gripper/install/robotiq_controllers/share/robotiq_controllers/cmake/export_robotiq_controllersExport-noconfig.cmake
-- Installing: /home/paige-spalsbury/ros2_ws/src/hover_above/ros2_robotiq_gripper/install/robotiq_controllers/share/robotiq_controllers/cmake/ament_cmake_export_include_directories-extras.cmake
-- Installing: /home/paige-spalsbury/ros2_ws/src/hover_above/ros2_robotiq_gripper/install/robotiq_controllers/share/robotiq_controllers/cmake/ament_cmake_export_libraries-extras.cmake
-- Installing: /home/paige-spalsbury/ros2_ws/src/hover_above/ros2_robotiq_gripper/install/robotiq_controllers/share/robotiq_controllers/cmake/ament_cmake_export_targets-extras.cmake
-- Installing: /home/paige-spalsbury/ros2_ws/src/hover_above/ros2_robotiq_gripper/install/robotiq_controllers/share/robotiq_controllers/cmake/ament_cmake_export_dependencies-extras.cmake
-- Installing: /home/paige-spalsbury/ros2_ws/src/hover_above/ros2_robotiq_gripper/install/robotiq_controllers/share/robotiq_controllers/cmake/robotiq_controllersConfig.cmake
-- Installing: /home/paige-spalsbury/ros2_ws/src/hover_above/ros2_robotiq_gripper/install/robotiq_controllers/share/robotiq_controllers/cmake/robotiq_controllersConfig-version.cmake
-- Installing: /home/paige-spalsbury/ros2_ws/src/hover_above/ros2_robotiq_gripper/install/robotiq_controllers/share/robotiq_controllers/package.xml
