[0.008s] Invoking command in '/home/paige-spalsbury/ros2_ws/src/hover_above/ros2_robotiq_gripper/build/robotiq_controllers': CMAKE_PREFIX_PATH=${CMAKE_PREFIX_PATH}:/home/paige-spalsbury/ros2_ws/src/install/hover_above:/home/paige-spalsbury/ros2_ws/install/forces_servcli:/home/paige-spalsbury/ros2_ws/install/python_parameters:/home/paige-spalsbury/ros2_ws/install/py_srvcli:/home/paige-spalsbury/ros2_ws/install/py_pubsub:/home/paige-spalsbury/ros2_ws/install/my_package:/home/paige-spalsbury/ros2_ws/install/launch_testing_examples:/home/paige-spalsbury/ros2_ws/install/hover_above:/home/paige-spalsbury/ros2_ws/install/graspmat_srvcli:/home/paige-spalsbury/ros2_ws/install/examples_rclpy_pointcloud_publisher:/home/paige-spalsbury/ros2_ws/install/examples_rclpy_minimal_subscriber:/home/paige-spalsbury/ros2_ws/install/examples_rclpy_minimal_service:/home/paige-spalsbury/ros2_ws/install/examples_rclpy_minimal_publisher:/home/paige-spalsbury/ros2_ws/install/examples_rclpy_minimal_client:/home/paige-spalsbury/ros2_ws/install/examples_rclpy_minimal_action_server:/home/paige-spalsbury/ros2_ws/install/examples_rclpy_minimal_action_client:/home/paige-spalsbury/ros2_ws/install/examples_rclpy_guard_conditions:/home/paige-spalsbury/ros2_ws/install/examples_rclpy_executors:/opt/ros/jazzy DEBUGINFOD_URLS=https://debuginfod.ubuntu.com /usr/bin/cmake /home/paige-spalsbury/ros2_ws/src/hover_above/ros2_robotiq_gripper/robotiq_controllers -DCMAKE_INSTALL_PREFIX=/home/paige-spalsbury/ros2_ws/src/hover_above/ros2_robotiq_gripper/install/robotiq_controllers
[0.122s] -- The C compiler identification is GNU 13.3.0
[0.193s] -- The CXX compiler identification is GNU 13.3.0
[0.205s] -- Detecting C compiler ABI info
[0.266s] -- Detecting C compiler ABI info - done
[0.272s] -- Check for working C compiler: /usr/bin/cc - skipped
[0.275s] -- Detecting C compile features
[0.276s] -- Detecting C compile features - done
[0.282s] -- Detecting CXX compiler ABI info
[0.339s] -- Detecting CXX compiler ABI info - done
[0.345s] -- Check for working CXX compiler: /usr/bin/c++ - skipped
[0.346s] -- Detecting CXX compile features
[0.346s] -- Detecting CXX compile features - done
[0.420s] -- Found ament_cmake: 2.5.6 (/opt/ros/jazzy/share/ament_cmake/cmake)
[0.531s] -- Found Python3: /usr/bin/python3 (found version "3.12.3") found components: Interpreter 
[0.627s] -- Found controller_interface: 4.48.0 (/opt/ros/jazzy/share/controller_interface/cmake)
[0.693s] -- Found rosidl_generator_c: 4.6.9 (/opt/ros/jazzy/share/rosidl_generator_c/cmake)
[0.705s] -- Found rosidl_generator_cpp: 4.6.9 (/opt/ros/jazzy/share/rosidl_generator_cpp/cmake)
[0.719s] -- Using all available rosidl_typesupport_c: rosidl_typesupport_fastrtps_c;rosidl_typesupport_introspection_c
[0.735s] -- Using all available rosidl_typesupport_cpp: rosidl_typesupport_fastrtps_cpp;rosidl_typesupport_introspection_cpp
[0.893s] -- Found TinyXML2 via Config file: /usr/lib/x86_64-linux-gnu/cmake/tinyxml2
[0.931s] -- Found rmw_implementation_cmake: 7.3.3 (/opt/ros/jazzy/share/rmw_implementation_cmake/cmake)
[0.935s] -- Found rmw_fastrtps_cpp: 8.4.4 (/opt/ros/jazzy/share/rmw_fastrtps_cpp/cmake)
[0.956s] -- Found TinyXML2 via Config file: /usr/lib/x86_64-linux-gnu/cmake/tinyxml2
[1.042s] -- Found OpenSSL: /usr/lib/x86_64-linux-gnu/libcrypto.so (found version "3.0.13")  
[1.045s] -- Found TinyXML2 via Config file: /usr/lib/x86_64-linux-gnu/cmake/tinyxml2
[1.059s] -- Found FastRTPS: /opt/ros/jazzy/include (Required is at least version "2.13") 
[1.061s] -- Found TinyXML2 via Config file: /usr/lib/x86_64-linux-gnu/cmake/tinyxml2
[1.066s] -- Found TinyXML2 via Config file: /usr/lib/x86_64-linux-gnu/cmake/tinyxml2
[1.075s] -- Using RMW implementation 'rmw_fastrtps_cpp' as default
[1.174s] -- Found Boost: /usr/lib/x86_64-linux-gnu/cmake/Boost-1.83.0/BoostConfig.cmake (found version "1.83.0")  
[1.318s] -- Found std_srvs: 5.3.8 (/opt/ros/jazzy/share/std_srvs/cmake)
[1.337s] -- Found ament_lint_auto: 0.17.5 (/opt/ros/jazzy/share/ament_lint_auto/cmake)
[1.414s] -- Added test 'cppcheck' to perform static code analysis on C / C++ code
[1.414s] -- Configured cppcheck include dirs: /home/paige-spalsbury/ros2_ws/src/hover_above/ros2_robotiq_gripper/robotiq_controllers/include
[1.414s] -- Configured cppcheck exclude dirs and/or files: 
[1.415s] -- Added test 'lint_cmake' to check CMake code style
[1.419s] -- Configuring done (1.4s)
[1.434s] -- Generating done (0.0s)
[1.437s] -- Build files have been written to: /home/paige-spalsbury/ros2_ws/src/hover_above/ros2_robotiq_gripper/build/robotiq_controllers
[1.444s] Invoked command in '/home/paige-spalsbury/ros2_ws/src/hover_above/ros2_robotiq_gripper/build/robotiq_controllers' returned '0': CMAKE_PREFIX_PATH=${CMAKE_PREFIX_PATH}:/home/paige-spalsbury/ros2_ws/src/install/hover_above:/home/paige-spalsbury/ros2_ws/install/forces_servcli:/home/paige-spalsbury/ros2_ws/install/python_parameters:/home/paige-spalsbury/ros2_ws/install/py_srvcli:/home/paige-spalsbury/ros2_ws/install/py_pubsub:/home/paige-spalsbury/ros2_ws/install/my_package:/home/paige-spalsbury/ros2_ws/install/launch_testing_examples:/home/paige-spalsbury/ros2_ws/install/hover_above:/home/paige-spalsbury/ros2_ws/install/graspmat_srvcli:/home/paige-spalsbury/ros2_ws/install/examples_rclpy_pointcloud_publisher:/home/paige-spalsbury/ros2_ws/install/examples_rclpy_minimal_subscriber:/home/paige-spalsbury/ros2_ws/install/examples_rclpy_minimal_service:/home/paige-spalsbury/ros2_ws/install/examples_rclpy_minimal_publisher:/home/paige-spalsbury/ros2_ws/install/examples_rclpy_minimal_client:/home/paige-spalsbury/ros2_ws/install/examples_rclpy_minimal_action_server:/home/paige-spalsbury/ros2_ws/install/examples_rclpy_minimal_action_client:/home/paige-spalsbury/ros2_ws/install/examples_rclpy_guard_conditions:/home/paige-spalsbury/ros2_ws/install/examples_rclpy_executors:/opt/ros/jazzy DEBUGINFOD_URLS=https://debuginfod.ubuntu.com /usr/bin/cmake /home/paige-spalsbury/ros2_ws/src/hover_above/ros2_robotiq_gripper/robotiq_controllers -DCMAKE_INSTALL_PREFIX=/home/paige-spalsbury/ros2_ws/src/hover_above/ros2_robotiq_gripper/install/robotiq_controllers
[1.444s] Invoking command in '/home/paige-spalsbury/ros2_ws/src/hover_above/ros2_robotiq_gripper/build/robotiq_controllers': CMAKE_PREFIX_PATH=${CMAKE_PREFIX_PATH}:/home/paige-spalsbury/ros2_ws/src/install/hover_above:/home/paige-spalsbury/ros2_ws/install/forces_servcli:/home/paige-spalsbury/ros2_ws/install/python_parameters:/home/paige-spalsbury/ros2_ws/install/py_srvcli:/home/paige-spalsbury/ros2_ws/install/py_pubsub:/home/paige-spalsbury/ros2_ws/install/my_package:/home/paige-spalsbury/ros2_ws/install/launch_testing_examples:/home/paige-spalsbury/ros2_ws/install/hover_above:/home/paige-spalsbury/ros2_ws/install/graspmat_srvcli:/home/paige-spalsbury/ros2_ws/install/examples_rclpy_pointcloud_publisher:/home/paige-spalsbury/ros2_ws/install/examples_rclpy_minimal_subscriber:/home/paige-spalsbury/ros2_ws/install/examples_rclpy_minimal_service:/home/paige-spalsbury/ros2_ws/install/examples_rclpy_minimal_publisher:/home/paige-spalsbury/ros2_ws/install/examples_rclpy_minimal_client:/home/paige-spalsbury/ros2_ws/install/examples_rclpy_minimal_action_server:/home/paige-spalsbury/ros2_ws/install/examples_rclpy_minimal_action_client:/home/paige-spalsbury/ros2_ws/install/examples_rclpy_guard_conditions:/home/paige-spalsbury/ros2_ws/install/examples_rclpy_executors:/opt/ros/jazzy DEBUGINFOD_URLS=https://debuginfod.ubuntu.com /usr/bin/cmake --build /home/paige-spalsbury/ros2_ws/src/hover_above/ros2_robotiq_gripper/build/robotiq_controllers -- -j20 -l20
[1.496s] [ 50%] [32mBuilding CXX object CMakeFiles/robotiq_controllers.dir/src/robotiq_activation_controller.cpp.o[0m
[3.833s] [100%] [32m[1mLinking CXX shared library librobotiq_controllers.so[0m
[3.957s] [100%] Built target robotiq_controllers
[3.964s] Invoked command in '/home/paige-spalsbury/ros2_ws/src/hover_above/ros2_robotiq_gripper/build/robotiq_controllers' returned '0': CMAKE_PREFIX_PATH=${CMAKE_PREFIX_PATH}:/home/paige-spalsbury/ros2_ws/src/install/hover_above:/home/paige-spalsbury/ros2_ws/install/forces_servcli:/home/paige-spalsbury/ros2_ws/install/python_parameters:/home/paige-spalsbury/ros2_ws/install/py_srvcli:/home/paige-spalsbury/ros2_ws/install/py_pubsub:/home/paige-spalsbury/ros2_ws/install/my_package:/home/paige-spalsbury/ros2_ws/install/launch_testing_examples:/home/paige-spalsbury/ros2_ws/install/hover_above:/home/paige-spalsbury/ros2_ws/install/graspmat_srvcli:/home/paige-spalsbury/ros2_ws/install/examples_rclpy_pointcloud_publisher:/home/paige-spalsbury/ros2_ws/install/examples_rclpy_minimal_subscriber:/home/paige-spalsbury/ros2_ws/install/examples_rclpy_minimal_service:/home/paige-spalsbury/ros2_ws/install/examples_rclpy_minimal_publisher:/home/paige-spalsbury/ros2_ws/install/examples_rclpy_minimal_client:/home/paige-spalsbury/ros2_ws/install/examples_rclpy_minimal_action_server:/home/paige-spalsbury/ros2_ws/install/examples_rclpy_minimal_action_client:/home/paige-spalsbury/ros2_ws/install/examples_rclpy_guard_conditions:/home/paige-spalsbury/ros2_ws/install/examples_rclpy_executors:/opt/ros/jazzy DEBUGINFOD_URLS=https://debuginfod.ubuntu.com /usr/bin/cmake --build /home/paige-spalsbury/ros2_ws/src/hover_above/ros2_robotiq_gripper/build/robotiq_controllers -- -j20 -l20
[3.964s] Invoking command in '/home/paige-spalsbury/ros2_ws/src/hover_above/ros2_robotiq_gripper/build/robotiq_controllers': CMAKE_PREFIX_PATH=${CMAKE_PREFIX_PATH}:/home/paige-spalsbury/ros2_ws/src/install/hover_above:/home/paige-spalsbury/ros2_ws/install/forces_servcli:/home/paige-spalsbury/ros2_ws/install/python_parameters:/home/paige-spalsbury/ros2_ws/install/py_srvcli:/home/paige-spalsbury/ros2_ws/install/py_pubsub:/home/paige-spalsbury/ros2_ws/install/my_package:/home/paige-spalsbury/ros2_ws/install/launch_testing_examples:/home/paige-spalsbury/ros2_ws/install/hover_above:/home/paige-spalsbury/ros2_ws/install/graspmat_srvcli:/home/paige-spalsbury/ros2_ws/install/examples_rclpy_pointcloud_publisher:/home/paige-spalsbury/ros2_ws/install/examples_rclpy_minimal_subscriber:/home/paige-spalsbury/ros2_ws/install/examples_rclpy_minimal_service:/home/paige-spalsbury/ros2_ws/install/examples_rclpy_minimal_publisher:/home/paige-spalsbury/ros2_ws/install/examples_rclpy_minimal_client:/home/paige-spalsbury/ros2_ws/install/examples_rclpy_minimal_action_server:/home/paige-spalsbury/ros2_ws/install/examples_rclpy_minimal_action_client:/home/paige-spalsbury/ros2_ws/install/examples_rclpy_guard_conditions:/home/paige-spalsbury/ros2_ws/install/examples_rclpy_executors:/opt/ros/jazzy DEBUGINFOD_URLS=https://debuginfod.ubuntu.com /usr/bin/cmake --install /home/paige-spalsbury/ros2_ws/src/hover_above/ros2_robotiq_gripper/build/robotiq_controllers
[3.969s] -- Install configuration: ""
[3.969s] -- Installing: /home/paige-spalsbury/ros2_ws/src/hover_above/ros2_robotiq_gripper/install/robotiq_controllers/share/robotiq_controllers/controller_plugins.xml
[3.969s] -- Installing: /home/paige-spalsbury/ros2_ws/src/hover_above/ros2_robotiq_gripper/install/robotiq_controllers/lib/librobotiq_controllers.so
[3.970s] -- Set non-toolchain portion of runtime path of "/home/paige-spalsbury/ros2_ws/src/hover_above/ros2_robotiq_gripper/install/robotiq_controllers/lib/librobotiq_controllers.so" to ""
[3.970s] -- Installing: /home/paige-spalsbury/ros2_ws/src/hover_above/ros2_robotiq_gripper/install/robotiq_controllers/include
[3.970s] -- Installing: /home/paige-spalsbury/ros2_ws/src/hover_above/ros2_robotiq_gripper/install/robotiq_controllers/include/robotiq_controllers
[3.970s] -- Installing: /home/paige-spalsbury/ros2_ws/src/hover_above/ros2_robotiq_gripper/install/robotiq_controllers/include/robotiq_controllers/robotiq_activation_controller.hpp
[3.970s] -- Installing: /home/paige-spalsbury/ros2_ws/src/hover_above/ros2_robotiq_gripper/install/robotiq_controllers/share/robotiq_controllers/environment/library_path.sh
[3.970s] -- Installing: /home/paige-spalsbury/ros2_ws/src/hover_above/ros2_robotiq_gripper/install/robotiq_controllers/share/robotiq_controllers/environment/library_path.dsv
[3.970s] -- Installing: /home/paige-spalsbury/ros2_ws/src/hover_above/ros2_robotiq_gripper/install/robotiq_controllers/share/ament_index/resource_index/package_run_dependencies/robotiq_controllers
[3.970s] -- Installing: /home/paige-spalsbury/ros2_ws/src/hover_above/ros2_robotiq_gripper/install/robotiq_controllers/share/ament_index/resource_index/parent_prefix_path/robotiq_controllers
[3.970s] -- Installing: /home/paige-spalsbury/ros2_ws/src/hover_above/ros2_robotiq_gripper/install/robotiq_controllers/share/robotiq_controllers/environment/ament_prefix_path.sh
[3.970s] -- Installing: /home/paige-spalsbury/ros2_ws/src/hover_above/ros2_robotiq_gripper/install/robotiq_controllers/share/robotiq_controllers/environment/ament_prefix_path.dsv
[3.970s] -- Installing: /home/paige-spalsbury/ros2_ws/src/hover_above/ros2_robotiq_gripper/install/robotiq_controllers/share/robotiq_controllers/environment/path.sh
[3.970s] -- Installing: /home/paige-spalsbury/ros2_ws/src/hover_above/ros2_robotiq_gripper/install/robotiq_controllers/share/robotiq_controllers/environment/path.dsv
[3.970s] -- Installing: /home/paige-spalsbury/ros2_ws/src/hover_above/ros2_robotiq_gripper/install/robotiq_controllers/share/robotiq_controllers/local_setup.bash
[3.970s] -- Installing: /home/paige-spalsbury/ros2_ws/src/hover_above/ros2_robotiq_gripper/install/robotiq_controllers/share/robotiq_controllers/local_setup.sh
[3.970s] -- Installing: /home/paige-spalsbury/ros2_ws/src/hover_above/ros2_robotiq_gripper/install/robotiq_controllers/share/robotiq_controllers/local_setup.zsh
[3.971s] -- Installing: /home/paige-spalsbury/ros2_ws/src/hover_above/ros2_robotiq_gripper/install/robotiq_controllers/share/robotiq_controllers/local_setup.dsv
[3.971s] -- Installing: /home/paige-spalsbury/ros2_ws/src/hover_above/ros2_robotiq_gripper/install/robotiq_controllers/share/robotiq_controllers/package.dsv
[3.971s] -- Installing: /home/paige-spalsbury/ros2_ws/src/hover_above/ros2_robotiq_gripper/install/robotiq_controllers/share/ament_index/resource_index/packages/robotiq_controllers
[3.971s] -- Installing: /home/paige-spalsbury/ros2_ws/src/hover_above/ros2_robotiq_gripper/install/robotiq_controllers/share/ament_index/resource_index/controller_interface__pluginlib__plugin/robotiq_controllers
[3.971s] -- Installing: /home/paige-spalsbury/ros2_ws/src/hover_above/ros2_robotiq_gripper/install/robotiq_controllers/share/robotiq_controllers/cmake/export_robotiq_controllersExport.cmake
[3.971s] -- Installing: /home/paige-spalsbury/ros2_ws/src/hover_above/ros2_robotiq_gripper/install/robotiq_controllers/share/robotiq_controllers/cmake/export_robotiq_controllersExport-noconfig.cmake
[3.971s] -- Installing: /home/paige-spalsbury/ros2_ws/src/hover_above/ros2_robotiq_gripper/install/robotiq_controllers/share/robotiq_controllers/cmake/ament_cmake_export_include_directories-extras.cmake
[3.971s] -- Installing: /home/paige-spalsbury/ros2_ws/src/hover_above/ros2_robotiq_gripper/install/robotiq_controllers/share/robotiq_controllers/cmake/ament_cmake_export_libraries-extras.cmake
[3.971s] -- Installing: /home/paige-spalsbury/ros2_ws/src/hover_above/ros2_robotiq_gripper/install/robotiq_controllers/share/robotiq_controllers/cmake/ament_cmake_export_targets-extras.cmake
[3.971s] -- Installing: /home/paige-spalsbury/ros2_ws/src/hover_above/ros2_robotiq_gripper/install/robotiq_controllers/share/robotiq_controllers/cmake/ament_cmake_export_dependencies-extras.cmake
[3.971s] -- Installing: /home/paige-spalsbury/ros2_ws/src/hover_above/ros2_robotiq_gripper/install/robotiq_controllers/share/robotiq_controllers/cmake/robotiq_controllersConfig.cmake
[3.971s] -- Installing: /home/paige-spalsbury/ros2_ws/src/hover_above/ros2_robotiq_gripper/install/robotiq_controllers/share/robotiq_controllers/cmake/robotiq_controllersConfig-version.cmake
[3.971s] -- Installing: /home/paige-spalsbury/ros2_ws/src/hover_above/ros2_robotiq_gripper/install/robotiq_controllers/share/robotiq_controllers/package.xml
[3.972s] Invoked command in '/home/paige-spalsbury/ros2_ws/src/hover_above/ros2_robotiq_gripper/build/robotiq_controllers' returned '0': CMAKE_PREFIX_PATH=${CMAKE_PREFIX_PATH}:/home/paige-spalsbury/ros2_ws/src/install/hover_above:/home/paige-spalsbury/ros2_ws/install/forces_servcli:/home/paige-spalsbury/ros2_ws/install/python_parameters:/home/paige-spalsbury/ros2_ws/install/py_srvcli:/home/paige-spalsbury/ros2_ws/install/py_pubsub:/home/paige-spalsbury/ros2_ws/install/my_package:/home/paige-spalsbury/ros2_ws/install/launch_testing_examples:/home/paige-spalsbury/ros2_ws/install/hover_above:/home/paige-spalsbury/ros2_ws/install/graspmat_srvcli:/home/paige-spalsbury/ros2_ws/install/examples_rclpy_pointcloud_publisher:/home/paige-spalsbury/ros2_ws/install/examples_rclpy_minimal_subscriber:/home/paige-spalsbury/ros2_ws/install/examples_rclpy_minimal_service:/home/paige-spalsbury/ros2_ws/install/examples_rclpy_minimal_publisher:/home/paige-spalsbury/ros2_ws/install/examples_rclpy_minimal_client:/home/paige-spalsbury/ros2_ws/install/examples_rclpy_minimal_action_server:/home/paige-spalsbury/ros2_ws/install/examples_rclpy_minimal_action_client:/home/paige-spalsbury/ros2_ws/install/examples_rclpy_guard_conditions:/home/paige-spalsbury/ros2_ws/install/examples_rclpy_executors:/opt/ros/jazzy DEBUGINFOD_URLS=https://debuginfod.ubuntu.com /usr/bin/cmake --install /home/paige-spalsbury/ros2_ws/src/hover_above/ros2_robotiq_gripper/build/robotiq_controllers
