[0.055s] DEBUG:colcon:Command line arguments: ['/usr/bin/colcon', 'build']
[0.055s] DEBUG:colcon:Parsed command line arguments: Namespace(log_base=None, log_level=None, verb_name='build', build_base='build', install_base='install', merge_install=False, symlink_install=False, test_result_base=None, continue_on_error=False, executor='parallel', parallel_workers=20, event_handlers=None, ignore_user_meta=False, metas=['./colcon.meta'], base_paths=['.'], packages_ignore=None, packages_ignore_regex=None, paths=None, packages_up_to=None, packages_up_to_regex=None, packages_above=None, packages_above_and_dependencies=None, packages_above_depth=None, packages_select_by_dep=None, packages_skip_by_dep=None, packages_skip_up_to=None, packages_select_build_failed=False, packages_skip_build_finished=False, packages_select_test_failures=False, packages_skip_test_passed=False, packages_select=None, packages_skip=None, packages_select_regex=None, packages_skip_regex=None, packages_start=None, packages_end=None, allow_overriding=[], cmake_args=None, cmake_target=None, cmake_target_skip_unavailable=False, cmake_clean_cache=False, cmake_clean_first=False, cmake_force_configure=False, ament_cmake_args=None, catkin_cmake_args=None, catkin_skip_building_tests=False, mixin_files=None, mixin=None, verb_parser=<colcon_mixin.mixin.mixin_argument.MixinArgumentDecorator object at 0x72e8bc26c860>, verb_extension=<colcon_core.verb.build.BuildVerb object at 0x72e8bc2f42f0>, main=<bound method BuildVerb.main of <colcon_core.verb.build.BuildVerb object at 0x72e8bc2f42f0>>, mixin_verb=('build',))
[0.073s] Level 1:colcon.colcon_core.package_discovery:discover_packages(colcon_meta) check parameters
[0.073s] Level 1:colcon.colcon_core.package_discovery:discover_packages(recursive) check parameters
[0.073s] Level 1:colcon.colcon_core.package_discovery:discover_packages(ignore) check parameters
[0.073s] Level 1:colcon.colcon_core.package_discovery:discover_packages(path) check parameters
[0.073s] Level 1:colcon.colcon_core.package_discovery:discover_packages(colcon_meta) discover
[0.073s] Level 1:colcon.colcon_core.package_discovery:discover_packages(recursive) discover
[0.073s] INFO:colcon.colcon_core.package_discovery:Crawling recursively for packages in '/home/paige-spalsbury/ros2_ws/src/hover_above/ros2_robotiq_gripper'
[0.073s] Level 1:colcon.colcon_core.package_identification:_identify(.) by extensions ['ignore', 'ignore_ament_install']
[0.073s] Level 1:colcon.colcon_core.package_identification:_identify(.) by extension 'ignore'
[0.073s] Level 1:colcon.colcon_core.package_identification:_identify(.) by extension 'ignore_ament_install'
[0.073s] Level 1:colcon.colcon_core.package_identification:_identify(.) by extensions ['colcon_pkg']
[0.073s] Level 1:colcon.colcon_core.package_identification:_identify(.) by extension 'colcon_pkg'
[0.073s] Level 1:colcon.colcon_core.package_identification:_identify(.) by extensions ['colcon_meta']
[0.073s] Level 1:colcon.colcon_core.package_identification:_identify(.) by extension 'colcon_meta'
[0.073s] Level 1:colcon.colcon_core.package_identification:_identify(.) by extensions ['ros']
[0.073s] Level 1:colcon.colcon_core.package_identification:_identify(.) by extension 'ros'
[0.085s] Level 1:colcon.colcon_core.package_identification:_identify(.) by extensions ['cmake', 'python']
[0.085s] Level 1:colcon.colcon_core.package_identification:_identify(.) by extension 'cmake'
[0.085s] Level 1:colcon.colcon_core.package_identification:_identify(.) by extension 'python'
[0.085s] Level 1:colcon.colcon_core.package_identification:_identify(.) by extensions ['python_setup_py']
[0.086s] Level 1:colcon.colcon_core.package_identification:_identify(.) by extension 'python_setup_py'
[0.086s] Level 1:colcon.colcon_core.package_identification:_identify(build) by extensions ['ignore', 'ignore_ament_install']
[0.086s] Level 1:colcon.colcon_core.package_identification:_identify(build) by extension 'ignore'
[0.086s] Level 1:colcon.colcon_core.package_identification:_identify(build) ignored
[0.086s] Level 1:colcon.colcon_core.package_identification:_identify(install) by extensions ['ignore', 'ignore_ament_install']
[0.086s] Level 1:colcon.colcon_core.package_identification:_identify(install) by extension 'ignore'
[0.086s] Level 1:colcon.colcon_core.package_identification:_identify(install) ignored
[0.086s] Level 1:colcon.colcon_core.package_identification:_identify(log) by extensions ['ignore', 'ignore_ament_install']
[0.086s] Level 1:colcon.colcon_core.package_identification:_identify(log) by extension 'ignore'
[0.086s] Level 1:colcon.colcon_core.package_identification:_identify(log) ignored
[0.086s] Level 1:colcon.colcon_core.package_identification:_identify(robotiq_controllers) by extensions ['ignore', 'ignore_ament_install']
[0.086s] Level 1:colcon.colcon_core.package_identification:_identify(robotiq_controllers) by extension 'ignore'
[0.086s] Level 1:colcon.colcon_core.package_identification:_identify(robotiq_controllers) by extension 'ignore_ament_install'
[0.086s] Level 1:colcon.colcon_core.package_identification:_identify(robotiq_controllers) by extensions ['colcon_pkg']
[0.086s] Level 1:colcon.colcon_core.package_identification:_identify(robotiq_controllers) by extension 'colcon_pkg'
[0.086s] Level 1:colcon.colcon_core.package_identification:_identify(robotiq_controllers) by extensions ['colcon_meta']
[0.086s] Level 1:colcon.colcon_core.package_identification:_identify(robotiq_controllers) by extension 'colcon_meta'
[0.086s] Level 1:colcon.colcon_core.package_identification:_identify(robotiq_controllers) by extensions ['ros']
[0.086s] Level 1:colcon.colcon_core.package_identification:_identify(robotiq_controllers) by extension 'ros'
[0.087s] DEBUG:colcon.colcon_core.package_identification:Package 'robotiq_controllers' with type 'ros.ament_cmake' and name 'robotiq_controllers'
[0.087s] Level 1:colcon.colcon_core.package_identification:_identify(robotiq_description) by extensions ['ignore', 'ignore_ament_install']
[0.087s] Level 1:colcon.colcon_core.package_identification:_identify(robotiq_description) by extension 'ignore'
[0.087s] Level 1:colcon.colcon_core.package_identification:_identify(robotiq_description) by extension 'ignore_ament_install'
[0.087s] Level 1:colcon.colcon_core.package_identification:_identify(robotiq_description) by extensions ['colcon_pkg']
[0.087s] Level 1:colcon.colcon_core.package_identification:_identify(robotiq_description) by extension 'colcon_pkg'
[0.087s] Level 1:colcon.colcon_core.package_identification:_identify(robotiq_description) by extensions ['colcon_meta']
[0.087s] Level 1:colcon.colcon_core.package_identification:_identify(robotiq_description) by extension 'colcon_meta'
[0.087s] Level 1:colcon.colcon_core.package_identification:_identify(robotiq_description) by extensions ['ros']
[0.087s] Level 1:colcon.colcon_core.package_identification:_identify(robotiq_description) by extension 'ros'
[0.088s] DEBUG:colcon.colcon_core.package_identification:Package 'robotiq_description' with type 'ros.ament_cmake' and name 'robotiq_description'
[0.088s] Level 1:colcon.colcon_core.package_discovery:discover_packages(recursive) using defaults
[0.088s] Level 1:colcon.colcon_core.package_discovery:discover_packages(ignore) discover
[0.088s] Level 1:colcon.colcon_core.package_discovery:discover_packages(ignore) using defaults
[0.088s] Level 1:colcon.colcon_core.package_discovery:discover_packages(path) discover
[0.088s] Level 1:colcon.colcon_core.package_discovery:discover_packages(path) using defaults
[0.097s] Level 1:colcon.colcon_core.package_discovery:discover_packages(prefix_path) check parameters
[0.097s] Level 1:colcon.colcon_core.package_discovery:discover_packages(prefix_path) discover
[0.098s] DEBUG:colcon.colcon_installed_package_information.package_discovery:Found 3 installed packages in /home/paige-spalsbury/ros2_ws/src/install
[0.098s] DEBUG:colcon.colcon_installed_package_information.package_discovery:Found 37 installed packages in /home/paige-spalsbury/ros2_ws/install
[0.099s] DEBUG:colcon.colcon_installed_package_information.package_discovery:Found 410 installed packages in /opt/ros/jazzy
[0.100s] Level 1:colcon.colcon_core.package_discovery:discover_packages(prefix_path) using defaults
[0.122s] Level 5:colcon.colcon_core.verb:set package 'robotiq_controllers' build argument 'cmake_args' from command line to 'None'
[0.122s] Level 5:colcon.colcon_core.verb:set package 'robotiq_controllers' build argument 'cmake_target' from command line to 'None'
[0.122s] Level 5:colcon.colcon_core.verb:set package 'robotiq_controllers' build argument 'cmake_target_skip_unavailable' from command line to 'False'
[0.122s] Level 5:colcon.colcon_core.verb:set package 'robotiq_controllers' build argument 'cmake_clean_cache' from command line to 'False'
[0.122s] Level 5:colcon.colcon_core.verb:set package 'robotiq_controllers' build argument 'cmake_clean_first' from command line to 'False'
[0.122s] Level 5:colcon.colcon_core.verb:set package 'robotiq_controllers' build argument 'cmake_force_configure' from command line to 'False'
[0.122s] Level 5:colcon.colcon_core.verb:set package 'robotiq_controllers' build argument 'ament_cmake_args' from command line to 'None'
[0.122s] Level 5:colcon.colcon_core.verb:set package 'robotiq_controllers' build argument 'catkin_cmake_args' from command line to 'None'
[0.122s] Level 5:colcon.colcon_core.verb:set package 'robotiq_controllers' build argument 'catkin_skip_building_tests' from command line to 'False'
[0.122s] DEBUG:colcon.colcon_core.verb:Building package 'robotiq_controllers' with the following arguments: {'ament_cmake_args': None, 'build_base': '/home/paige-spalsbury/ros2_ws/src/hover_above/ros2_robotiq_gripper/build/robotiq_controllers', 'catkin_cmake_args': None, 'catkin_skip_building_tests': False, 'cmake_args': None, 'cmake_clean_cache': False, 'cmake_clean_first': False, 'cmake_force_configure': False, 'cmake_target': None, 'cmake_target_skip_unavailable': False, 'install_base': '/home/paige-spalsbury/ros2_ws/src/hover_above/ros2_robotiq_gripper/install/robotiq_controllers', 'merge_install': False, 'path': '/home/paige-spalsbury/ros2_ws/src/hover_above/ros2_robotiq_gripper/robotiq_controllers', 'symlink_install': False, 'test_result_base': None}
[0.122s] Level 5:colcon.colcon_core.verb:set package 'robotiq_description' build argument 'cmake_args' from command line to 'None'
[0.122s] Level 5:colcon.colcon_core.verb:set package 'robotiq_description' build argument 'cmake_target' from command line to 'None'
[0.122s] Level 5:colcon.colcon_core.verb:set package 'robotiq_description' build argument 'cmake_target_skip_unavailable' from command line to 'False'
[0.122s] Level 5:colcon.colcon_core.verb:set package 'robotiq_description' build argument 'cmake_clean_cache' from command line to 'False'
[0.122s] Level 5:colcon.colcon_core.verb:set package 'robotiq_description' build argument 'cmake_clean_first' from command line to 'False'
[0.122s] Level 5:colcon.colcon_core.verb:set package 'robotiq_description' build argument 'cmake_force_configure' from command line to 'False'
[0.122s] Level 5:colcon.colcon_core.verb:set package 'robotiq_description' build argument 'ament_cmake_args' from command line to 'None'
[0.122s] Level 5:colcon.colcon_core.verb:set package 'robotiq_description' build argument 'catkin_cmake_args' from command line to 'None'
[0.122s] Level 5:colcon.colcon_core.verb:set package 'robotiq_description' build argument 'catkin_skip_building_tests' from command line to 'False'
[0.122s] DEBUG:colcon.colcon_core.verb:Building package 'robotiq_description' with the following arguments: {'ament_cmake_args': None, 'build_base': '/home/paige-spalsbury/ros2_ws/src/hover_above/ros2_robotiq_gripper/build/robotiq_description', 'catkin_cmake_args': None, 'catkin_skip_building_tests': False, 'cmake_args': None, 'cmake_clean_cache': False, 'cmake_clean_first': False, 'cmake_force_configure': False, 'cmake_target': None, 'cmake_target_skip_unavailable': False, 'install_base': '/home/paige-spalsbury/ros2_ws/src/hover_above/ros2_robotiq_gripper/install/robotiq_description', 'merge_install': False, 'path': '/home/paige-spalsbury/ros2_ws/src/hover_above/ros2_robotiq_gripper/robotiq_description', 'symlink_install': False, 'test_result_base': None}
[0.122s] INFO:colcon.colcon_core.executor:Executing jobs using 'parallel' executor
[0.123s] DEBUG:colcon.colcon_parallel_executor.executor.parallel:run_until_complete
[0.123s] INFO:colcon.colcon_ros.task.ament_cmake.build:Building ROS package in '/home/paige-spalsbury/ros2_ws/src/hover_above/ros2_robotiq_gripper/robotiq_controllers' with build type 'ament_cmake'
[0.123s] INFO:colcon.colcon_cmake.task.cmake.build:Building CMake package in '/home/paige-spalsbury/ros2_ws/src/hover_above/ros2_robotiq_gripper/robotiq_controllers'
[0.124s] INFO:colcon.colcon_core.plugin_system:Skipping extension 'colcon_core.shell.bat': Not used on non-Windows systems
[0.124s] INFO:colcon.colcon_core.shell:Skip shell extension 'powershell' for command environment: Not usable outside of PowerShell
[0.124s] DEBUG:colcon.colcon_core.shell:Skip shell extension 'dsv' for command environment
[0.127s] INFO:colcon.colcon_ros.task.ament_cmake.build:Building ROS package in '/home/paige-spalsbury/ros2_ws/src/hover_above/ros2_robotiq_gripper/robotiq_description' with build type 'ament_cmake'
[0.127s] INFO:colcon.colcon_cmake.task.cmake.build:Building CMake package in '/home/paige-spalsbury/ros2_ws/src/hover_above/ros2_robotiq_gripper/robotiq_description'
[0.127s] INFO:colcon.colcon_core.shell:Skip shell extension 'powershell' for command environment: Not usable outside of PowerShell
[0.127s] DEBUG:colcon.colcon_core.shell:Skip shell extension 'dsv' for command environment
[0.133s] DEBUG:colcon.colcon_core.event_handler.log_command:Invoking command in '/home/paige-spalsbury/ros2_ws/src/hover_above/ros2_robotiq_gripper/build/robotiq_controllers': CMAKE_PREFIX_PATH=${CMAKE_PREFIX_PATH}:/home/paige-spalsbury/ros2_ws/src/install/ur_move_merlab:/home/paige-spalsbury/ros2_ws/src/install/hover_above:/home/paige-spalsbury/ros2_ws/install/forces_servcli:/home/paige-spalsbury/ros2_ws/install/python_parameters:/home/paige-spalsbury/ros2_ws/install/py_srvcli:/home/paige-spalsbury/ros2_ws/install/py_pubsub:/home/paige-spalsbury/ros2_ws/install/my_package:/home/paige-spalsbury/ros2_ws/install/launch_testing_examples:/home/paige-spalsbury/ros2_ws/install/hover_above:/home/paige-spalsbury/ros2_ws/install/graspmat_srvcli:/home/paige-spalsbury/ros2_ws/install/examples_rclpy_pointcloud_publisher:/home/paige-spalsbury/ros2_ws/install/examples_rclpy_minimal_subscriber:/home/paige-spalsbury/ros2_ws/install/examples_rclpy_minimal_service:/home/paige-spalsbury/ros2_ws/install/examples_rclpy_minimal_publisher:/home/paige-spalsbury/ros2_ws/install/examples_rclpy_minimal_client:/home/paige-spalsbury/ros2_ws/install/examples_rclpy_minimal_action_server:/home/paige-spalsbury/ros2_ws/install/examples_rclpy_minimal_action_client:/home/paige-spalsbury/ros2_ws/install/examples_rclpy_guard_conditions:/home/paige-spalsbury/ros2_ws/install/examples_rclpy_executors:/opt/ros/jazzy DEBUGINFOD_URLS=https://debuginfod.ubuntu.com /usr/bin/cmake --build /home/paige-spalsbury/ros2_ws/src/hover_above/ros2_robotiq_gripper/build/robotiq_controllers -- -j20 -l20
[0.135s] DEBUG:colcon.colcon_core.event_handler.log_command:Invoking command in '/home/paige-spalsbury/ros2_ws/src/hover_above/ros2_robotiq_gripper/build/robotiq_description': CMAKE_PREFIX_PATH=${CMAKE_PREFIX_PATH}:/home/paige-spalsbury/ros2_ws/src/install/ur_move_merlab:/home/paige-spalsbury/ros2_ws/src/install/hover_above:/home/paige-spalsbury/ros2_ws/install/forces_servcli:/home/paige-spalsbury/ros2_ws/install/python_parameters:/home/paige-spalsbury/ros2_ws/install/py_srvcli:/home/paige-spalsbury/ros2_ws/install/py_pubsub:/home/paige-spalsbury/ros2_ws/install/my_package:/home/paige-spalsbury/ros2_ws/install/launch_testing_examples:/home/paige-spalsbury/ros2_ws/install/hover_above:/home/paige-spalsbury/ros2_ws/install/graspmat_srvcli:/home/paige-spalsbury/ros2_ws/install/examples_rclpy_pointcloud_publisher:/home/paige-spalsbury/ros2_ws/install/examples_rclpy_minimal_subscriber:/home/paige-spalsbury/ros2_ws/install/examples_rclpy_minimal_service:/home/paige-spalsbury/ros2_ws/install/examples_rclpy_minimal_publisher:/home/paige-spalsbury/ros2_ws/install/examples_rclpy_minimal_client:/home/paige-spalsbury/ros2_ws/install/examples_rclpy_minimal_action_server:/home/paige-spalsbury/ros2_ws/install/examples_rclpy_minimal_action_client:/home/paige-spalsbury/ros2_ws/install/examples_rclpy_guard_conditions:/home/paige-spalsbury/ros2_ws/install/examples_rclpy_executors:/opt/ros/jazzy DEBUGINFOD_URLS=https://debuginfod.ubuntu.com /usr/bin/cmake --build /home/paige-spalsbury/ros2_ws/src/hover_above/ros2_robotiq_gripper/build/robotiq_description -- -j20 -l20
[0.161s] DEBUG:colcon.colcon_core.event_handler.log_command:Invoked command in '/home/paige-spalsbury/ros2_ws/src/hover_above/ros2_robotiq_gripper/build/robotiq_description' returned '0': CMAKE_PREFIX_PATH=${CMAKE_PREFIX_PATH}:/home/paige-spalsbury/ros2_ws/src/install/ur_move_merlab:/home/paige-spalsbury/ros2_ws/src/install/hover_above:/home/paige-spalsbury/ros2_ws/install/forces_servcli:/home/paige-spalsbury/ros2_ws/install/python_parameters:/home/paige-spalsbury/ros2_ws/install/py_srvcli:/home/paige-spalsbury/ros2_ws/install/py_pubsub:/home/paige-spalsbury/ros2_ws/install/my_package:/home/paige-spalsbury/ros2_ws/install/launch_testing_examples:/home/paige-spalsbury/ros2_ws/install/hover_above:/home/paige-spalsbury/ros2_ws/install/graspmat_srvcli:/home/paige-spalsbury/ros2_ws/install/examples_rclpy_pointcloud_publisher:/home/paige-spalsbury/ros2_ws/install/examples_rclpy_minimal_subscriber:/home/paige-spalsbury/ros2_ws/install/examples_rclpy_minimal_service:/home/paige-spalsbury/ros2_ws/install/examples_rclpy_minimal_publisher:/home/paige-spalsbury/ros2_ws/install/examples_rclpy_minimal_client:/home/paige-spalsbury/ros2_ws/install/examples_rclpy_minimal_action_server:/home/paige-spalsbury/ros2_ws/install/examples_rclpy_minimal_action_client:/home/paige-spalsbury/ros2_ws/install/examples_rclpy_guard_conditions:/home/paige-spalsbury/ros2_ws/install/examples_rclpy_executors:/opt/ros/jazzy DEBUGINFOD_URLS=https://debuginfod.ubuntu.com /usr/bin/cmake --build /home/paige-spalsbury/ros2_ws/src/hover_above/ros2_robotiq_gripper/build/robotiq_description -- -j20 -l20
[0.166s] DEBUG:colcon.colcon_core.event_handler.log_command:Invoking command in '/home/paige-spalsbury/ros2_ws/src/hover_above/ros2_robotiq_gripper/build/robotiq_description': CMAKE_PREFIX_PATH=${CMAKE_PREFIX_PATH}:/home/paige-spalsbury/ros2_ws/src/install/ur_move_merlab:/home/paige-spalsbury/ros2_ws/src/install/hover_above:/home/paige-spalsbury/ros2_ws/install/forces_servcli:/home/paige-spalsbury/ros2_ws/install/python_parameters:/home/paige-spalsbury/ros2_ws/install/py_srvcli:/home/paige-spalsbury/ros2_ws/install/py_pubsub:/home/paige-spalsbury/ros2_ws/install/my_package:/home/paige-spalsbury/ros2_ws/install/launch_testing_examples:/home/paige-spalsbury/ros2_ws/install/hover_above:/home/paige-spalsbury/ros2_ws/install/graspmat_srvcli:/home/paige-spalsbury/ros2_ws/install/examples_rclpy_pointcloud_publisher:/home/paige-spalsbury/ros2_ws/install/examples_rclpy_minimal_subscriber:/home/paige-spalsbury/ros2_ws/install/examples_rclpy_minimal_service:/home/paige-spalsbury/ros2_ws/install/examples_rclpy_minimal_publisher:/home/paige-spalsbury/ros2_ws/install/examples_rclpy_minimal_client:/home/paige-spalsbury/ros2_ws/install/examples_rclpy_minimal_action_server:/home/paige-spalsbury/ros2_ws/install/examples_rclpy_minimal_action_client:/home/paige-spalsbury/ros2_ws/install/examples_rclpy_guard_conditions:/home/paige-spalsbury/ros2_ws/install/examples_rclpy_executors:/opt/ros/jazzy DEBUGINFOD_URLS=https://debuginfod.ubuntu.com /usr/bin/cmake --install /home/paige-spalsbury/ros2_ws/src/hover_above/ros2_robotiq_gripper/build/robotiq_description
[0.173s] Level 1:colcon.colcon_core.environment:create_environment_scripts_only(robotiq_description)
[0.175s] DEBUG:colcon.colcon_core.event_handler.log_command:Invoked command in '/home/paige-spalsbury/ros2_ws/src/hover_above/ros2_robotiq_gripper/build/robotiq_description' returned '0': CMAKE_PREFIX_PATH=${CMAKE_PREFIX_PATH}:/home/paige-spalsbury/ros2_ws/src/install/ur_move_merlab:/home/paige-spalsbury/ros2_ws/src/install/hover_above:/home/paige-spalsbury/ros2_ws/install/forces_servcli:/home/paige-spalsbury/ros2_ws/install/python_parameters:/home/paige-spalsbury/ros2_ws/install/py_srvcli:/home/paige-spalsbury/ros2_ws/install/py_pubsub:/home/paige-spalsbury/ros2_ws/install/my_package:/home/paige-spalsbury/ros2_ws/install/launch_testing_examples:/home/paige-spalsbury/ros2_ws/install/hover_above:/home/paige-spalsbury/ros2_ws/install/graspmat_srvcli:/home/paige-spalsbury/ros2_ws/install/examples_rclpy_pointcloud_publisher:/home/paige-spalsbury/ros2_ws/install/examples_rclpy_minimal_subscriber:/home/paige-spalsbury/ros2_ws/install/examples_rclpy_minimal_service:/home/paige-spalsbury/ros2_ws/install/examples_rclpy_minimal_publisher:/home/paige-spalsbury/ros2_ws/install/examples_rclpy_minimal_client:/home/paige-spalsbury/ros2_ws/install/examples_rclpy_minimal_action_server:/home/paige-spalsbury/ros2_ws/install/examples_rclpy_minimal_action_client:/home/paige-spalsbury/ros2_ws/install/examples_rclpy_guard_conditions:/home/paige-spalsbury/ros2_ws/install/examples_rclpy_executors:/opt/ros/jazzy DEBUGINFOD_URLS=https://debuginfod.ubuntu.com /usr/bin/cmake --install /home/paige-spalsbury/ros2_ws/src/hover_above/ros2_robotiq_gripper/build/robotiq_description
[0.176s] Level 1:colcon.colcon_core.environment:checking '/home/paige-spalsbury/ros2_ws/src/hover_above/ros2_robotiq_gripper/install/robotiq_description' for CMake module files
[0.176s] Level 1:colcon.colcon_core.environment:checking '/home/paige-spalsbury/ros2_ws/src/hover_above/ros2_robotiq_gripper/install/robotiq_description' for CMake config files
[0.176s] Level 1:colcon.colcon_core.shell:create_environment_hook('robotiq_description', 'cmake_prefix_path')
[0.176s] INFO:colcon.colcon_core.shell:Creating environment hook '/home/paige-spalsbury/ros2_ws/src/hover_above/ros2_robotiq_gripper/install/robotiq_description/share/robotiq_description/hook/cmake_prefix_path.ps1'
[0.176s] INFO:colcon.colcon_core.shell:Creating environment descriptor '/home/paige-spalsbury/ros2_ws/src/hover_above/ros2_robotiq_gripper/install/robotiq_description/share/robotiq_description/hook/cmake_prefix_path.dsv'
[0.177s] INFO:colcon.colcon_core.shell:Creating environment hook '/home/paige-spalsbury/ros2_ws/src/hover_above/ros2_robotiq_gripper/install/robotiq_description/share/robotiq_description/hook/cmake_prefix_path.sh'
[0.177s] Level 1:colcon.colcon_core.environment:checking '/home/paige-spalsbury/ros2_ws/src/hover_above/ros2_robotiq_gripper/install/robotiq_description/bin'
[0.177s] Level 1:colcon.colcon_core.environment:checking '/home/paige-spalsbury/ros2_ws/src/hover_above/ros2_robotiq_gripper/install/robotiq_description/lib/pkgconfig/robotiq_description.pc'
[0.177s] Level 1:colcon.colcon_core.environment:checking '/home/paige-spalsbury/ros2_ws/src/hover_above/ros2_robotiq_gripper/install/robotiq_description/lib/python3.12/site-packages'
[0.177s] Level 1:colcon.colcon_core.environment:checking '/home/paige-spalsbury/ros2_ws/src/hover_above/ros2_robotiq_gripper/install/robotiq_description/bin'
[0.178s] INFO:colcon.colcon_core.shell:Creating package script '/home/paige-spalsbury/ros2_ws/src/hover_above/ros2_robotiq_gripper/install/robotiq_description/share/robotiq_description/package.ps1'
[0.178s] INFO:colcon.colcon_core.shell:Creating package descriptor '/home/paige-spalsbury/ros2_ws/src/hover_above/ros2_robotiq_gripper/install/robotiq_description/share/robotiq_description/package.dsv'
[0.178s] INFO:colcon.colcon_core.shell:Creating package script '/home/paige-spalsbury/ros2_ws/src/hover_above/ros2_robotiq_gripper/install/robotiq_description/share/robotiq_description/package.sh'
[0.178s] INFO:colcon.colcon_core.shell:Creating package script '/home/paige-spalsbury/ros2_ws/src/hover_above/ros2_robotiq_gripper/install/robotiq_description/share/robotiq_description/package.bash'
[0.232s] INFO:colcon.colcon_core.shell:Creating package script '/home/paige-spalsbury/ros2_ws/src/hover_above/ros2_robotiq_gripper/install/robotiq_description/share/robotiq_description/package.zsh'
[0.233s] Level 1:colcon.colcon_core.environment:create_file_with_runtime_dependencies(/home/paige-spalsbury/ros2_ws/src/hover_above/ros2_robotiq_gripper/install/robotiq_description/share/colcon-core/packages/robotiq_description)
[0.233s] Level 1:colcon.colcon_core.environment:create_environment_scripts_only(robotiq_description)
[0.233s] Level 1:colcon.colcon_core.environment:checking '/home/paige-spalsbury/ros2_ws/src/hover_above/ros2_robotiq_gripper/install/robotiq_description' for CMake module files
[0.234s] Level 1:colcon.colcon_core.environment:checking '/home/paige-spalsbury/ros2_ws/src/hover_above/ros2_robotiq_gripper/install/robotiq_description' for CMake config files
[0.234s] Level 1:colcon.colcon_core.shell:create_environment_hook('robotiq_description', 'cmake_prefix_path')
[0.234s] INFO:colcon.colcon_core.shell:Creating environment hook '/home/paige-spalsbury/ros2_ws/src/hover_above/ros2_robotiq_gripper/install/robotiq_description/share/robotiq_description/hook/cmake_prefix_path.ps1'
[0.235s] INFO:colcon.colcon_core.shell:Creating environment descriptor '/home/paige-spalsbury/ros2_ws/src/hover_above/ros2_robotiq_gripper/install/robotiq_description/share/robotiq_description/hook/cmake_prefix_path.dsv'
[0.235s] INFO:colcon.colcon_core.shell:Creating environment hook '/home/paige-spalsbury/ros2_ws/src/hover_above/ros2_robotiq_gripper/install/robotiq_description/share/robotiq_description/hook/cmake_prefix_path.sh'
[0.235s] Level 1:colcon.colcon_core.environment:checking '/home/paige-spalsbury/ros2_ws/src/hover_above/ros2_robotiq_gripper/install/robotiq_description/bin'
[0.235s] Level 1:colcon.colcon_core.environment:checking '/home/paige-spalsbury/ros2_ws/src/hover_above/ros2_robotiq_gripper/install/robotiq_description/lib/pkgconfig/robotiq_description.pc'
[0.236s] Level 1:colcon.colcon_core.environment:checking '/home/paige-spalsbury/ros2_ws/src/hover_above/ros2_robotiq_gripper/install/robotiq_description/lib/python3.12/site-packages'
[0.236s] Level 1:colcon.colcon_core.environment:checking '/home/paige-spalsbury/ros2_ws/src/hover_above/ros2_robotiq_gripper/install/robotiq_description/bin'
[0.236s] INFO:colcon.colcon_core.shell:Creating package script '/home/paige-spalsbury/ros2_ws/src/hover_above/ros2_robotiq_gripper/install/robotiq_description/share/robotiq_description/package.ps1'
[0.237s] INFO:colcon.colcon_core.shell:Creating package descriptor '/home/paige-spalsbury/ros2_ws/src/hover_above/ros2_robotiq_gripper/install/robotiq_description/share/robotiq_description/package.dsv'
[0.237s] INFO:colcon.colcon_core.shell:Creating package script '/home/paige-spalsbury/ros2_ws/src/hover_above/ros2_robotiq_gripper/install/robotiq_description/share/robotiq_description/package.sh'
[0.237s] INFO:colcon.colcon_core.shell:Creating package script '/home/paige-spalsbury/ros2_ws/src/hover_above/ros2_robotiq_gripper/install/robotiq_description/share/robotiq_description/package.bash'
[0.237s] INFO:colcon.colcon_core.shell:Creating package script '/home/paige-spalsbury/ros2_ws/src/hover_above/ros2_robotiq_gripper/install/robotiq_description/share/robotiq_description/package.zsh'
[0.237s] Level 1:colcon.colcon_core.environment:create_file_with_runtime_dependencies(/home/paige-spalsbury/ros2_ws/src/hover_above/ros2_robotiq_gripper/install/robotiq_description/share/colcon-core/packages/robotiq_description)
[0.240s] DEBUG:colcon.colcon_core.event_handler.log_command:Invoked command in '/home/paige-spalsbury/ros2_ws/src/hover_above/ros2_robotiq_gripper/build/robotiq_controllers' returned '0': CMAKE_PREFIX_PATH=${CMAKE_PREFIX_PATH}:/home/paige-spalsbury/ros2_ws/src/install/ur_move_merlab:/home/paige-spalsbury/ros2_ws/src/install/hover_above:/home/paige-spalsbury/ros2_ws/install/forces_servcli:/home/paige-spalsbury/ros2_ws/install/python_parameters:/home/paige-spalsbury/ros2_ws/install/py_srvcli:/home/paige-spalsbury/ros2_ws/install/py_pubsub:/home/paige-spalsbury/ros2_ws/install/my_package:/home/paige-spalsbury/ros2_ws/install/launch_testing_examples:/home/paige-spalsbury/ros2_ws/install/hover_above:/home/paige-spalsbury/ros2_ws/install/graspmat_srvcli:/home/paige-spalsbury/ros2_ws/install/examples_rclpy_pointcloud_publisher:/home/paige-spalsbury/ros2_ws/install/examples_rclpy_minimal_subscriber:/home/paige-spalsbury/ros2_ws/install/examples_rclpy_minimal_service:/home/paige-spalsbury/ros2_ws/install/examples_rclpy_minimal_publisher:/home/paige-spalsbury/ros2_ws/install/examples_rclpy_minimal_client:/home/paige-spalsbury/ros2_ws/install/examples_rclpy_minimal_action_server:/home/paige-spalsbury/ros2_ws/install/examples_rclpy_minimal_action_client:/home/paige-spalsbury/ros2_ws/install/examples_rclpy_guard_conditions:/home/paige-spalsbury/ros2_ws/install/examples_rclpy_executors:/opt/ros/jazzy DEBUGINFOD_URLS=https://debuginfod.ubuntu.com /usr/bin/cmake --build /home/paige-spalsbury/ros2_ws/src/hover_above/ros2_robotiq_gripper/build/robotiq_controllers -- -j20 -l20
[0.241s] DEBUG:colcon.colcon_core.event_handler.log_command:Invoking command in '/home/paige-spalsbury/ros2_ws/src/hover_above/ros2_robotiq_gripper/build/robotiq_controllers': CMAKE_PREFIX_PATH=${CMAKE_PREFIX_PATH}:/home/paige-spalsbury/ros2_ws/src/install/ur_move_merlab:/home/paige-spalsbury/ros2_ws/src/install/hover_above:/home/paige-spalsbury/ros2_ws/install/forces_servcli:/home/paige-spalsbury/ros2_ws/install/python_parameters:/home/paige-spalsbury/ros2_ws/install/py_srvcli:/home/paige-spalsbury/ros2_ws/install/py_pubsub:/home/paige-spalsbury/ros2_ws/install/my_package:/home/paige-spalsbury/ros2_ws/install/launch_testing_examples:/home/paige-spalsbury/ros2_ws/install/hover_above:/home/paige-spalsbury/ros2_ws/install/graspmat_srvcli:/home/paige-spalsbury/ros2_ws/install/examples_rclpy_pointcloud_publisher:/home/paige-spalsbury/ros2_ws/install/examples_rclpy_minimal_subscriber:/home/paige-spalsbury/ros2_ws/install/examples_rclpy_minimal_service:/home/paige-spalsbury/ros2_ws/install/examples_rclpy_minimal_publisher:/home/paige-spalsbury/ros2_ws/install/examples_rclpy_minimal_client:/home/paige-spalsbury/ros2_ws/install/examples_rclpy_minimal_action_server:/home/paige-spalsbury/ros2_ws/install/examples_rclpy_minimal_action_client:/home/paige-spalsbury/ros2_ws/install/examples_rclpy_guard_conditions:/home/paige-spalsbury/ros2_ws/install/examples_rclpy_executors:/opt/ros/jazzy DEBUGINFOD_URLS=https://debuginfod.ubuntu.com /usr/bin/cmake --install /home/paige-spalsbury/ros2_ws/src/hover_above/ros2_robotiq_gripper/build/robotiq_controllers
[0.248s] Level 1:colcon.colcon_core.environment:create_environment_scripts_only(robotiq_controllers)
[0.248s] DEBUG:colcon.colcon_core.event_handler.log_command:Invoked command in '/home/paige-spalsbury/ros2_ws/src/hover_above/ros2_robotiq_gripper/build/robotiq_controllers' returned '0': CMAKE_PREFIX_PATH=${CMAKE_PREFIX_PATH}:/home/paige-spalsbury/ros2_ws/src/install/ur_move_merlab:/home/paige-spalsbury/ros2_ws/src/install/hover_above:/home/paige-spalsbury/ros2_ws/install/forces_servcli:/home/paige-spalsbury/ros2_ws/install/python_parameters:/home/paige-spalsbury/ros2_ws/install/py_srvcli:/home/paige-spalsbury/ros2_ws/install/py_pubsub:/home/paige-spalsbury/ros2_ws/install/my_package:/home/paige-spalsbury/ros2_ws/install/launch_testing_examples:/home/paige-spalsbury/ros2_ws/install/hover_above:/home/paige-spalsbury/ros2_ws/install/graspmat_srvcli:/home/paige-spalsbury/ros2_ws/install/examples_rclpy_pointcloud_publisher:/home/paige-spalsbury/ros2_ws/install/examples_rclpy_minimal_subscriber:/home/paige-spalsbury/ros2_ws/install/examples_rclpy_minimal_service:/home/paige-spalsbury/ros2_ws/install/examples_rclpy_minimal_publisher:/home/paige-spalsbury/ros2_ws/install/examples_rclpy_minimal_client:/home/paige-spalsbury/ros2_ws/install/examples_rclpy_minimal_action_server:/home/paige-spalsbury/ros2_ws/install/examples_rclpy_minimal_action_client:/home/paige-spalsbury/ros2_ws/install/examples_rclpy_guard_conditions:/home/paige-spalsbury/ros2_ws/install/examples_rclpy_executors:/opt/ros/jazzy DEBUGINFOD_URLS=https://debuginfod.ubuntu.com /usr/bin/cmake --install /home/paige-spalsbury/ros2_ws/src/hover_above/ros2_robotiq_gripper/build/robotiq_controllers
[0.248s] Level 1:colcon.colcon_core.environment:checking '/home/paige-spalsbury/ros2_ws/src/hover_above/ros2_robotiq_gripper/install/robotiq_controllers' for CMake module files
[0.249s] Level 1:colcon.colcon_core.environment:checking '/home/paige-spalsbury/ros2_ws/src/hover_above/ros2_robotiq_gripper/install/robotiq_controllers' for CMake config files
[0.249s] Level 1:colcon.colcon_core.shell:create_environment_hook('robotiq_controllers', 'cmake_prefix_path')
[0.249s] INFO:colcon.colcon_core.shell:Creating environment hook '/home/paige-spalsbury/ros2_ws/src/hover_above/ros2_robotiq_gripper/install/robotiq_controllers/share/robotiq_controllers/hook/cmake_prefix_path.ps1'
[0.249s] INFO:colcon.colcon_core.shell:Creating environment descriptor '/home/paige-spalsbury/ros2_ws/src/hover_above/ros2_robotiq_gripper/install/robotiq_controllers/share/robotiq_controllers/hook/cmake_prefix_path.dsv'
[0.249s] INFO:colcon.colcon_core.shell:Creating environment hook '/home/paige-spalsbury/ros2_ws/src/hover_above/ros2_robotiq_gripper/install/robotiq_controllers/share/robotiq_controllers/hook/cmake_prefix_path.sh'
[0.250s] Level 1:colcon.colcon_core.environment:checking '/home/paige-spalsbury/ros2_ws/src/hover_above/ros2_robotiq_gripper/install/robotiq_controllers/lib'
[0.250s] Level 1:colcon.colcon_core.shell:create_environment_hook('robotiq_controllers', 'ld_library_path_lib')
[0.250s] INFO:colcon.colcon_core.shell:Creating environment hook '/home/paige-spalsbury/ros2_ws/src/hover_above/ros2_robotiq_gripper/install/robotiq_controllers/share/robotiq_controllers/hook/ld_library_path_lib.ps1'
[0.250s] INFO:colcon.colcon_core.shell:Creating environment descriptor '/home/paige-spalsbury/ros2_ws/src/hover_above/ros2_robotiq_gripper/install/robotiq_controllers/share/robotiq_controllers/hook/ld_library_path_lib.dsv'
[0.250s] INFO:colcon.colcon_core.shell:Creating environment hook '/home/paige-spalsbury/ros2_ws/src/hover_above/ros2_robotiq_gripper/install/robotiq_controllers/share/robotiq_controllers/hook/ld_library_path_lib.sh'
[0.250s] Level 1:colcon.colcon_core.environment:checking '/home/paige-spalsbury/ros2_ws/src/hover_above/ros2_robotiq_gripper/install/robotiq_controllers/bin'
[0.250s] Level 1:colcon.colcon_core.environment:checking '/home/paige-spalsbury/ros2_ws/src/hover_above/ros2_robotiq_gripper/install/robotiq_controllers/lib/pkgconfig/robotiq_controllers.pc'
[0.250s] Level 1:colcon.colcon_core.environment:checking '/home/paige-spalsbury/ros2_ws/src/hover_above/ros2_robotiq_gripper/install/robotiq_controllers/lib/python3.12/site-packages'
[0.251s] Level 1:colcon.colcon_core.environment:checking '/home/paige-spalsbury/ros2_ws/src/hover_above/ros2_robotiq_gripper/install/robotiq_controllers/bin'
[0.251s] INFO:colcon.colcon_core.shell:Creating package script '/home/paige-spalsbury/ros2_ws/src/hover_above/ros2_robotiq_gripper/install/robotiq_controllers/share/robotiq_controllers/package.ps1'
[0.251s] INFO:colcon.colcon_core.shell:Creating package descriptor '/home/paige-spalsbury/ros2_ws/src/hover_above/ros2_robotiq_gripper/install/robotiq_controllers/share/robotiq_controllers/package.dsv'
[0.251s] INFO:colcon.colcon_core.shell:Creating package script '/home/paige-spalsbury/ros2_ws/src/hover_above/ros2_robotiq_gripper/install/robotiq_controllers/share/robotiq_controllers/package.sh'
[0.251s] INFO:colcon.colcon_core.shell:Creating package script '/home/paige-spalsbury/ros2_ws/src/hover_above/ros2_robotiq_gripper/install/robotiq_controllers/share/robotiq_controllers/package.bash'
[0.252s] INFO:colcon.colcon_core.shell:Creating package script '/home/paige-spalsbury/ros2_ws/src/hover_above/ros2_robotiq_gripper/install/robotiq_controllers/share/robotiq_controllers/package.zsh'
[0.252s] Level 1:colcon.colcon_core.environment:create_file_with_runtime_dependencies(/home/paige-spalsbury/ros2_ws/src/hover_above/ros2_robotiq_gripper/install/robotiq_controllers/share/colcon-core/packages/robotiq_controllers)
[0.252s] Level 1:colcon.colcon_core.environment:create_environment_scripts_only(robotiq_controllers)
[0.252s] Level 1:colcon.colcon_core.environment:checking '/home/paige-spalsbury/ros2_ws/src/hover_above/ros2_robotiq_gripper/install/robotiq_controllers' for CMake module files
[0.252s] Level 1:colcon.colcon_core.environment:checking '/home/paige-spalsbury/ros2_ws/src/hover_above/ros2_robotiq_gripper/install/robotiq_controllers' for CMake config files
[0.252s] Level 1:colcon.colcon_core.shell:create_environment_hook('robotiq_controllers', 'cmake_prefix_path')
[0.252s] INFO:colcon.colcon_core.shell:Creating environment hook '/home/paige-spalsbury/ros2_ws/src/hover_above/ros2_robotiq_gripper/install/robotiq_controllers/share/robotiq_controllers/hook/cmake_prefix_path.ps1'
[0.253s] INFO:colcon.colcon_core.shell:Creating environment descriptor '/home/paige-spalsbury/ros2_ws/src/hover_above/ros2_robotiq_gripper/install/robotiq_controllers/share/robotiq_controllers/hook/cmake_prefix_path.dsv'
[0.253s] INFO:colcon.colcon_core.shell:Creating environment hook '/home/paige-spalsbury/ros2_ws/src/hover_above/ros2_robotiq_gripper/install/robotiq_controllers/share/robotiq_controllers/hook/cmake_prefix_path.sh'
[0.253s] Level 1:colcon.colcon_core.environment:checking '/home/paige-spalsbury/ros2_ws/src/hover_above/ros2_robotiq_gripper/install/robotiq_controllers/lib'
[0.253s] Level 1:colcon.colcon_core.shell:create_environment_hook('robotiq_controllers', 'ld_library_path_lib')
[0.253s] INFO:colcon.colcon_core.shell:Creating environment hook '/home/paige-spalsbury/ros2_ws/src/hover_above/ros2_robotiq_gripper/install/robotiq_controllers/share/robotiq_controllers/hook/ld_library_path_lib.ps1'
[0.253s] INFO:colcon.colcon_core.shell:Creating environment descriptor '/home/paige-spalsbury/ros2_ws/src/hover_above/ros2_robotiq_gripper/install/robotiq_controllers/share/robotiq_controllers/hook/ld_library_path_lib.dsv'
[0.253s] INFO:colcon.colcon_core.shell:Creating environment hook '/home/paige-spalsbury/ros2_ws/src/hover_above/ros2_robotiq_gripper/install/robotiq_controllers/share/robotiq_controllers/hook/ld_library_path_lib.sh'
[0.254s] Level 1:colcon.colcon_core.environment:checking '/home/paige-spalsbury/ros2_ws/src/hover_above/ros2_robotiq_gripper/install/robotiq_controllers/bin'
[0.254s] Level 1:colcon.colcon_core.environment:checking '/home/paige-spalsbury/ros2_ws/src/hover_above/ros2_robotiq_gripper/install/robotiq_controllers/lib/pkgconfig/robotiq_controllers.pc'
[0.254s] Level 1:colcon.colcon_core.environment:checking '/home/paige-spalsbury/ros2_ws/src/hover_above/ros2_robotiq_gripper/install/robotiq_controllers/lib/python3.12/site-packages'
[0.254s] Level 1:colcon.colcon_core.environment:checking '/home/paige-spalsbury/ros2_ws/src/hover_above/ros2_robotiq_gripper/install/robotiq_controllers/bin'
[0.254s] INFO:colcon.colcon_core.shell:Creating package script '/home/paige-spalsbury/ros2_ws/src/hover_above/ros2_robotiq_gripper/install/robotiq_controllers/share/robotiq_controllers/package.ps1'
[0.254s] INFO:colcon.colcon_core.shell:Creating package descriptor '/home/paige-spalsbury/ros2_ws/src/hover_above/ros2_robotiq_gripper/install/robotiq_controllers/share/robotiq_controllers/package.dsv'
[0.255s] INFO:colcon.colcon_core.shell:Creating package script '/home/paige-spalsbury/ros2_ws/src/hover_above/ros2_robotiq_gripper/install/robotiq_controllers/share/robotiq_controllers/package.sh'
[0.255s] INFO:colcon.colcon_core.shell:Creating package script '/home/paige-spalsbury/ros2_ws/src/hover_above/ros2_robotiq_gripper/install/robotiq_controllers/share/robotiq_controllers/package.bash'
[0.255s] INFO:colcon.colcon_core.shell:Creating package script '/home/paige-spalsbury/ros2_ws/src/hover_above/ros2_robotiq_gripper/install/robotiq_controllers/share/robotiq_controllers/package.zsh'
[0.255s] Level 1:colcon.colcon_core.environment:create_file_with_runtime_dependencies(/home/paige-spalsbury/ros2_ws/src/hover_above/ros2_robotiq_gripper/install/robotiq_controllers/share/colcon-core/packages/robotiq_controllers)
[0.255s] DEBUG:colcon.colcon_parallel_executor.executor.parallel:closing loop
[0.255s] DEBUG:colcon.colcon_parallel_executor.executor.parallel:loop closed
[0.255s] DEBUG:colcon.colcon_parallel_executor.executor.parallel:run_until_complete finished with '0'
[0.256s] DEBUG:colcon.colcon_core.event_reactor:joining thread
[0.261s] INFO:colcon.colcon_core.plugin_system:Skipping extension 'colcon_notification.desktop_notification.terminal_notifier': Not used on non-Darwin systems
[0.261s] INFO:colcon.colcon_core.plugin_system:Skipping extension 'colcon_notification.desktop_notification.win32': Not used on non-Windows systems
[0.261s] INFO:colcon.colcon_notification.desktop_notification:Sending desktop notification using 'notify2'
[0.269s] DEBUG:colcon.colcon_core.event_reactor:joined thread
[0.269s] INFO:colcon.colcon_core.shell:Creating prefix script '/home/paige-spalsbury/ros2_ws/src/hover_above/ros2_robotiq_gripper/install/local_setup.ps1'
[0.269s] INFO:colcon.colcon_core.shell:Creating prefix util module '/home/paige-spalsbury/ros2_ws/src/hover_above/ros2_robotiq_gripper/install/_local_setup_util_ps1.py'
[0.270s] INFO:colcon.colcon_core.shell:Creating prefix chain script '/home/paige-spalsbury/ros2_ws/src/hover_above/ros2_robotiq_gripper/install/setup.ps1'
[0.271s] INFO:colcon.colcon_core.shell:Creating prefix script '/home/paige-spalsbury/ros2_ws/src/hover_above/ros2_robotiq_gripper/install/local_setup.sh'
[0.271s] INFO:colcon.colcon_core.shell:Creating prefix util module '/home/paige-spalsbury/ros2_ws/src/hover_above/ros2_robotiq_gripper/install/_local_setup_util_sh.py'
[0.272s] INFO:colcon.colcon_core.shell:Creating prefix chain script '/home/paige-spalsbury/ros2_ws/src/hover_above/ros2_robotiq_gripper/install/setup.sh'
[0.273s] INFO:colcon.colcon_core.shell:Creating prefix script '/home/paige-spalsbury/ros2_ws/src/hover_above/ros2_robotiq_gripper/install/local_setup.bash'
[0.273s] INFO:colcon.colcon_core.shell:Creating prefix chain script '/home/paige-spalsbury/ros2_ws/src/hover_above/ros2_robotiq_gripper/install/setup.bash'
[0.274s] INFO:colcon.colcon_core.shell:Creating prefix script '/home/paige-spalsbury/ros2_ws/src/hover_above/ros2_robotiq_gripper/install/local_setup.zsh'
[0.274s] INFO:colcon.colcon_core.shell:Creating prefix chain script '/home/paige-spalsbury/ros2_ws/src/hover_above/ros2_robotiq_gripper/install/setup.zsh'
