[0.007s] Invoking command in '/home/paige-spalsbury/ros2_ws/src/hover_above/ros2_robotiq_gripper/build/robotiq_description': CMAKE_PREFIX_PATH=${CMAKE_PREFIX_PATH}:/home/paige-spalsbury/ros2_ws/src/install/ur_move_merlab:/home/paige-spalsbury/ros2_ws/src/install/hover_above:/home/paige-spalsbury/ros2_ws/install/forces_servcli:/home/paige-spalsbury/ros2_ws/install/python_parameters:/home/paige-spalsbury/ros2_ws/install/py_srvcli:/home/paige-spalsbury/ros2_ws/install/py_pubsub:/home/paige-spalsbury/ros2_ws/install/my_package:/home/paige-spalsbury/ros2_ws/install/launch_testing_examples:/home/paige-spalsbury/ros2_ws/install/hover_above:/home/paige-spalsbury/ros2_ws/install/graspmat_srvcli:/home/paige-spalsbury/ros2_ws/install/examples_rclpy_pointcloud_publisher:/home/paige-spalsbury/ros2_ws/install/examples_rclpy_minimal_subscriber:/home/paige-spalsbury/ros2_ws/install/examples_rclpy_minimal_service:/home/paige-spalsbury/ros2_ws/install/examples_rclpy_minimal_publisher:/home/paige-spalsbury/ros2_ws/install/examples_rclpy_minimal_client:/home/paige-spalsbury/ros2_ws/install/examples_rclpy_minimal_action_server:/home/paige-spalsbury/ros2_ws/install/examples_rclpy_minimal_action_client:/home/paige-spalsbury/ros2_ws/install/examples_rclpy_guard_conditions:/home/paige-spalsbury/ros2_ws/install/examples_rclpy_executors:/opt/ros/jazzy DEBUGINFOD_URLS=https://debuginfod.ubuntu.com /usr/bin/cmake --build /home/paige-spalsbury/ros2_ws/src/hover_above/ros2_robotiq_gripper/build/robotiq_description -- -j20 -l20
[0.033s] Invoked command in '/home/paige-spalsbury/ros2_ws/src/hover_above/ros2_robotiq_gripper/build/robotiq_description' returned '0': CMAKE_PREFIX_PATH=${CMAKE_PREFIX_PATH}:/home/paige-spalsbury/ros2_ws/src/install/ur_move_merlab:/home/paige-spalsbury/ros2_ws/src/install/hover_above:/home/paige-spalsbury/ros2_ws/install/forces_servcli:/home/paige-spalsbury/ros2_ws/install/python_parameters:/home/paige-spalsbury/ros2_ws/install/py_srvcli:/home/paige-spalsbury/ros2_ws/install/py_pubsub:/home/paige-spalsbury/ros2_ws/install/my_package:/home/paige-spalsbury/ros2_ws/install/launch_testing_examples:/home/paige-spalsbury/ros2_ws/install/hover_above:/home/paige-spalsbury/ros2_ws/install/graspmat_srvcli:/home/paige-spalsbury/ros2_ws/install/examples_rclpy_pointcloud_publisher:/home/paige-spalsbury/ros2_ws/install/examples_rclpy_minimal_subscriber:/home/paige-spalsbury/ros2_ws/install/examples_rclpy_minimal_service:/home/paige-spalsbury/ros2_ws/install/examples_rclpy_minimal_publisher:/home/paige-spalsbury/ros2_ws/install/examples_rclpy_minimal_client:/home/paige-spalsbury/ros2_ws/install/examples_rclpy_minimal_action_server:/home/paige-spalsbury/ros2_ws/install/examples_rclpy_minimal_action_client:/home/paige-spalsbury/ros2_ws/install/examples_rclpy_guard_conditions:/home/paige-spalsbury/ros2_ws/install/examples_rclpy_executors:/opt/ros/jazzy DEBUGINFOD_URLS=https://debuginfod.ubuntu.com /usr/bin/cmake --build /home/paige-spalsbury/ros2_ws/src/hover_above/ros2_robotiq_gripper/build/robotiq_description -- -j20 -l20
[0.039s] Invoking command in '/home/paige-spalsbury/ros2_ws/src/hover_above/ros2_robotiq_gripper/build/robotiq_description': CMAKE_PREFIX_PATH=${CMAKE_PREFIX_PATH}:/home/paige-spalsbury/ros2_ws/src/install/ur_move_merlab:/home/paige-spalsbury/ros2_ws/src/install/hover_above:/home/paige-spalsbury/ros2_ws/install/forces_servcli:/home/paige-spalsbury/ros2_ws/install/python_parameters:/home/paige-spalsbury/ros2_ws/install/py_srvcli:/home/paige-spalsbury/ros2_ws/install/py_pubsub:/home/paige-spalsbury/ros2_ws/install/my_package:/home/paige-spalsbury/ros2_ws/install/launch_testing_examples:/home/paige-spalsbury/ros2_ws/install/hover_above:/home/paige-spalsbury/ros2_ws/install/graspmat_srvcli:/home/paige-spalsbury/ros2_ws/install/examples_rclpy_pointcloud_publisher:/home/paige-spalsbury/ros2_ws/install/examples_rclpy_minimal_subscriber:/home/paige-spalsbury/ros2_ws/install/examples_rclpy_minimal_service:/home/paige-spalsbury/ros2_ws/install/examples_rclpy_minimal_publisher:/home/paige-spalsbury/ros2_ws/install/examples_rclpy_minimal_client:/home/paige-spalsbury/ros2_ws/install/examples_rclpy_minimal_action_server:/home/paige-spalsbury/ros2_ws/install/examples_rclpy_minimal_action_client:/home/paige-spalsbury/ros2_ws/install/examples_rclpy_guard_conditions:/home/paige-spalsbury/ros2_ws/install/examples_rclpy_executors:/opt/ros/jazzy DEBUGINFOD_URLS=https://debuginfod.ubuntu.com /usr/bin/cmake --install /home/paige-spalsbury/ros2_ws/src/hover_above/ros2_robotiq_gripper/build/robotiq_description
[0.043s] -- Install configuration: ""
[0.044s] -- Up-to-date: /home/paige-spalsbury/ros2_ws/src/hover_above/ros2_robotiq_gripper/install/robotiq_description/share/robotiq_description/config
[0.044s] -- Up-to-date: /home/paige-spalsbury/ros2_ws/src/hover_above/ros2_robotiq_gripper/install/robotiq_description/share/robotiq_description/config/robotiq_controllers.yaml
[0.044s] -- Up-to-date: /home/paige-spalsbury/ros2_ws/src/hover_above/ros2_robotiq_gripper/install/robotiq_description/share/robotiq_description/launch
[0.044s] -- Up-to-date: /home/paige-spalsbury/ros2_ws/src/hover_above/ros2_robotiq_gripper/install/robotiq_description/share/robotiq_description/launch/robotiq_control.launch.py
[0.044s] -- Up-to-date: /home/paige-spalsbury/ros2_ws/src/hover_above/ros2_robotiq_gripper/install/robotiq_description/share/robotiq_description/launch/view_gripper.launch.py
[0.044s] -- Up-to-date: /home/paige-spalsbury/ros2_ws/src/hover_above/ros2_robotiq_gripper/install/robotiq_description/share/robotiq_description/meshes
[0.044s] -- Up-to-date: /home/paige-spalsbury/ros2_ws/src/hover_above/ros2_robotiq_gripper/install/robotiq_description/share/robotiq_description/meshes/visual
[0.044s] -- Up-to-date: /home/paige-spalsbury/ros2_ws/src/hover_above/ros2_robotiq_gripper/install/robotiq_description/share/robotiq_description/meshes/visual/2f_140
[0.044s] -- Up-to-date: /home/paige-spalsbury/ros2_ws/src/hover_above/ros2_robotiq_gripper/install/robotiq_description/share/robotiq_description/meshes/visual/2f_140/robotiq_2f_140_base_link.stl
[0.044s] -- Up-to-date: /home/paige-spalsbury/ros2_ws/src/hover_above/ros2_robotiq_gripper/install/robotiq_description/share/robotiq_description/meshes/visual/2f_140/robotiq_2f_140_outer_finger.stl
[0.044s] -- Up-to-date: /home/paige-spalsbury/ros2_ws/src/hover_above/ros2_robotiq_gripper/install/robotiq_description/share/robotiq_description/meshes/visual/2f_140/robotiq_2f_140_inner_knuckle.stl
[0.044s] -- Up-to-date: /home/paige-spalsbury/ros2_ws/src/hover_above/ros2_robotiq_gripper/install/robotiq_description/share/robotiq_description/meshes/visual/2f_140/robotiq_2f_140_outer_knuckle.stl
[0.044s] -- Up-to-date: /home/paige-spalsbury/ros2_ws/src/hover_above/ros2_robotiq_gripper/install/robotiq_description/share/robotiq_description/meshes/visual/2f_140/robotiq_2f_140_coupling.stl
[0.044s] -- Up-to-date: /home/paige-spalsbury/ros2_ws/src/hover_above/ros2_robotiq_gripper/install/robotiq_description/share/robotiq_description/meshes/visual/2f_140/robotiq_2f_140_inner_finger.stl
[0.044s] -- Up-to-date: /home/paige-spalsbury/ros2_ws/src/hover_above/ros2_robotiq_gripper/install/robotiq_description/share/robotiq_description/meshes/visual/2f_85
[0.044s] -- Up-to-date: /home/paige-spalsbury/ros2_ws/src/hover_above/ros2_robotiq_gripper/install/robotiq_description/share/robotiq_description/meshes/visual/2f_85/right_inner_knuckle.dae
[0.044s] -- Up-to-date: /home/paige-spalsbury/ros2_ws/src/hover_above/ros2_robotiq_gripper/install/robotiq_description/share/robotiq_description/meshes/visual/2f_85/ur_to_robotiq_adapter.dae
[0.044s] -- Up-to-date: /home/paige-spalsbury/ros2_ws/src/hover_above/ros2_robotiq_gripper/install/robotiq_description/share/robotiq_description/meshes/visual/2f_85/left_knuckle.dae
[0.044s] -- Up-to-date: /home/paige-spalsbury/ros2_ws/src/hover_above/ros2_robotiq_gripper/install/robotiq_description/share/robotiq_description/meshes/visual/2f_85/right_finger.dae
[0.044s] -- Up-to-date: /home/paige-spalsbury/ros2_ws/src/hover_above/ros2_robotiq_gripper/install/robotiq_description/share/robotiq_description/meshes/visual/2f_85/robotiq_base.dae
[0.044s] -- Up-to-date: /home/paige-spalsbury/ros2_ws/src/hover_above/ros2_robotiq_gripper/install/robotiq_description/share/robotiq_description/meshes/visual/2f_85/right_knuckle.dae
[0.044s] -- Up-to-date: /home/paige-spalsbury/ros2_ws/src/hover_above/ros2_robotiq_gripper/install/robotiq_description/share/robotiq_description/meshes/visual/2f_85/left_finger_tip.dae
[0.044s] -- Up-to-date: /home/paige-spalsbury/ros2_ws/src/hover_above/ros2_robotiq_gripper/install/robotiq_description/share/robotiq_description/meshes/visual/2f_85/left_finger.dae
[0.045s] -- Up-to-date: /home/paige-spalsbury/ros2_ws/src/hover_above/ros2_robotiq_gripper/install/robotiq_description/share/robotiq_description/meshes/visual/2f_85/left_inner_knuckle.dae
[0.045s] -- Up-to-date: /home/paige-spalsbury/ros2_ws/src/hover_above/ros2_robotiq_gripper/install/robotiq_description/share/robotiq_description/meshes/visual/2f_85/right_finger_tip.dae
[0.045s] -- Up-to-date: /home/paige-spalsbury/ros2_ws/src/hover_above/ros2_robotiq_gripper/install/robotiq_description/share/robotiq_description/meshes/collision
[0.045s] -- Up-to-date: /home/paige-spalsbury/ros2_ws/src/hover_above/ros2_robotiq_gripper/install/robotiq_description/share/robotiq_description/meshes/collision/2f_140
[0.045s] -- Up-to-date: /home/paige-spalsbury/ros2_ws/src/hover_above/ros2_robotiq_gripper/install/robotiq_description/share/robotiq_description/meshes/collision/2f_140/robotiq_2f_140_base_link.stl
[0.045s] -- Up-to-date: /home/paige-spalsbury/ros2_ws/src/hover_above/ros2_robotiq_gripper/install/robotiq_description/share/robotiq_description/meshes/collision/2f_140/robotiq_2f_140_outer_finger.stl
[0.045s] -- Up-to-date: /home/paige-spalsbury/ros2_ws/src/hover_above/ros2_robotiq_gripper/install/robotiq_description/share/robotiq_description/meshes/collision/2f_140/robotiq_2f_140_inner_knuckle.stl
[0.045s] -- Up-to-date: /home/paige-spalsbury/ros2_ws/src/hover_above/ros2_robotiq_gripper/install/robotiq_description/share/robotiq_description/meshes/collision/2f_140/robotiq_2f_140_outer_knuckle.stl
[0.045s] -- Up-to-date: /home/paige-spalsbury/ros2_ws/src/hover_above/ros2_robotiq_gripper/install/robotiq_description/share/robotiq_description/meshes/collision/2f_140/robotiq_2f_140_coupling.stl
[0.045s] -- Up-to-date: /home/paige-spalsbury/ros2_ws/src/hover_above/ros2_robotiq_gripper/install/robotiq_description/share/robotiq_description/meshes/collision/2f_140/robotiq_2f_140_inner_finger.stl
[0.045s] -- Up-to-date: /home/paige-spalsbury/ros2_ws/src/hover_above/ros2_robotiq_gripper/install/robotiq_description/share/robotiq_description/meshes/collision/2f_85
[0.045s] -- Up-to-date: /home/paige-spalsbury/ros2_ws/src/hover_above/ros2_robotiq_gripper/install/robotiq_description/share/robotiq_description/meshes/collision/2f_85/ur_to_robotiq_adapter.stl
[0.045s] -- Up-to-date: /home/paige-spalsbury/ros2_ws/src/hover_above/ros2_robotiq_gripper/install/robotiq_description/share/robotiq_description/meshes/collision/2f_85/robotiq_base.stl
[0.045s] -- Up-to-date: /home/paige-spalsbury/ros2_ws/src/hover_above/ros2_robotiq_gripper/install/robotiq_description/share/robotiq_description/meshes/collision/2f_85/left_finger.stl
[0.045s] -- Up-to-date: /home/paige-spalsbury/ros2_ws/src/hover_above/ros2_robotiq_gripper/install/robotiq_description/share/robotiq_description/meshes/collision/2f_85/left_finger_tip.stl
[0.045s] -- Up-to-date: /home/paige-spalsbury/ros2_ws/src/hover_above/ros2_robotiq_gripper/install/robotiq_description/share/robotiq_description/meshes/collision/2f_85/left_inner_knuckle.stl
[0.045s] -- Up-to-date: /home/paige-spalsbury/ros2_ws/src/hover_above/ros2_robotiq_gripper/install/robotiq_description/share/robotiq_description/meshes/collision/2f_85/right_inner_knuckle.stl
[0.045s] -- Up-to-date: /home/paige-spalsbury/ros2_ws/src/hover_above/ros2_robotiq_gripper/install/robotiq_description/share/robotiq_description/meshes/collision/2f_85/right_knuckle.stl
[0.046s] -- Up-to-date: /home/paige-spalsbury/ros2_ws/src/hover_above/ros2_robotiq_gripper/install/robotiq_description/share/robotiq_description/meshes/collision/2f_85/right_finger.stl
[0.046s] -- Up-to-date: /home/paige-spalsbury/ros2_ws/src/hover_above/ros2_robotiq_gripper/install/robotiq_description/share/robotiq_description/meshes/collision/2f_85/right_finger_tip.stl
[0.046s] -- Up-to-date: /home/paige-spalsbury/ros2_ws/src/hover_above/ros2_robotiq_gripper/install/robotiq_description/share/robotiq_description/meshes/collision/2f_85/left_knuckle.stl
[0.046s] -- Up-to-date: /home/paige-spalsbury/ros2_ws/src/hover_above/ros2_robotiq_gripper/install/robotiq_description/share/robotiq_description/rviz
[0.046s] -- Up-to-date: /home/paige-spalsbury/ros2_ws/src/hover_above/ros2_robotiq_gripper/install/robotiq_description/share/robotiq_description/rviz/view_urdf.rviz
[0.046s] -- Up-to-date: /home/paige-spalsbury/ros2_ws/src/hover_above/ros2_robotiq_gripper/install/robotiq_description/share/robotiq_description/urdf
[0.046s] -- Up-to-date: /home/paige-spalsbury/ros2_ws/src/hover_above/ros2_robotiq_gripper/install/robotiq_description/share/robotiq_description/urdf/2f_140.ros2_control.xacro
[0.046s] -- Up-to-date: /home/paige-spalsbury/ros2_ws/src/hover_above/ros2_robotiq_gripper/install/robotiq_description/share/robotiq_description/urdf/robotiq_2f_85_macro.urdf.xacro
[0.046s] -- Up-to-date: /home/paige-spalsbury/ros2_ws/src/hover_above/ros2_robotiq_gripper/install/robotiq_description/share/robotiq_description/urdf/robotiq_2f_85_gripper.urdf.xacro
[0.046s] -- Up-to-date: /home/paige-spalsbury/ros2_ws/src/hover_above/ros2_robotiq_gripper/install/robotiq_description/share/robotiq_description/urdf/robotiq_2f_140_gripper.urdf.xacro
[0.046s] -- Up-to-date: /home/paige-spalsbury/ros2_ws/src/hover_above/ros2_robotiq_gripper/install/robotiq_description/share/robotiq_description/urdf/robotiq_2f_140.xacro
[0.046s] -- Up-to-date: /home/paige-spalsbury/ros2_ws/src/hover_above/ros2_robotiq_gripper/install/robotiq_description/share/robotiq_description/urdf/ur_to_robotiq_adapter.urdf.xacro
[0.046s] -- Up-to-date: /home/paige-spalsbury/ros2_ws/src/hover_above/ros2_robotiq_gripper/install/robotiq_description/share/robotiq_description/urdf/robotiq_2f_140_macro.urdf.xacro
[0.046s] -- Up-to-date: /home/paige-spalsbury/ros2_ws/src/hover_above/ros2_robotiq_gripper/install/robotiq_description/share/robotiq_description/urdf/2f_85.ros2_control.xacro
[0.046s] -- Up-to-date: /home/paige-spalsbury/ros2_ws/src/hover_above/ros2_robotiq_gripper/install/robotiq_description/share/ament_index/resource_index/package_run_dependencies/robotiq_description
[0.047s] -- Up-to-date: /home/paige-spalsbury/ros2_ws/src/hover_above/ros2_robotiq_gripper/install/robotiq_description/share/ament_index/resource_index/parent_prefix_path/robotiq_description
[0.047s] -- Up-to-date: /home/paige-spalsbury/ros2_ws/src/hover_above/ros2_robotiq_gripper/install/robotiq_description/share/robotiq_description/environment/ament_prefix_path.sh
[0.047s] -- Up-to-date: /home/paige-spalsbury/ros2_ws/src/hover_above/ros2_robotiq_gripper/install/robotiq_description/share/robotiq_description/environment/ament_prefix_path.dsv
[0.047s] -- Up-to-date: /home/paige-spalsbury/ros2_ws/src/hover_above/ros2_robotiq_gripper/install/robotiq_description/share/robotiq_description/environment/path.sh
[0.047s] -- Up-to-date: /home/paige-spalsbury/ros2_ws/src/hover_above/ros2_robotiq_gripper/install/robotiq_description/share/robotiq_description/environment/path.dsv
[0.047s] -- Up-to-date: /home/paige-spalsbury/ros2_ws/src/hover_above/ros2_robotiq_gripper/install/robotiq_description/share/robotiq_description/local_setup.bash
[0.047s] -- Up-to-date: /home/paige-spalsbury/ros2_ws/src/hover_above/ros2_robotiq_gripper/install/robotiq_description/share/robotiq_description/local_setup.sh
[0.047s] -- Up-to-date: /home/paige-spalsbury/ros2_ws/src/hover_above/ros2_robotiq_gripper/install/robotiq_description/share/robotiq_description/local_setup.zsh
[0.047s] -- Up-to-date: /home/paige-spalsbury/ros2_ws/src/hover_above/ros2_robotiq_gripper/install/robotiq_description/share/robotiq_description/local_setup.dsv
[0.047s] -- Up-to-date: /home/paige-spalsbury/ros2_ws/src/hover_above/ros2_robotiq_gripper/install/robotiq_description/share/robotiq_description/package.dsv
[0.047s] -- Up-to-date: /home/paige-spalsbury/ros2_ws/src/hover_above/ros2_robotiq_gripper/install/robotiq_description/share/ament_index/resource_index/packages/robotiq_description
[0.047s] -- Up-to-date: /home/paige-spalsbury/ros2_ws/src/hover_above/ros2_robotiq_gripper/install/robotiq_description/share/robotiq_description/cmake/robotiq_descriptionConfig.cmake
[0.047s] -- Up-to-date: /home/paige-spalsbury/ros2_ws/src/hover_above/ros2_robotiq_gripper/install/robotiq_description/share/robotiq_description/cmake/robotiq_descriptionConfig-version.cmake
[0.047s] -- Up-to-date: /home/paige-spalsbury/ros2_ws/src/hover_above/ros2_robotiq_gripper/install/robotiq_description/share/robotiq_description/package.xml
[0.047s] Invoked command in '/home/paige-spalsbury/ros2_ws/src/hover_above/ros2_robotiq_gripper/build/robotiq_description' returned '0': CMAKE_PREFIX_PATH=${CMAKE_PREFIX_PATH}:/home/paige-spalsbury/ros2_ws/src/install/ur_move_merlab:/home/paige-spalsbury/ros2_ws/src/install/hover_above:/home/paige-spalsbury/ros2_ws/install/forces_servcli:/home/paige-spalsbury/ros2_ws/install/python_parameters:/home/paige-spalsbury/ros2_ws/install/py_srvcli:/home/paige-spalsbury/ros2_ws/install/py_pubsub:/home/paige-spalsbury/ros2_ws/install/my_package:/home/paige-spalsbury/ros2_ws/install/launch_testing_examples:/home/paige-spalsbury/ros2_ws/install/hover_above:/home/paige-spalsbury/ros2_ws/install/graspmat_srvcli:/home/paige-spalsbury/ros2_ws/install/examples_rclpy_pointcloud_publisher:/home/paige-spalsbury/ros2_ws/install/examples_rclpy_minimal_subscriber:/home/paige-spalsbury/ros2_ws/install/examples_rclpy_minimal_service:/home/paige-spalsbury/ros2_ws/install/examples_rclpy_minimal_publisher:/home/paige-spalsbury/ros2_ws/install/examples_rclpy_minimal_client:/home/paige-spalsbury/ros2_ws/install/examples_rclpy_minimal_action_server:/home/paige-spalsbury/ros2_ws/install/examples_rclpy_minimal_action_client:/home/paige-spalsbury/ros2_ws/install/examples_rclpy_guard_conditions:/home/paige-spalsbury/ros2_ws/install/examples_rclpy_executors:/opt/ros/jazzy DEBUGINFOD_URLS=https://debuginfod.ubuntu.com /usr/bin/cmake --install /home/paige-spalsbury/ros2_ws/src/hover_above/ros2_robotiq_gripper/build/robotiq_description
