[0.299s] Invoking command in '/home/artrpelli/HW5_RBE4540/build/move_interfaces_merlab': CMAKE_PREFIX_PATH=${CMAKE_PREFIX_PATH}:/home/artrpelli/rbe4540_lab_ws/install/ur_move_merlab:/home/artrpelli/HW5_RBE4540/install/hover_above:/home/artrpelli/turtlebot3_ws/install/turtlebot3_teleop:/home/artrpelli/turtlebot3_ws/install/turtlebot3_example:/opt/ros/jazzy DEBUGINFOD_URLS=https://debuginfod.ubuntu.com /usr/bin/cmake --build /home/artrpelli/HW5_RBE4540/build/move_interfaces_merlab -- -j8 -l8
[0.360s] [  1%] Built target move_interfaces_merlab__rosidl_generator_type_description
[0.361s] [  3%] Built target move_interfaces_merlab__rs
[0.370s] [  3%] Built target ament_cmake_python_copy_move_interfaces_merlab
[0.394s] [  4%] Built target move_interfaces_merlab__cpp
[0.395s] [ 26%] Built target move_interfaces_merlab__rosidl_generator_c
[0.434s] [ 35%] Built target move_interfaces_merlab__rosidl_typesupport_fastrtps_c
[0.435s] [ 44%] Built target move_interfaces_merlab__rosidl_typesupport_fastrtps_cpp
[0.446s] [ 53%] Built target move_interfaces_merlab__rosidl_typesupport_c
[0.450s] [ 63%] Built target move_interfaces_merlab__rosidl_typesupport_introspection_c
[0.453s] [ 72%] Built target move_interfaces_merlab__rosidl_typesupport_introspection_cpp
[0.454s] [ 81%] Built target move_interfaces_merlab__rosidl_typesupport_cpp
[0.477s] [ 81%] Built target move_interfaces_merlab
[0.502s] [ 83%] Built target move_interfaces_merlab__py
[0.530s] [ 90%] Built target move_interfaces_merlab__rosidl_generator_py
[0.557s] [ 96%] Built target move_interfaces_merlab_s__rosidl_typesupport_fastrtps_c
[0.557s] [ 96%] Built target move_interfaces_merlab_s__rosidl_typesupport_c
[0.559s] [100%] Built target move_interfaces_merlab_s__rosidl_typesupport_introspection_c
[0.656s] running egg_info
[0.679s] writing move_interfaces_merlab.egg-info/PKG-INFO
[0.680s] writing dependency_links to move_interfaces_merlab.egg-info/dependency_links.txt
[0.680s] writing top-level names to move_interfaces_merlab.egg-info/top_level.txt
[0.760s] reading manifest file 'move_interfaces_merlab.egg-info/SOURCES.txt'
[0.761s] writing manifest file 'move_interfaces_merlab.egg-info/SOURCES.txt'
[0.791s] [100%] Built target ament_cmake_python_build_move_interfaces_merlab_egg
[0.805s] Invoked command in '/home/artrpelli/HW5_RBE4540/build/move_interfaces_merlab' returned '0': CMAKE_PREFIX_PATH=${CMAKE_PREFIX_PATH}:/home/artrpelli/rbe4540_lab_ws/install/ur_move_merlab:/home/artrpelli/HW5_RBE4540/install/hover_above:/home/artrpelli/turtlebot3_ws/install/turtlebot3_teleop:/home/artrpelli/turtlebot3_ws/install/turtlebot3_example:/opt/ros/jazzy DEBUGINFOD_URLS=https://debuginfod.ubuntu.com /usr/bin/cmake --build /home/artrpelli/HW5_RBE4540/build/move_interfaces_merlab -- -j8 -l8
[0.806s] Invoking command in '/home/artrpelli/HW5_RBE4540/build/move_interfaces_merlab': CMAKE_PREFIX_PATH=${CMAKE_PREFIX_PATH}:/home/artrpelli/rbe4540_lab_ws/install/ur_move_merlab:/home/artrpelli/HW5_RBE4540/install/hover_above:/home/artrpelli/turtlebot3_ws/install/turtlebot3_teleop:/home/artrpelli/turtlebot3_ws/install/turtlebot3_example:/opt/ros/jazzy DEBUGINFOD_URLS=https://debuginfod.ubuntu.com /usr/bin/cmake --install /home/artrpelli/HW5_RBE4540/build/move_interfaces_merlab
[0.816s] -- Install configuration: ""
[0.816s] -- Up-to-date: /home/artrpelli/HW5_RBE4540/install/move_interfaces_merlab/share/ament_index/resource_index/rosidl_interfaces/move_interfaces_merlab
[0.816s] -- Up-to-date: /home/artrpelli/HW5_RBE4540/install/move_interfaces_merlab/share/move_interfaces_merlab/srv/SendPose.json
[0.817s] -- Up-to-date: /home/artrpelli/HW5_RBE4540/install/move_interfaces_merlab/share/move_interfaces_merlab/srv/SendTwist.json
[0.817s] -- Up-to-date: /home/artrpelli/HW5_RBE4540/install/move_interfaces_merlab/share/move_interfaces_merlab/srv/SendJointTrajectory.json
[0.817s] -- Up-to-date: /home/artrpelli/HW5_RBE4540/install/move_interfaces_merlab/share/move_interfaces_merlab/srv/SendJointTrajectoryPoint.json
[0.817s] -- Up-to-date: /home/artrpelli/HW5_RBE4540/install/move_interfaces_merlab/include/move_interfaces_merlab/move_interfaces_merlab
[0.817s] -- Up-to-date: /home/artrpelli/HW5_RBE4540/install/move_interfaces_merlab/include/move_interfaces_merlab/move_interfaces_merlab/srv
[0.817s] -- Up-to-date: /home/artrpelli/HW5_RBE4540/install/move_interfaces_merlab/include/move_interfaces_merlab/move_interfaces_merlab/srv/detail
[0.817s] -- Up-to-date: /home/artrpelli/HW5_RBE4540/install/move_interfaces_merlab/include/move_interfaces_merlab/move_interfaces_merlab/srv/detail/send_pose__type_support.c
[0.817s] -- Up-to-date: /home/artrpelli/HW5_RBE4540/install/move_interfaces_merlab/include/move_interfaces_merlab/move_interfaces_merlab/srv/detail/send_joint_trajectory_point__struct.h
[0.817s] -- Up-to-date: /home/artrpelli/HW5_RBE4540/install/move_interfaces_merlab/include/move_interfaces_merlab/move_interfaces_merlab/srv/detail/send_twist__description.c
[0.818s] -- Up-to-date: /home/artrpelli/HW5_RBE4540/install/move_interfaces_merlab/include/move_interfaces_merlab/move_interfaces_merlab/srv/detail/send_pose__functions.c
[0.818s] -- Up-to-date: /home/artrpelli/HW5_RBE4540/install/move_interfaces_merlab/include/move_interfaces_merlab/move_interfaces_merlab/srv/detail/send_pose__struct.h
[0.818s] -- Up-to-date: /home/artrpelli/HW5_RBE4540/install/move_interfaces_merlab/include/move_interfaces_merlab/move_interfaces_merlab/srv/detail/send_pose__type_support.h
[0.818s] -- Up-to-date: /home/artrpelli/HW5_RBE4540/install/move_interfaces_merlab/include/move_interfaces_merlab/move_interfaces_merlab/srv/detail/send_joint_trajectory__description.c
[0.818s] -- Up-to-date: /home/artrpelli/HW5_RBE4540/install/move_interfaces_merlab/include/move_interfaces_merlab/move_interfaces_merlab/srv/detail/send_joint_trajectory_point__description.c
[0.818s] -- Up-to-date: /home/artrpelli/HW5_RBE4540/install/move_interfaces_merlab/include/move_interfaces_merlab/move_interfaces_merlab/srv/detail/send_joint_trajectory__type_support.h
[0.819s] -- Up-to-date: /home/artrpelli/HW5_RBE4540/install/move_interfaces_merlab/include/move_interfaces_merlab/move_interfaces_merlab/srv/detail/send_joint_trajectory_point__type_support.h
[0.819s] -- Up-to-date: /home/artrpelli/HW5_RBE4540/install/move_interfaces_merlab/include/move_interfaces_merlab/move_interfaces_merlab/srv/detail/send_joint_trajectory__struct.h
[0.819s] -- Up-to-date: /home/artrpelli/HW5_RBE4540/install/move_interfaces_merlab/include/move_interfaces_merlab/move_interfaces_merlab/srv/detail/send_twist__functions.h
[0.819s] -- Up-to-date: /home/artrpelli/HW5_RBE4540/install/move_interfaces_merlab/include/move_interfaces_merlab/move_interfaces_merlab/srv/detail/send_joint_trajectory_point__type_support.c
[0.819s] -- Up-to-date: /home/artrpelli/HW5_RBE4540/install/move_interfaces_merlab/include/move_interfaces_merlab/move_interfaces_merlab/srv/detail/send_twist__type_support.c
[0.820s] -- Up-to-date: /home/artrpelli/HW5_RBE4540/install/move_interfaces_merlab/include/move_interfaces_merlab/move_interfaces_merlab/srv/detail/send_joint_trajectory_point__functions.c
[0.820s] -- Up-to-date: /home/artrpelli/HW5_RBE4540/install/move_interfaces_merlab/include/move_interfaces_merlab/move_interfaces_merlab/srv/detail/send_joint_trajectory__functions.h
[0.820s] -- Up-to-date: /home/artrpelli/HW5_RBE4540/install/move_interfaces_merlab/include/move_interfaces_merlab/move_interfaces_merlab/srv/detail/send_pose__description.c
[0.820s] -- Up-to-date: /home/artrpelli/HW5_RBE4540/install/move_interfaces_merlab/include/move_interfaces_merlab/move_interfaces_merlab/srv/detail/send_twist__functions.c
[0.820s] -- Up-to-date: /home/artrpelli/HW5_RBE4540/install/move_interfaces_merlab/include/move_interfaces_merlab/move_interfaces_merlab/srv/detail/send_pose__functions.h
[0.820s] -- Up-to-date: /home/artrpelli/HW5_RBE4540/install/move_interfaces_merlab/include/move_interfaces_merlab/move_interfaces_merlab/srv/detail/send_twist__struct.h
[0.821s] -- Up-to-date: /home/artrpelli/HW5_RBE4540/install/move_interfaces_merlab/include/move_interfaces_merlab/move_interfaces_merlab/srv/detail/send_joint_trajectory__type_support.c
[0.821s] -- Up-to-date: /home/artrpelli/HW5_RBE4540/install/move_interfaces_merlab/include/move_interfaces_merlab/move_interfaces_merlab/srv/detail/send_twist__type_support.h
[0.821s] -- Up-to-date: /home/artrpelli/HW5_RBE4540/install/move_interfaces_merlab/include/move_interfaces_merlab/move_interfaces_merlab/srv/detail/send_joint_trajectory_point__functions.h
[0.821s] -- Up-to-date: /home/artrpelli/HW5_RBE4540/install/move_interfaces_merlab/include/move_interfaces_merlab/move_interfaces_merlab/srv/detail/send_joint_trajectory__functions.c
[0.821s] -- Up-to-date: /home/artrpelli/HW5_RBE4540/install/move_interfaces_merlab/include/move_interfaces_merlab/move_interfaces_merlab/srv/send_twist.h
[0.822s] -- Up-to-date: /home/artrpelli/HW5_RBE4540/install/move_interfaces_merlab/include/move_interfaces_merlab/move_interfaces_merlab/srv/send_joint_trajectory.h
[0.822s] -- Up-to-date: /home/artrpelli/HW5_RBE4540/install/move_interfaces_merlab/include/move_interfaces_merlab/move_interfaces_merlab/srv/send_pose.h
[0.822s] -- Up-to-date: /home/artrpelli/HW5_RBE4540/install/move_interfaces_merlab/include/move_interfaces_merlab/move_interfaces_merlab/srv/send_joint_trajectory_point.h
[0.822s] -- Up-to-date: /home/artrpelli/HW5_RBE4540/install/move_interfaces_merlab/include/move_interfaces_merlab/move_interfaces_merlab/msg
[0.822s] -- Up-to-date: /home/artrpelli/HW5_RBE4540/install/move_interfaces_merlab/include/move_interfaces_merlab/move_interfaces_merlab/msg/rosidl_generator_c__visibility_control.h
[0.822s] -- Up-to-date: /home/artrpelli/HW5_RBE4540/install/move_interfaces_merlab/share/move_interfaces_merlab/environment/library_path.sh
[0.822s] -- Up-to-date: /home/artrpelli/HW5_RBE4540/install/move_interfaces_merlab/share/move_interfaces_merlab/environment/library_path.dsv
[0.822s] -- Up-to-date: /home/artrpelli/HW5_RBE4540/install/move_interfaces_merlab/lib/libmove_interfaces_merlab__rosidl_generator_c.so
[0.823s] -- Up-to-date: /home/artrpelli/HW5_RBE4540/install/move_interfaces_merlab/include/move_interfaces_merlab/move_interfaces_merlab
[0.823s] -- Up-to-date: /home/artrpelli/HW5_RBE4540/install/move_interfaces_merlab/include/move_interfaces_merlab/move_interfaces_merlab/srv
[0.823s] -- Up-to-date: /home/artrpelli/HW5_RBE4540/install/move_interfaces_merlab/include/move_interfaces_merlab/move_interfaces_merlab/srv/detail
[0.823s] -- Up-to-date: /home/artrpelli/HW5_RBE4540/install/move_interfaces_merlab/include/move_interfaces_merlab/move_interfaces_merlab/srv/detail/send_joint_trajectory_point__rosidl_typesupport_fastrtps_c.h
[0.823s] -- Up-to-date: /home/artrpelli/HW5_RBE4540/install/move_interfaces_merlab/include/move_interfaces_merlab/move_interfaces_merlab/srv/detail/send_pose__rosidl_typesupport_fastrtps_c.h
[0.823s] -- Up-to-date: /home/artrpelli/HW5_RBE4540/install/move_interfaces_merlab/include/move_interfaces_merlab/move_interfaces_merlab/srv/detail/send_joint_trajectory__rosidl_typesupport_fastrtps_c.h
[0.823s] -- Up-to-date: /home/artrpelli/HW5_RBE4540/install/move_interfaces_merlab/include/move_interfaces_merlab/move_interfaces_merlab/srv/detail/send_twist__rosidl_typesupport_fastrtps_c.h
[0.824s] -- Up-to-date: /home/artrpelli/HW5_RBE4540/install/move_interfaces_merlab/include/move_interfaces_merlab/move_interfaces_merlab/msg
[0.824s] -- Up-to-date: /home/artrpelli/HW5_RBE4540/install/move_interfaces_merlab/include/move_interfaces_merlab/move_interfaces_merlab/msg/rosidl_typesupport_fastrtps_c__visibility_control.h
[0.824s] -- Up-to-date: /home/artrpelli/HW5_RBE4540/install/move_interfaces_merlab/lib/libmove_interfaces_merlab__rosidl_typesupport_fastrtps_c.so
[0.824s] -- Up-to-date: /home/artrpelli/HW5_RBE4540/install/move_interfaces_merlab/include/move_interfaces_merlab/move_interfaces_merlab
[0.824s] -- Up-to-date: /home/artrpelli/HW5_RBE4540/install/move_interfaces_merlab/include/move_interfaces_merlab/move_interfaces_merlab/srv
[0.824s] -- Up-to-date: /home/artrpelli/HW5_RBE4540/install/move_interfaces_merlab/include/move_interfaces_merlab/move_interfaces_merlab/srv/detail
[0.824s] -- Up-to-date: /home/artrpelli/HW5_RBE4540/install/move_interfaces_merlab/include/move_interfaces_merlab/move_interfaces_merlab/srv/detail/send_twist__type_support.hpp
[0.825s] -- Up-to-date: /home/artrpelli/HW5_RBE4540/install/move_interfaces_merlab/include/move_interfaces_merlab/move_interfaces_merlab/srv/detail/send_joint_trajectory_point__builder.hpp
[0.825s] -- Up-to-date: /home/artrpelli/HW5_RBE4540/install/move_interfaces_merlab/include/move_interfaces_merlab/move_interfaces_merlab/srv/detail/send_joint_trajectory__builder.hpp
[0.825s] -- Up-to-date: /home/artrpelli/HW5_RBE4540/install/move_interfaces_merlab/include/move_interfaces_merlab/move_interfaces_merlab/srv/detail/send_pose__traits.hpp
[0.825s] -- Up-to-date: /home/artrpelli/HW5_RBE4540/install/move_interfaces_merlab/include/move_interfaces_merlab/move_interfaces_merlab/srv/detail/send_twist__builder.hpp
[0.825s] -- Up-to-date: /home/artrpelli/HW5_RBE4540/install/move_interfaces_merlab/include/move_interfaces_merlab/move_interfaces_merlab/srv/detail/send_joint_trajectory_point__struct.hpp
[0.825s] -- Up-to-date: /home/artrpelli/HW5_RBE4540/install/move_interfaces_merlab/include/move_interfaces_merlab/move_interfaces_merlab/srv/detail/send_joint_trajectory_point__traits.hpp
[0.825s] -- Up-to-date: /home/artrpelli/HW5_RBE4540/install/move_interfaces_merlab/include/move_interfaces_merlab/move_interfaces_merlab/srv/detail/send_joint_trajectory_point__type_support.hpp
[0.825s] -- Up-to-date: /home/artrpelli/HW5_RBE4540/install/move_interfaces_merlab/include/move_interfaces_merlab/move_interfaces_merlab/srv/detail/send_pose__type_support.hpp
[0.826s] -- Up-to-date: /home/artrpelli/HW5_RBE4540/install/move_interfaces_merlab/include/move_interfaces_merlab/move_interfaces_merlab/srv/detail/send_twist__traits.hpp
[0.826s] -- Up-to-date: /home/artrpelli/HW5_RBE4540/install/move_interfaces_merlab/include/move_interfaces_merlab/move_interfaces_merlab/srv/detail/send_twist__struct.hpp
[0.826s] -- Up-to-date: /home/artrpelli/HW5_RBE4540/install/move_interfaces_merlab/include/move_interfaces_merlab/move_interfaces_merlab/srv/detail/send_pose__struct.hpp
[0.826s] -- Up-to-date: /home/artrpelli/HW5_RBE4540/install/move_interfaces_merlab/include/move_interfaces_merlab/move_interfaces_merlab/srv/detail/send_joint_trajectory__type_support.hpp
[0.826s] -- Up-to-date: /home/artrpelli/HW5_RBE4540/install/move_interfaces_merlab/include/move_interfaces_merlab/move_interfaces_merlab/srv/detail/send_joint_trajectory__struct.hpp
[0.826s] -- Up-to-date: /home/artrpelli/HW5_RBE4540/install/move_interfaces_merlab/include/move_interfaces_merlab/move_interfaces_merlab/srv/detail/send_joint_trajectory__traits.hpp
[0.826s] -- Up-to-date: /home/artrpelli/HW5_RBE4540/install/move_interfaces_merlab/include/move_interfaces_merlab/move_interfaces_merlab/srv/detail/send_pose__builder.hpp
[0.827s] -- Up-to-date: /home/artrpelli/HW5_RBE4540/install/move_interfaces_merlab/include/move_interfaces_merlab/move_interfaces_merlab/srv/send_joint_trajectory.hpp
[0.827s] -- Up-to-date: /home/artrpelli/HW5_RBE4540/install/move_interfaces_merlab/include/move_interfaces_merlab/move_interfaces_merlab/srv/send_pose.hpp
[0.827s] -- Up-to-date: /home/artrpelli/HW5_RBE4540/install/move_interfaces_merlab/include/move_interfaces_merlab/move_interfaces_merlab/srv/send_joint_trajectory_point.hpp
[0.827s] -- Up-to-date: /home/artrpelli/HW5_RBE4540/install/move_interfaces_merlab/include/move_interfaces_merlab/move_interfaces_merlab/srv/send_twist.hpp
[0.827s] -- Up-to-date: /home/artrpelli/HW5_RBE4540/install/move_interfaces_merlab/include/move_interfaces_merlab/move_interfaces_merlab/msg
[0.827s] -- Up-to-date: /home/artrpelli/HW5_RBE4540/install/move_interfaces_merlab/include/move_interfaces_merlab/move_interfaces_merlab/msg/rosidl_generator_cpp__visibility_control.hpp
[0.827s] -- Up-to-date: /home/artrpelli/HW5_RBE4540/install/move_interfaces_merlab/include/move_interfaces_merlab/move_interfaces_merlab
[0.827s] -- Up-to-date: /home/artrpelli/HW5_RBE4540/install/move_interfaces_merlab/include/move_interfaces_merlab/move_interfaces_merlab/srv
[0.828s] -- Up-to-date: /home/artrpelli/HW5_RBE4540/install/move_interfaces_merlab/include/move_interfaces_merlab/move_interfaces_merlab/srv/detail
[0.828s] -- Up-to-date: /home/artrpelli/HW5_RBE4540/install/move_interfaces_merlab/include/move_interfaces_merlab/move_interfaces_merlab/srv/detail/dds_fastrtps
[0.828s] -- Up-to-date: /home/artrpelli/HW5_RBE4540/install/move_interfaces_merlab/include/move_interfaces_merlab/move_interfaces_merlab/srv/detail/send_joint_trajectory_point__rosidl_typesupport_fastrtps_cpp.hpp
[0.828s] -- Up-to-date: /home/artrpelli/HW5_RBE4540/install/move_interfaces_merlab/include/move_interfaces_merlab/move_interfaces_merlab/srv/detail/send_pose__rosidl_typesupport_fastrtps_cpp.hpp
[0.828s] -- Up-to-date: /home/artrpelli/HW5_RBE4540/install/move_interfaces_merlab/include/move_interfaces_merlab/move_interfaces_merlab/srv/detail/send_twist__rosidl_typesupport_fastrtps_cpp.hpp
[0.828s] -- Up-to-date: /home/artrpelli/HW5_RBE4540/install/move_interfaces_merlab/include/move_interfaces_merlab/move_interfaces_merlab/srv/detail/send_joint_trajectory__rosidl_typesupport_fastrtps_cpp.hpp
[0.828s] -- Up-to-date: /home/artrpelli/HW5_RBE4540/install/move_interfaces_merlab/include/move_interfaces_merlab/move_interfaces_merlab/msg
[0.829s] -- Up-to-date: /home/artrpelli/HW5_RBE4540/install/move_interfaces_merlab/include/move_interfaces_merlab/move_interfaces_merlab/msg/rosidl_typesupport_fastrtps_cpp__visibility_control.h
[0.829s] -- Up-to-date: /home/artrpelli/HW5_RBE4540/install/move_interfaces_merlab/lib/libmove_interfaces_merlab__rosidl_typesupport_fastrtps_cpp.so
[0.829s] -- Up-to-date: /home/artrpelli/HW5_RBE4540/install/move_interfaces_merlab/include/move_interfaces_merlab/move_interfaces_merlab
[0.829s] -- Up-to-date: /home/artrpelli/HW5_RBE4540/install/move_interfaces_merlab/include/move_interfaces_merlab/move_interfaces_merlab/srv
[0.829s] -- Up-to-date: /home/artrpelli/HW5_RBE4540/install/move_interfaces_merlab/include/move_interfaces_merlab/move_interfaces_merlab/srv/detail
[0.829s] -- Up-to-date: /home/artrpelli/HW5_RBE4540/install/move_interfaces_merlab/include/move_interfaces_merlab/move_interfaces_merlab/srv/detail/send_pose__type_support.c
[0.829s] -- Up-to-date: /home/artrpelli/HW5_RBE4540/install/move_interfaces_merlab/include/move_interfaces_merlab/move_interfaces_merlab/srv/detail/send_joint_trajectory__rosidl_typesupport_introspection_c.h
[0.829s] -- Up-to-date: /home/artrpelli/HW5_RBE4540/install/move_interfaces_merlab/include/move_interfaces_merlab/move_interfaces_merlab/srv/detail/send_twist__rosidl_typesupport_introspection_c.h
[0.830s] -- Up-to-date: /home/artrpelli/HW5_RBE4540/install/move_interfaces_merlab/include/move_interfaces_merlab/move_interfaces_merlab/srv/detail/send_joint_trajectory_point__type_support.c
[0.830s] -- Up-to-date: /home/artrpelli/HW5_RBE4540/install/move_interfaces_merlab/include/move_interfaces_merlab/move_interfaces_merlab/srv/detail/send_pose__rosidl_typesupport_introspection_c.h
[0.830s] -- Up-to-date: /home/artrpelli/HW5_RBE4540/install/move_interfaces_merlab/include/move_interfaces_merlab/move_interfaces_merlab/srv/detail/send_twist__type_support.c
[0.830s] -- Up-to-date: /home/artrpelli/HW5_RBE4540/install/move_interfaces_merlab/include/move_interfaces_merlab/move_interfaces_merlab/srv/detail/send_joint_trajectory__type_support.c
[0.830s] -- Up-to-date: /home/artrpelli/HW5_RBE4540/install/move_interfaces_merlab/include/move_interfaces_merlab/move_interfaces_merlab/srv/detail/send_joint_trajectory_point__rosidl_typesupport_introspection_c.h
[0.830s] -- Up-to-date: /home/artrpelli/HW5_RBE4540/install/move_interfaces_merlab/include/move_interfaces_merlab/move_interfaces_merlab/msg
[0.830s] -- Up-to-date: /home/artrpelli/HW5_RBE4540/install/move_interfaces_merlab/include/move_interfaces_merlab/move_interfaces_merlab/msg/rosidl_typesupport_introspection_c__visibility_control.h
[0.831s] -- Up-to-date: /home/artrpelli/HW5_RBE4540/install/move_interfaces_merlab/lib/libmove_interfaces_merlab__rosidl_typesupport_introspection_c.so
[0.831s] -- Up-to-date: /home/artrpelli/HW5_RBE4540/install/move_interfaces_merlab/lib/libmove_interfaces_merlab__rosidl_typesupport_c.so
[0.831s] -- Up-to-date: /home/artrpelli/HW5_RBE4540/install/move_interfaces_merlab/include/move_interfaces_merlab/move_interfaces_merlab
[0.831s] -- Up-to-date: /home/artrpelli/HW5_RBE4540/install/move_interfaces_merlab/include/move_interfaces_merlab/move_interfaces_merlab/srv
[0.831s] -- Up-to-date: /home/artrpelli/HW5_RBE4540/install/move_interfaces_merlab/include/move_interfaces_merlab/move_interfaces_merlab/srv/detail
[0.831s] -- Up-to-date: /home/artrpelli/HW5_RBE4540/install/move_interfaces_merlab/include/move_interfaces_merlab/move_interfaces_merlab/srv/detail/send_pose__rosidl_typesupport_introspection_cpp.hpp
[0.831s] -- Up-to-date: /home/artrpelli/HW5_RBE4540/install/move_interfaces_merlab/include/move_interfaces_merlab/move_interfaces_merlab/srv/detail/send_joint_trajectory__type_support.cpp
[0.831s] -- Up-to-date: /home/artrpelli/HW5_RBE4540/install/move_interfaces_merlab/include/move_interfaces_merlab/move_interfaces_merlab/srv/detail/send_joint_trajectory__rosidl_typesupport_introspection_cpp.hpp
[0.832s] -- Up-to-date: /home/artrpelli/HW5_RBE4540/install/move_interfaces_merlab/include/move_interfaces_merlab/move_interfaces_merlab/srv/detail/send_twist__rosidl_typesupport_introspection_cpp.hpp
[0.832s] -- Up-to-date: /home/artrpelli/HW5_RBE4540/install/move_interfaces_merlab/include/move_interfaces_merlab/move_interfaces_merlab/srv/detail/send_twist__type_support.cpp
[0.832s] -- Up-to-date: /home/artrpelli/HW5_RBE4540/install/move_interfaces_merlab/include/move_interfaces_merlab/move_interfaces_merlab/srv/detail/send_joint_trajectory_point__type_support.cpp
[0.832s] -- Up-to-date: /home/artrpelli/HW5_RBE4540/install/move_interfaces_merlab/include/move_interfaces_merlab/move_interfaces_merlab/srv/detail/send_joint_trajectory_point__rosidl_typesupport_introspection_cpp.hpp
[0.832s] -- Up-to-date: /home/artrpelli/HW5_RBE4540/install/move_interfaces_merlab/include/move_interfaces_merlab/move_interfaces_merlab/srv/detail/send_pose__type_support.cpp
[0.832s] -- Up-to-date: /home/artrpelli/HW5_RBE4540/install/move_interfaces_merlab/lib/libmove_interfaces_merlab__rosidl_typesupport_introspection_cpp.so
[0.832s] -- Up-to-date: /home/artrpelli/HW5_RBE4540/install/move_interfaces_merlab/lib/libmove_interfaces_merlab__rosidl_typesupport_cpp.so
[0.833s] -- Up-to-date: /home/artrpelli/HW5_RBE4540/install/move_interfaces_merlab/share/move_interfaces_merlab/environment/pythonpath.sh
[0.833s] -- Up-to-date: /home/artrpelli/HW5_RBE4540/install/move_interfaces_merlab/share/move_interfaces_merlab/environment/pythonpath.dsv
[0.833s] -- Up-to-date: /home/artrpelli/HW5_RBE4540/install/move_interfaces_merlab/lib/python3.12/site-packages/move_interfaces_merlab-0.0.0-py3.12.egg-info
[0.833s] -- Installing: /home/artrpelli/HW5_RBE4540/install/move_interfaces_merlab/lib/python3.12/site-packages/move_interfaces_merlab-0.0.0-py3.12.egg-info/dependency_links.txt
[0.833s] -- Installing: /home/artrpelli/HW5_RBE4540/install/move_interfaces_merlab/lib/python3.12/site-packages/move_interfaces_merlab-0.0.0-py3.12.egg-info/SOURCES.txt
[0.833s] -- Installing: /home/artrpelli/HW5_RBE4540/install/move_interfaces_merlab/lib/python3.12/site-packages/move_interfaces_merlab-0.0.0-py3.12.egg-info/PKG-INFO
[0.833s] -- Installing: /home/artrpelli/HW5_RBE4540/install/move_interfaces_merlab/lib/python3.12/site-packages/move_interfaces_merlab-0.0.0-py3.12.egg-info/top_level.txt
[0.834s] -- Up-to-date: /home/artrpelli/HW5_RBE4540/install/move_interfaces_merlab/lib/python3.12/site-packages/move_interfaces_merlab
[0.834s] -- Up-to-date: /home/artrpelli/HW5_RBE4540/install/move_interfaces_merlab/lib/python3.12/site-packages/move_interfaces_merlab/_move_interfaces_merlab_s.ep.rosidl_typesupport_fastrtps_c.c
[0.834s] -- Up-to-date: /home/artrpelli/HW5_RBE4540/install/move_interfaces_merlab/lib/python3.12/site-packages/move_interfaces_merlab/srv
[0.834s] -- Up-to-date: /home/artrpelli/HW5_RBE4540/install/move_interfaces_merlab/lib/python3.12/site-packages/move_interfaces_merlab/srv/_send_joint_trajectory.py
[0.834s] -- Up-to-date: /home/artrpelli/HW5_RBE4540/install/move_interfaces_merlab/lib/python3.12/site-packages/move_interfaces_merlab/srv/_send_joint_trajectory_point.py
[0.834s] -- Up-to-date: /home/artrpelli/HW5_RBE4540/install/move_interfaces_merlab/lib/python3.12/site-packages/move_interfaces_merlab/srv/_send_twist_s.c
[0.834s] -- Up-to-date: /home/artrpelli/HW5_RBE4540/install/move_interfaces_merlab/lib/python3.12/site-packages/move_interfaces_merlab/srv/_send_pose.py
[0.834s] -- Up-to-date: /home/artrpelli/HW5_RBE4540/install/move_interfaces_merlab/lib/python3.12/site-packages/move_interfaces_merlab/srv/_send_joint_trajectory_s.c
[0.835s] -- Up-to-date: /home/artrpelli/HW5_RBE4540/install/move_interfaces_merlab/lib/python3.12/site-packages/move_interfaces_merlab/srv/_send_joint_trajectory_point_s.c
[0.835s] -- Up-to-date: /home/artrpelli/HW5_RBE4540/install/move_interfaces_merlab/lib/python3.12/site-packages/move_interfaces_merlab/srv/_send_twist.py
[0.835s] -- Up-to-date: /home/artrpelli/HW5_RBE4540/install/move_interfaces_merlab/lib/python3.12/site-packages/move_interfaces_merlab/srv/__init__.py
[0.835s] -- Up-to-date: /home/artrpelli/HW5_RBE4540/install/move_interfaces_merlab/lib/python3.12/site-packages/move_interfaces_merlab/srv/_send_pose_s.c
[0.835s] -- Up-to-date: /home/artrpelli/HW5_RBE4540/install/move_interfaces_merlab/lib/python3.12/site-packages/move_interfaces_merlab/move_interfaces_merlab_s__rosidl_typesupport_introspection_c.so
[0.835s] -- Up-to-date: /home/artrpelli/HW5_RBE4540/install/move_interfaces_merlab/lib/python3.12/site-packages/move_interfaces_merlab/_move_interfaces_merlab_s.ep.rosidl_typesupport_introspection_c.c
[0.835s] -- Up-to-date: /home/artrpelli/HW5_RBE4540/install/move_interfaces_merlab/lib/python3.12/site-packages/move_interfaces_merlab/_move_interfaces_merlab_s.ep.rosidl_typesupport_c.c
[0.835s] -- Up-to-date: /home/artrpelli/HW5_RBE4540/install/move_interfaces_merlab/lib/python3.12/site-packages/move_interfaces_merlab/move_interfaces_merlab_s__rosidl_typesupport_fastrtps_c.so
[0.836s] -- Up-to-date: /home/artrpelli/HW5_RBE4540/install/move_interfaces_merlab/lib/python3.12/site-packages/move_interfaces_merlab/move_interfaces_merlab_s__rosidl_typesupport_c.so
[0.836s] -- Up-to-date: /home/artrpelli/HW5_RBE4540/install/move_interfaces_merlab/lib/python3.12/site-packages/move_interfaces_merlab/__init__.py
[0.861s] Listing '/home/artrpelli/HW5_RBE4540/install/move_interfaces_merlab/lib/python3.12/site-packages/move_interfaces_merlab'...
[0.861s] Listing '/home/artrpelli/HW5_RBE4540/install/move_interfaces_merlab/lib/python3.12/site-packages/move_interfaces_merlab/srv'...
[0.866s] -- Up-to-date: /home/artrpelli/HW5_RBE4540/install/move_interfaces_merlab/lib/python3.12/site-packages/move_interfaces_merlab/move_interfaces_merlab_s__rosidl_typesupport_fastrtps_c.so
[0.867s] -- Up-to-date: /home/artrpelli/HW5_RBE4540/install/move_interfaces_merlab/lib/python3.12/site-packages/move_interfaces_merlab/move_interfaces_merlab_s__rosidl_typesupport_introspection_c.so
[0.867s] -- Up-to-date: /home/artrpelli/HW5_RBE4540/install/move_interfaces_merlab/lib/python3.12/site-packages/move_interfaces_merlab/move_interfaces_merlab_s__rosidl_typesupport_c.so
[0.867s] -- Up-to-date: /home/artrpelli/HW5_RBE4540/install/move_interfaces_merlab/lib/libmove_interfaces_merlab__rosidl_generator_py.so
[0.867s] -- Up-to-date: /home/artrpelli/HW5_RBE4540/install/move_interfaces_merlab/share/ament_index/resource_index/rust_packages/move_interfaces_merlab
[0.867s] -- Up-to-date: /home/artrpelli/HW5_RBE4540/install/move_interfaces_merlab/share/move_interfaces_merlab/rust
[0.868s] -- Up-to-date: /home/artrpelli/HW5_RBE4540/install/move_interfaces_merlab/share/move_interfaces_merlab/rust/Cargo.toml
[0.868s] -- Up-to-date: /home/artrpelli/HW5_RBE4540/install/move_interfaces_merlab/share/move_interfaces_merlab/rust/src
[0.868s] -- Up-to-date: /home/artrpelli/HW5_RBE4540/install/move_interfaces_merlab/share/move_interfaces_merlab/rust/src/lib.rs
[0.868s] -- Up-to-date: /home/artrpelli/HW5_RBE4540/install/move_interfaces_merlab/share/move_interfaces_merlab/rust/src/srv
[0.868s] -- Up-to-date: /home/artrpelli/HW5_RBE4540/install/move_interfaces_merlab/share/move_interfaces_merlab/rust/src/srv/rmw.rs
[0.869s] -- Up-to-date: /home/artrpelli/HW5_RBE4540/install/move_interfaces_merlab/share/move_interfaces_merlab/rust/src/srv.rs
[0.869s] -- Up-to-date: /home/artrpelli/HW5_RBE4540/install/move_interfaces_merlab/share/move_interfaces_merlab/rust/build.rs
[0.869s] -- Up-to-date: /home/artrpelli/HW5_RBE4540/install/move_interfaces_merlab/share/move_interfaces_merlab/srv/SendPose.idl
[0.869s] -- Up-to-date: /home/artrpelli/HW5_RBE4540/install/move_interfaces_merlab/share/move_interfaces_merlab/srv/SendTwist.idl
[0.869s] -- Up-to-date: /home/artrpelli/HW5_RBE4540/install/move_interfaces_merlab/share/move_interfaces_merlab/srv/SendJointTrajectory.idl
[0.869s] -- Up-to-date: /home/artrpelli/HW5_RBE4540/install/move_interfaces_merlab/share/move_interfaces_merlab/srv/SendJointTrajectoryPoint.idl
[0.870s] -- Up-to-date: /home/artrpelli/HW5_RBE4540/install/move_interfaces_merlab/share/move_interfaces_merlab/srv/SendPose.srv
[0.870s] -- Up-to-date: /home/artrpelli/HW5_RBE4540/install/move_interfaces_merlab/share/move_interfaces_merlab/srv/SendTwist.srv
[0.870s] -- Up-to-date: /home/artrpelli/HW5_RBE4540/install/move_interfaces_merlab/share/move_interfaces_merlab/srv/SendJointTrajectory.srv
[0.870s] -- Up-to-date: /home/artrpelli/HW5_RBE4540/install/move_interfaces_merlab/share/move_interfaces_merlab/srv/SendJointTrajectoryPoint.srv
[0.870s] -- Up-to-date: /home/artrpelli/HW5_RBE4540/install/move_interfaces_merlab/share/ament_index/resource_index/package_run_dependencies/move_interfaces_merlab
[0.870s] -- Up-to-date: /home/artrpelli/HW5_RBE4540/install/move_interfaces_merlab/share/ament_index/resource_index/parent_prefix_path/move_interfaces_merlab
[0.870s] -- Up-to-date: /home/artrpelli/HW5_RBE4540/install/move_interfaces_merlab/share/move_interfaces_merlab/environment/ament_prefix_path.sh
[0.871s] -- Up-to-date: /home/artrpelli/HW5_RBE4540/install/move_interfaces_merlab/share/move_interfaces_merlab/environment/ament_prefix_path.dsv
[0.871s] -- Up-to-date: /home/artrpelli/HW5_RBE4540/install/move_interfaces_merlab/share/move_interfaces_merlab/environment/path.sh
[0.871s] -- Up-to-date: /home/artrpelli/HW5_RBE4540/install/move_interfaces_merlab/share/move_interfaces_merlab/environment/path.dsv
[0.871s] -- Up-to-date: /home/artrpelli/HW5_RBE4540/install/move_interfaces_merlab/share/move_interfaces_merlab/local_setup.bash
[0.871s] -- Up-to-date: /home/artrpelli/HW5_RBE4540/install/move_interfaces_merlab/share/move_interfaces_merlab/local_setup.sh
[0.871s] -- Up-to-date: /home/artrpelli/HW5_RBE4540/install/move_interfaces_merlab/share/move_interfaces_merlab/local_setup.zsh
[0.871s] -- Up-to-date: /home/artrpelli/HW5_RBE4540/install/move_interfaces_merlab/share/move_interfaces_merlab/local_setup.dsv
[0.872s] -- Installing: /home/artrpelli/HW5_RBE4540/install/move_interfaces_merlab/share/move_interfaces_merlab/package.dsv
[0.872s] -- Up-to-date: /home/artrpelli/HW5_RBE4540/install/move_interfaces_merlab/share/ament_index/resource_index/packages/move_interfaces_merlab
[0.873s] -- Up-to-date: /home/artrpelli/HW5_RBE4540/install/move_interfaces_merlab/share/move_interfaces_merlab/cmake/export_move_interfaces_merlab__rosidl_generator_cExport.cmake
[0.873s] -- Up-to-date: /home/artrpelli/HW5_RBE4540/install/move_interfaces_merlab/share/move_interfaces_merlab/cmake/export_move_interfaces_merlab__rosidl_generator_cExport-noconfig.cmake
[0.873s] -- Up-to-date: /home/artrpelli/HW5_RBE4540/install/move_interfaces_merlab/share/move_interfaces_merlab/cmake/export_move_interfaces_merlab__rosidl_typesupport_fastrtps_cExport.cmake
[0.874s] -- Up-to-date: /home/artrpelli/HW5_RBE4540/install/move_interfaces_merlab/share/move_interfaces_merlab/cmake/export_move_interfaces_merlab__rosidl_typesupport_fastrtps_cExport-noconfig.cmake
[0.874s] -- Up-to-date: /home/artrpelli/HW5_RBE4540/install/move_interfaces_merlab/share/move_interfaces_merlab/cmake/export_move_interfaces_merlab__rosidl_generator_cppExport.cmake
[0.874s] -- Up-to-date: /home/artrpelli/HW5_RBE4540/install/move_interfaces_merlab/share/move_interfaces_merlab/cmake/export_move_interfaces_merlab__rosidl_typesupport_fastrtps_cppExport.cmake
[0.874s] -- Up-to-date: /home/artrpelli/HW5_RBE4540/install/move_interfaces_merlab/share/move_interfaces_merlab/cmake/export_move_interfaces_merlab__rosidl_typesupport_fastrtps_cppExport-noconfig.cmake
[0.874s] -- Up-to-date: /home/artrpelli/HW5_RBE4540/install/move_interfaces_merlab/share/move_interfaces_merlab/cmake/move_interfaces_merlab__rosidl_typesupport_introspection_cExport.cmake
[0.875s] -- Up-to-date: /home/artrpelli/HW5_RBE4540/install/move_interfaces_merlab/share/move_interfaces_merlab/cmake/move_interfaces_merlab__rosidl_typesupport_introspection_cExport-noconfig.cmake
[0.875s] -- Up-to-date: /home/artrpelli/HW5_RBE4540/install/move_interfaces_merlab/share/move_interfaces_merlab/cmake/move_interfaces_merlab__rosidl_typesupport_cExport.cmake
[0.875s] -- Up-to-date: /home/artrpelli/HW5_RBE4540/install/move_interfaces_merlab/share/move_interfaces_merlab/cmake/move_interfaces_merlab__rosidl_typesupport_cExport-noconfig.cmake
[0.875s] -- Up-to-date: /home/artrpelli/HW5_RBE4540/install/move_interfaces_merlab/share/move_interfaces_merlab/cmake/move_interfaces_merlab__rosidl_typesupport_introspection_cppExport.cmake
[0.875s] -- Up-to-date: /home/artrpelli/HW5_RBE4540/install/move_interfaces_merlab/share/move_interfaces_merlab/cmake/move_interfaces_merlab__rosidl_typesupport_introspection_cppExport-noconfig.cmake
[0.875s] -- Up-to-date: /home/artrpelli/HW5_RBE4540/install/move_interfaces_merlab/share/move_interfaces_merlab/cmake/move_interfaces_merlab__rosidl_typesupport_cppExport.cmake
[0.876s] -- Up-to-date: /home/artrpelli/HW5_RBE4540/install/move_interfaces_merlab/share/move_interfaces_merlab/cmake/move_interfaces_merlab__rosidl_typesupport_cppExport-noconfig.cmake
[0.876s] -- Up-to-date: /home/artrpelli/HW5_RBE4540/install/move_interfaces_merlab/share/move_interfaces_merlab/cmake/export_move_interfaces_merlab__rosidl_generator_pyExport.cmake
[0.876s] -- Up-to-date: /home/artrpelli/HW5_RBE4540/install/move_interfaces_merlab/share/move_interfaces_merlab/cmake/export_move_interfaces_merlab__rosidl_generator_pyExport-noconfig.cmake
[0.876s] -- Up-to-date: /home/artrpelli/HW5_RBE4540/install/move_interfaces_merlab/share/move_interfaces_merlab/cmake/rosidl_cmake-extras.cmake
[0.876s] -- Up-to-date: /home/artrpelli/HW5_RBE4540/install/move_interfaces_merlab/share/move_interfaces_merlab/cmake/ament_cmake_export_dependencies-extras.cmake
[0.876s] -- Up-to-date: /home/artrpelli/HW5_RBE4540/install/move_interfaces_merlab/share/move_interfaces_merlab/cmake/ament_cmake_export_include_directories-extras.cmake
[0.876s] -- Up-to-date: /home/artrpelli/HW5_RBE4540/install/move_interfaces_merlab/share/move_interfaces_merlab/cmake/ament_cmake_export_libraries-extras.cmake
[0.877s] -- Up-to-date: /home/artrpelli/HW5_RBE4540/install/move_interfaces_merlab/share/move_interfaces_merlab/cmake/ament_cmake_export_targets-extras.cmake
[0.877s] -- Up-to-date: /home/artrpelli/HW5_RBE4540/install/move_interfaces_merlab/share/move_interfaces_merlab/cmake/rosidl_cmake_export_typesupport_targets-extras.cmake
[0.877s] -- Up-to-date: /home/artrpelli/HW5_RBE4540/install/move_interfaces_merlab/share/move_interfaces_merlab/cmake/rosidl_cmake_export_typesupport_libraries-extras.cmake
[0.878s] -- Up-to-date: /home/artrpelli/HW5_RBE4540/install/move_interfaces_merlab/share/move_interfaces_merlab/cmake/move_interfaces_merlabConfig.cmake
[0.878s] -- Up-to-date: /home/artrpelli/HW5_RBE4540/install/move_interfaces_merlab/share/move_interfaces_merlab/cmake/move_interfaces_merlabConfig-version.cmake
[0.878s] -- Up-to-date: /home/artrpelli/HW5_RBE4540/install/move_interfaces_merlab/share/move_interfaces_merlab/package.xml
[0.879s] Invoked command in '/home/artrpelli/HW5_RBE4540/build/move_interfaces_merlab' returned '0': CMAKE_PREFIX_PATH=${CMAKE_PREFIX_PATH}:/home/artrpelli/rbe4540_lab_ws/install/ur_move_merlab:/home/artrpelli/HW5_RBE4540/install/hover_above:/home/artrpelli/turtlebot3_ws/install/turtlebot3_teleop:/home/artrpelli/turtlebot3_ws/install/turtlebot3_example:/opt/ros/jazzy DEBUGINFOD_URLS=https://debuginfod.ubuntu.com /usr/bin/cmake --install /home/artrpelli/HW5_RBE4540/build/move_interfaces_merlab
