[0.263s] Invoking command in '/home/artrpelli/HW5_RBE4540/build/robotiq_controllers': CMAKE_PREFIX_PATH=${CMAKE_PREFIX_PATH}:/home/artrpelli/turtlebot3_ws/install/turtlebot3_teleop:/home/artrpelli/turtlebot3_ws/install/turtlebot3_example:/opt/ros/jazzy DEBUGINFOD_URLS=https://debuginfod.ubuntu.com /usr/bin/cmake --build /home/artrpelli/HW5_RBE4540/build/robotiq_controllers -- -j8 -l8
[0.319s] [ 50%] [32mBuilding CXX object CMakeFiles/robotiq_controllers.dir/src/robotiq_activation_controller.cpp.o[0m
[6.419s] [100%] [32m[1mLinking CXX shared library librobotiq_controllers.so[0m
[7.035s] [100%] Built target robotiq_controllers
[7.058s] Invoked command in '/home/artrpelli/HW5_RBE4540/build/robotiq_controllers' returned '0': CMAKE_PREFIX_PATH=${CMAKE_PREFIX_PATH}:/home/artrpelli/turtlebot3_ws/install/turtlebot3_teleop:/home/artrpelli/turtlebot3_ws/install/turtlebot3_example:/opt/ros/jazzy DEBUGINFOD_URLS=https://debuginfod.ubuntu.com /usr/bin/cmake --build /home/artrpelli/HW5_RBE4540/build/robotiq_controllers -- -j8 -l8
[7.061s] Invoking command in '/home/artrpelli/HW5_RBE4540/build/robotiq_controllers': CMAKE_PREFIX_PATH=${CMAKE_PREFIX_PATH}:/home/artrpelli/turtlebot3_ws/install/turtlebot3_teleop:/home/artrpelli/turtlebot3_ws/install/turtlebot3_example:/opt/ros/jazzy DEBUGINFOD_URLS=https://debuginfod.ubuntu.com /usr/bin/cmake --install /home/artrpelli/HW5_RBE4540/build/robotiq_controllers
[7.084s] -- Install configuration: ""
[7.084s] -- Installing: /home/artrpelli/HW5_RBE4540/install/robotiq_controllers/share/robotiq_controllers/controller_plugins.xml
[7.084s] -- Installing: /home/artrpelli/HW5_RBE4540/install/robotiq_controllers/lib/librobotiq_controllers.so
[7.089s] -- Set non-toolchain portion of runtime path of "/home/artrpelli/HW5_RBE4540/install/robotiq_controllers/lib/librobotiq_controllers.so" to ""
[7.089s] -- Installing: /home/artrpelli/HW5_RBE4540/install/robotiq_controllers/include
[7.089s] -- Installing: /home/artrpelli/HW5_RBE4540/install/robotiq_controllers/include/robotiq_controllers
[7.090s] -- Installing: /home/artrpelli/HW5_RBE4540/install/robotiq_controllers/include/robotiq_controllers/robotiq_activation_controller.hpp
[7.090s] -- Installing: /home/artrpelli/HW5_RBE4540/install/robotiq_controllers/share/robotiq_controllers/environment/library_path.sh
[7.091s] -- Installing: /home/artrpelli/HW5_RBE4540/install/robotiq_controllers/share/robotiq_controllers/environment/library_path.dsv
[7.091s] -- Installing: /home/artrpelli/HW5_RBE4540/install/robotiq_controllers/share/ament_index/resource_index/package_run_dependencies/robotiq_controllers
[7.092s] -- Installing: /home/artrpelli/HW5_RBE4540/install/robotiq_controllers/share/ament_index/resource_index/parent_prefix_path/robotiq_controllers
[7.092s] -- Installing: /home/artrpelli/HW5_RBE4540/install/robotiq_controllers/share/robotiq_controllers/environment/ament_prefix_path.sh
[7.092s] -- Installing: /home/artrpelli/HW5_RBE4540/install/robotiq_controllers/share/robotiq_controllers/environment/ament_prefix_path.dsv
[7.092s] -- Installing: /home/artrpelli/HW5_RBE4540/install/robotiq_controllers/share/robotiq_controllers/environment/path.sh
[7.092s] -- Installing: /home/artrpelli/HW5_RBE4540/install/robotiq_controllers/share/robotiq_controllers/environment/path.dsv
[7.092s] -- Installing: /home/artrpelli/HW5_RBE4540/install/robotiq_controllers/share/robotiq_controllers/local_setup.bash
[7.092s] -- Installing: /home/artrpelli/HW5_RBE4540/install/robotiq_controllers/share/robotiq_controllers/local_setup.sh
[7.093s] -- Installing: /home/artrpelli/HW5_RBE4540/install/robotiq_controllers/share/robotiq_controllers/local_setup.zsh
[7.093s] -- Installing: /home/artrpelli/HW5_RBE4540/install/robotiq_controllers/share/robotiq_controllers/local_setup.dsv
[7.093s] -- Installing: /home/artrpelli/HW5_RBE4540/install/robotiq_controllers/share/robotiq_controllers/package.dsv
[7.093s] -- Installing: /home/artrpelli/HW5_RBE4540/install/robotiq_controllers/share/ament_index/resource_index/packages/robotiq_controllers
[7.093s] -- Installing: /home/artrpelli/HW5_RBE4540/install/robotiq_controllers/share/ament_index/resource_index/controller_interface__pluginlib__plugin/robotiq_controllers
[7.093s] -- Installing: /home/artrpelli/HW5_RBE4540/install/robotiq_controllers/share/robotiq_controllers/cmake/export_robotiq_controllersExport.cmake
[7.095s] -- Installing: /home/artrpelli/HW5_RBE4540/install/robotiq_controllers/share/robotiq_controllers/cmake/export_robotiq_controllersExport-noconfig.cmake
[7.095s] -- Installing: /home/artrpelli/HW5_RBE4540/install/robotiq_controllers/share/robotiq_controllers/cmake/ament_cmake_export_include_directories-extras.cmake
[7.095s] -- Installing: /home/artrpelli/HW5_RBE4540/install/robotiq_controllers/share/robotiq_controllers/cmake/ament_cmake_export_libraries-extras.cmake
[7.097s] -- Installing: /home/artrpelli/HW5_RBE4540/install/robotiq_controllers/share/robotiq_controllers/cmake/ament_cmake_export_targets-extras.cmake
[7.097s] -- Installing: /home/artrpelli/HW5_RBE4540/install/robotiq_controllers/share/robotiq_controllers/cmake/ament_cmake_export_dependencies-extras.cmake
[7.098s] -- Installing: /home/artrpelli/HW5_RBE4540/install/robotiq_controllers/share/robotiq_controllers/cmake/robotiq_controllersConfig.cmake
[7.098s] -- Installing: /home/artrpelli/HW5_RBE4540/install/robotiq_controllers/share/robotiq_controllers/cmake/robotiq_controllersConfig-version.cmake
[7.098s] -- Installing: /home/artrpelli/HW5_RBE4540/install/robotiq_controllers/share/robotiq_controllers/package.xml
[7.115s] Invoked command in '/home/artrpelli/HW5_RBE4540/build/robotiq_controllers' returned '0': CMAKE_PREFIX_PATH=${CMAKE_PREFIX_PATH}:/home/artrpelli/turtlebot3_ws/install/turtlebot3_teleop:/home/artrpelli/turtlebot3_ws/install/turtlebot3_example:/opt/ros/jazzy DEBUGINFOD_URLS=https://debuginfod.ubuntu.com /usr/bin/cmake --install /home/artrpelli/HW5_RBE4540/build/robotiq_controllers
