[0.110s] DEBUG:colcon:Command line arguments: ['/usr/bin/colcon', 'build']
[0.110s] DEBUG:colcon:Parsed command line arguments: Namespace(log_base=None, log_level=None, verb_name='build', build_base='build', install_base='install', merge_install=False, symlink_install=False, test_result_base=None, continue_on_error=False, executor='parallel', parallel_workers=8, event_handlers=None, ignore_user_meta=False, metas=['./colcon.meta'], base_paths=['.'], packages_ignore=None, packages_ignore_regex=None, paths=None, packages_up_to=None, packages_up_to_regex=None, packages_above=None, packages_above_and_dependencies=None, packages_above_depth=None, packages_select_by_dep=None, packages_skip_by_dep=None, packages_skip_up_to=None, packages_select_build_failed=False, packages_skip_build_finished=False, packages_select_test_failures=False, packages_skip_test_passed=False, packages_select=None, packages_skip=None, packages_select_regex=None, packages_skip_regex=None, packages_start=None, packages_end=None, allow_overriding=[], cmake_args=None, cmake_target=None, cmake_target_skip_unavailable=False, cmake_clean_cache=False, cmake_clean_first=False, cmake_force_configure=False, ament_cmake_args=None, catkin_cmake_args=None, catkin_skip_building_tests=False, mixin_files=None, mixin=None, verb_parser=<colcon_mixin.mixin.mixin_argument.MixinArgumentDecorator object at 0x749f4c99eb10>, verb_extension=<colcon_core.verb.build.BuildVerb object at 0x749f4c99e4b0>, main=<bound method BuildVerb.main of <colcon_core.verb.build.BuildVerb object at 0x749f4c99e4b0>>, mixin_verb=('build',))
[0.149s] Level 1:colcon.colcon_core.package_discovery:discover_packages(colcon_meta) check parameters
[0.149s] Level 1:colcon.colcon_core.package_discovery:discover_packages(recursive) check parameters
[0.149s] Level 1:colcon.colcon_core.package_discovery:discover_packages(ignore) check parameters
[0.150s] Level 1:colcon.colcon_core.package_discovery:discover_packages(path) check parameters
[0.150s] Level 1:colcon.colcon_core.package_discovery:discover_packages(colcon_meta) discover
[0.150s] Level 1:colcon.colcon_core.package_discovery:discover_packages(recursive) discover
[0.150s] INFO:colcon.colcon_core.package_discovery:Crawling recursively for packages in '/home/artrpelli/HW5_RBE4540'
[0.150s] Level 1:colcon.colcon_core.package_identification:_identify(.) by extensions ['ignore', 'ignore_ament_install']
[0.150s] Level 1:colcon.colcon_core.package_identification:_identify(.) by extension 'ignore'
[0.150s] Level 1:colcon.colcon_core.package_identification:_identify(.) by extension 'ignore_ament_install'
[0.150s] Level 1:colcon.colcon_core.package_identification:_identify(.) by extensions ['colcon_pkg']
[0.150s] Level 1:colcon.colcon_core.package_identification:_identify(.) by extension 'colcon_pkg'
[0.150s] Level 1:colcon.colcon_core.package_identification:_identify(.) by extensions ['colcon_meta']
[0.150s] Level 1:colcon.colcon_core.package_identification:_identify(.) by extension 'colcon_meta'
[0.150s] Level 1:colcon.colcon_core.package_identification:_identify(.) by extensions ['ros']
[0.150s] Level 1:colcon.colcon_core.package_identification:_identify(.) by extension 'ros'
[0.176s] Level 1:colcon.colcon_core.package_identification:_identify(.) by extensions ['cmake', 'python']
[0.176s] Level 1:colcon.colcon_core.package_identification:_identify(.) by extension 'cmake'
[0.176s] Level 1:colcon.colcon_core.package_identification:_identify(.) by extension 'python'
[0.176s] Level 1:colcon.colcon_core.package_identification:_identify(.) by extensions ['python_setup_py']
[0.176s] Level 1:colcon.colcon_core.package_identification:_identify(.) by extension 'python_setup_py'
[0.177s] Level 1:colcon.colcon_core.package_identification:_identify(build) by extensions ['ignore', 'ignore_ament_install']
[0.177s] Level 1:colcon.colcon_core.package_identification:_identify(build) by extension 'ignore'
[0.177s] Level 1:colcon.colcon_core.package_identification:_identify(build) ignored
[0.177s] Level 1:colcon.colcon_core.package_identification:_identify(hover_above) by extensions ['ignore', 'ignore_ament_install']
[0.177s] Level 1:colcon.colcon_core.package_identification:_identify(hover_above) by extension 'ignore'
[0.177s] Level 1:colcon.colcon_core.package_identification:_identify(hover_above) by extension 'ignore_ament_install'
[0.177s] Level 1:colcon.colcon_core.package_identification:_identify(hover_above) by extensions ['colcon_pkg']
[0.177s] Level 1:colcon.colcon_core.package_identification:_identify(hover_above) by extension 'colcon_pkg'
[0.177s] Level 1:colcon.colcon_core.package_identification:_identify(hover_above) by extensions ['colcon_meta']
[0.177s] Level 1:colcon.colcon_core.package_identification:_identify(hover_above) by extension 'colcon_meta'
[0.177s] Level 1:colcon.colcon_core.package_identification:_identify(hover_above) by extensions ['ros']
[0.177s] Level 1:colcon.colcon_core.package_identification:_identify(hover_above) by extension 'ros'
[0.180s] DEBUG:colcon.colcon_core.package_identification:Package 'hover_above' with type 'ros.ament_python' and name 'hover_above'
[0.180s] Level 1:colcon.colcon_core.package_identification:_identify(install) by extensions ['ignore', 'ignore_ament_install']
[0.180s] Level 1:colcon.colcon_core.package_identification:_identify(install) by extension 'ignore'
[0.180s] Level 1:colcon.colcon_core.package_identification:_identify(install) ignored
[0.180s] Level 1:colcon.colcon_core.package_identification:_identify(log) by extensions ['ignore', 'ignore_ament_install']
[0.180s] Level 1:colcon.colcon_core.package_identification:_identify(log) by extension 'ignore'
[0.180s] Level 1:colcon.colcon_core.package_identification:_identify(log) ignored
[0.180s] Level 1:colcon.colcon_core.package_identification:_identify(move_interfaces_merlab) by extensions ['ignore', 'ignore_ament_install']
[0.181s] Level 1:colcon.colcon_core.package_identification:_identify(move_interfaces_merlab) by extension 'ignore'
[0.181s] Level 1:colcon.colcon_core.package_identification:_identify(move_interfaces_merlab) by extension 'ignore_ament_install'
[0.181s] Level 1:colcon.colcon_core.package_identification:_identify(move_interfaces_merlab) by extensions ['colcon_pkg']
[0.181s] Level 1:colcon.colcon_core.package_identification:_identify(move_interfaces_merlab) by extension 'colcon_pkg'
[0.181s] Level 1:colcon.colcon_core.package_identification:_identify(move_interfaces_merlab) by extensions ['colcon_meta']
[0.181s] Level 1:colcon.colcon_core.package_identification:_identify(move_interfaces_merlab) by extension 'colcon_meta'
[0.181s] Level 1:colcon.colcon_core.package_identification:_identify(move_interfaces_merlab) by extensions ['ros']
[0.181s] Level 1:colcon.colcon_core.package_identification:_identify(move_interfaces_merlab) by extension 'ros'
[0.181s] DEBUG:colcon.colcon_core.package_identification:Package 'move_interfaces_merlab' with type 'ros.ament_cmake' and name 'move_interfaces_merlab'
[0.182s] Level 1:colcon.colcon_core.package_identification:_identify(ros2_robotiq_gripper) by extensions ['ignore', 'ignore_ament_install']
[0.182s] Level 1:colcon.colcon_core.package_identification:_identify(ros2_robotiq_gripper) by extension 'ignore'
[0.182s] Level 1:colcon.colcon_core.package_identification:_identify(ros2_robotiq_gripper) by extension 'ignore_ament_install'
[0.182s] Level 1:colcon.colcon_core.package_identification:_identify(ros2_robotiq_gripper) by extensions ['colcon_pkg']
[0.182s] Level 1:colcon.colcon_core.package_identification:_identify(ros2_robotiq_gripper) by extension 'colcon_pkg'
[0.182s] Level 1:colcon.colcon_core.package_identification:_identify(ros2_robotiq_gripper) by extensions ['colcon_meta']
[0.182s] Level 1:colcon.colcon_core.package_identification:_identify(ros2_robotiq_gripper) by extension 'colcon_meta'
[0.182s] Level 1:colcon.colcon_core.package_identification:_identify(ros2_robotiq_gripper) by extensions ['ros']
[0.182s] Level 1:colcon.colcon_core.package_identification:_identify(ros2_robotiq_gripper) by extension 'ros'
[0.182s] Level 1:colcon.colcon_core.package_identification:_identify(ros2_robotiq_gripper) by extensions ['cmake', 'python']
[0.182s] Level 1:colcon.colcon_core.package_identification:_identify(ros2_robotiq_gripper) by extension 'cmake'
[0.182s] Level 1:colcon.colcon_core.package_identification:_identify(ros2_robotiq_gripper) by extension 'python'
[0.182s] Level 1:colcon.colcon_core.package_identification:_identify(ros2_robotiq_gripper) by extensions ['python_setup_py']
[0.182s] Level 1:colcon.colcon_core.package_identification:_identify(ros2_robotiq_gripper) by extension 'python_setup_py'
[0.182s] Level 1:colcon.colcon_core.package_identification:_identify(ros2_robotiq_gripper/build) by extensions ['ignore', 'ignore_ament_install']
[0.182s] Level 1:colcon.colcon_core.package_identification:_identify(ros2_robotiq_gripper/build) by extension 'ignore'
[0.182s] Level 1:colcon.colcon_core.package_identification:_identify(ros2_robotiq_gripper/build) ignored
[0.182s] Level 1:colcon.colcon_core.package_identification:_identify(ros2_robotiq_gripper/install) by extensions ['ignore', 'ignore_ament_install']
[0.182s] Level 1:colcon.colcon_core.package_identification:_identify(ros2_robotiq_gripper/install) by extension 'ignore'
[0.183s] Level 1:colcon.colcon_core.package_identification:_identify(ros2_robotiq_gripper/install) ignored
[0.183s] Level 1:colcon.colcon_core.package_identification:_identify(ros2_robotiq_gripper/log) by extensions ['ignore', 'ignore_ament_install']
[0.183s] Level 1:colcon.colcon_core.package_identification:_identify(ros2_robotiq_gripper/log) by extension 'ignore'
[0.183s] Level 1:colcon.colcon_core.package_identification:_identify(ros2_robotiq_gripper/log) ignored
[0.183s] Level 1:colcon.colcon_core.package_identification:_identify(ros2_robotiq_gripper/robotiq_controllers) by extensions ['ignore', 'ignore_ament_install']
[0.183s] Level 1:colcon.colcon_core.package_identification:_identify(ros2_robotiq_gripper/robotiq_controllers) by extension 'ignore'
[0.183s] Level 1:colcon.colcon_core.package_identification:_identify(ros2_robotiq_gripper/robotiq_controllers) by extension 'ignore_ament_install'
[0.183s] Level 1:colcon.colcon_core.package_identification:_identify(ros2_robotiq_gripper/robotiq_controllers) by extensions ['colcon_pkg']
[0.183s] Level 1:colcon.colcon_core.package_identification:_identify(ros2_robotiq_gripper/robotiq_controllers) by extension 'colcon_pkg'
[0.183s] Level 1:colcon.colcon_core.package_identification:_identify(ros2_robotiq_gripper/robotiq_controllers) by extensions ['colcon_meta']
[0.183s] Level 1:colcon.colcon_core.package_identification:_identify(ros2_robotiq_gripper/robotiq_controllers) by extension 'colcon_meta'
[0.183s] Level 1:colcon.colcon_core.package_identification:_identify(ros2_robotiq_gripper/robotiq_controllers) by extensions ['ros']
[0.183s] Level 1:colcon.colcon_core.package_identification:_identify(ros2_robotiq_gripper/robotiq_controllers) by extension 'ros'
[0.184s] DEBUG:colcon.colcon_core.package_identification:Package 'ros2_robotiq_gripper/robotiq_controllers' with type 'ros.ament_cmake' and name 'robotiq_controllers'
[0.184s] Level 1:colcon.colcon_core.package_identification:_identify(ros2_robotiq_gripper/robotiq_description) by extensions ['ignore', 'ignore_ament_install']
[0.184s] Level 1:colcon.colcon_core.package_identification:_identify(ros2_robotiq_gripper/robotiq_description) by extension 'ignore'
[0.184s] Level 1:colcon.colcon_core.package_identification:_identify(ros2_robotiq_gripper/robotiq_description) by extension 'ignore_ament_install'
[0.184s] Level 1:colcon.colcon_core.package_identification:_identify(ros2_robotiq_gripper/robotiq_description) by extensions ['colcon_pkg']
[0.184s] Level 1:colcon.colcon_core.package_identification:_identify(ros2_robotiq_gripper/robotiq_description) by extension 'colcon_pkg'
[0.184s] Level 1:colcon.colcon_core.package_identification:_identify(ros2_robotiq_gripper/robotiq_description) by extensions ['colcon_meta']
[0.184s] Level 1:colcon.colcon_core.package_identification:_identify(ros2_robotiq_gripper/robotiq_description) by extension 'colcon_meta'
[0.184s] Level 1:colcon.colcon_core.package_identification:_identify(ros2_robotiq_gripper/robotiq_description) by extensions ['ros']
[0.184s] Level 1:colcon.colcon_core.package_identification:_identify(ros2_robotiq_gripper/robotiq_description) by extension 'ros'
[0.185s] DEBUG:colcon.colcon_core.package_identification:Package 'ros2_robotiq_gripper/robotiq_description' with type 'ros.ament_cmake' and name 'robotiq_description'
[0.185s] Level 1:colcon.colcon_core.package_discovery:discover_packages(recursive) using defaults
[0.185s] Level 1:colcon.colcon_core.package_discovery:discover_packages(ignore) discover
[0.185s] Level 1:colcon.colcon_core.package_discovery:discover_packages(ignore) using defaults
[0.185s] Level 1:colcon.colcon_core.package_discovery:discover_packages(path) discover
[0.185s] Level 1:colcon.colcon_core.package_discovery:discover_packages(path) using defaults
[0.205s] Level 1:colcon.colcon_core.package_discovery:discover_packages(prefix_path) check parameters
[0.205s] Level 1:colcon.colcon_core.package_discovery:discover_packages(prefix_path) discover
[0.207s] DEBUG:colcon.colcon_installed_package_information.package_discovery:Found 2 installed packages in /home/artrpelli/rbe4540_ws/install
[0.207s] DEBUG:colcon.colcon_installed_package_information.package_discovery:Found 6 installed packages in /home/artrpelli/ros2_ws/install
[0.208s] DEBUG:colcon.colcon_installed_package_information.package_discovery:Found 15 installed packages in /home/artrpelli/turtlebot3_ws/install
[0.210s] DEBUG:colcon.colcon_installed_package_information.package_discovery:Found 484 installed packages in /opt/ros/jazzy
[0.212s] Level 1:colcon.colcon_core.package_discovery:discover_packages(prefix_path) using defaults
[0.288s] Level 5:colcon.colcon_core.verb:set package 'hover_above' build argument 'cmake_args' from command line to 'None'
[0.288s] Level 5:colcon.colcon_core.verb:set package 'hover_above' build argument 'cmake_target' from command line to 'None'
[0.288s] Level 5:colcon.colcon_core.verb:set package 'hover_above' build argument 'cmake_target_skip_unavailable' from command line to 'False'
[0.288s] Level 5:colcon.colcon_core.verb:set package 'hover_above' build argument 'cmake_clean_cache' from command line to 'False'
[0.288s] Level 5:colcon.colcon_core.verb:set package 'hover_above' build argument 'cmake_clean_first' from command line to 'False'
[0.288s] Level 5:colcon.colcon_core.verb:set package 'hover_above' build argument 'cmake_force_configure' from command line to 'False'
[0.288s] Level 5:colcon.colcon_core.verb:set package 'hover_above' build argument 'ament_cmake_args' from command line to 'None'
[0.288s] Level 5:colcon.colcon_core.verb:set package 'hover_above' build argument 'catkin_cmake_args' from command line to 'None'
[0.288s] Level 5:colcon.colcon_core.verb:set package 'hover_above' build argument 'catkin_skip_building_tests' from command line to 'False'
[0.288s] DEBUG:colcon.colcon_core.verb:Building package 'hover_above' with the following arguments: {'ament_cmake_args': None, 'build_base': '/home/artrpelli/HW5_RBE4540/build/hover_above', 'catkin_cmake_args': None, 'catkin_skip_building_tests': False, 'cmake_args': None, 'cmake_clean_cache': False, 'cmake_clean_first': False, 'cmake_force_configure': False, 'cmake_target': None, 'cmake_target_skip_unavailable': False, 'install_base': '/home/artrpelli/HW5_RBE4540/install/hover_above', 'merge_install': False, 'path': '/home/artrpelli/HW5_RBE4540/hover_above', 'symlink_install': False, 'test_result_base': None}
[0.289s] Level 5:colcon.colcon_core.verb:set package 'move_interfaces_merlab' build argument 'cmake_args' from command line to 'None'
[0.289s] Level 5:colcon.colcon_core.verb:set package 'move_interfaces_merlab' build argument 'cmake_target' from command line to 'None'
[0.289s] Level 5:colcon.colcon_core.verb:set package 'move_interfaces_merlab' build argument 'cmake_target_skip_unavailable' from command line to 'False'
[0.289s] Level 5:colcon.colcon_core.verb:set package 'move_interfaces_merlab' build argument 'cmake_clean_cache' from command line to 'False'
[0.289s] Level 5:colcon.colcon_core.verb:set package 'move_interfaces_merlab' build argument 'cmake_clean_first' from command line to 'False'
[0.289s] Level 5:colcon.colcon_core.verb:set package 'move_interfaces_merlab' build argument 'cmake_force_configure' from command line to 'False'
[0.289s] Level 5:colcon.colcon_core.verb:set package 'move_interfaces_merlab' build argument 'ament_cmake_args' from command line to 'None'
[0.289s] Level 5:colcon.colcon_core.verb:set package 'move_interfaces_merlab' build argument 'catkin_cmake_args' from command line to 'None'
[0.289s] Level 5:colcon.colcon_core.verb:set package 'move_interfaces_merlab' build argument 'catkin_skip_building_tests' from command line to 'False'
[0.289s] DEBUG:colcon.colcon_core.verb:Building package 'move_interfaces_merlab' with the following arguments: {'ament_cmake_args': None, 'build_base': '/home/artrpelli/HW5_RBE4540/build/move_interfaces_merlab', 'catkin_cmake_args': None, 'catkin_skip_building_tests': False, 'cmake_args': None, 'cmake_clean_cache': False, 'cmake_clean_first': False, 'cmake_force_configure': False, 'cmake_target': None, 'cmake_target_skip_unavailable': False, 'install_base': '/home/artrpelli/HW5_RBE4540/install/move_interfaces_merlab', 'merge_install': False, 'path': '/home/artrpelli/HW5_RBE4540/move_interfaces_merlab', 'symlink_install': False, 'test_result_base': None}
[0.289s] Level 5:colcon.colcon_core.verb:set package 'robotiq_controllers' build argument 'cmake_args' from command line to 'None'
[0.289s] Level 5:colcon.colcon_core.verb:set package 'robotiq_controllers' build argument 'cmake_target' from command line to 'None'
[0.289s] Level 5:colcon.colcon_core.verb:set package 'robotiq_controllers' build argument 'cmake_target_skip_unavailable' from command line to 'False'
[0.289s] Level 5:colcon.colcon_core.verb:set package 'robotiq_controllers' build argument 'cmake_clean_cache' from command line to 'False'
[0.289s] Level 5:colcon.colcon_core.verb:set package 'robotiq_controllers' build argument 'cmake_clean_first' from command line to 'False'
[0.289s] Level 5:colcon.colcon_core.verb:set package 'robotiq_controllers' build argument 'cmake_force_configure' from command line to 'False'
[0.289s] Level 5:colcon.colcon_core.verb:set package 'robotiq_controllers' build argument 'ament_cmake_args' from command line to 'None'
[0.289s] Level 5:colcon.colcon_core.verb:set package 'robotiq_controllers' build argument 'catkin_cmake_args' from command line to 'None'
[0.289s] Level 5:colcon.colcon_core.verb:set package 'robotiq_controllers' build argument 'catkin_skip_building_tests' from command line to 'False'
[0.289s] DEBUG:colcon.colcon_core.verb:Building package 'robotiq_controllers' with the following arguments: {'ament_cmake_args': None, 'build_base': '/home/artrpelli/HW5_RBE4540/build/robotiq_controllers', 'catkin_cmake_args': None, 'catkin_skip_building_tests': False, 'cmake_args': None, 'cmake_clean_cache': False, 'cmake_clean_first': False, 'cmake_force_configure': False, 'cmake_target': None, 'cmake_target_skip_unavailable': False, 'install_base': '/home/artrpelli/HW5_RBE4540/install/robotiq_controllers', 'merge_install': False, 'path': '/home/artrpelli/HW5_RBE4540/ros2_robotiq_gripper/robotiq_controllers', 'symlink_install': False, 'test_result_base': None}
[0.289s] Level 5:colcon.colcon_core.verb:set package 'robotiq_description' build argument 'cmake_args' from command line to 'None'
[0.290s] Level 5:colcon.colcon_core.verb:set package 'robotiq_description' build argument 'cmake_target' from command line to 'None'
[0.290s] Level 5:colcon.colcon_core.verb:set package 'robotiq_description' build argument 'cmake_target_skip_unavailable' from command line to 'False'
[0.290s] Level 5:colcon.colcon_core.verb:set package 'robotiq_description' build argument 'cmake_clean_cache' from command line to 'False'
[0.290s] Level 5:colcon.colcon_core.verb:set package 'robotiq_description' build argument 'cmake_clean_first' from command line to 'False'
[0.290s] Level 5:colcon.colcon_core.verb:set package 'robotiq_description' build argument 'cmake_force_configure' from command line to 'False'
[0.290s] Level 5:colcon.colcon_core.verb:set package 'robotiq_description' build argument 'ament_cmake_args' from command line to 'None'
[0.290s] Level 5:colcon.colcon_core.verb:set package 'robotiq_description' build argument 'catkin_cmake_args' from command line to 'None'
[0.290s] Level 5:colcon.colcon_core.verb:set package 'robotiq_description' build argument 'catkin_skip_building_tests' from command line to 'False'
[0.290s] DEBUG:colcon.colcon_core.verb:Building package 'robotiq_description' with the following arguments: {'ament_cmake_args': None, 'build_base': '/home/artrpelli/HW5_RBE4540/build/robotiq_description', 'catkin_cmake_args': None, 'catkin_skip_building_tests': False, 'cmake_args': None, 'cmake_clean_cache': False, 'cmake_clean_first': False, 'cmake_force_configure': False, 'cmake_target': None, 'cmake_target_skip_unavailable': False, 'install_base': '/home/artrpelli/HW5_RBE4540/install/robotiq_description', 'merge_install': False, 'path': '/home/artrpelli/HW5_RBE4540/ros2_robotiq_gripper/robotiq_description', 'symlink_install': False, 'test_result_base': None}
[0.290s] INFO:colcon.colcon_core.executor:Executing jobs using 'parallel' executor
[0.291s] DEBUG:colcon.colcon_parallel_executor.executor.parallel:run_until_complete
[0.292s] INFO:colcon.colcon_ros.task.ament_python.build:Building ROS package in '/home/artrpelli/HW5_RBE4540/hover_above' with build type 'ament_python'
[0.292s] Level 1:colcon.colcon_core.shell:create_environment_hook('hover_above', 'ament_prefix_path')
[0.295s] INFO:colcon.colcon_core.plugin_system:Skipping extension 'colcon_core.shell.bat': Not used on non-Windows systems
[0.296s] INFO:colcon.colcon_core.shell:Creating environment hook '/home/artrpelli/HW5_RBE4540/install/hover_above/share/hover_above/hook/ament_prefix_path.ps1'
[0.297s] INFO:colcon.colcon_core.shell:Creating environment descriptor '/home/artrpelli/HW5_RBE4540/install/hover_above/share/hover_above/hook/ament_prefix_path.dsv'
[0.298s] INFO:colcon.colcon_core.shell:Creating environment hook '/home/artrpelli/HW5_RBE4540/install/hover_above/share/hover_above/hook/ament_prefix_path.sh'
[0.299s] INFO:colcon.colcon_core.shell:Skip shell extension 'powershell' for command environment: Not usable outside of PowerShell
[0.299s] DEBUG:colcon.colcon_core.shell:Skip shell extension 'dsv' for command environment
[0.309s] INFO:colcon.colcon_ros.task.ament_cmake.build:Building ROS package in '/home/artrpelli/HW5_RBE4540/move_interfaces_merlab' with build type 'ament_cmake'
[0.309s] INFO:colcon.colcon_cmake.task.cmake.build:Building CMake package in '/home/artrpelli/HW5_RBE4540/move_interfaces_merlab'
[0.309s] INFO:colcon.colcon_core.shell:Skip shell extension 'powershell' for command environment: Not usable outside of PowerShell
[0.309s] DEBUG:colcon.colcon_core.shell:Skip shell extension 'dsv' for command environment
[0.315s] INFO:colcon.colcon_ros.task.ament_cmake.build:Building ROS package in '/home/artrpelli/HW5_RBE4540/ros2_robotiq_gripper/robotiq_controllers' with build type 'ament_cmake'
[0.315s] INFO:colcon.colcon_cmake.task.cmake.build:Building CMake package in '/home/artrpelli/HW5_RBE4540/ros2_robotiq_gripper/robotiq_controllers'
[0.315s] INFO:colcon.colcon_core.shell:Skip shell extension 'powershell' for command environment: Not usable outside of PowerShell
[0.315s] DEBUG:colcon.colcon_core.shell:Skip shell extension 'dsv' for command environment
[0.321s] INFO:colcon.colcon_ros.task.ament_cmake.build:Building ROS package in '/home/artrpelli/HW5_RBE4540/ros2_robotiq_gripper/robotiq_description' with build type 'ament_cmake'
[0.321s] INFO:colcon.colcon_cmake.task.cmake.build:Building CMake package in '/home/artrpelli/HW5_RBE4540/ros2_robotiq_gripper/robotiq_description'
[0.321s] INFO:colcon.colcon_core.shell:Skip shell extension 'powershell' for command environment: Not usable outside of PowerShell
[0.321s] DEBUG:colcon.colcon_core.shell:Skip shell extension 'dsv' for command environment
[0.576s] INFO:colcon.colcon_core.task.python.build:Building Python package in '/home/artrpelli/HW5_RBE4540/hover_above'
[0.576s] INFO:colcon.colcon_core.shell:Skip shell extension 'powershell' for command environment: Not usable outside of PowerShell
[0.576s] DEBUG:colcon.colcon_core.shell:Skip shell extension 'dsv' for command environment
[0.586s] DEBUG:colcon.colcon_core.event_handler.log_command:Invoking command in '/home/artrpelli/HW5_RBE4540/build/move_interfaces_merlab': CMAKE_PREFIX_PATH=${CMAKE_PREFIX_PATH}:/home/artrpelli/turtlebot3_ws/install/turtlebot3_teleop:/home/artrpelli/turtlebot3_ws/install/turtlebot3_example:/opt/ros/jazzy DEBUGINFOD_URLS=https://debuginfod.ubuntu.com /usr/bin/cmake --build /home/artrpelli/HW5_RBE4540/build/move_interfaces_merlab -- -j8 -l8
[0.588s] DEBUG:colcon.colcon_core.event_handler.log_command:Invoking command in '/home/artrpelli/HW5_RBE4540/build/robotiq_controllers': CMAKE_PREFIX_PATH=${CMAKE_PREFIX_PATH}:/home/artrpelli/turtlebot3_ws/install/turtlebot3_teleop:/home/artrpelli/turtlebot3_ws/install/turtlebot3_example:/opt/ros/jazzy DEBUGINFOD_URLS=https://debuginfod.ubuntu.com /usr/bin/cmake --build /home/artrpelli/HW5_RBE4540/build/robotiq_controllers -- -j8 -l8
[0.593s] DEBUG:colcon.colcon_core.event_handler.log_command:Invoking command in '/home/artrpelli/HW5_RBE4540/build/robotiq_description': CMAKE_PREFIX_PATH=${CMAKE_PREFIX_PATH}:/home/artrpelli/turtlebot3_ws/install/turtlebot3_teleop:/home/artrpelli/turtlebot3_ws/install/turtlebot3_example:/opt/ros/jazzy DEBUGINFOD_URLS=https://debuginfod.ubuntu.com /usr/bin/cmake --build /home/artrpelli/HW5_RBE4540/build/robotiq_description -- -j8 -l8
[0.636s] DEBUG:colcon.colcon_core.event_handler.log_command:Invoked command in '/home/artrpelli/HW5_RBE4540/build/robotiq_description' returned '0': CMAKE_PREFIX_PATH=${CMAKE_PREFIX_PATH}:/home/artrpelli/turtlebot3_ws/install/turtlebot3_teleop:/home/artrpelli/turtlebot3_ws/install/turtlebot3_example:/opt/ros/jazzy DEBUGINFOD_URLS=https://debuginfod.ubuntu.com /usr/bin/cmake --build /home/artrpelli/HW5_RBE4540/build/robotiq_description -- -j8 -l8
[0.649s] DEBUG:colcon.colcon_core.event_handler.log_command:Invoking command in '/home/artrpelli/HW5_RBE4540/build/robotiq_description': CMAKE_PREFIX_PATH=${CMAKE_PREFIX_PATH}:/home/artrpelli/turtlebot3_ws/install/turtlebot3_teleop:/home/artrpelli/turtlebot3_ws/install/turtlebot3_example:/opt/ros/jazzy DEBUGINFOD_URLS=https://debuginfod.ubuntu.com /usr/bin/cmake --install /home/artrpelli/HW5_RBE4540/build/robotiq_description
[0.668s] Level 1:colcon.colcon_core.environment:create_environment_scripts_only(robotiq_description)
[0.671s] DEBUG:colcon.colcon_core.event_handler.log_command:Invoked command in '/home/artrpelli/HW5_RBE4540/build/robotiq_description' returned '0': CMAKE_PREFIX_PATH=${CMAKE_PREFIX_PATH}:/home/artrpelli/turtlebot3_ws/install/turtlebot3_teleop:/home/artrpelli/turtlebot3_ws/install/turtlebot3_example:/opt/ros/jazzy DEBUGINFOD_URLS=https://debuginfod.ubuntu.com /usr/bin/cmake --install /home/artrpelli/HW5_RBE4540/build/robotiq_description
[0.674s] Level 1:colcon.colcon_core.environment:checking '/home/artrpelli/HW5_RBE4540/install/robotiq_description' for CMake module files
[0.675s] Level 1:colcon.colcon_core.environment:checking '/home/artrpelli/HW5_RBE4540/install/robotiq_description' for CMake config files
[0.675s] Level 1:colcon.colcon_core.shell:create_environment_hook('robotiq_description', 'cmake_prefix_path')
[0.676s] INFO:colcon.colcon_core.shell:Creating environment hook '/home/artrpelli/HW5_RBE4540/install/robotiq_description/share/robotiq_description/hook/cmake_prefix_path.ps1'
[0.676s] INFO:colcon.colcon_core.shell:Creating environment descriptor '/home/artrpelli/HW5_RBE4540/install/robotiq_description/share/robotiq_description/hook/cmake_prefix_path.dsv'
[0.677s] INFO:colcon.colcon_core.shell:Creating environment hook '/home/artrpelli/HW5_RBE4540/install/robotiq_description/share/robotiq_description/hook/cmake_prefix_path.sh'
[0.678s] Level 1:colcon.colcon_core.environment:checking '/home/artrpelli/HW5_RBE4540/install/robotiq_description/bin'
[0.678s] Level 1:colcon.colcon_core.environment:checking '/home/artrpelli/HW5_RBE4540/install/robotiq_description/lib/pkgconfig/robotiq_description.pc'
[0.679s] Level 1:colcon.colcon_core.environment:checking '/home/artrpelli/HW5_RBE4540/install/robotiq_description/lib/python3.12/site-packages'
[0.680s] Level 1:colcon.colcon_core.environment:checking '/home/artrpelli/HW5_RBE4540/install/robotiq_description/bin'
[0.680s] INFO:colcon.colcon_core.shell:Creating package script '/home/artrpelli/HW5_RBE4540/install/robotiq_description/share/robotiq_description/package.ps1'
[0.682s] INFO:colcon.colcon_core.shell:Creating package descriptor '/home/artrpelli/HW5_RBE4540/install/robotiq_description/share/robotiq_description/package.dsv'
[0.683s] INFO:colcon.colcon_core.shell:Creating package script '/home/artrpelli/HW5_RBE4540/install/robotiq_description/share/robotiq_description/package.sh'
[0.684s] INFO:colcon.colcon_core.shell:Creating package script '/home/artrpelli/HW5_RBE4540/install/robotiq_description/share/robotiq_description/package.bash'
[0.685s] INFO:colcon.colcon_core.shell:Creating package script '/home/artrpelli/HW5_RBE4540/install/robotiq_description/share/robotiq_description/package.zsh'
[0.687s] Level 1:colcon.colcon_core.environment:create_file_with_runtime_dependencies(/home/artrpelli/HW5_RBE4540/install/robotiq_description/share/colcon-core/packages/robotiq_description)
[0.688s] Level 1:colcon.colcon_core.environment:create_environment_scripts_only(robotiq_description)
[0.688s] Level 1:colcon.colcon_core.environment:checking '/home/artrpelli/HW5_RBE4540/install/robotiq_description' for CMake module files
[0.689s] Level 1:colcon.colcon_core.environment:checking '/home/artrpelli/HW5_RBE4540/install/robotiq_description' for CMake config files
[0.690s] Level 1:colcon.colcon_core.shell:create_environment_hook('robotiq_description', 'cmake_prefix_path')
[0.690s] INFO:colcon.colcon_core.shell:Creating environment hook '/home/artrpelli/HW5_RBE4540/install/robotiq_description/share/robotiq_description/hook/cmake_prefix_path.ps1'
[0.691s] INFO:colcon.colcon_core.shell:Creating environment descriptor '/home/artrpelli/HW5_RBE4540/install/robotiq_description/share/robotiq_description/hook/cmake_prefix_path.dsv'
[0.691s] INFO:colcon.colcon_core.shell:Creating environment hook '/home/artrpelli/HW5_RBE4540/install/robotiq_description/share/robotiq_description/hook/cmake_prefix_path.sh'
[0.693s] Level 1:colcon.colcon_core.environment:checking '/home/artrpelli/HW5_RBE4540/install/robotiq_description/bin'
[0.693s] Level 1:colcon.colcon_core.environment:checking '/home/artrpelli/HW5_RBE4540/install/robotiq_description/lib/pkgconfig/robotiq_description.pc'
[0.693s] Level 1:colcon.colcon_core.environment:checking '/home/artrpelli/HW5_RBE4540/install/robotiq_description/lib/python3.12/site-packages'
[0.694s] Level 1:colcon.colcon_core.environment:checking '/home/artrpelli/HW5_RBE4540/install/robotiq_description/bin'
[0.694s] INFO:colcon.colcon_core.shell:Creating package script '/home/artrpelli/HW5_RBE4540/install/robotiq_description/share/robotiq_description/package.ps1'
[0.696s] INFO:colcon.colcon_core.shell:Creating package descriptor '/home/artrpelli/HW5_RBE4540/install/robotiq_description/share/robotiq_description/package.dsv'
[0.696s] INFO:colcon.colcon_core.shell:Creating package script '/home/artrpelli/HW5_RBE4540/install/robotiq_description/share/robotiq_description/package.sh'
[0.697s] INFO:colcon.colcon_core.shell:Creating package script '/home/artrpelli/HW5_RBE4540/install/robotiq_description/share/robotiq_description/package.bash'
[0.698s] INFO:colcon.colcon_core.shell:Creating package script '/home/artrpelli/HW5_RBE4540/install/robotiq_description/share/robotiq_description/package.zsh'
[0.698s] Level 1:colcon.colcon_core.environment:create_file_with_runtime_dependencies(/home/artrpelli/HW5_RBE4540/install/robotiq_description/share/colcon-core/packages/robotiq_description)
[0.701s] DEBUG:colcon.colcon_core.event_handler.log_command:Invoked command in '/home/artrpelli/HW5_RBE4540/build/robotiq_controllers' returned '0': CMAKE_PREFIX_PATH=${CMAKE_PREFIX_PATH}:/home/artrpelli/turtlebot3_ws/install/turtlebot3_teleop:/home/artrpelli/turtlebot3_ws/install/turtlebot3_example:/opt/ros/jazzy DEBUGINFOD_URLS=https://debuginfod.ubuntu.com /usr/bin/cmake --build /home/artrpelli/HW5_RBE4540/build/robotiq_controllers -- -j8 -l8
[0.702s] DEBUG:colcon.colcon_core.event_handler.log_command:Invoking command in '/home/artrpelli/HW5_RBE4540/build/robotiq_controllers': CMAKE_PREFIX_PATH=${CMAKE_PREFIX_PATH}:/home/artrpelli/turtlebot3_ws/install/turtlebot3_teleop:/home/artrpelli/turtlebot3_ws/install/turtlebot3_example:/opt/ros/jazzy DEBUGINFOD_URLS=https://debuginfod.ubuntu.com /usr/bin/cmake --install /home/artrpelli/HW5_RBE4540/build/robotiq_controllers
[0.723s] Level 1:colcon.colcon_core.environment:create_environment_scripts_only(robotiq_controllers)
[0.724s] Level 1:colcon.colcon_core.environment:checking '/home/artrpelli/HW5_RBE4540/install/robotiq_controllers' for CMake module files
[0.726s] Level 1:colcon.colcon_core.environment:checking '/home/artrpelli/HW5_RBE4540/install/robotiq_controllers' for CMake config files
[0.728s] Level 1:colcon.colcon_core.shell:create_environment_hook('robotiq_controllers', 'cmake_prefix_path')
[0.728s] INFO:colcon.colcon_core.shell:Creating environment hook '/home/artrpelli/HW5_RBE4540/install/robotiq_controllers/share/robotiq_controllers/hook/cmake_prefix_path.ps1'
[0.729s] INFO:colcon.colcon_core.shell:Creating environment descriptor '/home/artrpelli/HW5_RBE4540/install/robotiq_controllers/share/robotiq_controllers/hook/cmake_prefix_path.dsv'
[0.730s] INFO:colcon.colcon_core.shell:Creating environment hook '/home/artrpelli/HW5_RBE4540/install/robotiq_controllers/share/robotiq_controllers/hook/cmake_prefix_path.sh'
[0.732s] Level 1:colcon.colcon_core.environment:checking '/home/artrpelli/HW5_RBE4540/install/robotiq_controllers/lib'
[0.733s] DEBUG:colcon.colcon_core.event_handler.log_command:Invoked command in '/home/artrpelli/HW5_RBE4540/build/robotiq_controllers' returned '0': CMAKE_PREFIX_PATH=${CMAKE_PREFIX_PATH}:/home/artrpelli/turtlebot3_ws/install/turtlebot3_teleop:/home/artrpelli/turtlebot3_ws/install/turtlebot3_example:/opt/ros/jazzy DEBUGINFOD_URLS=https://debuginfod.ubuntu.com /usr/bin/cmake --install /home/artrpelli/HW5_RBE4540/build/robotiq_controllers
[0.733s] Level 1:colcon.colcon_core.shell:create_environment_hook('robotiq_controllers', 'ld_library_path_lib')
[0.733s] INFO:colcon.colcon_core.shell:Creating environment hook '/home/artrpelli/HW5_RBE4540/install/robotiq_controllers/share/robotiq_controllers/hook/ld_library_path_lib.ps1'
[0.734s] INFO:colcon.colcon_core.shell:Creating environment descriptor '/home/artrpelli/HW5_RBE4540/install/robotiq_controllers/share/robotiq_controllers/hook/ld_library_path_lib.dsv'
[0.734s] INFO:colcon.colcon_core.shell:Creating environment hook '/home/artrpelli/HW5_RBE4540/install/robotiq_controllers/share/robotiq_controllers/hook/ld_library_path_lib.sh'
[0.735s] Level 1:colcon.colcon_core.environment:checking '/home/artrpelli/HW5_RBE4540/install/robotiq_controllers/bin'
[0.735s] Level 1:colcon.colcon_core.environment:checking '/home/artrpelli/HW5_RBE4540/install/robotiq_controllers/lib/pkgconfig/robotiq_controllers.pc'
[0.735s] Level 1:colcon.colcon_core.environment:checking '/home/artrpelli/HW5_RBE4540/install/robotiq_controllers/lib/python3.12/site-packages'
[0.736s] Level 1:colcon.colcon_core.environment:checking '/home/artrpelli/HW5_RBE4540/install/robotiq_controllers/bin'
[0.736s] INFO:colcon.colcon_core.shell:Creating package script '/home/artrpelli/HW5_RBE4540/install/robotiq_controllers/share/robotiq_controllers/package.ps1'
[0.737s] INFO:colcon.colcon_core.shell:Creating package descriptor '/home/artrpelli/HW5_RBE4540/install/robotiq_controllers/share/robotiq_controllers/package.dsv'
[0.738s] INFO:colcon.colcon_core.shell:Creating package script '/home/artrpelli/HW5_RBE4540/install/robotiq_controllers/share/robotiq_controllers/package.sh'
[0.739s] INFO:colcon.colcon_core.shell:Creating package script '/home/artrpelli/HW5_RBE4540/install/robotiq_controllers/share/robotiq_controllers/package.bash'
[0.739s] INFO:colcon.colcon_core.shell:Creating package script '/home/artrpelli/HW5_RBE4540/install/robotiq_controllers/share/robotiq_controllers/package.zsh'
[0.740s] Level 1:colcon.colcon_core.environment:create_file_with_runtime_dependencies(/home/artrpelli/HW5_RBE4540/install/robotiq_controllers/share/colcon-core/packages/robotiq_controllers)
[0.741s] Level 1:colcon.colcon_core.environment:create_environment_scripts_only(robotiq_controllers)
[0.741s] Level 1:colcon.colcon_core.environment:checking '/home/artrpelli/HW5_RBE4540/install/robotiq_controllers' for CMake module files
[0.742s] Level 1:colcon.colcon_core.environment:checking '/home/artrpelli/HW5_RBE4540/install/robotiq_controllers' for CMake config files
[0.742s] Level 1:colcon.colcon_core.shell:create_environment_hook('robotiq_controllers', 'cmake_prefix_path')
[0.742s] INFO:colcon.colcon_core.shell:Creating environment hook '/home/artrpelli/HW5_RBE4540/install/robotiq_controllers/share/robotiq_controllers/hook/cmake_prefix_path.ps1'
[0.743s] INFO:colcon.colcon_core.shell:Creating environment descriptor '/home/artrpelli/HW5_RBE4540/install/robotiq_controllers/share/robotiq_controllers/hook/cmake_prefix_path.dsv'
[0.743s] INFO:colcon.colcon_core.shell:Creating environment hook '/home/artrpelli/HW5_RBE4540/install/robotiq_controllers/share/robotiq_controllers/hook/cmake_prefix_path.sh'
[0.744s] Level 1:colcon.colcon_core.environment:checking '/home/artrpelli/HW5_RBE4540/install/robotiq_controllers/lib'
[0.744s] Level 1:colcon.colcon_core.shell:create_environment_hook('robotiq_controllers', 'ld_library_path_lib')
[0.745s] INFO:colcon.colcon_core.shell:Creating environment hook '/home/artrpelli/HW5_RBE4540/install/robotiq_controllers/share/robotiq_controllers/hook/ld_library_path_lib.ps1'
[0.745s] INFO:colcon.colcon_core.shell:Creating environment descriptor '/home/artrpelli/HW5_RBE4540/install/robotiq_controllers/share/robotiq_controllers/hook/ld_library_path_lib.dsv'
[0.746s] INFO:colcon.colcon_core.shell:Creating environment hook '/home/artrpelli/HW5_RBE4540/install/robotiq_controllers/share/robotiq_controllers/hook/ld_library_path_lib.sh'
[0.746s] Level 1:colcon.colcon_core.environment:checking '/home/artrpelli/HW5_RBE4540/install/robotiq_controllers/bin'
[0.746s] Level 1:colcon.colcon_core.environment:checking '/home/artrpelli/HW5_RBE4540/install/robotiq_controllers/lib/pkgconfig/robotiq_controllers.pc'
[0.746s] Level 1:colcon.colcon_core.environment:checking '/home/artrpelli/HW5_RBE4540/install/robotiq_controllers/lib/python3.12/site-packages'
[0.747s] Level 1:colcon.colcon_core.environment:checking '/home/artrpelli/HW5_RBE4540/install/robotiq_controllers/bin'
[0.747s] INFO:colcon.colcon_core.shell:Creating package script '/home/artrpelli/HW5_RBE4540/install/robotiq_controllers/share/robotiq_controllers/package.ps1'
[0.749s] INFO:colcon.colcon_core.shell:Creating package descriptor '/home/artrpelli/HW5_RBE4540/install/robotiq_controllers/share/robotiq_controllers/package.dsv'
[0.750s] INFO:colcon.colcon_core.shell:Creating package script '/home/artrpelli/HW5_RBE4540/install/robotiq_controllers/share/robotiq_controllers/package.sh'
[0.750s] INFO:colcon.colcon_core.shell:Creating package script '/home/artrpelli/HW5_RBE4540/install/robotiq_controllers/share/robotiq_controllers/package.bash'
[0.751s] INFO:colcon.colcon_core.shell:Creating package script '/home/artrpelli/HW5_RBE4540/install/robotiq_controllers/share/robotiq_controllers/package.zsh'
[0.751s] Level 1:colcon.colcon_core.environment:create_file_with_runtime_dependencies(/home/artrpelli/HW5_RBE4540/install/robotiq_controllers/share/colcon-core/packages/robotiq_controllers)
[1.072s] DEBUG:colcon.colcon_core.event_handler.log_command:Invoked command in '/home/artrpelli/HW5_RBE4540/build/move_interfaces_merlab' returned '0': CMAKE_PREFIX_PATH=${CMAKE_PREFIX_PATH}:/home/artrpelli/turtlebot3_ws/install/turtlebot3_teleop:/home/artrpelli/turtlebot3_ws/install/turtlebot3_example:/opt/ros/jazzy DEBUGINFOD_URLS=https://debuginfod.ubuntu.com /usr/bin/cmake --build /home/artrpelli/HW5_RBE4540/build/move_interfaces_merlab -- -j8 -l8
[1.073s] DEBUG:colcon.colcon_core.event_handler.log_command:Invoking command in '/home/artrpelli/HW5_RBE4540/build/move_interfaces_merlab': CMAKE_PREFIX_PATH=${CMAKE_PREFIX_PATH}:/home/artrpelli/turtlebot3_ws/install/turtlebot3_teleop:/home/artrpelli/turtlebot3_ws/install/turtlebot3_example:/opt/ros/jazzy DEBUGINFOD_URLS=https://debuginfod.ubuntu.com /usr/bin/cmake --install /home/artrpelli/HW5_RBE4540/build/move_interfaces_merlab
[1.144s] Level 1:colcon.colcon_core.environment:create_environment_scripts_only(move_interfaces_merlab)
[1.144s] Level 1:colcon.colcon_core.environment:checking '/home/artrpelli/HW5_RBE4540/install/move_interfaces_merlab' for CMake module files
[1.145s] DEBUG:colcon.colcon_core.event_handler.log_command:Invoked command in '/home/artrpelli/HW5_RBE4540/build/move_interfaces_merlab' returned '0': CMAKE_PREFIX_PATH=${CMAKE_PREFIX_PATH}:/home/artrpelli/turtlebot3_ws/install/turtlebot3_teleop:/home/artrpelli/turtlebot3_ws/install/turtlebot3_example:/opt/ros/jazzy DEBUGINFOD_URLS=https://debuginfod.ubuntu.com /usr/bin/cmake --install /home/artrpelli/HW5_RBE4540/build/move_interfaces_merlab
[1.145s] Level 1:colcon.colcon_core.environment:checking '/home/artrpelli/HW5_RBE4540/install/move_interfaces_merlab' for CMake config files
[1.145s] Level 1:colcon.colcon_core.shell:create_environment_hook('move_interfaces_merlab', 'cmake_prefix_path')
[1.146s] INFO:colcon.colcon_core.shell:Creating environment hook '/home/artrpelli/HW5_RBE4540/install/move_interfaces_merlab/share/move_interfaces_merlab/hook/cmake_prefix_path.ps1'
[1.146s] INFO:colcon.colcon_core.shell:Creating environment descriptor '/home/artrpelli/HW5_RBE4540/install/move_interfaces_merlab/share/move_interfaces_merlab/hook/cmake_prefix_path.dsv'
[1.146s] INFO:colcon.colcon_core.shell:Creating environment hook '/home/artrpelli/HW5_RBE4540/install/move_interfaces_merlab/share/move_interfaces_merlab/hook/cmake_prefix_path.sh'
[1.147s] Level 1:colcon.colcon_core.environment:checking '/home/artrpelli/HW5_RBE4540/install/move_interfaces_merlab/lib'
[1.147s] Level 1:colcon.colcon_core.shell:create_environment_hook('move_interfaces_merlab', 'ld_library_path_lib')
[1.147s] INFO:colcon.colcon_core.shell:Creating environment hook '/home/artrpelli/HW5_RBE4540/install/move_interfaces_merlab/share/move_interfaces_merlab/hook/ld_library_path_lib.ps1'
[1.148s] INFO:colcon.colcon_core.shell:Creating environment descriptor '/home/artrpelli/HW5_RBE4540/install/move_interfaces_merlab/share/move_interfaces_merlab/hook/ld_library_path_lib.dsv'
[1.148s] INFO:colcon.colcon_core.shell:Creating environment hook '/home/artrpelli/HW5_RBE4540/install/move_interfaces_merlab/share/move_interfaces_merlab/hook/ld_library_path_lib.sh'
[1.148s] Level 1:colcon.colcon_core.environment:checking '/home/artrpelli/HW5_RBE4540/install/move_interfaces_merlab/bin'
[1.148s] Level 1:colcon.colcon_core.environment:checking '/home/artrpelli/HW5_RBE4540/install/move_interfaces_merlab/lib/pkgconfig/move_interfaces_merlab.pc'
[1.148s] Level 1:colcon.colcon_core.environment:checking '/home/artrpelli/HW5_RBE4540/install/move_interfaces_merlab/lib/python3.12/site-packages'
[1.149s] Level 1:colcon.colcon_core.shell:create_environment_hook('move_interfaces_merlab', 'pythonpath')
[1.149s] INFO:colcon.colcon_core.shell:Creating environment hook '/home/artrpelli/HW5_RBE4540/install/move_interfaces_merlab/share/move_interfaces_merlab/hook/pythonpath.ps1'
[1.149s] INFO:colcon.colcon_core.shell:Creating environment descriptor '/home/artrpelli/HW5_RBE4540/install/move_interfaces_merlab/share/move_interfaces_merlab/hook/pythonpath.dsv'
[1.149s] INFO:colcon.colcon_core.shell:Creating environment hook '/home/artrpelli/HW5_RBE4540/install/move_interfaces_merlab/share/move_interfaces_merlab/hook/pythonpath.sh'
[1.150s] Level 1:colcon.colcon_core.environment:checking '/home/artrpelli/HW5_RBE4540/install/move_interfaces_merlab/bin'
[1.150s] INFO:colcon.colcon_core.shell:Creating package script '/home/artrpelli/HW5_RBE4540/install/move_interfaces_merlab/share/move_interfaces_merlab/package.ps1'
[1.151s] INFO:colcon.colcon_core.shell:Creating package descriptor '/home/artrpelli/HW5_RBE4540/install/move_interfaces_merlab/share/move_interfaces_merlab/package.dsv'
[1.151s] INFO:colcon.colcon_core.shell:Creating package script '/home/artrpelli/HW5_RBE4540/install/move_interfaces_merlab/share/move_interfaces_merlab/package.sh'
[1.152s] INFO:colcon.colcon_core.shell:Creating package script '/home/artrpelli/HW5_RBE4540/install/move_interfaces_merlab/share/move_interfaces_merlab/package.bash'
[1.152s] INFO:colcon.colcon_core.shell:Creating package script '/home/artrpelli/HW5_RBE4540/install/move_interfaces_merlab/share/move_interfaces_merlab/package.zsh'
[1.152s] Level 1:colcon.colcon_core.environment:create_file_with_runtime_dependencies(/home/artrpelli/HW5_RBE4540/install/move_interfaces_merlab/share/colcon-core/packages/move_interfaces_merlab)
[1.153s] Level 1:colcon.colcon_core.environment:create_environment_scripts_only(move_interfaces_merlab)
[1.153s] Level 1:colcon.colcon_core.environment:checking '/home/artrpelli/HW5_RBE4540/install/move_interfaces_merlab' for CMake module files
[1.153s] Level 1:colcon.colcon_core.environment:checking '/home/artrpelli/HW5_RBE4540/install/move_interfaces_merlab' for CMake config files
[1.154s] Level 1:colcon.colcon_core.shell:create_environment_hook('move_interfaces_merlab', 'cmake_prefix_path')
[1.154s] INFO:colcon.colcon_core.shell:Creating environment hook '/home/artrpelli/HW5_RBE4540/install/move_interfaces_merlab/share/move_interfaces_merlab/hook/cmake_prefix_path.ps1'
[1.154s] INFO:colcon.colcon_core.shell:Creating environment descriptor '/home/artrpelli/HW5_RBE4540/install/move_interfaces_merlab/share/move_interfaces_merlab/hook/cmake_prefix_path.dsv'
[1.154s] INFO:colcon.colcon_core.shell:Creating environment hook '/home/artrpelli/HW5_RBE4540/install/move_interfaces_merlab/share/move_interfaces_merlab/hook/cmake_prefix_path.sh'
[1.155s] Level 1:colcon.colcon_core.environment:checking '/home/artrpelli/HW5_RBE4540/install/move_interfaces_merlab/lib'
[1.155s] Level 1:colcon.colcon_core.shell:create_environment_hook('move_interfaces_merlab', 'ld_library_path_lib')
[1.155s] INFO:colcon.colcon_core.shell:Creating environment hook '/home/artrpelli/HW5_RBE4540/install/move_interfaces_merlab/share/move_interfaces_merlab/hook/ld_library_path_lib.ps1'
[1.155s] INFO:colcon.colcon_core.shell:Creating environment descriptor '/home/artrpelli/HW5_RBE4540/install/move_interfaces_merlab/share/move_interfaces_merlab/hook/ld_library_path_lib.dsv'
[1.156s] INFO:colcon.colcon_core.shell:Creating environment hook '/home/artrpelli/HW5_RBE4540/install/move_interfaces_merlab/share/move_interfaces_merlab/hook/ld_library_path_lib.sh'
[1.156s] Level 1:colcon.colcon_core.environment:checking '/home/artrpelli/HW5_RBE4540/install/move_interfaces_merlab/bin'
[1.156s] Level 1:colcon.colcon_core.environment:checking '/home/artrpelli/HW5_RBE4540/install/move_interfaces_merlab/lib/pkgconfig/move_interfaces_merlab.pc'
[1.156s] Level 1:colcon.colcon_core.environment:checking '/home/artrpelli/HW5_RBE4540/install/move_interfaces_merlab/lib/python3.12/site-packages'
[1.156s] Level 1:colcon.colcon_core.shell:create_environment_hook('move_interfaces_merlab', 'pythonpath')
[1.156s] INFO:colcon.colcon_core.shell:Creating environment hook '/home/artrpelli/HW5_RBE4540/install/move_interfaces_merlab/share/move_interfaces_merlab/hook/pythonpath.ps1'
[1.157s] INFO:colcon.colcon_core.shell:Creating environment descriptor '/home/artrpelli/HW5_RBE4540/install/move_interfaces_merlab/share/move_interfaces_merlab/hook/pythonpath.dsv'
[1.157s] INFO:colcon.colcon_core.shell:Creating environment hook '/home/artrpelli/HW5_RBE4540/install/move_interfaces_merlab/share/move_interfaces_merlab/hook/pythonpath.sh'
[1.158s] Level 1:colcon.colcon_core.environment:checking '/home/artrpelli/HW5_RBE4540/install/move_interfaces_merlab/bin'
[1.158s] INFO:colcon.colcon_core.shell:Creating package script '/home/artrpelli/HW5_RBE4540/install/move_interfaces_merlab/share/move_interfaces_merlab/package.ps1'
[1.158s] INFO:colcon.colcon_core.shell:Creating package descriptor '/home/artrpelli/HW5_RBE4540/install/move_interfaces_merlab/share/move_interfaces_merlab/package.dsv'
[1.159s] INFO:colcon.colcon_core.shell:Creating package script '/home/artrpelli/HW5_RBE4540/install/move_interfaces_merlab/share/move_interfaces_merlab/package.sh'
[1.159s] INFO:colcon.colcon_core.shell:Creating package script '/home/artrpelli/HW5_RBE4540/install/move_interfaces_merlab/share/move_interfaces_merlab/package.bash'
[1.160s] INFO:colcon.colcon_core.shell:Creating package script '/home/artrpelli/HW5_RBE4540/install/move_interfaces_merlab/share/move_interfaces_merlab/package.zsh'
[1.160s] Level 1:colcon.colcon_core.environment:create_file_with_runtime_dependencies(/home/artrpelli/HW5_RBE4540/install/move_interfaces_merlab/share/colcon-core/packages/move_interfaces_merlab)
[1.313s] DEBUG:colcon.colcon_core.event_handler.log_command:Invoking command in '/home/artrpelli/HW5_RBE4540/hover_above': DEBUGINFOD_URLS=https://debuginfod.ubuntu.com PYTHONPATH=/home/artrpelli/HW5_RBE4540/build/hover_above/prefix_override:/usr/lib/python3/dist-packages/colcon_core/task/python/colcon_distutils_commands:/home/artrpelli/HW5_RBE4540/install/hover_above/lib/python3.12/site-packages:${PYTHONPATH} /usr/bin/python3 -W ignore:setup.py install is deprecated -W ignore:easy_install command is deprecated setup.py egg_info --egg-base ../build/hover_above build --build-base /home/artrpelli/HW5_RBE4540/build/hover_above/build install --record /home/artrpelli/HW5_RBE4540/build/hover_above/install.log --single-version-externally-managed install_data
[1.913s] Level 1:colcon.colcon_core.environment:checking '/home/artrpelli/HW5_RBE4540/install/hover_above' for CMake module files
[1.914s] DEBUG:colcon.colcon_core.event_handler.log_command:Invoked command in '/home/artrpelli/HW5_RBE4540/hover_above' returned '0': DEBUGINFOD_URLS=https://debuginfod.ubuntu.com PYTHONPATH=/home/artrpelli/HW5_RBE4540/build/hover_above/prefix_override:/usr/lib/python3/dist-packages/colcon_core/task/python/colcon_distutils_commands:/home/artrpelli/HW5_RBE4540/install/hover_above/lib/python3.12/site-packages:${PYTHONPATH} /usr/bin/python3 -W ignore:setup.py install is deprecated -W ignore:easy_install command is deprecated setup.py egg_info --egg-base ../build/hover_above build --build-base /home/artrpelli/HW5_RBE4540/build/hover_above/build install --record /home/artrpelli/HW5_RBE4540/build/hover_above/install.log --single-version-externally-managed install_data
[1.914s] Level 1:colcon.colcon_core.environment:checking '/home/artrpelli/HW5_RBE4540/install/hover_above' for CMake config files
[1.915s] Level 1:colcon.colcon_core.environment:checking '/home/artrpelli/HW5_RBE4540/install/hover_above/lib'
[1.915s] Level 1:colcon.colcon_core.environment:checking '/home/artrpelli/HW5_RBE4540/install/hover_above/bin'
[1.915s] Level 1:colcon.colcon_core.environment:checking '/home/artrpelli/HW5_RBE4540/install/hover_above/lib/pkgconfig/hover_above.pc'
[1.915s] Level 1:colcon.colcon_core.environment:checking '/home/artrpelli/HW5_RBE4540/install/hover_above/lib/python3.12/site-packages'
[1.915s] Level 1:colcon.colcon_core.shell:create_environment_hook('hover_above', 'pythonpath')
[1.915s] INFO:colcon.colcon_core.shell:Creating environment hook '/home/artrpelli/HW5_RBE4540/install/hover_above/share/hover_above/hook/pythonpath.ps1'
[1.916s] INFO:colcon.colcon_core.shell:Creating environment descriptor '/home/artrpelli/HW5_RBE4540/install/hover_above/share/hover_above/hook/pythonpath.dsv'
[1.916s] INFO:colcon.colcon_core.shell:Creating environment hook '/home/artrpelli/HW5_RBE4540/install/hover_above/share/hover_above/hook/pythonpath.sh'
[1.917s] Level 1:colcon.colcon_core.environment:checking '/home/artrpelli/HW5_RBE4540/install/hover_above/bin'
[1.917s] Level 1:colcon.colcon_core.environment:create_environment_scripts_only(hover_above)
[1.917s] INFO:colcon.colcon_core.shell:Creating package script '/home/artrpelli/HW5_RBE4540/install/hover_above/share/hover_above/package.ps1'
[1.918s] INFO:colcon.colcon_core.shell:Creating package descriptor '/home/artrpelli/HW5_RBE4540/install/hover_above/share/hover_above/package.dsv'
[1.918s] INFO:colcon.colcon_core.shell:Creating package script '/home/artrpelli/HW5_RBE4540/install/hover_above/share/hover_above/package.sh'
[1.919s] INFO:colcon.colcon_core.shell:Creating package script '/home/artrpelli/HW5_RBE4540/install/hover_above/share/hover_above/package.bash'
[1.919s] INFO:colcon.colcon_core.shell:Creating package script '/home/artrpelli/HW5_RBE4540/install/hover_above/share/hover_above/package.zsh'
[1.919s] Level 1:colcon.colcon_core.environment:create_file_with_runtime_dependencies(/home/artrpelli/HW5_RBE4540/install/hover_above/share/colcon-core/packages/hover_above)
[1.919s] DEBUG:colcon.colcon_parallel_executor.executor.parallel:closing loop
[1.920s] DEBUG:colcon.colcon_parallel_executor.executor.parallel:loop closed
[1.920s] DEBUG:colcon.colcon_parallel_executor.executor.parallel:run_until_complete finished with '0'
[1.920s] DEBUG:colcon.colcon_core.event_reactor:joining thread
[1.925s] INFO:colcon.colcon_core.plugin_system:Skipping extension 'colcon_notification.desktop_notification.terminal_notifier': Not used on non-Darwin systems
[1.925s] INFO:colcon.colcon_core.plugin_system:Skipping extension 'colcon_notification.desktop_notification.win32': Not used on non-Windows systems
[1.926s] INFO:colcon.colcon_notification.desktop_notification:Sending desktop notification using 'notify2'
[1.939s] DEBUG:colcon.colcon_core.event_reactor:joined thread
[1.940s] INFO:colcon.colcon_core.shell:Creating prefix script '/home/artrpelli/HW5_RBE4540/install/local_setup.ps1'
[1.941s] INFO:colcon.colcon_core.shell:Creating prefix util module '/home/artrpelli/HW5_RBE4540/install/_local_setup_util_ps1.py'
[1.942s] INFO:colcon.colcon_core.shell:Creating prefix chain script '/home/artrpelli/HW5_RBE4540/install/setup.ps1'
[1.944s] INFO:colcon.colcon_core.shell:Creating prefix script '/home/artrpelli/HW5_RBE4540/install/local_setup.sh'
[1.944s] INFO:colcon.colcon_core.shell:Creating prefix util module '/home/artrpelli/HW5_RBE4540/install/_local_setup_util_sh.py'
[1.945s] INFO:colcon.colcon_core.shell:Creating prefix chain script '/home/artrpelli/HW5_RBE4540/install/setup.sh'
[1.947s] INFO:colcon.colcon_core.shell:Creating prefix script '/home/artrpelli/HW5_RBE4540/install/local_setup.bash'
[1.948s] INFO:colcon.colcon_core.shell:Creating prefix chain script '/home/artrpelli/HW5_RBE4540/install/setup.bash'
[1.950s] INFO:colcon.colcon_core.shell:Creating prefix script '/home/artrpelli/HW5_RBE4540/install/local_setup.zsh'
[1.950s] INFO:colcon.colcon_core.shell:Creating prefix chain script '/home/artrpelli/HW5_RBE4540/install/setup.zsh'
