[0.008s] Invoking command in '/home/paige-spalsbury/ros2_ws/src/hover_above/build/robotiq_controllers': CMAKE_PREFIX_PATH=${CMAKE_PREFIX_PATH}:/home/paige-spalsbury/ros2_ws/src/install/ur_move_merlab:/home/paige-spalsbury/ros2_ws/src/install/hover_above:/home/paige-spalsbury/ros2_ws/install/forces_servcli:/home/paige-spalsbury/ros2_ws/install/python_parameters:/home/paige-spalsbury/ros2_ws/install/py_srvcli:/home/paige-spalsbury/ros2_ws/install/py_pubsub:/home/paige-spalsbury/ros2_ws/install/my_package:/home/paige-spalsbury/ros2_ws/install/launch_testing_examples:/home/paige-spalsbury/ros2_ws/install/hover_above:/home/paige-spalsbury/ros2_ws/install/graspmat_srvcli:/home/paige-spalsbury/ros2_ws/install/examples_rclpy_pointcloud_publisher:/home/paige-spalsbury/ros2_ws/install/examples_rclpy_minimal_subscriber:/home/paige-spalsbury/ros2_ws/install/examples_rclpy_minimal_service:/home/paige-spalsbury/ros2_ws/install/examples_rclpy_minimal_publisher:/home/paige-spalsbury/ros2_ws/install/examples_rclpy_minimal_client:/home/paige-spalsbury/ros2_ws/install/examples_rclpy_minimal_action_server:/home/paige-spalsbury/ros2_ws/install/examples_rclpy_minimal_action_client:/home/paige-spalsbury/ros2_ws/install/examples_rclpy_guard_conditions:/home/paige-spalsbury/ros2_ws/install/examples_rclpy_executors:/opt/ros/jazzy DEBUGINFOD_URLS=https://debuginfod.ubuntu.com /usr/bin/cmake /home/paige-spalsbury/ros2_ws/src/hover_above/ros2_robotiq_gripper/robotiq_controllers -DCMAKE_INSTALL_PREFIX=/home/paige-spalsbury/ros2_ws/src/hover_above/install/robotiq_controllers
[0.043s] -- The C compiler identification is GNU 13.3.0
[0.076s] -- The CXX compiler identification is GNU 13.3.0
[0.085s] -- Detecting C compiler ABI info
[0.138s] -- Detecting C compiler ABI info - done
[0.144s] -- Check for working C compiler: /usr/bin/cc - skipped
[0.144s] -- Detecting C compile features
[0.144s] -- Detecting C compile features - done
[0.150s] -- Detecting CXX compiler ABI info
[0.285s] -- Detecting CXX compiler ABI info - done
[0.291s] -- Check for working CXX compiler: /usr/bin/c++ - skipped
[0.292s] -- Detecting CXX compile features
[0.292s] -- Detecting CXX compile features - done
[0.294s] -- Found ament_cmake: 2.5.6 (/opt/ros/jazzy/share/ament_cmake/cmake)
[0.406s] -- Found Python3: /usr/bin/python3 (found version "3.12.3") found components: Interpreter 
[0.501s] -- Found controller_interface: 4.48.0 (/opt/ros/jazzy/share/controller_interface/cmake)
[0.553s] -- Found rosidl_generator_c: 4.6.9 (/opt/ros/jazzy/share/rosidl_generator_c/cmake)
[0.564s] -- Found rosidl_generator_cpp: 4.6.9 (/opt/ros/jazzy/share/rosidl_generator_cpp/cmake)
[0.577s] -- Using all available rosidl_typesupport_c: rosidl_typesupport_fastrtps_c;rosidl_typesupport_introspection_c
[0.591s] -- Using all available rosidl_typesupport_cpp: rosidl_typesupport_fastrtps_cpp;rosidl_typesupport_introspection_cpp
[0.728s] -- Found TinyXML2 via Config file: /usr/lib/x86_64-linux-gnu/cmake/tinyxml2
[0.760s] -- Found rmw_implementation_cmake: 7.3.3 (/opt/ros/jazzy/share/rmw_implementation_cmake/cmake)
[0.763s] -- Found rmw_fastrtps_cpp: 8.4.4 (/opt/ros/jazzy/share/rmw_fastrtps_cpp/cmake)
[0.780s] -- Found TinyXML2 via Config file: /usr/lib/x86_64-linux-gnu/cmake/tinyxml2
[0.817s] -- Found OpenSSL: /usr/lib/x86_64-linux-gnu/libcrypto.so (found version "3.0.13")  
[0.819s] -- Found TinyXML2 via Config file: /usr/lib/x86_64-linux-gnu/cmake/tinyxml2
[0.829s] -- Found FastRTPS: /opt/ros/jazzy/include (Required is at least version "2.13") 
[0.830s] -- Found TinyXML2 via Config file: /usr/lib/x86_64-linux-gnu/cmake/tinyxml2
[0.835s] -- Found TinyXML2 via Config file: /usr/lib/x86_64-linux-gnu/cmake/tinyxml2
[0.842s] -- Using RMW implementation 'rmw_fastrtps_cpp' as default
[0.906s] -- Found Boost: /usr/lib/x86_64-linux-gnu/cmake/Boost-1.83.0/BoostConfig.cmake (found version "1.83.0")  
[1.043s] -- Found std_srvs: 5.3.8 (/opt/ros/jazzy/share/std_srvs/cmake)
[1.053s] -- Found ament_lint_auto: 0.17.5 (/opt/ros/jazzy/share/ament_lint_auto/cmake)
[1.122s] -- Added test 'cppcheck' to perform static code analysis on C / C++ code
[1.122s] -- Configured cppcheck include dirs: /home/paige-spalsbury/ros2_ws/src/hover_above/ros2_robotiq_gripper/robotiq_controllers/include
[1.123s] -- Configured cppcheck exclude dirs and/or files: 
[1.123s] -- Added test 'lint_cmake' to check CMake code style
[1.125s] -- Configuring done (1.1s)
[1.135s] -- Generating done (0.0s)
[1.137s] -- Build files have been written to: /home/paige-spalsbury/ros2_ws/src/hover_above/build/robotiq_controllers
[1.146s] Invoked command in '/home/paige-spalsbury/ros2_ws/src/hover_above/build/robotiq_controllers' returned '0': CMAKE_PREFIX_PATH=${CMAKE_PREFIX_PATH}:/home/paige-spalsbury/ros2_ws/src/install/ur_move_merlab:/home/paige-spalsbury/ros2_ws/src/install/hover_above:/home/paige-spalsbury/ros2_ws/install/forces_servcli:/home/paige-spalsbury/ros2_ws/install/python_parameters:/home/paige-spalsbury/ros2_ws/install/py_srvcli:/home/paige-spalsbury/ros2_ws/install/py_pubsub:/home/paige-spalsbury/ros2_ws/install/my_package:/home/paige-spalsbury/ros2_ws/install/launch_testing_examples:/home/paige-spalsbury/ros2_ws/install/hover_above:/home/paige-spalsbury/ros2_ws/install/graspmat_srvcli:/home/paige-spalsbury/ros2_ws/install/examples_rclpy_pointcloud_publisher:/home/paige-spalsbury/ros2_ws/install/examples_rclpy_minimal_subscriber:/home/paige-spalsbury/ros2_ws/install/examples_rclpy_minimal_service:/home/paige-spalsbury/ros2_ws/install/examples_rclpy_minimal_publisher:/home/paige-spalsbury/ros2_ws/install/examples_rclpy_minimal_client:/home/paige-spalsbury/ros2_ws/install/examples_rclpy_minimal_action_server:/home/paige-spalsbury/ros2_ws/install/examples_rclpy_minimal_action_client:/home/paige-spalsbury/ros2_ws/install/examples_rclpy_guard_conditions:/home/paige-spalsbury/ros2_ws/install/examples_rclpy_executors:/opt/ros/jazzy DEBUGINFOD_URLS=https://debuginfod.ubuntu.com /usr/bin/cmake /home/paige-spalsbury/ros2_ws/src/hover_above/ros2_robotiq_gripper/robotiq_controllers -DCMAKE_INSTALL_PREFIX=/home/paige-spalsbury/ros2_ws/src/hover_above/install/robotiq_controllers
[1.146s] Invoking command in '/home/paige-spalsbury/ros2_ws/src/hover_above/build/robotiq_controllers': CMAKE_PREFIX_PATH=${CMAKE_PREFIX_PATH}:/home/paige-spalsbury/ros2_ws/src/install/ur_move_merlab:/home/paige-spalsbury/ros2_ws/src/install/hover_above:/home/paige-spalsbury/ros2_ws/install/forces_servcli:/home/paige-spalsbury/ros2_ws/install/python_parameters:/home/paige-spalsbury/ros2_ws/install/py_srvcli:/home/paige-spalsbury/ros2_ws/install/py_pubsub:/home/paige-spalsbury/ros2_ws/install/my_package:/home/paige-spalsbury/ros2_ws/install/launch_testing_examples:/home/paige-spalsbury/ros2_ws/install/hover_above:/home/paige-spalsbury/ros2_ws/install/graspmat_srvcli:/home/paige-spalsbury/ros2_ws/install/examples_rclpy_pointcloud_publisher:/home/paige-spalsbury/ros2_ws/install/examples_rclpy_minimal_subscriber:/home/paige-spalsbury/ros2_ws/install/examples_rclpy_minimal_service:/home/paige-spalsbury/ros2_ws/install/examples_rclpy_minimal_publisher:/home/paige-spalsbury/ros2_ws/install/examples_rclpy_minimal_client:/home/paige-spalsbury/ros2_ws/install/examples_rclpy_minimal_action_server:/home/paige-spalsbury/ros2_ws/install/examples_rclpy_minimal_action_client:/home/paige-spalsbury/ros2_ws/install/examples_rclpy_guard_conditions:/home/paige-spalsbury/ros2_ws/install/examples_rclpy_executors:/opt/ros/jazzy DEBUGINFOD_URLS=https://debuginfod.ubuntu.com /usr/bin/cmake --build /home/paige-spalsbury/ros2_ws/src/hover_above/build/robotiq_controllers -- -j20 -l20
[1.180s] [ 50%] [32mBuilding CXX object CMakeFiles/robotiq_controllers.dir/src/robotiq_activation_controller.cpp.o[0m
[3.875s] [100%] [32m[1mLinking CXX shared library librobotiq_controllers.so[0m
[4.044s] [100%] Built target robotiq_controllers
[4.053s] Invoked command in '/home/paige-spalsbury/ros2_ws/src/hover_above/build/robotiq_controllers' returned '0': CMAKE_PREFIX_PATH=${CMAKE_PREFIX_PATH}:/home/paige-spalsbury/ros2_ws/src/install/ur_move_merlab:/home/paige-spalsbury/ros2_ws/src/install/hover_above:/home/paige-spalsbury/ros2_ws/install/forces_servcli:/home/paige-spalsbury/ros2_ws/install/python_parameters:/home/paige-spalsbury/ros2_ws/install/py_srvcli:/home/paige-spalsbury/ros2_ws/install/py_pubsub:/home/paige-spalsbury/ros2_ws/install/my_package:/home/paige-spalsbury/ros2_ws/install/launch_testing_examples:/home/paige-spalsbury/ros2_ws/install/hover_above:/home/paige-spalsbury/ros2_ws/install/graspmat_srvcli:/home/paige-spalsbury/ros2_ws/install/examples_rclpy_pointcloud_publisher:/home/paige-spalsbury/ros2_ws/install/examples_rclpy_minimal_subscriber:/home/paige-spalsbury/ros2_ws/install/examples_rclpy_minimal_service:/home/paige-spalsbury/ros2_ws/install/examples_rclpy_minimal_publisher:/home/paige-spalsbury/ros2_ws/install/examples_rclpy_minimal_client:/home/paige-spalsbury/ros2_ws/install/examples_rclpy_minimal_action_server:/home/paige-spalsbury/ros2_ws/install/examples_rclpy_minimal_action_client:/home/paige-spalsbury/ros2_ws/install/examples_rclpy_guard_conditions:/home/paige-spalsbury/ros2_ws/install/examples_rclpy_executors:/opt/ros/jazzy DEBUGINFOD_URLS=https://debuginfod.ubuntu.com /usr/bin/cmake --build /home/paige-spalsbury/ros2_ws/src/hover_above/build/robotiq_controllers -- -j20 -l20
[4.054s] Invoking command in '/home/paige-spalsbury/ros2_ws/src/hover_above/build/robotiq_controllers': CMAKE_PREFIX_PATH=${CMAKE_PREFIX_PATH}:/home/paige-spalsbury/ros2_ws/src/install/ur_move_merlab:/home/paige-spalsbury/ros2_ws/src/install/hover_above:/home/paige-spalsbury/ros2_ws/install/forces_servcli:/home/paige-spalsbury/ros2_ws/install/python_parameters:/home/paige-spalsbury/ros2_ws/install/py_srvcli:/home/paige-spalsbury/ros2_ws/install/py_pubsub:/home/paige-spalsbury/ros2_ws/install/my_package:/home/paige-spalsbury/ros2_ws/install/launch_testing_examples:/home/paige-spalsbury/ros2_ws/install/hover_above:/home/paige-spalsbury/ros2_ws/install/graspmat_srvcli:/home/paige-spalsbury/ros2_ws/install/examples_rclpy_pointcloud_publisher:/home/paige-spalsbury/ros2_ws/install/examples_rclpy_minimal_subscriber:/home/paige-spalsbury/ros2_ws/install/examples_rclpy_minimal_service:/home/paige-spalsbury/ros2_ws/install/examples_rclpy_minimal_publisher:/home/paige-spalsbury/ros2_ws/install/examples_rclpy_minimal_client:/home/paige-spalsbury/ros2_ws/install/examples_rclpy_minimal_action_server:/home/paige-spalsbury/ros2_ws/install/examples_rclpy_minimal_action_client:/home/paige-spalsbury/ros2_ws/install/examples_rclpy_guard_conditions:/home/paige-spalsbury/ros2_ws/install/examples_rclpy_executors:/opt/ros/jazzy DEBUGINFOD_URLS=https://debuginfod.ubuntu.com /usr/bin/cmake --install /home/paige-spalsbury/ros2_ws/src/hover_above/build/robotiq_controllers
[4.060s] -- Install configuration: ""
[4.061s] -- Installing: /home/paige-spalsbury/ros2_ws/src/hover_above/install/robotiq_controllers/share/robotiq_controllers/controller_plugins.xml
[4.061s] -- Installing: /home/paige-spalsbury/ros2_ws/src/hover_above/install/robotiq_controllers/lib/librobotiq_controllers.so
[4.062s] -- Set non-toolchain portion of runtime path of "/home/paige-spalsbury/ros2_ws/src/hover_above/install/robotiq_controllers/lib/librobotiq_controllers.so" to ""
[4.062s] -- Installing: /home/paige-spalsbury/ros2_ws/src/hover_above/install/robotiq_controllers/include
[4.062s] -- Installing: /home/paige-spalsbury/ros2_ws/src/hover_above/install/robotiq_controllers/include/robotiq_controllers
[4.062s] -- Installing: /home/paige-spalsbury/ros2_ws/src/hover_above/install/robotiq_controllers/include/robotiq_controllers/robotiq_activation_controller.hpp
[4.062s] -- Installing: /home/paige-spalsbury/ros2_ws/src/hover_above/install/robotiq_controllers/share/robotiq_controllers/environment/library_path.sh
[4.062s] -- Installing: /home/paige-spalsbury/ros2_ws/src/hover_above/install/robotiq_controllers/share/robotiq_controllers/environment/library_path.dsv
[4.062s] -- Installing: /home/paige-spalsbury/ros2_ws/src/hover_above/install/robotiq_controllers/share/ament_index/resource_index/package_run_dependencies/robotiq_controllers
[4.062s] -- Installing: /home/paige-spalsbury/ros2_ws/src/hover_above/install/robotiq_controllers/share/ament_index/resource_index/parent_prefix_path/robotiq_controllers
[4.062s] -- Installing: /home/paige-spalsbury/ros2_ws/src/hover_above/install/robotiq_controllers/share/robotiq_controllers/environment/ament_prefix_path.sh
[4.062s] -- Installing: /home/paige-spalsbury/ros2_ws/src/hover_above/install/robotiq_controllers/share/robotiq_controllers/environment/ament_prefix_path.dsv
[4.062s] -- Installing: /home/paige-spalsbury/ros2_ws/src/hover_above/install/robotiq_controllers/share/robotiq_controllers/environment/path.sh
[4.062s] -- Installing: /home/paige-spalsbury/ros2_ws/src/hover_above/install/robotiq_controllers/share/robotiq_controllers/environment/path.dsv
[4.062s] -- Installing: /home/paige-spalsbury/ros2_ws/src/hover_above/install/robotiq_controllers/share/robotiq_controllers/local_setup.bash
[4.062s] -- Installing: /home/paige-spalsbury/ros2_ws/src/hover_above/install/robotiq_controllers/share/robotiq_controllers/local_setup.sh
[4.063s] -- Installing: /home/paige-spalsbury/ros2_ws/src/hover_above/install/robotiq_controllers/share/robotiq_controllers/local_setup.zsh
[4.063s] -- Installing: /home/paige-spalsbury/ros2_ws/src/hover_above/install/robotiq_controllers/share/robotiq_controllers/local_setup.dsv
[4.063s] -- Installing: /home/paige-spalsbury/ros2_ws/src/hover_above/install/robotiq_controllers/share/robotiq_controllers/package.dsv
[4.063s] -- Installing: /home/paige-spalsbury/ros2_ws/src/hover_above/install/robotiq_controllers/share/ament_index/resource_index/packages/robotiq_controllers
[4.063s] -- Installing: /home/paige-spalsbury/ros2_ws/src/hover_above/install/robotiq_controllers/share/ament_index/resource_index/controller_interface__pluginlib__plugin/robotiq_controllers
[4.063s] -- Installing: /home/paige-spalsbury/ros2_ws/src/hover_above/install/robotiq_controllers/share/robotiq_controllers/cmake/export_robotiq_controllersExport.cmake
[4.063s] -- Installing: /home/paige-spalsbury/ros2_ws/src/hover_above/install/robotiq_controllers/share/robotiq_controllers/cmake/export_robotiq_controllersExport-noconfig.cmake
[4.063s] -- Installing: /home/paige-spalsbury/ros2_ws/src/hover_above/install/robotiq_controllers/share/robotiq_controllers/cmake/ament_cmake_export_include_directories-extras.cmake
[4.063s] -- Installing: /home/paige-spalsbury/ros2_ws/src/hover_above/install/robotiq_controllers/share/robotiq_controllers/cmake/ament_cmake_export_libraries-extras.cmake
[4.063s] -- Installing: /home/paige-spalsbury/ros2_ws/src/hover_above/install/robotiq_controllers/share/robotiq_controllers/cmake/ament_cmake_export_targets-extras.cmake
[4.063s] -- Installing: /home/paige-spalsbury/ros2_ws/src/hover_above/install/robotiq_controllers/share/robotiq_controllers/cmake/ament_cmake_export_dependencies-extras.cmake
[4.063s] -- Installing: /home/paige-spalsbury/ros2_ws/src/hover_above/install/robotiq_controllers/share/robotiq_controllers/cmake/robotiq_controllersConfig.cmake
[4.063s] -- Installing: /home/paige-spalsbury/ros2_ws/src/hover_above/install/robotiq_controllers/share/robotiq_controllers/cmake/robotiq_controllersConfig-version.cmake
[4.063s] -- Installing: /home/paige-spalsbury/ros2_ws/src/hover_above/install/robotiq_controllers/share/robotiq_controllers/package.xml
[4.065s] Invoked command in '/home/paige-spalsbury/ros2_ws/src/hover_above/build/robotiq_controllers' returned '0': CMAKE_PREFIX_PATH=${CMAKE_PREFIX_PATH}:/home/paige-spalsbury/ros2_ws/src/install/ur_move_merlab:/home/paige-spalsbury/ros2_ws/src/install/hover_above:/home/paige-spalsbury/ros2_ws/install/forces_servcli:/home/paige-spalsbury/ros2_ws/install/python_parameters:/home/paige-spalsbury/ros2_ws/install/py_srvcli:/home/paige-spalsbury/ros2_ws/install/py_pubsub:/home/paige-spalsbury/ros2_ws/install/my_package:/home/paige-spalsbury/ros2_ws/install/launch_testing_examples:/home/paige-spalsbury/ros2_ws/install/hover_above:/home/paige-spalsbury/ros2_ws/install/graspmat_srvcli:/home/paige-spalsbury/ros2_ws/install/examples_rclpy_pointcloud_publisher:/home/paige-spalsbury/ros2_ws/install/examples_rclpy_minimal_subscriber:/home/paige-spalsbury/ros2_ws/install/examples_rclpy_minimal_service:/home/paige-spalsbury/ros2_ws/install/examples_rclpy_minimal_publisher:/home/paige-spalsbury/ros2_ws/install/examples_rclpy_minimal_client:/home/paige-spalsbury/ros2_ws/install/examples_rclpy_minimal_action_server:/home/paige-spalsbury/ros2_ws/install/examples_rclpy_minimal_action_client:/home/paige-spalsbury/ros2_ws/install/examples_rclpy_guard_conditions:/home/paige-spalsbury/ros2_ws/install/examples_rclpy_executors:/opt/ros/jazzy DEBUGINFOD_URLS=https://debuginfod.ubuntu.com /usr/bin/cmake --install /home/paige-spalsbury/ros2_ws/src/hover_above/build/robotiq_controllers
