[0.061s] DEBUG:colcon:Command line arguments: ['/usr/bin/colcon', 'build']
[0.061s] DEBUG:colcon:Parsed command line arguments: Namespace(log_base=None, log_level=None, verb_name='build', build_base='build', install_base='install', merge_install=False, symlink_install=False, test_result_base=None, continue_on_error=False, executor='parallel', parallel_workers=20, event_handlers=None, ignore_user_meta=False, metas=['./colcon.meta'], base_paths=['.'], packages_ignore=None, packages_ignore_regex=None, paths=None, packages_up_to=None, packages_up_to_regex=None, packages_above=None, packages_above_and_dependencies=None, packages_above_depth=None, packages_select_by_dep=None, packages_skip_by_dep=None, packages_skip_up_to=None, packages_select_build_failed=False, packages_skip_build_finished=False, packages_select_test_failures=False, packages_skip_test_passed=False, packages_select=None, packages_skip=None, packages_select_regex=None, packages_skip_regex=None, packages_start=None, packages_end=None, allow_overriding=[], cmake_args=None, cmake_target=None, cmake_target_skip_unavailable=False, cmake_clean_cache=False, cmake_clean_first=False, cmake_force_configure=False, ament_cmake_args=None, catkin_cmake_args=None, catkin_skip_building_tests=False, mixin_files=None, mixin=None, verb_parser=<colcon_mixin.mixin.mixin_argument.MixinArgumentDecorator object at 0x7050028b3b30>, verb_extension=<colcon_core.verb.build.BuildVerb object at 0x705003731c10>, main=<bound method BuildVerb.main of <colcon_core.verb.build.BuildVerb object at 0x705003731c10>>, mixin_verb=('build',))
[0.079s] Level 1:colcon.colcon_core.package_discovery:discover_packages(colcon_meta) check parameters
[0.079s] Level 1:colcon.colcon_core.package_discovery:discover_packages(recursive) check parameters
[0.079s] Level 1:colcon.colcon_core.package_discovery:discover_packages(ignore) check parameters
[0.079s] Level 1:colcon.colcon_core.package_discovery:discover_packages(path) check parameters
[0.079s] Level 1:colcon.colcon_core.package_discovery:discover_packages(colcon_meta) discover
[0.079s] Level 1:colcon.colcon_core.package_discovery:discover_packages(recursive) discover
[0.079s] INFO:colcon.colcon_core.package_discovery:Crawling recursively for packages in '/home/paige-spalsbury/ros2_ws/src/hover_above/ros2_robotiq_gripper'
[0.079s] Level 1:colcon.colcon_core.package_identification:_identify(.) by extensions ['ignore', 'ignore_ament_install']
[0.079s] Level 1:colcon.colcon_core.package_identification:_identify(.) by extension 'ignore'
[0.079s] Level 1:colcon.colcon_core.package_identification:_identify(.) by extension 'ignore_ament_install'
[0.079s] Level 1:colcon.colcon_core.package_identification:_identify(.) by extensions ['colcon_pkg']
[0.079s] Level 1:colcon.colcon_core.package_identification:_identify(.) by extension 'colcon_pkg'
[0.079s] Level 1:colcon.colcon_core.package_identification:_identify(.) by extensions ['colcon_meta']
[0.079s] Level 1:colcon.colcon_core.package_identification:_identify(.) by extension 'colcon_meta'
[0.079s] Level 1:colcon.colcon_core.package_identification:_identify(.) by extensions ['ros']
[0.079s] Level 1:colcon.colcon_core.package_identification:_identify(.) by extension 'ros'
[0.091s] Level 1:colcon.colcon_core.package_identification:_identify(.) by extensions ['cmake', 'python']
[0.091s] Level 1:colcon.colcon_core.package_identification:_identify(.) by extension 'cmake'
[0.091s] Level 1:colcon.colcon_core.package_identification:_identify(.) by extension 'python'
[0.091s] Level 1:colcon.colcon_core.package_identification:_identify(.) by extensions ['python_setup_py']
[0.091s] Level 1:colcon.colcon_core.package_identification:_identify(.) by extension 'python_setup_py'
[0.091s] Level 1:colcon.colcon_core.package_identification:_identify(build) by extensions ['ignore', 'ignore_ament_install']
[0.091s] Level 1:colcon.colcon_core.package_identification:_identify(build) by extension 'ignore'
[0.091s] Level 1:colcon.colcon_core.package_identification:_identify(build) ignored
[0.091s] Level 1:colcon.colcon_core.package_identification:_identify(install) by extensions ['ignore', 'ignore_ament_install']
[0.091s] Level 1:colcon.colcon_core.package_identification:_identify(install) by extension 'ignore'
[0.091s] Level 1:colcon.colcon_core.package_identification:_identify(install) ignored
[0.091s] Level 1:colcon.colcon_core.package_identification:_identify(log) by extensions ['ignore', 'ignore_ament_install']
[0.091s] Level 1:colcon.colcon_core.package_identification:_identify(log) by extension 'ignore'
[0.091s] Level 1:colcon.colcon_core.package_identification:_identify(log) ignored
[0.092s] Level 1:colcon.colcon_core.package_identification:_identify(robotiq_controllers) by extensions ['ignore', 'ignore_ament_install']
[0.092s] Level 1:colcon.colcon_core.package_identification:_identify(robotiq_controllers) by extension 'ignore'
[0.092s] Level 1:colcon.colcon_core.package_identification:_identify(robotiq_controllers) by extension 'ignore_ament_install'
[0.092s] Level 1:colcon.colcon_core.package_identification:_identify(robotiq_controllers) by extensions ['colcon_pkg']
[0.092s] Level 1:colcon.colcon_core.package_identification:_identify(robotiq_controllers) by extension 'colcon_pkg'
[0.092s] Level 1:colcon.colcon_core.package_identification:_identify(robotiq_controllers) by extensions ['colcon_meta']
[0.092s] Level 1:colcon.colcon_core.package_identification:_identify(robotiq_controllers) by extension 'colcon_meta'
[0.092s] Level 1:colcon.colcon_core.package_identification:_identify(robotiq_controllers) by extensions ['ros']
[0.092s] Level 1:colcon.colcon_core.package_identification:_identify(robotiq_controllers) by extension 'ros'
[0.093s] DEBUG:colcon.colcon_core.package_identification:Package 'robotiq_controllers' with type 'ros.ament_cmake' and name 'robotiq_controllers'
[0.093s] Level 1:colcon.colcon_core.package_identification:_identify(robotiq_description) by extensions ['ignore', 'ignore_ament_install']
[0.093s] Level 1:colcon.colcon_core.package_identification:_identify(robotiq_description) by extension 'ignore'
[0.093s] Level 1:colcon.colcon_core.package_identification:_identify(robotiq_description) by extension 'ignore_ament_install'
[0.093s] Level 1:colcon.colcon_core.package_identification:_identify(robotiq_description) by extensions ['colcon_pkg']
[0.093s] Level 1:colcon.colcon_core.package_identification:_identify(robotiq_description) by extension 'colcon_pkg'
[0.093s] Level 1:colcon.colcon_core.package_identification:_identify(robotiq_description) by extensions ['colcon_meta']
[0.093s] Level 1:colcon.colcon_core.package_identification:_identify(robotiq_description) by extension 'colcon_meta'
[0.093s] Level 1:colcon.colcon_core.package_identification:_identify(robotiq_description) by extensions ['ros']
[0.093s] Level 1:colcon.colcon_core.package_identification:_identify(robotiq_description) by extension 'ros'
[0.093s] DEBUG:colcon.colcon_core.package_identification:Package 'robotiq_description' with type 'ros.ament_cmake' and name 'robotiq_description'
[0.093s] Level 1:colcon.colcon_core.package_discovery:discover_packages(recursive) using defaults
[0.093s] Level 1:colcon.colcon_core.package_discovery:discover_packages(ignore) discover
[0.093s] Level 1:colcon.colcon_core.package_discovery:discover_packages(ignore) using defaults
[0.093s] Level 1:colcon.colcon_core.package_discovery:discover_packages(path) discover
[0.093s] Level 1:colcon.colcon_core.package_discovery:discover_packages(path) using defaults
[0.102s] Level 1:colcon.colcon_core.package_discovery:discover_packages(prefix_path) check parameters
[0.102s] Level 1:colcon.colcon_core.package_discovery:discover_packages(prefix_path) discover
[0.103s] DEBUG:colcon.colcon_installed_package_information.package_discovery:Found 37 installed packages in /home/paige-spalsbury/ros2_ws/install
[0.104s] DEBUG:colcon.colcon_installed_package_information.package_discovery:Found 2 installed packages in /home/paige-spalsbury/ros2_ws/src/install
[0.104s] DEBUG:colcon.colcon_installed_package_information.package_discovery:Found 410 installed packages in /opt/ros/jazzy
[0.105s] Level 1:colcon.colcon_core.package_discovery:discover_packages(prefix_path) using defaults
[0.127s] Level 5:colcon.colcon_core.verb:set package 'robotiq_controllers' build argument 'cmake_args' from command line to 'None'
[0.127s] Level 5:colcon.colcon_core.verb:set package 'robotiq_controllers' build argument 'cmake_target' from command line to 'None'
[0.127s] Level 5:colcon.colcon_core.verb:set package 'robotiq_controllers' build argument 'cmake_target_skip_unavailable' from command line to 'False'
[0.127s] Level 5:colcon.colcon_core.verb:set package 'robotiq_controllers' build argument 'cmake_clean_cache' from command line to 'False'
[0.127s] Level 5:colcon.colcon_core.verb:set package 'robotiq_controllers' build argument 'cmake_clean_first' from command line to 'False'
[0.127s] Level 5:colcon.colcon_core.verb:set package 'robotiq_controllers' build argument 'cmake_force_configure' from command line to 'False'
[0.127s] Level 5:colcon.colcon_core.verb:set package 'robotiq_controllers' build argument 'ament_cmake_args' from command line to 'None'
[0.127s] Level 5:colcon.colcon_core.verb:set package 'robotiq_controllers' build argument 'catkin_cmake_args' from command line to 'None'
[0.127s] Level 5:colcon.colcon_core.verb:set package 'robotiq_controllers' build argument 'catkin_skip_building_tests' from command line to 'False'
[0.127s] DEBUG:colcon.colcon_core.verb:Building package 'robotiq_controllers' with the following arguments: {'ament_cmake_args': None, 'build_base': '/home/paige-spalsbury/ros2_ws/src/hover_above/ros2_robotiq_gripper/build/robotiq_controllers', 'catkin_cmake_args': None, 'catkin_skip_building_tests': False, 'cmake_args': None, 'cmake_clean_cache': False, 'cmake_clean_first': False, 'cmake_force_configure': False, 'cmake_target': None, 'cmake_target_skip_unavailable': False, 'install_base': '/home/paige-spalsbury/ros2_ws/src/hover_above/ros2_robotiq_gripper/install/robotiq_controllers', 'merge_install': False, 'path': '/home/paige-spalsbury/ros2_ws/src/hover_above/ros2_robotiq_gripper/robotiq_controllers', 'symlink_install': False, 'test_result_base': None}
[0.127s] Level 5:colcon.colcon_core.verb:set package 'robotiq_description' build argument 'cmake_args' from command line to 'None'
[0.127s] Level 5:colcon.colcon_core.verb:set package 'robotiq_description' build argument 'cmake_target' from command line to 'None'
[0.127s] Level 5:colcon.colcon_core.verb:set package 'robotiq_description' build argument 'cmake_target_skip_unavailable' from command line to 'False'
[0.127s] Level 5:colcon.colcon_core.verb:set package 'robotiq_description' build argument 'cmake_clean_cache' from command line to 'False'
[0.127s] Level 5:colcon.colcon_core.verb:set package 'robotiq_description' build argument 'cmake_clean_first' from command line to 'False'
[0.127s] Level 5:colcon.colcon_core.verb:set package 'robotiq_description' build argument 'cmake_force_configure' from command line to 'False'
[0.127s] Level 5:colcon.colcon_core.verb:set package 'robotiq_description' build argument 'ament_cmake_args' from command line to 'None'
[0.127s] Level 5:colcon.colcon_core.verb:set package 'robotiq_description' build argument 'catkin_cmake_args' from command line to 'None'
[0.127s] Level 5:colcon.colcon_core.verb:set package 'robotiq_description' build argument 'catkin_skip_building_tests' from command line to 'False'
[0.128s] DEBUG:colcon.colcon_core.verb:Building package 'robotiq_description' with the following arguments: {'ament_cmake_args': None, 'build_base': '/home/paige-spalsbury/ros2_ws/src/hover_above/ros2_robotiq_gripper/build/robotiq_description', 'catkin_cmake_args': None, 'catkin_skip_building_tests': False, 'cmake_args': None, 'cmake_clean_cache': False, 'cmake_clean_first': False, 'cmake_force_configure': False, 'cmake_target': None, 'cmake_target_skip_unavailable': False, 'install_base': '/home/paige-spalsbury/ros2_ws/src/hover_above/ros2_robotiq_gripper/install/robotiq_description', 'merge_install': False, 'path': '/home/paige-spalsbury/ros2_ws/src/hover_above/ros2_robotiq_gripper/robotiq_description', 'symlink_install': False, 'test_result_base': None}
[0.128s] INFO:colcon.colcon_core.executor:Executing jobs using 'parallel' executor
[0.128s] DEBUG:colcon.colcon_parallel_executor.executor.parallel:run_until_complete
[0.128s] INFO:colcon.colcon_ros.task.ament_cmake.build:Building ROS package in '/home/paige-spalsbury/ros2_ws/src/hover_above/ros2_robotiq_gripper/robotiq_controllers' with build type 'ament_cmake'
[0.128s] INFO:colcon.colcon_cmake.task.cmake.build:Building CMake package in '/home/paige-spalsbury/ros2_ws/src/hover_above/ros2_robotiq_gripper/robotiq_controllers'
[0.130s] INFO:colcon.colcon_core.plugin_system:Skipping extension 'colcon_core.shell.bat': Not used on non-Windows systems
[0.130s] INFO:colcon.colcon_core.shell:Skip shell extension 'powershell' for command environment: Not usable outside of PowerShell
[0.130s] DEBUG:colcon.colcon_core.shell:Skip shell extension 'dsv' for command environment
[0.133s] INFO:colcon.colcon_ros.task.ament_cmake.build:Building ROS package in '/home/paige-spalsbury/ros2_ws/src/hover_above/ros2_robotiq_gripper/robotiq_description' with build type 'ament_cmake'
[0.133s] INFO:colcon.colcon_cmake.task.cmake.build:Building CMake package in '/home/paige-spalsbury/ros2_ws/src/hover_above/ros2_robotiq_gripper/robotiq_description'
[0.133s] INFO:colcon.colcon_core.shell:Skip shell extension 'powershell' for command environment: Not usable outside of PowerShell
[0.133s] DEBUG:colcon.colcon_core.shell:Skip shell extension 'dsv' for command environment
[0.137s] DEBUG:colcon.colcon_core.event_handler.log_command:Invoking command in '/home/paige-spalsbury/ros2_ws/src/hover_above/ros2_robotiq_gripper/build/robotiq_controllers': CMAKE_PREFIX_PATH=${CMAKE_PREFIX_PATH}:/home/paige-spalsbury/ros2_ws/src/install/hover_above:/home/paige-spalsbury/ros2_ws/install/forces_servcli:/home/paige-spalsbury/ros2_ws/install/python_parameters:/home/paige-spalsbury/ros2_ws/install/py_srvcli:/home/paige-spalsbury/ros2_ws/install/py_pubsub:/home/paige-spalsbury/ros2_ws/install/my_package:/home/paige-spalsbury/ros2_ws/install/launch_testing_examples:/home/paige-spalsbury/ros2_ws/install/hover_above:/home/paige-spalsbury/ros2_ws/install/graspmat_srvcli:/home/paige-spalsbury/ros2_ws/install/examples_rclpy_pointcloud_publisher:/home/paige-spalsbury/ros2_ws/install/examples_rclpy_minimal_subscriber:/home/paige-spalsbury/ros2_ws/install/examples_rclpy_minimal_service:/home/paige-spalsbury/ros2_ws/install/examples_rclpy_minimal_publisher:/home/paige-spalsbury/ros2_ws/install/examples_rclpy_minimal_client:/home/paige-spalsbury/ros2_ws/install/examples_rclpy_minimal_action_server:/home/paige-spalsbury/ros2_ws/install/examples_rclpy_minimal_action_client:/home/paige-spalsbury/ros2_ws/install/examples_rclpy_guard_conditions:/home/paige-spalsbury/ros2_ws/install/examples_rclpy_executors:/opt/ros/jazzy DEBUGINFOD_URLS=https://debuginfod.ubuntu.com /usr/bin/cmake /home/paige-spalsbury/ros2_ws/src/hover_above/ros2_robotiq_gripper/robotiq_controllers -DCMAKE_INSTALL_PREFIX=/home/paige-spalsbury/ros2_ws/src/hover_above/ros2_robotiq_gripper/install/robotiq_controllers
[0.142s] DEBUG:colcon.colcon_core.event_handler.log_command:Invoking command in '/home/paige-spalsbury/ros2_ws/src/hover_above/ros2_robotiq_gripper/build/robotiq_description': CMAKE_PREFIX_PATH=${CMAKE_PREFIX_PATH}:/home/paige-spalsbury/ros2_ws/src/install/hover_above:/home/paige-spalsbury/ros2_ws/install/forces_servcli:/home/paige-spalsbury/ros2_ws/install/python_parameters:/home/paige-spalsbury/ros2_ws/install/py_srvcli:/home/paige-spalsbury/ros2_ws/install/py_pubsub:/home/paige-spalsbury/ros2_ws/install/my_package:/home/paige-spalsbury/ros2_ws/install/launch_testing_examples:/home/paige-spalsbury/ros2_ws/install/hover_above:/home/paige-spalsbury/ros2_ws/install/graspmat_srvcli:/home/paige-spalsbury/ros2_ws/install/examples_rclpy_pointcloud_publisher:/home/paige-spalsbury/ros2_ws/install/examples_rclpy_minimal_subscriber:/home/paige-spalsbury/ros2_ws/install/examples_rclpy_minimal_service:/home/paige-spalsbury/ros2_ws/install/examples_rclpy_minimal_publisher:/home/paige-spalsbury/ros2_ws/install/examples_rclpy_minimal_client:/home/paige-spalsbury/ros2_ws/install/examples_rclpy_minimal_action_server:/home/paige-spalsbury/ros2_ws/install/examples_rclpy_minimal_action_client:/home/paige-spalsbury/ros2_ws/install/examples_rclpy_guard_conditions:/home/paige-spalsbury/ros2_ws/install/examples_rclpy_executors:/opt/ros/jazzy DEBUGINFOD_URLS=https://debuginfod.ubuntu.com /usr/bin/cmake /home/paige-spalsbury/ros2_ws/src/hover_above/ros2_robotiq_gripper/robotiq_description -DCMAKE_INSTALL_PREFIX=/home/paige-spalsbury/ros2_ws/src/hover_above/ros2_robotiq_gripper/install/robotiq_description
[0.819s] DEBUG:colcon.colcon_core.event_handler.log_command:Invoked command in '/home/paige-spalsbury/ros2_ws/src/hover_above/ros2_robotiq_gripper/build/robotiq_description' returned '0': CMAKE_PREFIX_PATH=${CMAKE_PREFIX_PATH}:/home/paige-spalsbury/ros2_ws/src/install/hover_above:/home/paige-spalsbury/ros2_ws/install/forces_servcli:/home/paige-spalsbury/ros2_ws/install/python_parameters:/home/paige-spalsbury/ros2_ws/install/py_srvcli:/home/paige-spalsbury/ros2_ws/install/py_pubsub:/home/paige-spalsbury/ros2_ws/install/my_package:/home/paige-spalsbury/ros2_ws/install/launch_testing_examples:/home/paige-spalsbury/ros2_ws/install/hover_above:/home/paige-spalsbury/ros2_ws/install/graspmat_srvcli:/home/paige-spalsbury/ros2_ws/install/examples_rclpy_pointcloud_publisher:/home/paige-spalsbury/ros2_ws/install/examples_rclpy_minimal_subscriber:/home/paige-spalsbury/ros2_ws/install/examples_rclpy_minimal_service:/home/paige-spalsbury/ros2_ws/install/examples_rclpy_minimal_publisher:/home/paige-spalsbury/ros2_ws/install/examples_rclpy_minimal_client:/home/paige-spalsbury/ros2_ws/install/examples_rclpy_minimal_action_server:/home/paige-spalsbury/ros2_ws/install/examples_rclpy_minimal_action_client:/home/paige-spalsbury/ros2_ws/install/examples_rclpy_guard_conditions:/home/paige-spalsbury/ros2_ws/install/examples_rclpy_executors:/opt/ros/jazzy DEBUGINFOD_URLS=https://debuginfod.ubuntu.com /usr/bin/cmake /home/paige-spalsbury/ros2_ws/src/hover_above/ros2_robotiq_gripper/robotiq_description -DCMAKE_INSTALL_PREFIX=/home/paige-spalsbury/ros2_ws/src/hover_above/ros2_robotiq_gripper/install/robotiq_description
[0.819s] DEBUG:colcon.colcon_core.event_handler.log_command:Invoking command in '/home/paige-spalsbury/ros2_ws/src/hover_above/ros2_robotiq_gripper/build/robotiq_description': CMAKE_PREFIX_PATH=${CMAKE_PREFIX_PATH}:/home/paige-spalsbury/ros2_ws/src/install/hover_above:/home/paige-spalsbury/ros2_ws/install/forces_servcli:/home/paige-spalsbury/ros2_ws/install/python_parameters:/home/paige-spalsbury/ros2_ws/install/py_srvcli:/home/paige-spalsbury/ros2_ws/install/py_pubsub:/home/paige-spalsbury/ros2_ws/install/my_package:/home/paige-spalsbury/ros2_ws/install/launch_testing_examples:/home/paige-spalsbury/ros2_ws/install/hover_above:/home/paige-spalsbury/ros2_ws/install/graspmat_srvcli:/home/paige-spalsbury/ros2_ws/install/examples_rclpy_pointcloud_publisher:/home/paige-spalsbury/ros2_ws/install/examples_rclpy_minimal_subscriber:/home/paige-spalsbury/ros2_ws/install/examples_rclpy_minimal_service:/home/paige-spalsbury/ros2_ws/install/examples_rclpy_minimal_publisher:/home/paige-spalsbury/ros2_ws/install/examples_rclpy_minimal_client:/home/paige-spalsbury/ros2_ws/install/examples_rclpy_minimal_action_server:/home/paige-spalsbury/ros2_ws/install/examples_rclpy_minimal_action_client:/home/paige-spalsbury/ros2_ws/install/examples_rclpy_guard_conditions:/home/paige-spalsbury/ros2_ws/install/examples_rclpy_executors:/opt/ros/jazzy DEBUGINFOD_URLS=https://debuginfod.ubuntu.com /usr/bin/cmake --build /home/paige-spalsbury/ros2_ws/src/hover_above/ros2_robotiq_gripper/build/robotiq_description -- -j20 -l20
[0.842s] DEBUG:colcon.colcon_core.event_handler.log_command:Invoked command in '/home/paige-spalsbury/ros2_ws/src/hover_above/ros2_robotiq_gripper/build/robotiq_description' returned '0': CMAKE_PREFIX_PATH=${CMAKE_PREFIX_PATH}:/home/paige-spalsbury/ros2_ws/src/install/hover_above:/home/paige-spalsbury/ros2_ws/install/forces_servcli:/home/paige-spalsbury/ros2_ws/install/python_parameters:/home/paige-spalsbury/ros2_ws/install/py_srvcli:/home/paige-spalsbury/ros2_ws/install/py_pubsub:/home/paige-spalsbury/ros2_ws/install/my_package:/home/paige-spalsbury/ros2_ws/install/launch_testing_examples:/home/paige-spalsbury/ros2_ws/install/hover_above:/home/paige-spalsbury/ros2_ws/install/graspmat_srvcli:/home/paige-spalsbury/ros2_ws/install/examples_rclpy_pointcloud_publisher:/home/paige-spalsbury/ros2_ws/install/examples_rclpy_minimal_subscriber:/home/paige-spalsbury/ros2_ws/install/examples_rclpy_minimal_service:/home/paige-spalsbury/ros2_ws/install/examples_rclpy_minimal_publisher:/home/paige-spalsbury/ros2_ws/install/examples_rclpy_minimal_client:/home/paige-spalsbury/ros2_ws/install/examples_rclpy_minimal_action_server:/home/paige-spalsbury/ros2_ws/install/examples_rclpy_minimal_action_client:/home/paige-spalsbury/ros2_ws/install/examples_rclpy_guard_conditions:/home/paige-spalsbury/ros2_ws/install/examples_rclpy_executors:/opt/ros/jazzy DEBUGINFOD_URLS=https://debuginfod.ubuntu.com /usr/bin/cmake --build /home/paige-spalsbury/ros2_ws/src/hover_above/ros2_robotiq_gripper/build/robotiq_description -- -j20 -l20
[0.848s] DEBUG:colcon.colcon_core.event_handler.log_command:Invoking command in '/home/paige-spalsbury/ros2_ws/src/hover_above/ros2_robotiq_gripper/build/robotiq_description': CMAKE_PREFIX_PATH=${CMAKE_PREFIX_PATH}:/home/paige-spalsbury/ros2_ws/src/install/hover_above:/home/paige-spalsbury/ros2_ws/install/forces_servcli:/home/paige-spalsbury/ros2_ws/install/python_parameters:/home/paige-spalsbury/ros2_ws/install/py_srvcli:/home/paige-spalsbury/ros2_ws/install/py_pubsub:/home/paige-spalsbury/ros2_ws/install/my_package:/home/paige-spalsbury/ros2_ws/install/launch_testing_examples:/home/paige-spalsbury/ros2_ws/install/hover_above:/home/paige-spalsbury/ros2_ws/install/graspmat_srvcli:/home/paige-spalsbury/ros2_ws/install/examples_rclpy_pointcloud_publisher:/home/paige-spalsbury/ros2_ws/install/examples_rclpy_minimal_subscriber:/home/paige-spalsbury/ros2_ws/install/examples_rclpy_minimal_service:/home/paige-spalsbury/ros2_ws/install/examples_rclpy_minimal_publisher:/home/paige-spalsbury/ros2_ws/install/examples_rclpy_minimal_client:/home/paige-spalsbury/ros2_ws/install/examples_rclpy_minimal_action_server:/home/paige-spalsbury/ros2_ws/install/examples_rclpy_minimal_action_client:/home/paige-spalsbury/ros2_ws/install/examples_rclpy_guard_conditions:/home/paige-spalsbury/ros2_ws/install/examples_rclpy_executors:/opt/ros/jazzy DEBUGINFOD_URLS=https://debuginfod.ubuntu.com /usr/bin/cmake --install /home/paige-spalsbury/ros2_ws/src/hover_above/ros2_robotiq_gripper/build/robotiq_description
[0.877s] Level 1:colcon.colcon_core.environment:create_environment_scripts_only(robotiq_description)
[0.878s] DEBUG:colcon.colcon_core.event_handler.log_command:Invoked command in '/home/paige-spalsbury/ros2_ws/src/hover_above/ros2_robotiq_gripper/build/robotiq_description' returned '0': CMAKE_PREFIX_PATH=${CMAKE_PREFIX_PATH}:/home/paige-spalsbury/ros2_ws/src/install/hover_above:/home/paige-spalsbury/ros2_ws/install/forces_servcli:/home/paige-spalsbury/ros2_ws/install/python_parameters:/home/paige-spalsbury/ros2_ws/install/py_srvcli:/home/paige-spalsbury/ros2_ws/install/py_pubsub:/home/paige-spalsbury/ros2_ws/install/my_package:/home/paige-spalsbury/ros2_ws/install/launch_testing_examples:/home/paige-spalsbury/ros2_ws/install/hover_above:/home/paige-spalsbury/ros2_ws/install/graspmat_srvcli:/home/paige-spalsbury/ros2_ws/install/examples_rclpy_pointcloud_publisher:/home/paige-spalsbury/ros2_ws/install/examples_rclpy_minimal_subscriber:/home/paige-spalsbury/ros2_ws/install/examples_rclpy_minimal_service:/home/paige-spalsbury/ros2_ws/install/examples_rclpy_minimal_publisher:/home/paige-spalsbury/ros2_ws/install/examples_rclpy_minimal_client:/home/paige-spalsbury/ros2_ws/install/examples_rclpy_minimal_action_server:/home/paige-spalsbury/ros2_ws/install/examples_rclpy_minimal_action_client:/home/paige-spalsbury/ros2_ws/install/examples_rclpy_guard_conditions:/home/paige-spalsbury/ros2_ws/install/examples_rclpy_executors:/opt/ros/jazzy DEBUGINFOD_URLS=https://debuginfod.ubuntu.com /usr/bin/cmake --install /home/paige-spalsbury/ros2_ws/src/hover_above/ros2_robotiq_gripper/build/robotiq_description
[0.879s] Level 1:colcon.colcon_core.environment:checking '/home/paige-spalsbury/ros2_ws/src/hover_above/ros2_robotiq_gripper/install/robotiq_description' for CMake module files
[0.879s] Level 1:colcon.colcon_core.environment:checking '/home/paige-spalsbury/ros2_ws/src/hover_above/ros2_robotiq_gripper/install/robotiq_description' for CMake config files
[0.879s] Level 1:colcon.colcon_core.shell:create_environment_hook('robotiq_description', 'cmake_prefix_path')
[0.879s] INFO:colcon.colcon_core.shell:Creating environment hook '/home/paige-spalsbury/ros2_ws/src/hover_above/ros2_robotiq_gripper/install/robotiq_description/share/robotiq_description/hook/cmake_prefix_path.ps1'
[0.880s] INFO:colcon.colcon_core.shell:Creating environment descriptor '/home/paige-spalsbury/ros2_ws/src/hover_above/ros2_robotiq_gripper/install/robotiq_description/share/robotiq_description/hook/cmake_prefix_path.dsv'
[0.880s] INFO:colcon.colcon_core.shell:Creating environment hook '/home/paige-spalsbury/ros2_ws/src/hover_above/ros2_robotiq_gripper/install/robotiq_description/share/robotiq_description/hook/cmake_prefix_path.sh'
[0.880s] Level 1:colcon.colcon_core.environment:checking '/home/paige-spalsbury/ros2_ws/src/hover_above/ros2_robotiq_gripper/install/robotiq_description/bin'
[0.880s] Level 1:colcon.colcon_core.environment:checking '/home/paige-spalsbury/ros2_ws/src/hover_above/ros2_robotiq_gripper/install/robotiq_description/lib/pkgconfig/robotiq_description.pc'
[0.880s] Level 1:colcon.colcon_core.environment:checking '/home/paige-spalsbury/ros2_ws/src/hover_above/ros2_robotiq_gripper/install/robotiq_description/lib/python3.12/site-packages'
[0.881s] Level 1:colcon.colcon_core.environment:checking '/home/paige-spalsbury/ros2_ws/src/hover_above/ros2_robotiq_gripper/install/robotiq_description/bin'
[0.881s] INFO:colcon.colcon_core.shell:Creating package script '/home/paige-spalsbury/ros2_ws/src/hover_above/ros2_robotiq_gripper/install/robotiq_description/share/robotiq_description/package.ps1'
[0.881s] INFO:colcon.colcon_core.shell:Creating package descriptor '/home/paige-spalsbury/ros2_ws/src/hover_above/ros2_robotiq_gripper/install/robotiq_description/share/robotiq_description/package.dsv'
[0.881s] INFO:colcon.colcon_core.shell:Creating package script '/home/paige-spalsbury/ros2_ws/src/hover_above/ros2_robotiq_gripper/install/robotiq_description/share/robotiq_description/package.sh'
[0.882s] INFO:colcon.colcon_core.shell:Creating package script '/home/paige-spalsbury/ros2_ws/src/hover_above/ros2_robotiq_gripper/install/robotiq_description/share/robotiq_description/package.bash'
[0.882s] INFO:colcon.colcon_core.shell:Creating package script '/home/paige-spalsbury/ros2_ws/src/hover_above/ros2_robotiq_gripper/install/robotiq_description/share/robotiq_description/package.zsh'
[0.882s] Level 1:colcon.colcon_core.environment:create_file_with_runtime_dependencies(/home/paige-spalsbury/ros2_ws/src/hover_above/ros2_robotiq_gripper/install/robotiq_description/share/colcon-core/packages/robotiq_description)
[0.883s] Level 1:colcon.colcon_core.environment:create_environment_scripts_only(robotiq_description)
[0.883s] Level 1:colcon.colcon_core.environment:checking '/home/paige-spalsbury/ros2_ws/src/hover_above/ros2_robotiq_gripper/install/robotiq_description' for CMake module files
[0.883s] Level 1:colcon.colcon_core.environment:checking '/home/paige-spalsbury/ros2_ws/src/hover_above/ros2_robotiq_gripper/install/robotiq_description' for CMake config files
[0.883s] Level 1:colcon.colcon_core.shell:create_environment_hook('robotiq_description', 'cmake_prefix_path')
[0.883s] INFO:colcon.colcon_core.shell:Creating environment hook '/home/paige-spalsbury/ros2_ws/src/hover_above/ros2_robotiq_gripper/install/robotiq_description/share/robotiq_description/hook/cmake_prefix_path.ps1'
[0.883s] INFO:colcon.colcon_core.shell:Creating environment descriptor '/home/paige-spalsbury/ros2_ws/src/hover_above/ros2_robotiq_gripper/install/robotiq_description/share/robotiq_description/hook/cmake_prefix_path.dsv'
[0.883s] INFO:colcon.colcon_core.shell:Creating environment hook '/home/paige-spalsbury/ros2_ws/src/hover_above/ros2_robotiq_gripper/install/robotiq_description/share/robotiq_description/hook/cmake_prefix_path.sh'
[0.884s] Level 1:colcon.colcon_core.environment:checking '/home/paige-spalsbury/ros2_ws/src/hover_above/ros2_robotiq_gripper/install/robotiq_description/bin'
[0.884s] Level 1:colcon.colcon_core.environment:checking '/home/paige-spalsbury/ros2_ws/src/hover_above/ros2_robotiq_gripper/install/robotiq_description/lib/pkgconfig/robotiq_description.pc'
[0.884s] Level 1:colcon.colcon_core.environment:checking '/home/paige-spalsbury/ros2_ws/src/hover_above/ros2_robotiq_gripper/install/robotiq_description/lib/python3.12/site-packages'
[0.884s] Level 1:colcon.colcon_core.environment:checking '/home/paige-spalsbury/ros2_ws/src/hover_above/ros2_robotiq_gripper/install/robotiq_description/bin'
[0.884s] INFO:colcon.colcon_core.shell:Creating package script '/home/paige-spalsbury/ros2_ws/src/hover_above/ros2_robotiq_gripper/install/robotiq_description/share/robotiq_description/package.ps1'
[0.884s] INFO:colcon.colcon_core.shell:Creating package descriptor '/home/paige-spalsbury/ros2_ws/src/hover_above/ros2_robotiq_gripper/install/robotiq_description/share/robotiq_description/package.dsv'
[0.884s] INFO:colcon.colcon_core.shell:Creating package script '/home/paige-spalsbury/ros2_ws/src/hover_above/ros2_robotiq_gripper/install/robotiq_description/share/robotiq_description/package.sh'
[0.885s] INFO:colcon.colcon_core.shell:Creating package script '/home/paige-spalsbury/ros2_ws/src/hover_above/ros2_robotiq_gripper/install/robotiq_description/share/robotiq_description/package.bash'
[0.885s] INFO:colcon.colcon_core.shell:Creating package script '/home/paige-spalsbury/ros2_ws/src/hover_above/ros2_robotiq_gripper/install/robotiq_description/share/robotiq_description/package.zsh'
[0.885s] Level 1:colcon.colcon_core.environment:create_file_with_runtime_dependencies(/home/paige-spalsbury/ros2_ws/src/hover_above/ros2_robotiq_gripper/install/robotiq_description/share/colcon-core/packages/robotiq_description)
[1.573s] DEBUG:colcon.colcon_core.event_handler.log_command:Invoked command in '/home/paige-spalsbury/ros2_ws/src/hover_above/ros2_robotiq_gripper/build/robotiq_controllers' returned '0': CMAKE_PREFIX_PATH=${CMAKE_PREFIX_PATH}:/home/paige-spalsbury/ros2_ws/src/install/hover_above:/home/paige-spalsbury/ros2_ws/install/forces_servcli:/home/paige-spalsbury/ros2_ws/install/python_parameters:/home/paige-spalsbury/ros2_ws/install/py_srvcli:/home/paige-spalsbury/ros2_ws/install/py_pubsub:/home/paige-spalsbury/ros2_ws/install/my_package:/home/paige-spalsbury/ros2_ws/install/launch_testing_examples:/home/paige-spalsbury/ros2_ws/install/hover_above:/home/paige-spalsbury/ros2_ws/install/graspmat_srvcli:/home/paige-spalsbury/ros2_ws/install/examples_rclpy_pointcloud_publisher:/home/paige-spalsbury/ros2_ws/install/examples_rclpy_minimal_subscriber:/home/paige-spalsbury/ros2_ws/install/examples_rclpy_minimal_service:/home/paige-spalsbury/ros2_ws/install/examples_rclpy_minimal_publisher:/home/paige-spalsbury/ros2_ws/install/examples_rclpy_minimal_client:/home/paige-spalsbury/ros2_ws/install/examples_rclpy_minimal_action_server:/home/paige-spalsbury/ros2_ws/install/examples_rclpy_minimal_action_client:/home/paige-spalsbury/ros2_ws/install/examples_rclpy_guard_conditions:/home/paige-spalsbury/ros2_ws/install/examples_rclpy_executors:/opt/ros/jazzy DEBUGINFOD_URLS=https://debuginfod.ubuntu.com /usr/bin/cmake /home/paige-spalsbury/ros2_ws/src/hover_above/ros2_robotiq_gripper/robotiq_controllers -DCMAKE_INSTALL_PREFIX=/home/paige-spalsbury/ros2_ws/src/hover_above/ros2_robotiq_gripper/install/robotiq_controllers
[1.573s] DEBUG:colcon.colcon_core.event_handler.log_command:Invoking command in '/home/paige-spalsbury/ros2_ws/src/hover_above/ros2_robotiq_gripper/build/robotiq_controllers': CMAKE_PREFIX_PATH=${CMAKE_PREFIX_PATH}:/home/paige-spalsbury/ros2_ws/src/install/hover_above:/home/paige-spalsbury/ros2_ws/install/forces_servcli:/home/paige-spalsbury/ros2_ws/install/python_parameters:/home/paige-spalsbury/ros2_ws/install/py_srvcli:/home/paige-spalsbury/ros2_ws/install/py_pubsub:/home/paige-spalsbury/ros2_ws/install/my_package:/home/paige-spalsbury/ros2_ws/install/launch_testing_examples:/home/paige-spalsbury/ros2_ws/install/hover_above:/home/paige-spalsbury/ros2_ws/install/graspmat_srvcli:/home/paige-spalsbury/ros2_ws/install/examples_rclpy_pointcloud_publisher:/home/paige-spalsbury/ros2_ws/install/examples_rclpy_minimal_subscriber:/home/paige-spalsbury/ros2_ws/install/examples_rclpy_minimal_service:/home/paige-spalsbury/ros2_ws/install/examples_rclpy_minimal_publisher:/home/paige-spalsbury/ros2_ws/install/examples_rclpy_minimal_client:/home/paige-spalsbury/ros2_ws/install/examples_rclpy_minimal_action_server:/home/paige-spalsbury/ros2_ws/install/examples_rclpy_minimal_action_client:/home/paige-spalsbury/ros2_ws/install/examples_rclpy_guard_conditions:/home/paige-spalsbury/ros2_ws/install/examples_rclpy_executors:/opt/ros/jazzy DEBUGINFOD_URLS=https://debuginfod.ubuntu.com /usr/bin/cmake --build /home/paige-spalsbury/ros2_ws/src/hover_above/ros2_robotiq_gripper/build/robotiq_controllers -- -j20 -l20
[4.092s] DEBUG:colcon.colcon_core.event_handler.log_command:Invoked command in '/home/paige-spalsbury/ros2_ws/src/hover_above/ros2_robotiq_gripper/build/robotiq_controllers' returned '0': CMAKE_PREFIX_PATH=${CMAKE_PREFIX_PATH}:/home/paige-spalsbury/ros2_ws/src/install/hover_above:/home/paige-spalsbury/ros2_ws/install/forces_servcli:/home/paige-spalsbury/ros2_ws/install/python_parameters:/home/paige-spalsbury/ros2_ws/install/py_srvcli:/home/paige-spalsbury/ros2_ws/install/py_pubsub:/home/paige-spalsbury/ros2_ws/install/my_package:/home/paige-spalsbury/ros2_ws/install/launch_testing_examples:/home/paige-spalsbury/ros2_ws/install/hover_above:/home/paige-spalsbury/ros2_ws/install/graspmat_srvcli:/home/paige-spalsbury/ros2_ws/install/examples_rclpy_pointcloud_publisher:/home/paige-spalsbury/ros2_ws/install/examples_rclpy_minimal_subscriber:/home/paige-spalsbury/ros2_ws/install/examples_rclpy_minimal_service:/home/paige-spalsbury/ros2_ws/install/examples_rclpy_minimal_publisher:/home/paige-spalsbury/ros2_ws/install/examples_rclpy_minimal_client:/home/paige-spalsbury/ros2_ws/install/examples_rclpy_minimal_action_server:/home/paige-spalsbury/ros2_ws/install/examples_rclpy_minimal_action_client:/home/paige-spalsbury/ros2_ws/install/examples_rclpy_guard_conditions:/home/paige-spalsbury/ros2_ws/install/examples_rclpy_executors:/opt/ros/jazzy DEBUGINFOD_URLS=https://debuginfod.ubuntu.com /usr/bin/cmake --build /home/paige-spalsbury/ros2_ws/src/hover_above/ros2_robotiq_gripper/build/robotiq_controllers -- -j20 -l20
[4.093s] DEBUG:colcon.colcon_core.event_handler.log_command:Invoking command in '/home/paige-spalsbury/ros2_ws/src/hover_above/ros2_robotiq_gripper/build/robotiq_controllers': CMAKE_PREFIX_PATH=${CMAKE_PREFIX_PATH}:/home/paige-spalsbury/ros2_ws/src/install/hover_above:/home/paige-spalsbury/ros2_ws/install/forces_servcli:/home/paige-spalsbury/ros2_ws/install/python_parameters:/home/paige-spalsbury/ros2_ws/install/py_srvcli:/home/paige-spalsbury/ros2_ws/install/py_pubsub:/home/paige-spalsbury/ros2_ws/install/my_package:/home/paige-spalsbury/ros2_ws/install/launch_testing_examples:/home/paige-spalsbury/ros2_ws/install/hover_above:/home/paige-spalsbury/ros2_ws/install/graspmat_srvcli:/home/paige-spalsbury/ros2_ws/install/examples_rclpy_pointcloud_publisher:/home/paige-spalsbury/ros2_ws/install/examples_rclpy_minimal_subscriber:/home/paige-spalsbury/ros2_ws/install/examples_rclpy_minimal_service:/home/paige-spalsbury/ros2_ws/install/examples_rclpy_minimal_publisher:/home/paige-spalsbury/ros2_ws/install/examples_rclpy_minimal_client:/home/paige-spalsbury/ros2_ws/install/examples_rclpy_minimal_action_server:/home/paige-spalsbury/ros2_ws/install/examples_rclpy_minimal_action_client:/home/paige-spalsbury/ros2_ws/install/examples_rclpy_guard_conditions:/home/paige-spalsbury/ros2_ws/install/examples_rclpy_executors:/opt/ros/jazzy DEBUGINFOD_URLS=https://debuginfod.ubuntu.com /usr/bin/cmake --install /home/paige-spalsbury/ros2_ws/src/hover_above/ros2_robotiq_gripper/build/robotiq_controllers
[4.101s] Level 1:colcon.colcon_core.environment:create_environment_scripts_only(robotiq_controllers)
[4.101s] Level 1:colcon.colcon_core.environment:checking '/home/paige-spalsbury/ros2_ws/src/hover_above/ros2_robotiq_gripper/install/robotiq_controllers' for CMake module files
[4.101s] DEBUG:colcon.colcon_core.event_handler.log_command:Invoked command in '/home/paige-spalsbury/ros2_ws/src/hover_above/ros2_robotiq_gripper/build/robotiq_controllers' returned '0': CMAKE_PREFIX_PATH=${CMAKE_PREFIX_PATH}:/home/paige-spalsbury/ros2_ws/src/install/hover_above:/home/paige-spalsbury/ros2_ws/install/forces_servcli:/home/paige-spalsbury/ros2_ws/install/python_parameters:/home/paige-spalsbury/ros2_ws/install/py_srvcli:/home/paige-spalsbury/ros2_ws/install/py_pubsub:/home/paige-spalsbury/ros2_ws/install/my_package:/home/paige-spalsbury/ros2_ws/install/launch_testing_examples:/home/paige-spalsbury/ros2_ws/install/hover_above:/home/paige-spalsbury/ros2_ws/install/graspmat_srvcli:/home/paige-spalsbury/ros2_ws/install/examples_rclpy_pointcloud_publisher:/home/paige-spalsbury/ros2_ws/install/examples_rclpy_minimal_subscriber:/home/paige-spalsbury/ros2_ws/install/examples_rclpy_minimal_service:/home/paige-spalsbury/ros2_ws/install/examples_rclpy_minimal_publisher:/home/paige-spalsbury/ros2_ws/install/examples_rclpy_minimal_client:/home/paige-spalsbury/ros2_ws/install/examples_rclpy_minimal_action_server:/home/paige-spalsbury/ros2_ws/install/examples_rclpy_minimal_action_client:/home/paige-spalsbury/ros2_ws/install/examples_rclpy_guard_conditions:/home/paige-spalsbury/ros2_ws/install/examples_rclpy_executors:/opt/ros/jazzy DEBUGINFOD_URLS=https://debuginfod.ubuntu.com /usr/bin/cmake --install /home/paige-spalsbury/ros2_ws/src/hover_above/ros2_robotiq_gripper/build/robotiq_controllers
[4.101s] Level 1:colcon.colcon_core.environment:checking '/home/paige-spalsbury/ros2_ws/src/hover_above/ros2_robotiq_gripper/install/robotiq_controllers' for CMake config files
[4.102s] Level 1:colcon.colcon_core.shell:create_environment_hook('robotiq_controllers', 'cmake_prefix_path')
[4.102s] INFO:colcon.colcon_core.shell:Creating environment hook '/home/paige-spalsbury/ros2_ws/src/hover_above/ros2_robotiq_gripper/install/robotiq_controllers/share/robotiq_controllers/hook/cmake_prefix_path.ps1'
[4.102s] INFO:colcon.colcon_core.shell:Creating environment descriptor '/home/paige-spalsbury/ros2_ws/src/hover_above/ros2_robotiq_gripper/install/robotiq_controllers/share/robotiq_controllers/hook/cmake_prefix_path.dsv'
[4.102s] INFO:colcon.colcon_core.shell:Creating environment hook '/home/paige-spalsbury/ros2_ws/src/hover_above/ros2_robotiq_gripper/install/robotiq_controllers/share/robotiq_controllers/hook/cmake_prefix_path.sh'
[4.102s] Level 1:colcon.colcon_core.environment:checking '/home/paige-spalsbury/ros2_ws/src/hover_above/ros2_robotiq_gripper/install/robotiq_controllers/lib'
[4.102s] Level 1:colcon.colcon_core.shell:create_environment_hook('robotiq_controllers', 'ld_library_path_lib')
[4.103s] INFO:colcon.colcon_core.shell:Creating environment hook '/home/paige-spalsbury/ros2_ws/src/hover_above/ros2_robotiq_gripper/install/robotiq_controllers/share/robotiq_controllers/hook/ld_library_path_lib.ps1'
[4.103s] INFO:colcon.colcon_core.shell:Creating environment descriptor '/home/paige-spalsbury/ros2_ws/src/hover_above/ros2_robotiq_gripper/install/robotiq_controllers/share/robotiq_controllers/hook/ld_library_path_lib.dsv'
[4.103s] INFO:colcon.colcon_core.shell:Creating environment hook '/home/paige-spalsbury/ros2_ws/src/hover_above/ros2_robotiq_gripper/install/robotiq_controllers/share/robotiq_controllers/hook/ld_library_path_lib.sh'
[4.103s] Level 1:colcon.colcon_core.environment:checking '/home/paige-spalsbury/ros2_ws/src/hover_above/ros2_robotiq_gripper/install/robotiq_controllers/bin'
[4.103s] Level 1:colcon.colcon_core.environment:checking '/home/paige-spalsbury/ros2_ws/src/hover_above/ros2_robotiq_gripper/install/robotiq_controllers/lib/pkgconfig/robotiq_controllers.pc'
[4.103s] Level 1:colcon.colcon_core.environment:checking '/home/paige-spalsbury/ros2_ws/src/hover_above/ros2_robotiq_gripper/install/robotiq_controllers/lib/python3.12/site-packages'
[4.103s] Level 1:colcon.colcon_core.environment:checking '/home/paige-spalsbury/ros2_ws/src/hover_above/ros2_robotiq_gripper/install/robotiq_controllers/bin'
[4.103s] INFO:colcon.colcon_core.shell:Creating package script '/home/paige-spalsbury/ros2_ws/src/hover_above/ros2_robotiq_gripper/install/robotiq_controllers/share/robotiq_controllers/package.ps1'
[4.104s] INFO:colcon.colcon_core.shell:Creating package descriptor '/home/paige-spalsbury/ros2_ws/src/hover_above/ros2_robotiq_gripper/install/robotiq_controllers/share/robotiq_controllers/package.dsv'
[4.104s] INFO:colcon.colcon_core.shell:Creating package script '/home/paige-spalsbury/ros2_ws/src/hover_above/ros2_robotiq_gripper/install/robotiq_controllers/share/robotiq_controllers/package.sh'
[4.104s] INFO:colcon.colcon_core.shell:Creating package script '/home/paige-spalsbury/ros2_ws/src/hover_above/ros2_robotiq_gripper/install/robotiq_controllers/share/robotiq_controllers/package.bash'
[4.104s] INFO:colcon.colcon_core.shell:Creating package script '/home/paige-spalsbury/ros2_ws/src/hover_above/ros2_robotiq_gripper/install/robotiq_controllers/share/robotiq_controllers/package.zsh'
[4.104s] Level 1:colcon.colcon_core.environment:create_file_with_runtime_dependencies(/home/paige-spalsbury/ros2_ws/src/hover_above/ros2_robotiq_gripper/install/robotiq_controllers/share/colcon-core/packages/robotiq_controllers)
[4.105s] Level 1:colcon.colcon_core.environment:create_environment_scripts_only(robotiq_controllers)
[4.105s] Level 1:colcon.colcon_core.environment:checking '/home/paige-spalsbury/ros2_ws/src/hover_above/ros2_robotiq_gripper/install/robotiq_controllers' for CMake module files
[4.105s] Level 1:colcon.colcon_core.environment:checking '/home/paige-spalsbury/ros2_ws/src/hover_above/ros2_robotiq_gripper/install/robotiq_controllers' for CMake config files
[4.105s] Level 1:colcon.colcon_core.shell:create_environment_hook('robotiq_controllers', 'cmake_prefix_path')
[4.105s] INFO:colcon.colcon_core.shell:Creating environment hook '/home/paige-spalsbury/ros2_ws/src/hover_above/ros2_robotiq_gripper/install/robotiq_controllers/share/robotiq_controllers/hook/cmake_prefix_path.ps1'
[4.105s] INFO:colcon.colcon_core.shell:Creating environment descriptor '/home/paige-spalsbury/ros2_ws/src/hover_above/ros2_robotiq_gripper/install/robotiq_controllers/share/robotiq_controllers/hook/cmake_prefix_path.dsv'
[4.105s] INFO:colcon.colcon_core.shell:Creating environment hook '/home/paige-spalsbury/ros2_ws/src/hover_above/ros2_robotiq_gripper/install/robotiq_controllers/share/robotiq_controllers/hook/cmake_prefix_path.sh'
[4.106s] Level 1:colcon.colcon_core.environment:checking '/home/paige-spalsbury/ros2_ws/src/hover_above/ros2_robotiq_gripper/install/robotiq_controllers/lib'
[4.106s] Level 1:colcon.colcon_core.shell:create_environment_hook('robotiq_controllers', 'ld_library_path_lib')
[4.106s] INFO:colcon.colcon_core.shell:Creating environment hook '/home/paige-spalsbury/ros2_ws/src/hover_above/ros2_robotiq_gripper/install/robotiq_controllers/share/robotiq_controllers/hook/ld_library_path_lib.ps1'
[4.106s] INFO:colcon.colcon_core.shell:Creating environment descriptor '/home/paige-spalsbury/ros2_ws/src/hover_above/ros2_robotiq_gripper/install/robotiq_controllers/share/robotiq_controllers/hook/ld_library_path_lib.dsv'
[4.106s] INFO:colcon.colcon_core.shell:Creating environment hook '/home/paige-spalsbury/ros2_ws/src/hover_above/ros2_robotiq_gripper/install/robotiq_controllers/share/robotiq_controllers/hook/ld_library_path_lib.sh'
[4.106s] Level 1:colcon.colcon_core.environment:checking '/home/paige-spalsbury/ros2_ws/src/hover_above/ros2_robotiq_gripper/install/robotiq_controllers/bin'
[4.106s] Level 1:colcon.colcon_core.environment:checking '/home/paige-spalsbury/ros2_ws/src/hover_above/ros2_robotiq_gripper/install/robotiq_controllers/lib/pkgconfig/robotiq_controllers.pc'
[4.106s] Level 1:colcon.colcon_core.environment:checking '/home/paige-spalsbury/ros2_ws/src/hover_above/ros2_robotiq_gripper/install/robotiq_controllers/lib/python3.12/site-packages'
[4.107s] Level 1:colcon.colcon_core.environment:checking '/home/paige-spalsbury/ros2_ws/src/hover_above/ros2_robotiq_gripper/install/robotiq_controllers/bin'
[4.107s] INFO:colcon.colcon_core.shell:Creating package script '/home/paige-spalsbury/ros2_ws/src/hover_above/ros2_robotiq_gripper/install/robotiq_controllers/share/robotiq_controllers/package.ps1'
[4.107s] INFO:colcon.colcon_core.shell:Creating package descriptor '/home/paige-spalsbury/ros2_ws/src/hover_above/ros2_robotiq_gripper/install/robotiq_controllers/share/robotiq_controllers/package.dsv'
[4.107s] INFO:colcon.colcon_core.shell:Creating package script '/home/paige-spalsbury/ros2_ws/src/hover_above/ros2_robotiq_gripper/install/robotiq_controllers/share/robotiq_controllers/package.sh'
[4.107s] INFO:colcon.colcon_core.shell:Creating package script '/home/paige-spalsbury/ros2_ws/src/hover_above/ros2_robotiq_gripper/install/robotiq_controllers/share/robotiq_controllers/package.bash'
[4.108s] INFO:colcon.colcon_core.shell:Creating package script '/home/paige-spalsbury/ros2_ws/src/hover_above/ros2_robotiq_gripper/install/robotiq_controllers/share/robotiq_controllers/package.zsh'
[4.108s] Level 1:colcon.colcon_core.environment:create_file_with_runtime_dependencies(/home/paige-spalsbury/ros2_ws/src/hover_above/ros2_robotiq_gripper/install/robotiq_controllers/share/colcon-core/packages/robotiq_controllers)
[4.108s] DEBUG:colcon.colcon_parallel_executor.executor.parallel:closing loop
[4.108s] DEBUG:colcon.colcon_parallel_executor.executor.parallel:loop closed
[4.108s] DEBUG:colcon.colcon_parallel_executor.executor.parallel:run_until_complete finished with '0'
[4.108s] DEBUG:colcon.colcon_core.event_reactor:joining thread
[4.112s] INFO:colcon.colcon_core.plugin_system:Skipping extension 'colcon_notification.desktop_notification.terminal_notifier': Not used on non-Darwin systems
[4.112s] INFO:colcon.colcon_core.plugin_system:Skipping extension 'colcon_notification.desktop_notification.win32': Not used on non-Windows systems
[4.112s] INFO:colcon.colcon_notification.desktop_notification:Sending desktop notification using 'notify2'
[4.124s] DEBUG:colcon.colcon_core.event_reactor:joined thread
[4.124s] INFO:colcon.colcon_core.shell:Creating prefix script '/home/paige-spalsbury/ros2_ws/src/hover_above/ros2_robotiq_gripper/install/local_setup.ps1'
[4.124s] INFO:colcon.colcon_core.shell:Creating prefix util module '/home/paige-spalsbury/ros2_ws/src/hover_above/ros2_robotiq_gripper/install/_local_setup_util_ps1.py'
[4.125s] INFO:colcon.colcon_core.shell:Creating prefix chain script '/home/paige-spalsbury/ros2_ws/src/hover_above/ros2_robotiq_gripper/install/setup.ps1'
[4.126s] INFO:colcon.colcon_core.shell:Creating prefix script '/home/paige-spalsbury/ros2_ws/src/hover_above/ros2_robotiq_gripper/install/local_setup.sh'
[4.126s] INFO:colcon.colcon_core.shell:Creating prefix util module '/home/paige-spalsbury/ros2_ws/src/hover_above/ros2_robotiq_gripper/install/_local_setup_util_sh.py'
[4.126s] INFO:colcon.colcon_core.shell:Creating prefix chain script '/home/paige-spalsbury/ros2_ws/src/hover_above/ros2_robotiq_gripper/install/setup.sh'
[4.127s] INFO:colcon.colcon_core.shell:Creating prefix script '/home/paige-spalsbury/ros2_ws/src/hover_above/ros2_robotiq_gripper/install/local_setup.bash'
[4.128s] INFO:colcon.colcon_core.shell:Creating prefix chain script '/home/paige-spalsbury/ros2_ws/src/hover_above/ros2_robotiq_gripper/install/setup.bash'
[4.129s] INFO:colcon.colcon_core.shell:Creating prefix script '/home/paige-spalsbury/ros2_ws/src/hover_above/ros2_robotiq_gripper/install/local_setup.zsh'
[4.129s] INFO:colcon.colcon_core.shell:Creating prefix chain script '/home/paige-spalsbury/ros2_ws/src/hover_above/ros2_robotiq_gripper/install/setup.zsh'
