[0.265s] Invoking command in '/home/artrpelli/HW5_RBE4540/build/move_interfaces_merlab': CMAKE_PREFIX_PATH=${CMAKE_PREFIX_PATH}:/home/artrpelli/turtlebot3_ws/install/turtlebot3_teleop:/home/artrpelli/turtlebot3_ws/install/turtlebot3_example:/opt/ros/jazzy DEBUGINFOD_URLS=https://debuginfod.ubuntu.com /usr/bin/cmake /home/artrpelli/HW5_RBE4540/move_interfaces_merlab -DCMAKE_INSTALL_PREFIX=/home/artrpelli/HW5_RBE4540/install/move_interfaces_merlab
[0.319s] -- The C compiler identification is GNU 13.3.0
[0.377s] -- The CXX compiler identification is GNU 13.3.0
[0.399s] -- Detecting C compiler ABI info
[0.488s] -- Detecting C compiler ABI info - done
[0.503s] -- Check for working C compiler: /usr/bin/cc - skipped
[0.503s] -- Detecting C compile features
[0.504s] -- Detecting C compile features - done
[0.512s] -- Detecting CXX compiler ABI info
[0.609s] -- Detecting CXX compiler ABI info - done
[0.619s] -- Check for working CXX compiler: /usr/bin/c++ - skipped
[0.619s] -- Detecting CXX compile features
[0.619s] -- Detecting CXX compile features - done
[0.624s] -- Found ament_cmake: 2.5.6 (/opt/ros/jazzy/share/ament_cmake/cmake)
[0.804s] -- Found Python3: /usr/bin/python3 (found version "3.12.3") found components: Interpreter 
[0.954s] -- Found geometry_msgs: 5.3.7 (/opt/ros/jazzy/share/geometry_msgs/cmake)
[1.025s] -- Found rosidl_generator_c: 4.6.7 (/opt/ros/jazzy/share/rosidl_generator_c/cmake)
[1.047s] -- Found rosidl_generator_cpp: 4.6.7 (/opt/ros/jazzy/share/rosidl_generator_cpp/cmake)
[1.071s] -- Using all available rosidl_typesupport_c: rosidl_typesupport_fastrtps_c;rosidl_typesupport_introspection_c
[1.098s] -- Using all available rosidl_typesupport_cpp: rosidl_typesupport_fastrtps_cpp;rosidl_typesupport_introspection_cpp
[1.162s] -- Found trajectory_msgs: 5.3.7 (/opt/ros/jazzy/share/trajectory_msgs/cmake)
[1.189s] -- Found rosidl_default_generators: 1.6.0 (/opt/ros/jazzy/share/rosidl_default_generators/cmake)
[1.226s] -- Found rosidl_adapter: 4.6.7 (/opt/ros/jazzy/share/rosidl_adapter/cmake)
[1.652s] [31mCMake Error at /opt/ros/jazzy/share/ament_cmake_core/cmake/core/ament_package_xml.cmake:53 (message):
[1.653s]   ament_package_xml() package name 'move_interfaces_merlab' in '/package.xml'
[1.653s]   does not match current PROJECT_NAME 'common_interfaces_merlab'.  You must
[1.653s]   call project() with the same package name before.
[1.653s] Call Stack (most recent call first):
[1.653s]   /opt/ros/jazzy/share/rosidl_cmake/cmake/rosidl_generate_interfaces.cmake:220 (ament_package_xml)
[1.653s]   CMakeLists.txt:18 (rosidl_generate_interfaces)
[1.653s] 
[1.653s] [0m
[1.653s] -- Configuring incomplete, errors occurred!
[1.667s] Invoked command in '/home/artrpelli/HW5_RBE4540/build/move_interfaces_merlab' returned '1': CMAKE_PREFIX_PATH=${CMAKE_PREFIX_PATH}:/home/artrpelli/turtlebot3_ws/install/turtlebot3_teleop:/home/artrpelli/turtlebot3_ws/install/turtlebot3_example:/opt/ros/jazzy DEBUGINFOD_URLS=https://debuginfod.ubuntu.com /usr/bin/cmake /home/artrpelli/HW5_RBE4540/move_interfaces_merlab -DCMAKE_INSTALL_PREFIX=/home/artrpelli/HW5_RBE4540/install/move_interfaces_merlab
