[0.114s] DEBUG:colcon:Command line arguments: ['/usr/bin/colcon', 'build']
[0.114s] DEBUG:colcon:Parsed command line arguments: Namespace(log_base=None, log_level=None, verb_name='build', build_base='build', install_base='install', merge_install=False, symlink_install=False, test_result_base=None, continue_on_error=False, executor='parallel', parallel_workers=8, event_handlers=None, ignore_user_meta=False, metas=['./colcon.meta'], base_paths=['.'], packages_ignore=None, packages_ignore_regex=None, paths=None, packages_up_to=None, packages_up_to_regex=None, packages_above=None, packages_above_and_dependencies=None, packages_above_depth=None, packages_select_by_dep=None, packages_skip_by_dep=None, packages_skip_up_to=None, packages_select_build_failed=False, packages_skip_build_finished=False, packages_select_test_failures=False, packages_skip_test_passed=False, packages_select=None, packages_skip=None, packages_select_regex=None, packages_skip_regex=None, packages_start=None, packages_end=None, allow_overriding=[], cmake_args=None, cmake_target=None, cmake_target_skip_unavailable=False, cmake_clean_cache=False, cmake_clean_first=False, cmake_force_configure=False, ament_cmake_args=None, catkin_cmake_args=None, catkin_skip_building_tests=False, mixin_files=None, mixin=None, verb_parser=<colcon_mixin.mixin.mixin_argument.MixinArgumentDecorator object at 0x7ded66baa660>, verb_extension=<colcon_core.verb.build.BuildVerb object at 0x7ded66baa360>, main=<bound method BuildVerb.main of <colcon_core.verb.build.BuildVerb object at 0x7ded66baa360>>, mixin_verb=('build',))
[0.154s] Level 1:colcon.colcon_core.package_discovery:discover_packages(colcon_meta) check parameters
[0.154s] Level 1:colcon.colcon_core.package_discovery:discover_packages(recursive) check parameters
[0.154s] Level 1:colcon.colcon_core.package_discovery:discover_packages(ignore) check parameters
[0.154s] Level 1:colcon.colcon_core.package_discovery:discover_packages(path) check parameters
[0.154s] Level 1:colcon.colcon_core.package_discovery:discover_packages(colcon_meta) discover
[0.154s] Level 1:colcon.colcon_core.package_discovery:discover_packages(recursive) discover
[0.154s] INFO:colcon.colcon_core.package_discovery:Crawling recursively for packages in '/home/artrpelli/HW5_RBE4540'
[0.154s] Level 1:colcon.colcon_core.package_identification:_identify(.) by extensions ['ignore', 'ignore_ament_install']
[0.155s] Level 1:colcon.colcon_core.package_identification:_identify(.) by extension 'ignore'
[0.155s] Level 1:colcon.colcon_core.package_identification:_identify(.) by extension 'ignore_ament_install'
[0.155s] Level 1:colcon.colcon_core.package_identification:_identify(.) by extensions ['colcon_pkg']
[0.155s] Level 1:colcon.colcon_core.package_identification:_identify(.) by extension 'colcon_pkg'
[0.155s] Level 1:colcon.colcon_core.package_identification:_identify(.) by extensions ['colcon_meta']
[0.155s] Level 1:colcon.colcon_core.package_identification:_identify(.) by extension 'colcon_meta'
[0.155s] Level 1:colcon.colcon_core.package_identification:_identify(.) by extensions ['ros']
[0.155s] Level 1:colcon.colcon_core.package_identification:_identify(.) by extension 'ros'
[0.183s] Level 1:colcon.colcon_core.package_identification:_identify(.) by extensions ['cmake', 'python']
[0.183s] Level 1:colcon.colcon_core.package_identification:_identify(.) by extension 'cmake'
[0.183s] Level 1:colcon.colcon_core.package_identification:_identify(.) by extension 'python'
[0.183s] Level 1:colcon.colcon_core.package_identification:_identify(.) by extensions ['python_setup_py']
[0.183s] Level 1:colcon.colcon_core.package_identification:_identify(.) by extension 'python_setup_py'
[0.183s] Level 1:colcon.colcon_core.package_identification:_identify(build) by extensions ['ignore', 'ignore_ament_install']
[0.183s] Level 1:colcon.colcon_core.package_identification:_identify(build) by extension 'ignore'
[0.183s] Level 1:colcon.colcon_core.package_identification:_identify(build) ignored
[0.183s] Level 1:colcon.colcon_core.package_identification:_identify(hover_above) by extensions ['ignore', 'ignore_ament_install']
[0.183s] Level 1:colcon.colcon_core.package_identification:_identify(hover_above) by extension 'ignore'
[0.183s] Level 1:colcon.colcon_core.package_identification:_identify(hover_above) by extension 'ignore_ament_install'
[0.184s] Level 1:colcon.colcon_core.package_identification:_identify(hover_above) by extensions ['colcon_pkg']
[0.184s] Level 1:colcon.colcon_core.package_identification:_identify(hover_above) by extension 'colcon_pkg'
[0.184s] Level 1:colcon.colcon_core.package_identification:_identify(hover_above) by extensions ['colcon_meta']
[0.184s] Level 1:colcon.colcon_core.package_identification:_identify(hover_above) by extension 'colcon_meta'
[0.184s] Level 1:colcon.colcon_core.package_identification:_identify(hover_above) by extensions ['ros']
[0.184s] Level 1:colcon.colcon_core.package_identification:_identify(hover_above) by extension 'ros'
[0.186s] DEBUG:colcon.colcon_core.package_identification:Package 'hover_above' with type 'ros.ament_python' and name 'hover_above'
[0.186s] Level 1:colcon.colcon_core.package_identification:_identify(install) by extensions ['ignore', 'ignore_ament_install']
[0.186s] Level 1:colcon.colcon_core.package_identification:_identify(install) by extension 'ignore'
[0.187s] Level 1:colcon.colcon_core.package_identification:_identify(install) ignored
[0.187s] Level 1:colcon.colcon_core.package_identification:_identify(log) by extensions ['ignore', 'ignore_ament_install']
[0.187s] Level 1:colcon.colcon_core.package_identification:_identify(log) by extension 'ignore'
[0.187s] Level 1:colcon.colcon_core.package_identification:_identify(log) ignored
[0.187s] Level 1:colcon.colcon_core.package_identification:_identify(move_interfaces_merlab) by extensions ['ignore', 'ignore_ament_install']
[0.187s] Level 1:colcon.colcon_core.package_identification:_identify(move_interfaces_merlab) by extension 'ignore'
[0.187s] Level 1:colcon.colcon_core.package_identification:_identify(move_interfaces_merlab) by extension 'ignore_ament_install'
[0.187s] Level 1:colcon.colcon_core.package_identification:_identify(move_interfaces_merlab) by extensions ['colcon_pkg']
[0.187s] Level 1:colcon.colcon_core.package_identification:_identify(move_interfaces_merlab) by extension 'colcon_pkg'
[0.187s] Level 1:colcon.colcon_core.package_identification:_identify(move_interfaces_merlab) by extensions ['colcon_meta']
[0.187s] Level 1:colcon.colcon_core.package_identification:_identify(move_interfaces_merlab) by extension 'colcon_meta'
[0.187s] Level 1:colcon.colcon_core.package_identification:_identify(move_interfaces_merlab) by extensions ['ros']
[0.187s] Level 1:colcon.colcon_core.package_identification:_identify(move_interfaces_merlab) by extension 'ros'
[0.188s] DEBUG:colcon.colcon_core.package_identification:Package 'move_interfaces_merlab' with type 'ros.ament_cmake' and name 'move_interfaces_merlab'
[0.188s] Level 1:colcon.colcon_core.package_identification:_identify(ros2_robotiq_gripper) by extensions ['ignore', 'ignore_ament_install']
[0.188s] Level 1:colcon.colcon_core.package_identification:_identify(ros2_robotiq_gripper) by extension 'ignore'
[0.188s] Level 1:colcon.colcon_core.package_identification:_identify(ros2_robotiq_gripper) by extension 'ignore_ament_install'
[0.188s] Level 1:colcon.colcon_core.package_identification:_identify(ros2_robotiq_gripper) by extensions ['colcon_pkg']
[0.188s] Level 1:colcon.colcon_core.package_identification:_identify(ros2_robotiq_gripper) by extension 'colcon_pkg'
[0.188s] Level 1:colcon.colcon_core.package_identification:_identify(ros2_robotiq_gripper) by extensions ['colcon_meta']
[0.188s] Level 1:colcon.colcon_core.package_identification:_identify(ros2_robotiq_gripper) by extension 'colcon_meta'
[0.188s] Level 1:colcon.colcon_core.package_identification:_identify(ros2_robotiq_gripper) by extensions ['ros']
[0.188s] Level 1:colcon.colcon_core.package_identification:_identify(ros2_robotiq_gripper) by extension 'ros'
[0.188s] Level 1:colcon.colcon_core.package_identification:_identify(ros2_robotiq_gripper) by extensions ['cmake', 'python']
[0.188s] Level 1:colcon.colcon_core.package_identification:_identify(ros2_robotiq_gripper) by extension 'cmake'
[0.188s] Level 1:colcon.colcon_core.package_identification:_identify(ros2_robotiq_gripper) by extension 'python'
[0.188s] Level 1:colcon.colcon_core.package_identification:_identify(ros2_robotiq_gripper) by extensions ['python_setup_py']
[0.188s] Level 1:colcon.colcon_core.package_identification:_identify(ros2_robotiq_gripper) by extension 'python_setup_py'
[0.188s] Level 1:colcon.colcon_core.package_identification:_identify(ros2_robotiq_gripper/build) by extensions ['ignore', 'ignore_ament_install']
[0.188s] Level 1:colcon.colcon_core.package_identification:_identify(ros2_robotiq_gripper/build) by extension 'ignore'
[0.189s] Level 1:colcon.colcon_core.package_identification:_identify(ros2_robotiq_gripper/build) ignored
[0.189s] Level 1:colcon.colcon_core.package_identification:_identify(ros2_robotiq_gripper/install) by extensions ['ignore', 'ignore_ament_install']
[0.189s] Level 1:colcon.colcon_core.package_identification:_identify(ros2_robotiq_gripper/install) by extension 'ignore'
[0.189s] Level 1:colcon.colcon_core.package_identification:_identify(ros2_robotiq_gripper/install) ignored
[0.189s] Level 1:colcon.colcon_core.package_identification:_identify(ros2_robotiq_gripper/log) by extensions ['ignore', 'ignore_ament_install']
[0.189s] Level 1:colcon.colcon_core.package_identification:_identify(ros2_robotiq_gripper/log) by extension 'ignore'
[0.189s] Level 1:colcon.colcon_core.package_identification:_identify(ros2_robotiq_gripper/log) ignored
[0.189s] Level 1:colcon.colcon_core.package_identification:_identify(ros2_robotiq_gripper/robotiq_controllers) by extensions ['ignore', 'ignore_ament_install']
[0.189s] Level 1:colcon.colcon_core.package_identification:_identify(ros2_robotiq_gripper/robotiq_controllers) by extension 'ignore'
[0.189s] Level 1:colcon.colcon_core.package_identification:_identify(ros2_robotiq_gripper/robotiq_controllers) by extension 'ignore_ament_install'
[0.189s] Level 1:colcon.colcon_core.package_identification:_identify(ros2_robotiq_gripper/robotiq_controllers) by extensions ['colcon_pkg']
[0.189s] Level 1:colcon.colcon_core.package_identification:_identify(ros2_robotiq_gripper/robotiq_controllers) by extension 'colcon_pkg'
[0.189s] Level 1:colcon.colcon_core.package_identification:_identify(ros2_robotiq_gripper/robotiq_controllers) by extensions ['colcon_meta']
[0.189s] Level 1:colcon.colcon_core.package_identification:_identify(ros2_robotiq_gripper/robotiq_controllers) by extension 'colcon_meta'
[0.189s] Level 1:colcon.colcon_core.package_identification:_identify(ros2_robotiq_gripper/robotiq_controllers) by extensions ['ros']
[0.189s] Level 1:colcon.colcon_core.package_identification:_identify(ros2_robotiq_gripper/robotiq_controllers) by extension 'ros'
[0.190s] DEBUG:colcon.colcon_core.package_identification:Package 'ros2_robotiq_gripper/robotiq_controllers' with type 'ros.ament_cmake' and name 'robotiq_controllers'
[0.190s] Level 1:colcon.colcon_core.package_identification:_identify(ros2_robotiq_gripper/robotiq_description) by extensions ['ignore', 'ignore_ament_install']
[0.190s] Level 1:colcon.colcon_core.package_identification:_identify(ros2_robotiq_gripper/robotiq_description) by extension 'ignore'
[0.190s] Level 1:colcon.colcon_core.package_identification:_identify(ros2_robotiq_gripper/robotiq_description) by extension 'ignore_ament_install'
[0.190s] Level 1:colcon.colcon_core.package_identification:_identify(ros2_robotiq_gripper/robotiq_description) by extensions ['colcon_pkg']
[0.190s] Level 1:colcon.colcon_core.package_identification:_identify(ros2_robotiq_gripper/robotiq_description) by extension 'colcon_pkg'
[0.190s] Level 1:colcon.colcon_core.package_identification:_identify(ros2_robotiq_gripper/robotiq_description) by extensions ['colcon_meta']
[0.190s] Level 1:colcon.colcon_core.package_identification:_identify(ros2_robotiq_gripper/robotiq_description) by extension 'colcon_meta'
[0.190s] Level 1:colcon.colcon_core.package_identification:_identify(ros2_robotiq_gripper/robotiq_description) by extensions ['ros']
[0.190s] Level 1:colcon.colcon_core.package_identification:_identify(ros2_robotiq_gripper/robotiq_description) by extension 'ros'
[0.191s] DEBUG:colcon.colcon_core.package_identification:Package 'ros2_robotiq_gripper/robotiq_description' with type 'ros.ament_cmake' and name 'robotiq_description'
[0.191s] Level 1:colcon.colcon_core.package_discovery:discover_packages(recursive) using defaults
[0.191s] Level 1:colcon.colcon_core.package_discovery:discover_packages(ignore) discover
[0.191s] Level 1:colcon.colcon_core.package_discovery:discover_packages(ignore) using defaults
[0.191s] Level 1:colcon.colcon_core.package_discovery:discover_packages(path) discover
[0.191s] Level 1:colcon.colcon_core.package_discovery:discover_packages(path) using defaults
[0.211s] Level 1:colcon.colcon_core.package_discovery:discover_packages(prefix_path) check parameters
[0.211s] Level 1:colcon.colcon_core.package_discovery:discover_packages(prefix_path) discover
[0.213s] DEBUG:colcon.colcon_installed_package_information.package_discovery:Found 2 installed packages in /home/artrpelli/rbe4540_ws/install
[0.214s] DEBUG:colcon.colcon_installed_package_information.package_discovery:Found 6 installed packages in /home/artrpelli/ros2_ws/install
[0.215s] DEBUG:colcon.colcon_installed_package_information.package_discovery:Found 15 installed packages in /home/artrpelli/turtlebot3_ws/install
[0.217s] DEBUG:colcon.colcon_installed_package_information.package_discovery:Found 484 installed packages in /opt/ros/jazzy
[0.219s] Level 1:colcon.colcon_core.package_discovery:discover_packages(prefix_path) using defaults
[0.294s] Level 5:colcon.colcon_core.verb:set package 'hover_above' build argument 'cmake_args' from command line to 'None'
[0.295s] Level 5:colcon.colcon_core.verb:set package 'hover_above' build argument 'cmake_target' from command line to 'None'
[0.295s] Level 5:colcon.colcon_core.verb:set package 'hover_above' build argument 'cmake_target_skip_unavailable' from command line to 'False'
[0.295s] Level 5:colcon.colcon_core.verb:set package 'hover_above' build argument 'cmake_clean_cache' from command line to 'False'
[0.295s] Level 5:colcon.colcon_core.verb:set package 'hover_above' build argument 'cmake_clean_first' from command line to 'False'
[0.295s] Level 5:colcon.colcon_core.verb:set package 'hover_above' build argument 'cmake_force_configure' from command line to 'False'
[0.295s] Level 5:colcon.colcon_core.verb:set package 'hover_above' build argument 'ament_cmake_args' from command line to 'None'
[0.295s] Level 5:colcon.colcon_core.verb:set package 'hover_above' build argument 'catkin_cmake_args' from command line to 'None'
[0.295s] Level 5:colcon.colcon_core.verb:set package 'hover_above' build argument 'catkin_skip_building_tests' from command line to 'False'
[0.295s] DEBUG:colcon.colcon_core.verb:Building package 'hover_above' with the following arguments: {'ament_cmake_args': None, 'build_base': '/home/artrpelli/HW5_RBE4540/build/hover_above', 'catkin_cmake_args': None, 'catkin_skip_building_tests': False, 'cmake_args': None, 'cmake_clean_cache': False, 'cmake_clean_first': False, 'cmake_force_configure': False, 'cmake_target': None, 'cmake_target_skip_unavailable': False, 'install_base': '/home/artrpelli/HW5_RBE4540/install/hover_above', 'merge_install': False, 'path': '/home/artrpelli/HW5_RBE4540/hover_above', 'symlink_install': False, 'test_result_base': None}
[0.295s] Level 5:colcon.colcon_core.verb:set package 'move_interfaces_merlab' build argument 'cmake_args' from command line to 'None'
[0.295s] Level 5:colcon.colcon_core.verb:set package 'move_interfaces_merlab' build argument 'cmake_target' from command line to 'None'
[0.295s] Level 5:colcon.colcon_core.verb:set package 'move_interfaces_merlab' build argument 'cmake_target_skip_unavailable' from command line to 'False'
[0.295s] Level 5:colcon.colcon_core.verb:set package 'move_interfaces_merlab' build argument 'cmake_clean_cache' from command line to 'False'
[0.295s] Level 5:colcon.colcon_core.verb:set package 'move_interfaces_merlab' build argument 'cmake_clean_first' from command line to 'False'
[0.295s] Level 5:colcon.colcon_core.verb:set package 'move_interfaces_merlab' build argument 'cmake_force_configure' from command line to 'False'
[0.295s] Level 5:colcon.colcon_core.verb:set package 'move_interfaces_merlab' build argument 'ament_cmake_args' from command line to 'None'
[0.295s] Level 5:colcon.colcon_core.verb:set package 'move_interfaces_merlab' build argument 'catkin_cmake_args' from command line to 'None'
[0.295s] Level 5:colcon.colcon_core.verb:set package 'move_interfaces_merlab' build argument 'catkin_skip_building_tests' from command line to 'False'
[0.295s] DEBUG:colcon.colcon_core.verb:Building package 'move_interfaces_merlab' with the following arguments: {'ament_cmake_args': None, 'build_base': '/home/artrpelli/HW5_RBE4540/build/move_interfaces_merlab', 'catkin_cmake_args': None, 'catkin_skip_building_tests': False, 'cmake_args': None, 'cmake_clean_cache': False, 'cmake_clean_first': False, 'cmake_force_configure': False, 'cmake_target': None, 'cmake_target_skip_unavailable': False, 'install_base': '/home/artrpelli/HW5_RBE4540/install/move_interfaces_merlab', 'merge_install': False, 'path': '/home/artrpelli/HW5_RBE4540/move_interfaces_merlab', 'symlink_install': False, 'test_result_base': None}
[0.295s] Level 5:colcon.colcon_core.verb:set package 'robotiq_controllers' build argument 'cmake_args' from command line to 'None'
[0.295s] Level 5:colcon.colcon_core.verb:set package 'robotiq_controllers' build argument 'cmake_target' from command line to 'None'
[0.296s] Level 5:colcon.colcon_core.verb:set package 'robotiq_controllers' build argument 'cmake_target_skip_unavailable' from command line to 'False'
[0.296s] Level 5:colcon.colcon_core.verb:set package 'robotiq_controllers' build argument 'cmake_clean_cache' from command line to 'False'
[0.296s] Level 5:colcon.colcon_core.verb:set package 'robotiq_controllers' build argument 'cmake_clean_first' from command line to 'False'
[0.296s] Level 5:colcon.colcon_core.verb:set package 'robotiq_controllers' build argument 'cmake_force_configure' from command line to 'False'
[0.296s] Level 5:colcon.colcon_core.verb:set package 'robotiq_controllers' build argument 'ament_cmake_args' from command line to 'None'
[0.296s] Level 5:colcon.colcon_core.verb:set package 'robotiq_controllers' build argument 'catkin_cmake_args' from command line to 'None'
[0.296s] Level 5:colcon.colcon_core.verb:set package 'robotiq_controllers' build argument 'catkin_skip_building_tests' from command line to 'False'
[0.296s] DEBUG:colcon.colcon_core.verb:Building package 'robotiq_controllers' with the following arguments: {'ament_cmake_args': None, 'build_base': '/home/artrpelli/HW5_RBE4540/build/robotiq_controllers', 'catkin_cmake_args': None, 'catkin_skip_building_tests': False, 'cmake_args': None, 'cmake_clean_cache': False, 'cmake_clean_first': False, 'cmake_force_configure': False, 'cmake_target': None, 'cmake_target_skip_unavailable': False, 'install_base': '/home/artrpelli/HW5_RBE4540/install/robotiq_controllers', 'merge_install': False, 'path': '/home/artrpelli/HW5_RBE4540/ros2_robotiq_gripper/robotiq_controllers', 'symlink_install': False, 'test_result_base': None}
[0.296s] Level 5:colcon.colcon_core.verb:set package 'robotiq_description' build argument 'cmake_args' from command line to 'None'
[0.296s] Level 5:colcon.colcon_core.verb:set package 'robotiq_description' build argument 'cmake_target' from command line to 'None'
[0.296s] Level 5:colcon.colcon_core.verb:set package 'robotiq_description' build argument 'cmake_target_skip_unavailable' from command line to 'False'
[0.296s] Level 5:colcon.colcon_core.verb:set package 'robotiq_description' build argument 'cmake_clean_cache' from command line to 'False'
[0.296s] Level 5:colcon.colcon_core.verb:set package 'robotiq_description' build argument 'cmake_clean_first' from command line to 'False'
[0.296s] Level 5:colcon.colcon_core.verb:set package 'robotiq_description' build argument 'cmake_force_configure' from command line to 'False'
[0.296s] Level 5:colcon.colcon_core.verb:set package 'robotiq_description' build argument 'ament_cmake_args' from command line to 'None'
[0.296s] Level 5:colcon.colcon_core.verb:set package 'robotiq_description' build argument 'catkin_cmake_args' from command line to 'None'
[0.296s] Level 5:colcon.colcon_core.verb:set package 'robotiq_description' build argument 'catkin_skip_building_tests' from command line to 'False'
[0.296s] DEBUG:colcon.colcon_core.verb:Building package 'robotiq_description' with the following arguments: {'ament_cmake_args': None, 'build_base': '/home/artrpelli/HW5_RBE4540/build/robotiq_description', 'catkin_cmake_args': None, 'catkin_skip_building_tests': False, 'cmake_args': None, 'cmake_clean_cache': False, 'cmake_clean_first': False, 'cmake_force_configure': False, 'cmake_target': None, 'cmake_target_skip_unavailable': False, 'install_base': '/home/artrpelli/HW5_RBE4540/install/robotiq_description', 'merge_install': False, 'path': '/home/artrpelli/HW5_RBE4540/ros2_robotiq_gripper/robotiq_description', 'symlink_install': False, 'test_result_base': None}
[0.296s] INFO:colcon.colcon_core.executor:Executing jobs using 'parallel' executor
[0.297s] DEBUG:colcon.colcon_parallel_executor.executor.parallel:run_until_complete
[0.298s] INFO:colcon.colcon_ros.task.ament_python.build:Building ROS package in '/home/artrpelli/HW5_RBE4540/hover_above' with build type 'ament_python'
[0.298s] Level 1:colcon.colcon_core.shell:create_environment_hook('hover_above', 'ament_prefix_path')
[0.300s] INFO:colcon.colcon_core.plugin_system:Skipping extension 'colcon_core.shell.bat': Not used on non-Windows systems
[0.300s] INFO:colcon.colcon_core.shell:Creating environment hook '/home/artrpelli/HW5_RBE4540/install/hover_above/share/hover_above/hook/ament_prefix_path.ps1'
[0.300s] INFO:colcon.colcon_core.shell:Creating environment descriptor '/home/artrpelli/HW5_RBE4540/install/hover_above/share/hover_above/hook/ament_prefix_path.dsv'
[0.301s] INFO:colcon.colcon_core.shell:Creating environment hook '/home/artrpelli/HW5_RBE4540/install/hover_above/share/hover_above/hook/ament_prefix_path.sh'
[0.301s] INFO:colcon.colcon_core.shell:Skip shell extension 'powershell' for command environment: Not usable outside of PowerShell
[0.301s] DEBUG:colcon.colcon_core.shell:Skip shell extension 'dsv' for command environment
[0.307s] INFO:colcon.colcon_ros.task.ament_cmake.build:Building ROS package in '/home/artrpelli/HW5_RBE4540/move_interfaces_merlab' with build type 'ament_cmake'
[0.307s] INFO:colcon.colcon_cmake.task.cmake.build:Building CMake package in '/home/artrpelli/HW5_RBE4540/move_interfaces_merlab'
[0.307s] INFO:colcon.colcon_core.shell:Skip shell extension 'powershell' for command environment: Not usable outside of PowerShell
[0.307s] DEBUG:colcon.colcon_core.shell:Skip shell extension 'dsv' for command environment
[0.318s] INFO:colcon.colcon_ros.task.ament_cmake.build:Building ROS package in '/home/artrpelli/HW5_RBE4540/ros2_robotiq_gripper/robotiq_controllers' with build type 'ament_cmake'
[0.319s] INFO:colcon.colcon_cmake.task.cmake.build:Building CMake package in '/home/artrpelli/HW5_RBE4540/ros2_robotiq_gripper/robotiq_controllers'
[0.319s] INFO:colcon.colcon_core.shell:Skip shell extension 'powershell' for command environment: Not usable outside of PowerShell
[0.319s] DEBUG:colcon.colcon_core.shell:Skip shell extension 'dsv' for command environment
[0.327s] INFO:colcon.colcon_ros.task.ament_cmake.build:Building ROS package in '/home/artrpelli/HW5_RBE4540/ros2_robotiq_gripper/robotiq_description' with build type 'ament_cmake'
[0.327s] INFO:colcon.colcon_cmake.task.cmake.build:Building CMake package in '/home/artrpelli/HW5_RBE4540/ros2_robotiq_gripper/robotiq_description'
[0.327s] INFO:colcon.colcon_core.shell:Skip shell extension 'powershell' for command environment: Not usable outside of PowerShell
[0.327s] DEBUG:colcon.colcon_core.shell:Skip shell extension 'dsv' for command environment
[0.570s] INFO:colcon.colcon_core.task.python.build:Building Python package in '/home/artrpelli/HW5_RBE4540/hover_above'
[0.570s] INFO:colcon.colcon_core.shell:Skip shell extension 'powershell' for command environment: Not usable outside of PowerShell
[0.570s] DEBUG:colcon.colcon_core.shell:Skip shell extension 'dsv' for command environment
[0.579s] DEBUG:colcon.colcon_core.event_handler.log_command:Invoking command in '/home/artrpelli/HW5_RBE4540/build/move_interfaces_merlab': CMAKE_PREFIX_PATH=${CMAKE_PREFIX_PATH}:/home/artrpelli/turtlebot3_ws/install/turtlebot3_teleop:/home/artrpelli/turtlebot3_ws/install/turtlebot3_example:/opt/ros/jazzy DEBUGINFOD_URLS=https://debuginfod.ubuntu.com /usr/bin/cmake /home/artrpelli/HW5_RBE4540/move_interfaces_merlab -DCMAKE_INSTALL_PREFIX=/home/artrpelli/HW5_RBE4540/install/move_interfaces_merlab
[0.582s] DEBUG:colcon.colcon_core.event_handler.log_command:Invoking command in '/home/artrpelli/HW5_RBE4540/build/robotiq_controllers': CMAKE_PREFIX_PATH=${CMAKE_PREFIX_PATH}:/home/artrpelli/turtlebot3_ws/install/turtlebot3_teleop:/home/artrpelli/turtlebot3_ws/install/turtlebot3_example:/opt/ros/jazzy DEBUGINFOD_URLS=https://debuginfod.ubuntu.com /usr/bin/cmake --build /home/artrpelli/HW5_RBE4540/build/robotiq_controllers -- -j8 -l8
[0.586s] DEBUG:colcon.colcon_core.event_handler.log_command:Invoking command in '/home/artrpelli/HW5_RBE4540/build/robotiq_description': CMAKE_PREFIX_PATH=${CMAKE_PREFIX_PATH}:/home/artrpelli/turtlebot3_ws/install/turtlebot3_teleop:/home/artrpelli/turtlebot3_ws/install/turtlebot3_example:/opt/ros/jazzy DEBUGINFOD_URLS=https://debuginfod.ubuntu.com /usr/bin/cmake --build /home/artrpelli/HW5_RBE4540/build/robotiq_description -- -j8 -l8
[0.633s] DEBUG:colcon.colcon_core.event_handler.log_command:Invoked command in '/home/artrpelli/HW5_RBE4540/build/robotiq_description' returned '0': CMAKE_PREFIX_PATH=${CMAKE_PREFIX_PATH}:/home/artrpelli/turtlebot3_ws/install/turtlebot3_teleop:/home/artrpelli/turtlebot3_ws/install/turtlebot3_example:/opt/ros/jazzy DEBUGINFOD_URLS=https://debuginfod.ubuntu.com /usr/bin/cmake --build /home/artrpelli/HW5_RBE4540/build/robotiq_description -- -j8 -l8
[0.644s] DEBUG:colcon.colcon_core.event_handler.log_command:Invoking command in '/home/artrpelli/HW5_RBE4540/build/robotiq_description': CMAKE_PREFIX_PATH=${CMAKE_PREFIX_PATH}:/home/artrpelli/turtlebot3_ws/install/turtlebot3_teleop:/home/artrpelli/turtlebot3_ws/install/turtlebot3_example:/opt/ros/jazzy DEBUGINFOD_URLS=https://debuginfod.ubuntu.com /usr/bin/cmake --install /home/artrpelli/HW5_RBE4540/build/robotiq_description
[0.656s] Level 1:colcon.colcon_core.environment:create_environment_scripts_only(robotiq_description)
[0.663s] DEBUG:colcon.colcon_core.event_handler.log_command:Invoked command in '/home/artrpelli/HW5_RBE4540/build/robotiq_description' returned '0': CMAKE_PREFIX_PATH=${CMAKE_PREFIX_PATH}:/home/artrpelli/turtlebot3_ws/install/turtlebot3_teleop:/home/artrpelli/turtlebot3_ws/install/turtlebot3_example:/opt/ros/jazzy DEBUGINFOD_URLS=https://debuginfod.ubuntu.com /usr/bin/cmake --install /home/artrpelli/HW5_RBE4540/build/robotiq_description
[0.664s] Level 1:colcon.colcon_core.environment:checking '/home/artrpelli/HW5_RBE4540/install/robotiq_description' for CMake module files
[0.665s] Level 1:colcon.colcon_core.environment:checking '/home/artrpelli/HW5_RBE4540/install/robotiq_description' for CMake config files
[0.665s] Level 1:colcon.colcon_core.shell:create_environment_hook('robotiq_description', 'cmake_prefix_path')
[0.665s] INFO:colcon.colcon_core.shell:Creating environment hook '/home/artrpelli/HW5_RBE4540/install/robotiq_description/share/robotiq_description/hook/cmake_prefix_path.ps1'
[0.666s] INFO:colcon.colcon_core.shell:Creating environment descriptor '/home/artrpelli/HW5_RBE4540/install/robotiq_description/share/robotiq_description/hook/cmake_prefix_path.dsv'
[0.666s] INFO:colcon.colcon_core.shell:Creating environment hook '/home/artrpelli/HW5_RBE4540/install/robotiq_description/share/robotiq_description/hook/cmake_prefix_path.sh'
[0.667s] Level 1:colcon.colcon_core.environment:checking '/home/artrpelli/HW5_RBE4540/install/robotiq_description/bin'
[0.667s] Level 1:colcon.colcon_core.environment:checking '/home/artrpelli/HW5_RBE4540/install/robotiq_description/lib/pkgconfig/robotiq_description.pc'
[0.667s] Level 1:colcon.colcon_core.environment:checking '/home/artrpelli/HW5_RBE4540/install/robotiq_description/lib/python3.12/site-packages'
[0.668s] Level 1:colcon.colcon_core.environment:checking '/home/artrpelli/HW5_RBE4540/install/robotiq_description/bin'
[0.668s] INFO:colcon.colcon_core.shell:Creating package script '/home/artrpelli/HW5_RBE4540/install/robotiq_description/share/robotiq_description/package.ps1'
[0.669s] INFO:colcon.colcon_core.shell:Creating package descriptor '/home/artrpelli/HW5_RBE4540/install/robotiq_description/share/robotiq_description/package.dsv'
[0.670s] INFO:colcon.colcon_core.shell:Creating package script '/home/artrpelli/HW5_RBE4540/install/robotiq_description/share/robotiq_description/package.sh'
[0.671s] INFO:colcon.colcon_core.shell:Creating package script '/home/artrpelli/HW5_RBE4540/install/robotiq_description/share/robotiq_description/package.bash'
[0.671s] INFO:colcon.colcon_core.shell:Creating package script '/home/artrpelli/HW5_RBE4540/install/robotiq_description/share/robotiq_description/package.zsh'
[0.672s] Level 1:colcon.colcon_core.environment:create_file_with_runtime_dependencies(/home/artrpelli/HW5_RBE4540/install/robotiq_description/share/colcon-core/packages/robotiq_description)
[0.673s] Level 1:colcon.colcon_core.environment:create_environment_scripts_only(robotiq_description)
[0.673s] Level 1:colcon.colcon_core.environment:checking '/home/artrpelli/HW5_RBE4540/install/robotiq_description' for CMake module files
[0.674s] Level 1:colcon.colcon_core.environment:checking '/home/artrpelli/HW5_RBE4540/install/robotiq_description' for CMake config files
[0.674s] Level 1:colcon.colcon_core.shell:create_environment_hook('robotiq_description', 'cmake_prefix_path')
[0.674s] INFO:colcon.colcon_core.shell:Creating environment hook '/home/artrpelli/HW5_RBE4540/install/robotiq_description/share/robotiq_description/hook/cmake_prefix_path.ps1'
[0.675s] INFO:colcon.colcon_core.shell:Creating environment descriptor '/home/artrpelli/HW5_RBE4540/install/robotiq_description/share/robotiq_description/hook/cmake_prefix_path.dsv'
[0.675s] INFO:colcon.colcon_core.shell:Creating environment hook '/home/artrpelli/HW5_RBE4540/install/robotiq_description/share/robotiq_description/hook/cmake_prefix_path.sh'
[0.676s] Level 1:colcon.colcon_core.environment:checking '/home/artrpelli/HW5_RBE4540/install/robotiq_description/bin'
[0.676s] Level 1:colcon.colcon_core.environment:checking '/home/artrpelli/HW5_RBE4540/install/robotiq_description/lib/pkgconfig/robotiq_description.pc'
[0.676s] Level 1:colcon.colcon_core.environment:checking '/home/artrpelli/HW5_RBE4540/install/robotiq_description/lib/python3.12/site-packages'
[0.677s] Level 1:colcon.colcon_core.environment:checking '/home/artrpelli/HW5_RBE4540/install/robotiq_description/bin'
[0.677s] INFO:colcon.colcon_core.shell:Creating package script '/home/artrpelli/HW5_RBE4540/install/robotiq_description/share/robotiq_description/package.ps1'
[0.678s] INFO:colcon.colcon_core.shell:Creating package descriptor '/home/artrpelli/HW5_RBE4540/install/robotiq_description/share/robotiq_description/package.dsv'
[0.678s] INFO:colcon.colcon_core.shell:Creating package script '/home/artrpelli/HW5_RBE4540/install/robotiq_description/share/robotiq_description/package.sh'
[0.679s] INFO:colcon.colcon_core.shell:Creating package script '/home/artrpelli/HW5_RBE4540/install/robotiq_description/share/robotiq_description/package.bash'
[0.679s] INFO:colcon.colcon_core.shell:Creating package script '/home/artrpelli/HW5_RBE4540/install/robotiq_description/share/robotiq_description/package.zsh'
[0.679s] Level 1:colcon.colcon_core.environment:create_file_with_runtime_dependencies(/home/artrpelli/HW5_RBE4540/install/robotiq_description/share/colcon-core/packages/robotiq_description)
[1.289s] DEBUG:colcon.colcon_core.event_handler.log_command:Invoking command in '/home/artrpelli/HW5_RBE4540/hover_above': DEBUGINFOD_URLS=https://debuginfod.ubuntu.com PYTHONPATH=/home/artrpelli/HW5_RBE4540/build/hover_above/prefix_override:/usr/lib/python3/dist-packages/colcon_core/task/python/colcon_distutils_commands:/home/artrpelli/HW5_RBE4540/install/hover_above/lib/python3.12/site-packages:${PYTHONPATH} /usr/bin/python3 -W ignore:setup.py install is deprecated -W ignore:easy_install command is deprecated setup.py egg_info --egg-base ../build/hover_above build --build-base /home/artrpelli/HW5_RBE4540/build/hover_above/build install --record /home/artrpelli/HW5_RBE4540/build/hover_above/install.log --single-version-externally-managed install_data
[1.940s] Level 1:colcon.colcon_core.environment:checking '/home/artrpelli/HW5_RBE4540/install/hover_above' for CMake module files
[1.941s] DEBUG:colcon.colcon_core.event_handler.log_command:Invoked command in '/home/artrpelli/HW5_RBE4540/hover_above' returned '0': DEBUGINFOD_URLS=https://debuginfod.ubuntu.com PYTHONPATH=/home/artrpelli/HW5_RBE4540/build/hover_above/prefix_override:/usr/lib/python3/dist-packages/colcon_core/task/python/colcon_distutils_commands:/home/artrpelli/HW5_RBE4540/install/hover_above/lib/python3.12/site-packages:${PYTHONPATH} /usr/bin/python3 -W ignore:setup.py install is deprecated -W ignore:easy_install command is deprecated setup.py egg_info --egg-base ../build/hover_above build --build-base /home/artrpelli/HW5_RBE4540/build/hover_above/build install --record /home/artrpelli/HW5_RBE4540/build/hover_above/install.log --single-version-externally-managed install_data
[1.941s] Level 1:colcon.colcon_core.environment:checking '/home/artrpelli/HW5_RBE4540/install/hover_above' for CMake config files
[1.942s] Level 1:colcon.colcon_core.environment:checking '/home/artrpelli/HW5_RBE4540/install/hover_above/lib'
[1.942s] Level 1:colcon.colcon_core.environment:checking '/home/artrpelli/HW5_RBE4540/install/hover_above/bin'
[1.942s] Level 1:colcon.colcon_core.environment:checking '/home/artrpelli/HW5_RBE4540/install/hover_above/lib/pkgconfig/hover_above.pc'
[1.942s] Level 1:colcon.colcon_core.environment:checking '/home/artrpelli/HW5_RBE4540/install/hover_above/lib/python3.12/site-packages'
[1.942s] Level 1:colcon.colcon_core.shell:create_environment_hook('hover_above', 'pythonpath')
[1.942s] INFO:colcon.colcon_core.shell:Creating environment hook '/home/artrpelli/HW5_RBE4540/install/hover_above/share/hover_above/hook/pythonpath.ps1'
[1.943s] INFO:colcon.colcon_core.shell:Creating environment descriptor '/home/artrpelli/HW5_RBE4540/install/hover_above/share/hover_above/hook/pythonpath.dsv'
[1.943s] INFO:colcon.colcon_core.shell:Creating environment hook '/home/artrpelli/HW5_RBE4540/install/hover_above/share/hover_above/hook/pythonpath.sh'
[1.944s] Level 1:colcon.colcon_core.environment:checking '/home/artrpelli/HW5_RBE4540/install/hover_above/bin'
[1.944s] Level 1:colcon.colcon_core.environment:create_environment_scripts_only(hover_above)
[1.944s] INFO:colcon.colcon_core.shell:Creating package script '/home/artrpelli/HW5_RBE4540/install/hover_above/share/hover_above/package.ps1'
[1.945s] INFO:colcon.colcon_core.shell:Creating package descriptor '/home/artrpelli/HW5_RBE4540/install/hover_above/share/hover_above/package.dsv'
[1.945s] INFO:colcon.colcon_core.shell:Creating package script '/home/artrpelli/HW5_RBE4540/install/hover_above/share/hover_above/package.sh'
[1.945s] INFO:colcon.colcon_core.shell:Creating package script '/home/artrpelli/HW5_RBE4540/install/hover_above/share/hover_above/package.bash'
[1.946s] INFO:colcon.colcon_core.shell:Creating package script '/home/artrpelli/HW5_RBE4540/install/hover_above/share/hover_above/package.zsh'
[1.946s] Level 1:colcon.colcon_core.environment:create_file_with_runtime_dependencies(/home/artrpelli/HW5_RBE4540/install/hover_above/share/colcon-core/packages/hover_above)
[4.046s] DEBUG:colcon.colcon_core.event_handler.log_command:Invoked command in '/home/artrpelli/HW5_RBE4540/build/move_interfaces_merlab' returned '0': CMAKE_PREFIX_PATH=${CMAKE_PREFIX_PATH}:/home/artrpelli/turtlebot3_ws/install/turtlebot3_teleop:/home/artrpelli/turtlebot3_ws/install/turtlebot3_example:/opt/ros/jazzy DEBUGINFOD_URLS=https://debuginfod.ubuntu.com /usr/bin/cmake /home/artrpelli/HW5_RBE4540/move_interfaces_merlab -DCMAKE_INSTALL_PREFIX=/home/artrpelli/HW5_RBE4540/install/move_interfaces_merlab
[4.047s] DEBUG:colcon.colcon_core.event_handler.log_command:Invoking command in '/home/artrpelli/HW5_RBE4540/build/move_interfaces_merlab': CMAKE_PREFIX_PATH=${CMAKE_PREFIX_PATH}:/home/artrpelli/turtlebot3_ws/install/turtlebot3_teleop:/home/artrpelli/turtlebot3_ws/install/turtlebot3_example:/opt/ros/jazzy DEBUGINFOD_URLS=https://debuginfod.ubuntu.com /usr/bin/cmake --build /home/artrpelli/HW5_RBE4540/build/move_interfaces_merlab -- -j8 -l8
[7.377s] DEBUG:colcon.colcon_core.event_handler.log_command:Invoked command in '/home/artrpelli/HW5_RBE4540/build/robotiq_controllers' returned '0': CMAKE_PREFIX_PATH=${CMAKE_PREFIX_PATH}:/home/artrpelli/turtlebot3_ws/install/turtlebot3_teleop:/home/artrpelli/turtlebot3_ws/install/turtlebot3_example:/opt/ros/jazzy DEBUGINFOD_URLS=https://debuginfod.ubuntu.com /usr/bin/cmake --build /home/artrpelli/HW5_RBE4540/build/robotiq_controllers -- -j8 -l8
[7.380s] DEBUG:colcon.colcon_core.event_handler.log_command:Invoking command in '/home/artrpelli/HW5_RBE4540/build/robotiq_controllers': CMAKE_PREFIX_PATH=${CMAKE_PREFIX_PATH}:/home/artrpelli/turtlebot3_ws/install/turtlebot3_teleop:/home/artrpelli/turtlebot3_ws/install/turtlebot3_example:/opt/ros/jazzy DEBUGINFOD_URLS=https://debuginfod.ubuntu.com /usr/bin/cmake --install /home/artrpelli/HW5_RBE4540/build/robotiq_controllers
[7.421s] Level 1:colcon.colcon_core.environment:create_environment_scripts_only(robotiq_controllers)
[7.421s] Level 1:colcon.colcon_core.environment:checking '/home/artrpelli/HW5_RBE4540/install/robotiq_controllers' for CMake module files
[7.422s] Level 1:colcon.colcon_core.environment:checking '/home/artrpelli/HW5_RBE4540/install/robotiq_controllers' for CMake config files
[7.423s] Level 1:colcon.colcon_core.shell:create_environment_hook('robotiq_controllers', 'cmake_prefix_path')
[7.423s] INFO:colcon.colcon_core.shell:Creating environment hook '/home/artrpelli/HW5_RBE4540/install/robotiq_controllers/share/robotiq_controllers/hook/cmake_prefix_path.ps1'
[7.424s] INFO:colcon.colcon_core.shell:Creating environment descriptor '/home/artrpelli/HW5_RBE4540/install/robotiq_controllers/share/robotiq_controllers/hook/cmake_prefix_path.dsv'
[7.428s] INFO:colcon.colcon_core.shell:Creating environment hook '/home/artrpelli/HW5_RBE4540/install/robotiq_controllers/share/robotiq_controllers/hook/cmake_prefix_path.sh'
[7.428s] Level 1:colcon.colcon_core.environment:checking '/home/artrpelli/HW5_RBE4540/install/robotiq_controllers/lib'
[7.429s] Level 1:colcon.colcon_core.shell:create_environment_hook('robotiq_controllers', 'ld_library_path_lib')
[7.429s] INFO:colcon.colcon_core.shell:Creating environment hook '/home/artrpelli/HW5_RBE4540/install/robotiq_controllers/share/robotiq_controllers/hook/ld_library_path_lib.ps1'
[7.429s] INFO:colcon.colcon_core.shell:Creating environment descriptor '/home/artrpelli/HW5_RBE4540/install/robotiq_controllers/share/robotiq_controllers/hook/ld_library_path_lib.dsv'
[7.433s] INFO:colcon.colcon_core.shell:Creating environment hook '/home/artrpelli/HW5_RBE4540/install/robotiq_controllers/share/robotiq_controllers/hook/ld_library_path_lib.sh'
[7.434s] DEBUG:colcon.colcon_core.event_handler.log_command:Invoked command in '/home/artrpelli/HW5_RBE4540/build/robotiq_controllers' returned '0': CMAKE_PREFIX_PATH=${CMAKE_PREFIX_PATH}:/home/artrpelli/turtlebot3_ws/install/turtlebot3_teleop:/home/artrpelli/turtlebot3_ws/install/turtlebot3_example:/opt/ros/jazzy DEBUGINFOD_URLS=https://debuginfod.ubuntu.com /usr/bin/cmake --install /home/artrpelli/HW5_RBE4540/build/robotiq_controllers
[7.434s] Level 1:colcon.colcon_core.environment:checking '/home/artrpelli/HW5_RBE4540/install/robotiq_controllers/bin'
[7.435s] Level 1:colcon.colcon_core.environment:checking '/home/artrpelli/HW5_RBE4540/install/robotiq_controllers/lib/pkgconfig/robotiq_controllers.pc'
[7.435s] Level 1:colcon.colcon_core.environment:checking '/home/artrpelli/HW5_RBE4540/install/robotiq_controllers/lib/python3.12/site-packages'
[7.436s] Level 1:colcon.colcon_core.environment:checking '/home/artrpelli/HW5_RBE4540/install/robotiq_controllers/bin'
[7.440s] INFO:colcon.colcon_core.shell:Creating package script '/home/artrpelli/HW5_RBE4540/install/robotiq_controllers/share/robotiq_controllers/package.ps1'
[7.441s] INFO:colcon.colcon_core.shell:Creating package descriptor '/home/artrpelli/HW5_RBE4540/install/robotiq_controllers/share/robotiq_controllers/package.dsv'
[7.442s] INFO:colcon.colcon_core.shell:Creating package script '/home/artrpelli/HW5_RBE4540/install/robotiq_controllers/share/robotiq_controllers/package.sh'
[7.443s] INFO:colcon.colcon_core.shell:Creating package script '/home/artrpelli/HW5_RBE4540/install/robotiq_controllers/share/robotiq_controllers/package.bash'
[7.446s] INFO:colcon.colcon_core.shell:Creating package script '/home/artrpelli/HW5_RBE4540/install/robotiq_controllers/share/robotiq_controllers/package.zsh'
[7.447s] Level 1:colcon.colcon_core.environment:create_file_with_runtime_dependencies(/home/artrpelli/HW5_RBE4540/install/robotiq_controllers/share/colcon-core/packages/robotiq_controllers)
[7.448s] Level 1:colcon.colcon_core.environment:create_environment_scripts_only(robotiq_controllers)
[7.448s] Level 1:colcon.colcon_core.environment:checking '/home/artrpelli/HW5_RBE4540/install/robotiq_controllers' for CMake module files
[7.449s] Level 1:colcon.colcon_core.environment:checking '/home/artrpelli/HW5_RBE4540/install/robotiq_controllers' for CMake config files
[7.452s] Level 1:colcon.colcon_core.shell:create_environment_hook('robotiq_controllers', 'cmake_prefix_path')
[7.453s] INFO:colcon.colcon_core.shell:Creating environment hook '/home/artrpelli/HW5_RBE4540/install/robotiq_controllers/share/robotiq_controllers/hook/cmake_prefix_path.ps1'
[7.453s] INFO:colcon.colcon_core.shell:Creating environment descriptor '/home/artrpelli/HW5_RBE4540/install/robotiq_controllers/share/robotiq_controllers/hook/cmake_prefix_path.dsv'
[7.454s] INFO:colcon.colcon_core.shell:Creating environment hook '/home/artrpelli/HW5_RBE4540/install/robotiq_controllers/share/robotiq_controllers/hook/cmake_prefix_path.sh'
[7.458s] Level 1:colcon.colcon_core.environment:checking '/home/artrpelli/HW5_RBE4540/install/robotiq_controllers/lib'
[7.459s] Level 1:colcon.colcon_core.shell:create_environment_hook('robotiq_controllers', 'ld_library_path_lib')
[7.459s] INFO:colcon.colcon_core.shell:Creating environment hook '/home/artrpelli/HW5_RBE4540/install/robotiq_controllers/share/robotiq_controllers/hook/ld_library_path_lib.ps1'
[7.460s] INFO:colcon.colcon_core.shell:Creating environment descriptor '/home/artrpelli/HW5_RBE4540/install/robotiq_controllers/share/robotiq_controllers/hook/ld_library_path_lib.dsv'
[7.460s] INFO:colcon.colcon_core.shell:Creating environment hook '/home/artrpelli/HW5_RBE4540/install/robotiq_controllers/share/robotiq_controllers/hook/ld_library_path_lib.sh'
[7.461s] Level 1:colcon.colcon_core.environment:checking '/home/artrpelli/HW5_RBE4540/install/robotiq_controllers/bin'
[7.461s] Level 1:colcon.colcon_core.environment:checking '/home/artrpelli/HW5_RBE4540/install/robotiq_controllers/lib/pkgconfig/robotiq_controllers.pc'
[7.464s] Level 1:colcon.colcon_core.environment:checking '/home/artrpelli/HW5_RBE4540/install/robotiq_controllers/lib/python3.12/site-packages'
[7.465s] Level 1:colcon.colcon_core.environment:checking '/home/artrpelli/HW5_RBE4540/install/robotiq_controllers/bin'
[7.465s] INFO:colcon.colcon_core.shell:Creating package script '/home/artrpelli/HW5_RBE4540/install/robotiq_controllers/share/robotiq_controllers/package.ps1'
[7.467s] INFO:colcon.colcon_core.shell:Creating package descriptor '/home/artrpelli/HW5_RBE4540/install/robotiq_controllers/share/robotiq_controllers/package.dsv'
[7.471s] INFO:colcon.colcon_core.shell:Creating package script '/home/artrpelli/HW5_RBE4540/install/robotiq_controllers/share/robotiq_controllers/package.sh'
[7.471s] INFO:colcon.colcon_core.shell:Creating package script '/home/artrpelli/HW5_RBE4540/install/robotiq_controllers/share/robotiq_controllers/package.bash'
[7.472s] INFO:colcon.colcon_core.shell:Creating package script '/home/artrpelli/HW5_RBE4540/install/robotiq_controllers/share/robotiq_controllers/package.zsh'
[7.476s] Level 1:colcon.colcon_core.environment:create_file_with_runtime_dependencies(/home/artrpelli/HW5_RBE4540/install/robotiq_controllers/share/colcon-core/packages/robotiq_controllers)
[9.955s] DEBUG:colcon.colcon_core.event_handler.log_command:Invoked command in '/home/artrpelli/HW5_RBE4540/build/move_interfaces_merlab' returned '0': CMAKE_PREFIX_PATH=${CMAKE_PREFIX_PATH}:/home/artrpelli/turtlebot3_ws/install/turtlebot3_teleop:/home/artrpelli/turtlebot3_ws/install/turtlebot3_example:/opt/ros/jazzy DEBUGINFOD_URLS=https://debuginfod.ubuntu.com /usr/bin/cmake --build /home/artrpelli/HW5_RBE4540/build/move_interfaces_merlab -- -j8 -l8
[9.956s] DEBUG:colcon.colcon_core.event_handler.log_command:Invoking command in '/home/artrpelli/HW5_RBE4540/build/move_interfaces_merlab': CMAKE_PREFIX_PATH=${CMAKE_PREFIX_PATH}:/home/artrpelli/turtlebot3_ws/install/turtlebot3_teleop:/home/artrpelli/turtlebot3_ws/install/turtlebot3_example:/opt/ros/jazzy DEBUGINFOD_URLS=https://debuginfod.ubuntu.com /usr/bin/cmake --install /home/artrpelli/HW5_RBE4540/build/move_interfaces_merlab
[10.074s] Level 1:colcon.colcon_core.environment:create_environment_scripts_only(move_interfaces_merlab)
[10.074s] Level 1:colcon.colcon_core.environment:checking '/home/artrpelli/HW5_RBE4540/install/move_interfaces_merlab' for CMake module files
[10.075s] DEBUG:colcon.colcon_core.event_handler.log_command:Invoked command in '/home/artrpelli/HW5_RBE4540/build/move_interfaces_merlab' returned '0': CMAKE_PREFIX_PATH=${CMAKE_PREFIX_PATH}:/home/artrpelli/turtlebot3_ws/install/turtlebot3_teleop:/home/artrpelli/turtlebot3_ws/install/turtlebot3_example:/opt/ros/jazzy DEBUGINFOD_URLS=https://debuginfod.ubuntu.com /usr/bin/cmake --install /home/artrpelli/HW5_RBE4540/build/move_interfaces_merlab
[10.076s] Level 1:colcon.colcon_core.environment:checking '/home/artrpelli/HW5_RBE4540/install/move_interfaces_merlab' for CMake config files
[10.076s] Level 1:colcon.colcon_core.shell:create_environment_hook('move_interfaces_merlab', 'cmake_prefix_path')
[10.076s] INFO:colcon.colcon_core.shell:Creating environment hook '/home/artrpelli/HW5_RBE4540/install/move_interfaces_merlab/share/move_interfaces_merlab/hook/cmake_prefix_path.ps1'
[10.077s] INFO:colcon.colcon_core.shell:Creating environment descriptor '/home/artrpelli/HW5_RBE4540/install/move_interfaces_merlab/share/move_interfaces_merlab/hook/cmake_prefix_path.dsv'
[10.077s] INFO:colcon.colcon_core.shell:Creating environment hook '/home/artrpelli/HW5_RBE4540/install/move_interfaces_merlab/share/move_interfaces_merlab/hook/cmake_prefix_path.sh'
[10.078s] Level 1:colcon.colcon_core.environment:checking '/home/artrpelli/HW5_RBE4540/install/move_interfaces_merlab/lib'
[10.078s] Level 1:colcon.colcon_core.shell:create_environment_hook('move_interfaces_merlab', 'ld_library_path_lib')
[10.078s] INFO:colcon.colcon_core.shell:Creating environment hook '/home/artrpelli/HW5_RBE4540/install/move_interfaces_merlab/share/move_interfaces_merlab/hook/ld_library_path_lib.ps1'
[10.079s] INFO:colcon.colcon_core.shell:Creating environment descriptor '/home/artrpelli/HW5_RBE4540/install/move_interfaces_merlab/share/move_interfaces_merlab/hook/ld_library_path_lib.dsv'
[10.079s] INFO:colcon.colcon_core.shell:Creating environment hook '/home/artrpelli/HW5_RBE4540/install/move_interfaces_merlab/share/move_interfaces_merlab/hook/ld_library_path_lib.sh'
[10.079s] Level 1:colcon.colcon_core.environment:checking '/home/artrpelli/HW5_RBE4540/install/move_interfaces_merlab/bin'
[10.080s] Level 1:colcon.colcon_core.environment:checking '/home/artrpelli/HW5_RBE4540/install/move_interfaces_merlab/lib/pkgconfig/move_interfaces_merlab.pc'
[10.080s] Level 1:colcon.colcon_core.environment:checking '/home/artrpelli/HW5_RBE4540/install/move_interfaces_merlab/lib/python3.12/site-packages'
[10.080s] Level 1:colcon.colcon_core.shell:create_environment_hook('move_interfaces_merlab', 'pythonpath')
[10.080s] INFO:colcon.colcon_core.shell:Creating environment hook '/home/artrpelli/HW5_RBE4540/install/move_interfaces_merlab/share/move_interfaces_merlab/hook/pythonpath.ps1'
[10.081s] INFO:colcon.colcon_core.shell:Creating environment descriptor '/home/artrpelli/HW5_RBE4540/install/move_interfaces_merlab/share/move_interfaces_merlab/hook/pythonpath.dsv'
[10.081s] INFO:colcon.colcon_core.shell:Creating environment hook '/home/artrpelli/HW5_RBE4540/install/move_interfaces_merlab/share/move_interfaces_merlab/hook/pythonpath.sh'
[10.082s] Level 1:colcon.colcon_core.environment:checking '/home/artrpelli/HW5_RBE4540/install/move_interfaces_merlab/bin'
[10.082s] INFO:colcon.colcon_core.shell:Creating package script '/home/artrpelli/HW5_RBE4540/install/move_interfaces_merlab/share/move_interfaces_merlab/package.ps1'
[10.083s] INFO:colcon.colcon_core.shell:Creating package descriptor '/home/artrpelli/HW5_RBE4540/install/move_interfaces_merlab/share/move_interfaces_merlab/package.dsv'
[10.084s] INFO:colcon.colcon_core.shell:Creating package script '/home/artrpelli/HW5_RBE4540/install/move_interfaces_merlab/share/move_interfaces_merlab/package.sh'
[10.084s] INFO:colcon.colcon_core.shell:Creating package script '/home/artrpelli/HW5_RBE4540/install/move_interfaces_merlab/share/move_interfaces_merlab/package.bash'
[10.085s] INFO:colcon.colcon_core.shell:Creating package script '/home/artrpelli/HW5_RBE4540/install/move_interfaces_merlab/share/move_interfaces_merlab/package.zsh'
[10.085s] Level 1:colcon.colcon_core.environment:create_file_with_runtime_dependencies(/home/artrpelli/HW5_RBE4540/install/move_interfaces_merlab/share/colcon-core/packages/move_interfaces_merlab)
[10.086s] Level 1:colcon.colcon_core.environment:create_environment_scripts_only(move_interfaces_merlab)
[10.086s] Level 1:colcon.colcon_core.environment:checking '/home/artrpelli/HW5_RBE4540/install/move_interfaces_merlab' for CMake module files
[10.087s] Level 1:colcon.colcon_core.environment:checking '/home/artrpelli/HW5_RBE4540/install/move_interfaces_merlab' for CMake config files
[10.087s] Level 1:colcon.colcon_core.shell:create_environment_hook('move_interfaces_merlab', 'cmake_prefix_path')
[10.087s] INFO:colcon.colcon_core.shell:Creating environment hook '/home/artrpelli/HW5_RBE4540/install/move_interfaces_merlab/share/move_interfaces_merlab/hook/cmake_prefix_path.ps1'
[10.088s] INFO:colcon.colcon_core.shell:Creating environment descriptor '/home/artrpelli/HW5_RBE4540/install/move_interfaces_merlab/share/move_interfaces_merlab/hook/cmake_prefix_path.dsv'
[10.088s] INFO:colcon.colcon_core.shell:Creating environment hook '/home/artrpelli/HW5_RBE4540/install/move_interfaces_merlab/share/move_interfaces_merlab/hook/cmake_prefix_path.sh'
[10.089s] Level 1:colcon.colcon_core.environment:checking '/home/artrpelli/HW5_RBE4540/install/move_interfaces_merlab/lib'
[10.089s] Level 1:colcon.colcon_core.shell:create_environment_hook('move_interfaces_merlab', 'ld_library_path_lib')
[10.089s] INFO:colcon.colcon_core.shell:Creating environment hook '/home/artrpelli/HW5_RBE4540/install/move_interfaces_merlab/share/move_interfaces_merlab/hook/ld_library_path_lib.ps1'
[10.090s] INFO:colcon.colcon_core.shell:Creating environment descriptor '/home/artrpelli/HW5_RBE4540/install/move_interfaces_merlab/share/move_interfaces_merlab/hook/ld_library_path_lib.dsv'
[10.090s] INFO:colcon.colcon_core.shell:Creating environment hook '/home/artrpelli/HW5_RBE4540/install/move_interfaces_merlab/share/move_interfaces_merlab/hook/ld_library_path_lib.sh'
[10.091s] Level 1:colcon.colcon_core.environment:checking '/home/artrpelli/HW5_RBE4540/install/move_interfaces_merlab/bin'
[10.091s] Level 1:colcon.colcon_core.environment:checking '/home/artrpelli/HW5_RBE4540/install/move_interfaces_merlab/lib/pkgconfig/move_interfaces_merlab.pc'
[10.092s] Level 1:colcon.colcon_core.environment:checking '/home/artrpelli/HW5_RBE4540/install/move_interfaces_merlab/lib/python3.12/site-packages'
[10.092s] Level 1:colcon.colcon_core.shell:create_environment_hook('move_interfaces_merlab', 'pythonpath')
[10.092s] INFO:colcon.colcon_core.shell:Creating environment hook '/home/artrpelli/HW5_RBE4540/install/move_interfaces_merlab/share/move_interfaces_merlab/hook/pythonpath.ps1'
[10.093s] INFO:colcon.colcon_core.shell:Creating environment descriptor '/home/artrpelli/HW5_RBE4540/install/move_interfaces_merlab/share/move_interfaces_merlab/hook/pythonpath.dsv'
[10.093s] INFO:colcon.colcon_core.shell:Creating environment hook '/home/artrpelli/HW5_RBE4540/install/move_interfaces_merlab/share/move_interfaces_merlab/hook/pythonpath.sh'
[10.094s] Level 1:colcon.colcon_core.environment:checking '/home/artrpelli/HW5_RBE4540/install/move_interfaces_merlab/bin'
[10.094s] INFO:colcon.colcon_core.shell:Creating package script '/home/artrpelli/HW5_RBE4540/install/move_interfaces_merlab/share/move_interfaces_merlab/package.ps1'
[10.095s] INFO:colcon.colcon_core.shell:Creating package descriptor '/home/artrpelli/HW5_RBE4540/install/move_interfaces_merlab/share/move_interfaces_merlab/package.dsv'
[10.096s] INFO:colcon.colcon_core.shell:Creating package script '/home/artrpelli/HW5_RBE4540/install/move_interfaces_merlab/share/move_interfaces_merlab/package.sh'
[10.097s] INFO:colcon.colcon_core.shell:Creating package script '/home/artrpelli/HW5_RBE4540/install/move_interfaces_merlab/share/move_interfaces_merlab/package.bash'
[10.097s] INFO:colcon.colcon_core.shell:Creating package script '/home/artrpelli/HW5_RBE4540/install/move_interfaces_merlab/share/move_interfaces_merlab/package.zsh'
[10.098s] Level 1:colcon.colcon_core.environment:create_file_with_runtime_dependencies(/home/artrpelli/HW5_RBE4540/install/move_interfaces_merlab/share/colcon-core/packages/move_interfaces_merlab)
[10.098s] DEBUG:colcon.colcon_parallel_executor.executor.parallel:closing loop
[10.099s] DEBUG:colcon.colcon_parallel_executor.executor.parallel:loop closed
[10.099s] DEBUG:colcon.colcon_parallel_executor.executor.parallel:run_until_complete finished with '0'
[10.099s] DEBUG:colcon.colcon_core.event_reactor:joining thread
[10.107s] INFO:colcon.colcon_core.plugin_system:Skipping extension 'colcon_notification.desktop_notification.terminal_notifier': Not used on non-Darwin systems
[10.107s] INFO:colcon.colcon_core.plugin_system:Skipping extension 'colcon_notification.desktop_notification.win32': Not used on non-Windows systems
[10.108s] INFO:colcon.colcon_notification.desktop_notification:Sending desktop notification using 'notify2'
[10.130s] DEBUG:colcon.colcon_core.event_reactor:joined thread
[10.131s] INFO:colcon.colcon_core.shell:Creating prefix script '/home/artrpelli/HW5_RBE4540/install/local_setup.ps1'
[10.133s] INFO:colcon.colcon_core.shell:Creating prefix util module '/home/artrpelli/HW5_RBE4540/install/_local_setup_util_ps1.py'
[10.135s] INFO:colcon.colcon_core.shell:Creating prefix chain script '/home/artrpelli/HW5_RBE4540/install/setup.ps1'
[10.138s] INFO:colcon.colcon_core.shell:Creating prefix script '/home/artrpelli/HW5_RBE4540/install/local_setup.sh'
[10.139s] INFO:colcon.colcon_core.shell:Creating prefix util module '/home/artrpelli/HW5_RBE4540/install/_local_setup_util_sh.py'
[10.140s] INFO:colcon.colcon_core.shell:Creating prefix chain script '/home/artrpelli/HW5_RBE4540/install/setup.sh'
[10.143s] INFO:colcon.colcon_core.shell:Creating prefix script '/home/artrpelli/HW5_RBE4540/install/local_setup.bash'
[10.143s] INFO:colcon.colcon_core.shell:Creating prefix chain script '/home/artrpelli/HW5_RBE4540/install/setup.bash'
[10.146s] INFO:colcon.colcon_core.shell:Creating prefix script '/home/artrpelli/HW5_RBE4540/install/local_setup.zsh'
[10.147s] INFO:colcon.colcon_core.shell:Creating prefix chain script '/home/artrpelli/HW5_RBE4540/install/setup.zsh'
