[0.160s] DEBUG:colcon:Command line arguments: ['/usr/bin/colcon', 'build']
[0.160s] DEBUG:colcon:Parsed command line arguments: Namespace(log_base=None, log_level=None, verb_name='build', build_base='build', install_base='install', merge_install=False, symlink_install=False, test_result_base=None, continue_on_error=False, executor='parallel', parallel_workers=8, event_handlers=None, ignore_user_meta=False, metas=['./colcon.meta'], base_paths=['.'], packages_ignore=None, packages_ignore_regex=None, paths=None, packages_up_to=None, packages_up_to_regex=None, packages_above=None, packages_above_and_dependencies=None, packages_above_depth=None, packages_select_by_dep=None, packages_skip_by_dep=None, packages_skip_up_to=None, packages_select_build_failed=False, packages_skip_build_finished=False, packages_select_test_failures=False, packages_skip_test_passed=False, packages_select=None, packages_skip=None, packages_select_regex=None, packages_skip_regex=None, packages_start=None, packages_end=None, allow_overriding=[], cmake_args=None, cmake_target=None, cmake_target_skip_unavailable=False, cmake_clean_cache=False, cmake_clean_first=False, cmake_force_configure=False, ament_cmake_args=None, catkin_cmake_args=None, catkin_skip_building_tests=False, mixin_files=None, mixin=None, verb_parser=<colcon_mixin.mixin.mixin_argument.MixinArgumentDecorator object at 0x7cd20ac29220>, verb_extension=<colcon_core.verb.build.BuildVerb object at 0x7cd20acba630>, main=<bound method BuildVerb.main of <colcon_core.verb.build.BuildVerb object at 0x7cd20acba630>>, mixin_verb=('build',))
[0.201s] Level 1:colcon.colcon_core.package_discovery:discover_packages(colcon_meta) check parameters
[0.201s] Level 1:colcon.colcon_core.package_discovery:discover_packages(recursive) check parameters
[0.201s] Level 1:colcon.colcon_core.package_discovery:discover_packages(ignore) check parameters
[0.201s] Level 1:colcon.colcon_core.package_discovery:discover_packages(path) check parameters
[0.201s] Level 1:colcon.colcon_core.package_discovery:discover_packages(colcon_meta) discover
[0.201s] Level 1:colcon.colcon_core.package_discovery:discover_packages(recursive) discover
[0.201s] INFO:colcon.colcon_core.package_discovery:Crawling recursively for packages in '/home/artrpelli/HW5_RBE4540'
[0.201s] Level 1:colcon.colcon_core.package_identification:_identify(.) by extensions ['ignore', 'ignore_ament_install']
[0.201s] Level 1:colcon.colcon_core.package_identification:_identify(.) by extension 'ignore'
[0.202s] Level 1:colcon.colcon_core.package_identification:_identify(.) by extension 'ignore_ament_install'
[0.202s] Level 1:colcon.colcon_core.package_identification:_identify(.) by extensions ['colcon_pkg']
[0.202s] Level 1:colcon.colcon_core.package_identification:_identify(.) by extension 'colcon_pkg'
[0.202s] Level 1:colcon.colcon_core.package_identification:_identify(.) by extensions ['colcon_meta']
[0.202s] Level 1:colcon.colcon_core.package_identification:_identify(.) by extension 'colcon_meta'
[0.202s] Level 1:colcon.colcon_core.package_identification:_identify(.) by extensions ['ros']
[0.202s] Level 1:colcon.colcon_core.package_identification:_identify(.) by extension 'ros'
[0.224s] Level 1:colcon.colcon_core.package_identification:_identify(.) by extensions ['cmake', 'python']
[0.224s] Level 1:colcon.colcon_core.package_identification:_identify(.) by extension 'cmake'
[0.224s] Level 1:colcon.colcon_core.package_identification:_identify(.) by extension 'python'
[0.224s] Level 1:colcon.colcon_core.package_identification:_identify(.) by extensions ['python_setup_py']
[0.224s] Level 1:colcon.colcon_core.package_identification:_identify(.) by extension 'python_setup_py'
[0.224s] Level 1:colcon.colcon_core.package_identification:_identify(build) by extensions ['ignore', 'ignore_ament_install']
[0.224s] Level 1:colcon.colcon_core.package_identification:_identify(build) by extension 'ignore'
[0.224s] Level 1:colcon.colcon_core.package_identification:_identify(build) ignored
[0.224s] Level 1:colcon.colcon_core.package_identification:_identify(hover_above) by extensions ['ignore', 'ignore_ament_install']
[0.224s] Level 1:colcon.colcon_core.package_identification:_identify(hover_above) by extension 'ignore'
[0.225s] Level 1:colcon.colcon_core.package_identification:_identify(hover_above) by extension 'ignore_ament_install'
[0.225s] Level 1:colcon.colcon_core.package_identification:_identify(hover_above) by extensions ['colcon_pkg']
[0.225s] Level 1:colcon.colcon_core.package_identification:_identify(hover_above) by extension 'colcon_pkg'
[0.225s] Level 1:colcon.colcon_core.package_identification:_identify(hover_above) by extensions ['colcon_meta']
[0.225s] Level 1:colcon.colcon_core.package_identification:_identify(hover_above) by extension 'colcon_meta'
[0.225s] Level 1:colcon.colcon_core.package_identification:_identify(hover_above) by extensions ['ros']
[0.225s] Level 1:colcon.colcon_core.package_identification:_identify(hover_above) by extension 'ros'
[0.227s] DEBUG:colcon.colcon_core.package_identification:Package 'hover_above' with type 'ros.ament_python' and name 'hover_above'
[0.227s] Level 1:colcon.colcon_core.package_identification:_identify(install) by extensions ['ignore', 'ignore_ament_install']
[0.227s] Level 1:colcon.colcon_core.package_identification:_identify(install) by extension 'ignore'
[0.227s] Level 1:colcon.colcon_core.package_identification:_identify(install) ignored
[0.227s] Level 1:colcon.colcon_core.package_identification:_identify(log) by extensions ['ignore', 'ignore_ament_install']
[0.227s] Level 1:colcon.colcon_core.package_identification:_identify(log) by extension 'ignore'
[0.227s] Level 1:colcon.colcon_core.package_identification:_identify(log) ignored
[0.227s] Level 1:colcon.colcon_core.package_identification:_identify(move_interfaces_merlab) by extensions ['ignore', 'ignore_ament_install']
[0.227s] Level 1:colcon.colcon_core.package_identification:_identify(move_interfaces_merlab) by extension 'ignore'
[0.227s] Level 1:colcon.colcon_core.package_identification:_identify(move_interfaces_merlab) by extension 'ignore_ament_install'
[0.228s] Level 1:colcon.colcon_core.package_identification:_identify(move_interfaces_merlab) by extensions ['colcon_pkg']
[0.228s] Level 1:colcon.colcon_core.package_identification:_identify(move_interfaces_merlab) by extension 'colcon_pkg'
[0.228s] Level 1:colcon.colcon_core.package_identification:_identify(move_interfaces_merlab) by extensions ['colcon_meta']
[0.228s] Level 1:colcon.colcon_core.package_identification:_identify(move_interfaces_merlab) by extension 'colcon_meta'
[0.228s] Level 1:colcon.colcon_core.package_identification:_identify(move_interfaces_merlab) by extensions ['ros']
[0.228s] Level 1:colcon.colcon_core.package_identification:_identify(move_interfaces_merlab) by extension 'ros'
[0.228s] DEBUG:colcon.colcon_core.package_identification:Package 'move_interfaces_merlab' with type 'ros.ament_cmake' and name 'move_interfaces_merlab'
[0.228s] Level 1:colcon.colcon_core.package_identification:_identify(ros2_robotiq_gripper) by extensions ['ignore', 'ignore_ament_install']
[0.228s] Level 1:colcon.colcon_core.package_identification:_identify(ros2_robotiq_gripper) by extension 'ignore'
[0.228s] Level 1:colcon.colcon_core.package_identification:_identify(ros2_robotiq_gripper) by extension 'ignore_ament_install'
[0.228s] Level 1:colcon.colcon_core.package_identification:_identify(ros2_robotiq_gripper) by extensions ['colcon_pkg']
[0.228s] Level 1:colcon.colcon_core.package_identification:_identify(ros2_robotiq_gripper) by extension 'colcon_pkg'
[0.228s] Level 1:colcon.colcon_core.package_identification:_identify(ros2_robotiq_gripper) by extensions ['colcon_meta']
[0.228s] Level 1:colcon.colcon_core.package_identification:_identify(ros2_robotiq_gripper) by extension 'colcon_meta'
[0.228s] Level 1:colcon.colcon_core.package_identification:_identify(ros2_robotiq_gripper) by extensions ['ros']
[0.228s] Level 1:colcon.colcon_core.package_identification:_identify(ros2_robotiq_gripper) by extension 'ros'
[0.228s] Level 1:colcon.colcon_core.package_identification:_identify(ros2_robotiq_gripper) by extensions ['cmake', 'python']
[0.228s] Level 1:colcon.colcon_core.package_identification:_identify(ros2_robotiq_gripper) by extension 'cmake'
[0.229s] Level 1:colcon.colcon_core.package_identification:_identify(ros2_robotiq_gripper) by extension 'python'
[0.229s] Level 1:colcon.colcon_core.package_identification:_identify(ros2_robotiq_gripper) by extensions ['python_setup_py']
[0.229s] Level 1:colcon.colcon_core.package_identification:_identify(ros2_robotiq_gripper) by extension 'python_setup_py'
[0.229s] Level 1:colcon.colcon_core.package_identification:_identify(ros2_robotiq_gripper/build) by extensions ['ignore', 'ignore_ament_install']
[0.229s] Level 1:colcon.colcon_core.package_identification:_identify(ros2_robotiq_gripper/build) by extension 'ignore'
[0.229s] Level 1:colcon.colcon_core.package_identification:_identify(ros2_robotiq_gripper/build) ignored
[0.229s] Level 1:colcon.colcon_core.package_identification:_identify(ros2_robotiq_gripper/install) by extensions ['ignore', 'ignore_ament_install']
[0.229s] Level 1:colcon.colcon_core.package_identification:_identify(ros2_robotiq_gripper/install) by extension 'ignore'
[0.229s] Level 1:colcon.colcon_core.package_identification:_identify(ros2_robotiq_gripper/install) ignored
[0.229s] Level 1:colcon.colcon_core.package_identification:_identify(ros2_robotiq_gripper/log) by extensions ['ignore', 'ignore_ament_install']
[0.229s] Level 1:colcon.colcon_core.package_identification:_identify(ros2_robotiq_gripper/log) by extension 'ignore'
[0.229s] Level 1:colcon.colcon_core.package_identification:_identify(ros2_robotiq_gripper/log) ignored
[0.229s] Level 1:colcon.colcon_core.package_identification:_identify(ros2_robotiq_gripper/robotiq_controllers) by extensions ['ignore', 'ignore_ament_install']
[0.229s] Level 1:colcon.colcon_core.package_identification:_identify(ros2_robotiq_gripper/robotiq_controllers) by extension 'ignore'
[0.229s] Level 1:colcon.colcon_core.package_identification:_identify(ros2_robotiq_gripper/robotiq_controllers) by extension 'ignore_ament_install'
[0.229s] Level 1:colcon.colcon_core.package_identification:_identify(ros2_robotiq_gripper/robotiq_controllers) by extensions ['colcon_pkg']
[0.229s] Level 1:colcon.colcon_core.package_identification:_identify(ros2_robotiq_gripper/robotiq_controllers) by extension 'colcon_pkg'
[0.229s] Level 1:colcon.colcon_core.package_identification:_identify(ros2_robotiq_gripper/robotiq_controllers) by extensions ['colcon_meta']
[0.229s] Level 1:colcon.colcon_core.package_identification:_identify(ros2_robotiq_gripper/robotiq_controllers) by extension 'colcon_meta'
[0.229s] Level 1:colcon.colcon_core.package_identification:_identify(ros2_robotiq_gripper/robotiq_controllers) by extensions ['ros']
[0.229s] Level 1:colcon.colcon_core.package_identification:_identify(ros2_robotiq_gripper/robotiq_controllers) by extension 'ros'
[0.230s] DEBUG:colcon.colcon_core.package_identification:Package 'ros2_robotiq_gripper/robotiq_controllers' with type 'ros.ament_cmake' and name 'robotiq_controllers'
[0.230s] Level 1:colcon.colcon_core.package_identification:_identify(ros2_robotiq_gripper/robotiq_description) by extensions ['ignore', 'ignore_ament_install']
[0.230s] Level 1:colcon.colcon_core.package_identification:_identify(ros2_robotiq_gripper/robotiq_description) by extension 'ignore'
[0.230s] Level 1:colcon.colcon_core.package_identification:_identify(ros2_robotiq_gripper/robotiq_description) by extension 'ignore_ament_install'
[0.230s] Level 1:colcon.colcon_core.package_identification:_identify(ros2_robotiq_gripper/robotiq_description) by extensions ['colcon_pkg']
[0.230s] Level 1:colcon.colcon_core.package_identification:_identify(ros2_robotiq_gripper/robotiq_description) by extension 'colcon_pkg'
[0.230s] Level 1:colcon.colcon_core.package_identification:_identify(ros2_robotiq_gripper/robotiq_description) by extensions ['colcon_meta']
[0.230s] Level 1:colcon.colcon_core.package_identification:_identify(ros2_robotiq_gripper/robotiq_description) by extension 'colcon_meta'
[0.230s] Level 1:colcon.colcon_core.package_identification:_identify(ros2_robotiq_gripper/robotiq_description) by extensions ['ros']
[0.230s] Level 1:colcon.colcon_core.package_identification:_identify(ros2_robotiq_gripper/robotiq_description) by extension 'ros'
[0.231s] DEBUG:colcon.colcon_core.package_identification:Package 'ros2_robotiq_gripper/robotiq_description' with type 'ros.ament_cmake' and name 'robotiq_description'
[0.231s] Level 1:colcon.colcon_core.package_discovery:discover_packages(recursive) using defaults
[0.231s] Level 1:colcon.colcon_core.package_discovery:discover_packages(ignore) discover
[0.231s] Level 1:colcon.colcon_core.package_discovery:discover_packages(ignore) using defaults
[0.231s] Level 1:colcon.colcon_core.package_discovery:discover_packages(path) discover
[0.231s] Level 1:colcon.colcon_core.package_discovery:discover_packages(path) using defaults
[0.248s] Level 1:colcon.colcon_core.package_discovery:discover_packages(prefix_path) check parameters
[0.248s] Level 1:colcon.colcon_core.package_discovery:discover_packages(prefix_path) discover
[0.258s] DEBUG:colcon.colcon_installed_package_information.package_discovery:Found 2 installed packages in /home/artrpelli/rbe4540_ws/install
[0.259s] DEBUG:colcon.colcon_installed_package_information.package_discovery:Found 6 installed packages in /home/artrpelli/ros2_ws/install
[0.259s] DEBUG:colcon.colcon_installed_package_information.package_discovery:Found 15 installed packages in /home/artrpelli/turtlebot3_ws/install
[0.261s] DEBUG:colcon.colcon_installed_package_information.package_discovery:Found 484 installed packages in /opt/ros/jazzy
[0.263s] Level 1:colcon.colcon_core.package_discovery:discover_packages(prefix_path) using defaults
[0.414s] Level 5:colcon.colcon_core.verb:set package 'hover_above' build argument 'cmake_args' from command line to 'None'
[0.414s] Level 5:colcon.colcon_core.verb:set package 'hover_above' build argument 'cmake_target' from command line to 'None'
[0.414s] Level 5:colcon.colcon_core.verb:set package 'hover_above' build argument 'cmake_target_skip_unavailable' from command line to 'False'
[0.414s] Level 5:colcon.colcon_core.verb:set package 'hover_above' build argument 'cmake_clean_cache' from command line to 'False'
[0.414s] Level 5:colcon.colcon_core.verb:set package 'hover_above' build argument 'cmake_clean_first' from command line to 'False'
[0.414s] Level 5:colcon.colcon_core.verb:set package 'hover_above' build argument 'cmake_force_configure' from command line to 'False'
[0.414s] Level 5:colcon.colcon_core.verb:set package 'hover_above' build argument 'ament_cmake_args' from command line to 'None'
[0.414s] Level 5:colcon.colcon_core.verb:set package 'hover_above' build argument 'catkin_cmake_args' from command line to 'None'
[0.414s] Level 5:colcon.colcon_core.verb:set package 'hover_above' build argument 'catkin_skip_building_tests' from command line to 'False'
[0.414s] DEBUG:colcon.colcon_core.verb:Building package 'hover_above' with the following arguments: {'ament_cmake_args': None, 'build_base': '/home/artrpelli/HW5_RBE4540/build/hover_above', 'catkin_cmake_args': None, 'catkin_skip_building_tests': False, 'cmake_args': None, 'cmake_clean_cache': False, 'cmake_clean_first': False, 'cmake_force_configure': False, 'cmake_target': None, 'cmake_target_skip_unavailable': False, 'install_base': '/home/artrpelli/HW5_RBE4540/install/hover_above', 'merge_install': False, 'path': '/home/artrpelli/HW5_RBE4540/hover_above', 'symlink_install': False, 'test_result_base': None}
[0.414s] Level 5:colcon.colcon_core.verb:set package 'move_interfaces_merlab' build argument 'cmake_args' from command line to 'None'
[0.414s] Level 5:colcon.colcon_core.verb:set package 'move_interfaces_merlab' build argument 'cmake_target' from command line to 'None'
[0.414s] Level 5:colcon.colcon_core.verb:set package 'move_interfaces_merlab' build argument 'cmake_target_skip_unavailable' from command line to 'False'
[0.414s] Level 5:colcon.colcon_core.verb:set package 'move_interfaces_merlab' build argument 'cmake_clean_cache' from command line to 'False'
[0.414s] Level 5:colcon.colcon_core.verb:set package 'move_interfaces_merlab' build argument 'cmake_clean_first' from command line to 'False'
[0.414s] Level 5:colcon.colcon_core.verb:set package 'move_interfaces_merlab' build argument 'cmake_force_configure' from command line to 'False'
[0.414s] Level 5:colcon.colcon_core.verb:set package 'move_interfaces_merlab' build argument 'ament_cmake_args' from command line to 'None'
[0.414s] Level 5:colcon.colcon_core.verb:set package 'move_interfaces_merlab' build argument 'catkin_cmake_args' from command line to 'None'
[0.414s] Level 5:colcon.colcon_core.verb:set package 'move_interfaces_merlab' build argument 'catkin_skip_building_tests' from command line to 'False'
[0.414s] DEBUG:colcon.colcon_core.verb:Building package 'move_interfaces_merlab' with the following arguments: {'ament_cmake_args': None, 'build_base': '/home/artrpelli/HW5_RBE4540/build/move_interfaces_merlab', 'catkin_cmake_args': None, 'catkin_skip_building_tests': False, 'cmake_args': None, 'cmake_clean_cache': False, 'cmake_clean_first': False, 'cmake_force_configure': False, 'cmake_target': None, 'cmake_target_skip_unavailable': False, 'install_base': '/home/artrpelli/HW5_RBE4540/install/move_interfaces_merlab', 'merge_install': False, 'path': '/home/artrpelli/HW5_RBE4540/move_interfaces_merlab', 'symlink_install': False, 'test_result_base': None}
[0.415s] Level 5:colcon.colcon_core.verb:set package 'robotiq_controllers' build argument 'cmake_args' from command line to 'None'
[0.415s] Level 5:colcon.colcon_core.verb:set package 'robotiq_controllers' build argument 'cmake_target' from command line to 'None'
[0.415s] Level 5:colcon.colcon_core.verb:set package 'robotiq_controllers' build argument 'cmake_target_skip_unavailable' from command line to 'False'
[0.415s] Level 5:colcon.colcon_core.verb:set package 'robotiq_controllers' build argument 'cmake_clean_cache' from command line to 'False'
[0.415s] Level 5:colcon.colcon_core.verb:set package 'robotiq_controllers' build argument 'cmake_clean_first' from command line to 'False'
[0.415s] Level 5:colcon.colcon_core.verb:set package 'robotiq_controllers' build argument 'cmake_force_configure' from command line to 'False'
[0.415s] Level 5:colcon.colcon_core.verb:set package 'robotiq_controllers' build argument 'ament_cmake_args' from command line to 'None'
[0.415s] Level 5:colcon.colcon_core.verb:set package 'robotiq_controllers' build argument 'catkin_cmake_args' from command line to 'None'
[0.415s] Level 5:colcon.colcon_core.verb:set package 'robotiq_controllers' build argument 'catkin_skip_building_tests' from command line to 'False'
[0.415s] DEBUG:colcon.colcon_core.verb:Building package 'robotiq_controllers' with the following arguments: {'ament_cmake_args': None, 'build_base': '/home/artrpelli/HW5_RBE4540/build/robotiq_controllers', 'catkin_cmake_args': None, 'catkin_skip_building_tests': False, 'cmake_args': None, 'cmake_clean_cache': False, 'cmake_clean_first': False, 'cmake_force_configure': False, 'cmake_target': None, 'cmake_target_skip_unavailable': False, 'install_base': '/home/artrpelli/HW5_RBE4540/install/robotiq_controllers', 'merge_install': False, 'path': '/home/artrpelli/HW5_RBE4540/ros2_robotiq_gripper/robotiq_controllers', 'symlink_install': False, 'test_result_base': None}
[0.415s] Level 5:colcon.colcon_core.verb:set package 'robotiq_description' build argument 'cmake_args' from command line to 'None'
[0.415s] Level 5:colcon.colcon_core.verb:set package 'robotiq_description' build argument 'cmake_target' from command line to 'None'
[0.415s] Level 5:colcon.colcon_core.verb:set package 'robotiq_description' build argument 'cmake_target_skip_unavailable' from command line to 'False'
[0.415s] Level 5:colcon.colcon_core.verb:set package 'robotiq_description' build argument 'cmake_clean_cache' from command line to 'False'
[0.415s] Level 5:colcon.colcon_core.verb:set package 'robotiq_description' build argument 'cmake_clean_first' from command line to 'False'
[0.415s] Level 5:colcon.colcon_core.verb:set package 'robotiq_description' build argument 'cmake_force_configure' from command line to 'False'
[0.415s] Level 5:colcon.colcon_core.verb:set package 'robotiq_description' build argument 'ament_cmake_args' from command line to 'None'
[0.415s] Level 5:colcon.colcon_core.verb:set package 'robotiq_description' build argument 'catkin_cmake_args' from command line to 'None'
[0.415s] Level 5:colcon.colcon_core.verb:set package 'robotiq_description' build argument 'catkin_skip_building_tests' from command line to 'False'
[0.415s] DEBUG:colcon.colcon_core.verb:Building package 'robotiq_description' with the following arguments: {'ament_cmake_args': None, 'build_base': '/home/artrpelli/HW5_RBE4540/build/robotiq_description', 'catkin_cmake_args': None, 'catkin_skip_building_tests': False, 'cmake_args': None, 'cmake_clean_cache': False, 'cmake_clean_first': False, 'cmake_force_configure': False, 'cmake_target': None, 'cmake_target_skip_unavailable': False, 'install_base': '/home/artrpelli/HW5_RBE4540/install/robotiq_description', 'merge_install': False, 'path': '/home/artrpelli/HW5_RBE4540/ros2_robotiq_gripper/robotiq_description', 'symlink_install': False, 'test_result_base': None}
[0.415s] INFO:colcon.colcon_core.executor:Executing jobs using 'parallel' executor
[0.416s] DEBUG:colcon.colcon_parallel_executor.executor.parallel:run_until_complete
[0.416s] INFO:colcon.colcon_ros.task.ament_python.build:Building ROS package in '/home/artrpelli/HW5_RBE4540/hover_above' with build type 'ament_python'
[0.416s] Level 1:colcon.colcon_core.shell:create_environment_hook('hover_above', 'ament_prefix_path')
[0.419s] INFO:colcon.colcon_core.plugin_system:Skipping extension 'colcon_core.shell.bat': Not used on non-Windows systems
[0.419s] INFO:colcon.colcon_core.shell:Creating environment hook '/home/artrpelli/HW5_RBE4540/install/hover_above/share/hover_above/hook/ament_prefix_path.ps1'
[0.420s] INFO:colcon.colcon_core.shell:Creating environment descriptor '/home/artrpelli/HW5_RBE4540/install/hover_above/share/hover_above/hook/ament_prefix_path.dsv'
[0.420s] INFO:colcon.colcon_core.shell:Creating environment hook '/home/artrpelli/HW5_RBE4540/install/hover_above/share/hover_above/hook/ament_prefix_path.sh'
[0.421s] INFO:colcon.colcon_core.shell:Skip shell extension 'powershell' for command environment: Not usable outside of PowerShell
[0.421s] DEBUG:colcon.colcon_core.shell:Skip shell extension 'dsv' for command environment
[0.425s] INFO:colcon.colcon_ros.task.ament_cmake.build:Building ROS package in '/home/artrpelli/HW5_RBE4540/move_interfaces_merlab' with build type 'ament_cmake'
[0.425s] INFO:colcon.colcon_cmake.task.cmake.build:Building CMake package in '/home/artrpelli/HW5_RBE4540/move_interfaces_merlab'
[0.426s] INFO:colcon.colcon_core.shell:Skip shell extension 'powershell' for command environment: Not usable outside of PowerShell
[0.426s] DEBUG:colcon.colcon_core.shell:Skip shell extension 'dsv' for command environment
[0.430s] INFO:colcon.colcon_ros.task.ament_cmake.build:Building ROS package in '/home/artrpelli/HW5_RBE4540/ros2_robotiq_gripper/robotiq_controllers' with build type 'ament_cmake'
[0.430s] INFO:colcon.colcon_cmake.task.cmake.build:Building CMake package in '/home/artrpelli/HW5_RBE4540/ros2_robotiq_gripper/robotiq_controllers'
[0.430s] INFO:colcon.colcon_core.shell:Skip shell extension 'powershell' for command environment: Not usable outside of PowerShell
[0.430s] DEBUG:colcon.colcon_core.shell:Skip shell extension 'dsv' for command environment
[0.434s] INFO:colcon.colcon_ros.task.ament_cmake.build:Building ROS package in '/home/artrpelli/HW5_RBE4540/ros2_robotiq_gripper/robotiq_description' with build type 'ament_cmake'
[0.434s] INFO:colcon.colcon_cmake.task.cmake.build:Building CMake package in '/home/artrpelli/HW5_RBE4540/ros2_robotiq_gripper/robotiq_description'
[0.434s] INFO:colcon.colcon_core.shell:Skip shell extension 'powershell' for command environment: Not usable outside of PowerShell
[0.434s] DEBUG:colcon.colcon_core.shell:Skip shell extension 'dsv' for command environment
[0.595s] INFO:colcon.colcon_core.task.python.build:Building Python package in '/home/artrpelli/HW5_RBE4540/hover_above'
[0.596s] INFO:colcon.colcon_core.shell:Skip shell extension 'powershell' for command environment: Not usable outside of PowerShell
[0.596s] DEBUG:colcon.colcon_core.shell:Skip shell extension 'dsv' for command environment
[0.603s] DEBUG:colcon.colcon_core.event_handler.log_command:Invoking command in '/home/artrpelli/HW5_RBE4540/build/move_interfaces_merlab': CMAKE_PREFIX_PATH=${CMAKE_PREFIX_PATH}:/home/artrpelli/turtlebot3_ws/install/turtlebot3_teleop:/home/artrpelli/turtlebot3_ws/install/turtlebot3_example:/opt/ros/jazzy DEBUGINFOD_URLS=https://debuginfod.ubuntu.com /usr/bin/cmake --build /home/artrpelli/HW5_RBE4540/build/move_interfaces_merlab -- -j8 -l8
[0.605s] DEBUG:colcon.colcon_core.event_handler.log_command:Invoking command in '/home/artrpelli/HW5_RBE4540/build/robotiq_controllers': CMAKE_PREFIX_PATH=${CMAKE_PREFIX_PATH}:/home/artrpelli/turtlebot3_ws/install/turtlebot3_teleop:/home/artrpelli/turtlebot3_ws/install/turtlebot3_example:/opt/ros/jazzy DEBUGINFOD_URLS=https://debuginfod.ubuntu.com /usr/bin/cmake --build /home/artrpelli/HW5_RBE4540/build/robotiq_controllers -- -j8 -l8
[0.609s] DEBUG:colcon.colcon_core.event_handler.log_command:Invoking command in '/home/artrpelli/HW5_RBE4540/build/robotiq_description': CMAKE_PREFIX_PATH=${CMAKE_PREFIX_PATH}:/home/artrpelli/turtlebot3_ws/install/turtlebot3_teleop:/home/artrpelli/turtlebot3_ws/install/turtlebot3_example:/opt/ros/jazzy DEBUGINFOD_URLS=https://debuginfod.ubuntu.com /usr/bin/cmake --build /home/artrpelli/HW5_RBE4540/build/robotiq_description -- -j8 -l8
[0.655s] DEBUG:colcon.colcon_core.event_handler.log_command:Invoked command in '/home/artrpelli/HW5_RBE4540/build/robotiq_description' returned '0': CMAKE_PREFIX_PATH=${CMAKE_PREFIX_PATH}:/home/artrpelli/turtlebot3_ws/install/turtlebot3_teleop:/home/artrpelli/turtlebot3_ws/install/turtlebot3_example:/opt/ros/jazzy DEBUGINFOD_URLS=https://debuginfod.ubuntu.com /usr/bin/cmake --build /home/artrpelli/HW5_RBE4540/build/robotiq_description -- -j8 -l8
[0.665s] DEBUG:colcon.colcon_core.event_handler.log_command:Invoking command in '/home/artrpelli/HW5_RBE4540/build/robotiq_description': CMAKE_PREFIX_PATH=${CMAKE_PREFIX_PATH}:/home/artrpelli/turtlebot3_ws/install/turtlebot3_teleop:/home/artrpelli/turtlebot3_ws/install/turtlebot3_example:/opt/ros/jazzy DEBUGINFOD_URLS=https://debuginfod.ubuntu.com /usr/bin/cmake --install /home/artrpelli/HW5_RBE4540/build/robotiq_description
[0.676s] Level 1:colcon.colcon_core.environment:create_environment_scripts_only(robotiq_description)
[0.685s] DEBUG:colcon.colcon_core.event_handler.log_command:Invoked command in '/home/artrpelli/HW5_RBE4540/build/robotiq_description' returned '0': CMAKE_PREFIX_PATH=${CMAKE_PREFIX_PATH}:/home/artrpelli/turtlebot3_ws/install/turtlebot3_teleop:/home/artrpelli/turtlebot3_ws/install/turtlebot3_example:/opt/ros/jazzy DEBUGINFOD_URLS=https://debuginfod.ubuntu.com /usr/bin/cmake --install /home/artrpelli/HW5_RBE4540/build/robotiq_description
[0.686s] Level 1:colcon.colcon_core.environment:checking '/home/artrpelli/HW5_RBE4540/install/robotiq_description' for CMake module files
[0.686s] Level 1:colcon.colcon_core.environment:checking '/home/artrpelli/HW5_RBE4540/install/robotiq_description' for CMake config files
[0.687s] Level 1:colcon.colcon_core.shell:create_environment_hook('robotiq_description', 'cmake_prefix_path')
[0.687s] INFO:colcon.colcon_core.shell:Creating environment hook '/home/artrpelli/HW5_RBE4540/install/robotiq_description/share/robotiq_description/hook/cmake_prefix_path.ps1'
[0.687s] INFO:colcon.colcon_core.shell:Creating environment descriptor '/home/artrpelli/HW5_RBE4540/install/robotiq_description/share/robotiq_description/hook/cmake_prefix_path.dsv'
[0.687s] INFO:colcon.colcon_core.shell:Creating environment hook '/home/artrpelli/HW5_RBE4540/install/robotiq_description/share/robotiq_description/hook/cmake_prefix_path.sh'
[0.688s] Level 1:colcon.colcon_core.environment:checking '/home/artrpelli/HW5_RBE4540/install/robotiq_description/bin'
[0.688s] Level 1:colcon.colcon_core.environment:checking '/home/artrpelli/HW5_RBE4540/install/robotiq_description/lib/pkgconfig/robotiq_description.pc'
[0.688s] Level 1:colcon.colcon_core.environment:checking '/home/artrpelli/HW5_RBE4540/install/robotiq_description/lib/python3.12/site-packages'
[0.688s] Level 1:colcon.colcon_core.environment:checking '/home/artrpelli/HW5_RBE4540/install/robotiq_description/bin'
[0.688s] INFO:colcon.colcon_core.shell:Creating package script '/home/artrpelli/HW5_RBE4540/install/robotiq_description/share/robotiq_description/package.ps1'
[0.689s] INFO:colcon.colcon_core.shell:Creating package descriptor '/home/artrpelli/HW5_RBE4540/install/robotiq_description/share/robotiq_description/package.dsv'
[0.690s] INFO:colcon.colcon_core.shell:Creating package script '/home/artrpelli/HW5_RBE4540/install/robotiq_description/share/robotiq_description/package.sh'
[0.690s] INFO:colcon.colcon_core.shell:Creating package script '/home/artrpelli/HW5_RBE4540/install/robotiq_description/share/robotiq_description/package.bash'
[0.691s] INFO:colcon.colcon_core.shell:Creating package script '/home/artrpelli/HW5_RBE4540/install/robotiq_description/share/robotiq_description/package.zsh'
[0.691s] Level 1:colcon.colcon_core.environment:create_file_with_runtime_dependencies(/home/artrpelli/HW5_RBE4540/install/robotiq_description/share/colcon-core/packages/robotiq_description)
[0.691s] Level 1:colcon.colcon_core.environment:create_environment_scripts_only(robotiq_description)
[0.692s] Level 1:colcon.colcon_core.environment:checking '/home/artrpelli/HW5_RBE4540/install/robotiq_description' for CMake module files
[0.692s] Level 1:colcon.colcon_core.environment:checking '/home/artrpelli/HW5_RBE4540/install/robotiq_description' for CMake config files
[0.692s] Level 1:colcon.colcon_core.shell:create_environment_hook('robotiq_description', 'cmake_prefix_path')
[0.692s] INFO:colcon.colcon_core.shell:Creating environment hook '/home/artrpelli/HW5_RBE4540/install/robotiq_description/share/robotiq_description/hook/cmake_prefix_path.ps1'
[0.693s] INFO:colcon.colcon_core.shell:Creating environment descriptor '/home/artrpelli/HW5_RBE4540/install/robotiq_description/share/robotiq_description/hook/cmake_prefix_path.dsv'
[0.693s] INFO:colcon.colcon_core.shell:Creating environment hook '/home/artrpelli/HW5_RBE4540/install/robotiq_description/share/robotiq_description/hook/cmake_prefix_path.sh'
[0.693s] Level 1:colcon.colcon_core.environment:checking '/home/artrpelli/HW5_RBE4540/install/robotiq_description/bin'
[0.694s] Level 1:colcon.colcon_core.environment:checking '/home/artrpelli/HW5_RBE4540/install/robotiq_description/lib/pkgconfig/robotiq_description.pc'
[0.694s] Level 1:colcon.colcon_core.environment:checking '/home/artrpelli/HW5_RBE4540/install/robotiq_description/lib/python3.12/site-packages'
[0.694s] Level 1:colcon.colcon_core.environment:checking '/home/artrpelli/HW5_RBE4540/install/robotiq_description/bin'
[0.695s] INFO:colcon.colcon_core.shell:Creating package script '/home/artrpelli/HW5_RBE4540/install/robotiq_description/share/robotiq_description/package.ps1'
[0.695s] INFO:colcon.colcon_core.shell:Creating package descriptor '/home/artrpelli/HW5_RBE4540/install/robotiq_description/share/robotiq_description/package.dsv'
[0.696s] INFO:colcon.colcon_core.shell:Creating package script '/home/artrpelli/HW5_RBE4540/install/robotiq_description/share/robotiq_description/package.sh'
[0.696s] INFO:colcon.colcon_core.shell:Creating package script '/home/artrpelli/HW5_RBE4540/install/robotiq_description/share/robotiq_description/package.bash'
[0.697s] INFO:colcon.colcon_core.shell:Creating package script '/home/artrpelli/HW5_RBE4540/install/robotiq_description/share/robotiq_description/package.zsh'
[0.697s] Level 1:colcon.colcon_core.environment:create_file_with_runtime_dependencies(/home/artrpelli/HW5_RBE4540/install/robotiq_description/share/colcon-core/packages/robotiq_description)
[0.699s] DEBUG:colcon.colcon_core.event_handler.log_command:Invoked command in '/home/artrpelli/HW5_RBE4540/build/robotiq_controllers' returned '0': CMAKE_PREFIX_PATH=${CMAKE_PREFIX_PATH}:/home/artrpelli/turtlebot3_ws/install/turtlebot3_teleop:/home/artrpelli/turtlebot3_ws/install/turtlebot3_example:/opt/ros/jazzy DEBUGINFOD_URLS=https://debuginfod.ubuntu.com /usr/bin/cmake --build /home/artrpelli/HW5_RBE4540/build/robotiq_controllers -- -j8 -l8
[0.700s] DEBUG:colcon.colcon_core.event_handler.log_command:Invoking command in '/home/artrpelli/HW5_RBE4540/build/robotiq_controllers': CMAKE_PREFIX_PATH=${CMAKE_PREFIX_PATH}:/home/artrpelli/turtlebot3_ws/install/turtlebot3_teleop:/home/artrpelli/turtlebot3_ws/install/turtlebot3_example:/opt/ros/jazzy DEBUGINFOD_URLS=https://debuginfod.ubuntu.com /usr/bin/cmake --install /home/artrpelli/HW5_RBE4540/build/robotiq_controllers
[0.728s] Level 1:colcon.colcon_core.environment:create_environment_scripts_only(robotiq_controllers)
[0.728s] Level 1:colcon.colcon_core.environment:checking '/home/artrpelli/HW5_RBE4540/install/robotiq_controllers' for CMake module files
[0.729s] Level 1:colcon.colcon_core.environment:checking '/home/artrpelli/HW5_RBE4540/install/robotiq_controllers' for CMake config files
[0.729s] Level 1:colcon.colcon_core.shell:create_environment_hook('robotiq_controllers', 'cmake_prefix_path')
[0.733s] INFO:colcon.colcon_core.shell:Creating environment hook '/home/artrpelli/HW5_RBE4540/install/robotiq_controllers/share/robotiq_controllers/hook/cmake_prefix_path.ps1'
[0.735s] DEBUG:colcon.colcon_core.event_handler.log_command:Invoked command in '/home/artrpelli/HW5_RBE4540/build/robotiq_controllers' returned '0': CMAKE_PREFIX_PATH=${CMAKE_PREFIX_PATH}:/home/artrpelli/turtlebot3_ws/install/turtlebot3_teleop:/home/artrpelli/turtlebot3_ws/install/turtlebot3_example:/opt/ros/jazzy DEBUGINFOD_URLS=https://debuginfod.ubuntu.com /usr/bin/cmake --install /home/artrpelli/HW5_RBE4540/build/robotiq_controllers
[0.736s] INFO:colcon.colcon_core.shell:Creating environment descriptor '/home/artrpelli/HW5_RBE4540/install/robotiq_controllers/share/robotiq_controllers/hook/cmake_prefix_path.dsv'
[0.737s] INFO:colcon.colcon_core.shell:Creating environment hook '/home/artrpelli/HW5_RBE4540/install/robotiq_controllers/share/robotiq_controllers/hook/cmake_prefix_path.sh'
[0.737s] Level 1:colcon.colcon_core.environment:checking '/home/artrpelli/HW5_RBE4540/install/robotiq_controllers/lib'
[0.738s] Level 1:colcon.colcon_core.shell:create_environment_hook('robotiq_controllers', 'ld_library_path_lib')
[0.738s] INFO:colcon.colcon_core.shell:Creating environment hook '/home/artrpelli/HW5_RBE4540/install/robotiq_controllers/share/robotiq_controllers/hook/ld_library_path_lib.ps1'
[0.738s] INFO:colcon.colcon_core.shell:Creating environment descriptor '/home/artrpelli/HW5_RBE4540/install/robotiq_controllers/share/robotiq_controllers/hook/ld_library_path_lib.dsv'
[0.738s] INFO:colcon.colcon_core.shell:Creating environment hook '/home/artrpelli/HW5_RBE4540/install/robotiq_controllers/share/robotiq_controllers/hook/ld_library_path_lib.sh'
[0.739s] Level 1:colcon.colcon_core.environment:checking '/home/artrpelli/HW5_RBE4540/install/robotiq_controllers/bin'
[0.739s] Level 1:colcon.colcon_core.environment:checking '/home/artrpelli/HW5_RBE4540/install/robotiq_controllers/lib/pkgconfig/robotiq_controllers.pc'
[0.739s] Level 1:colcon.colcon_core.environment:checking '/home/artrpelli/HW5_RBE4540/install/robotiq_controllers/lib/python3.12/site-packages'
[0.740s] Level 1:colcon.colcon_core.environment:checking '/home/artrpelli/HW5_RBE4540/install/robotiq_controllers/bin'
[0.740s] INFO:colcon.colcon_core.shell:Creating package script '/home/artrpelli/HW5_RBE4540/install/robotiq_controllers/share/robotiq_controllers/package.ps1'
[0.740s] INFO:colcon.colcon_core.shell:Creating package descriptor '/home/artrpelli/HW5_RBE4540/install/robotiq_controllers/share/robotiq_controllers/package.dsv'
[0.741s] INFO:colcon.colcon_core.shell:Creating package script '/home/artrpelli/HW5_RBE4540/install/robotiq_controllers/share/robotiq_controllers/package.sh'
[0.741s] INFO:colcon.colcon_core.shell:Creating package script '/home/artrpelli/HW5_RBE4540/install/robotiq_controllers/share/robotiq_controllers/package.bash'
[0.742s] INFO:colcon.colcon_core.shell:Creating package script '/home/artrpelli/HW5_RBE4540/install/robotiq_controllers/share/robotiq_controllers/package.zsh'
[0.742s] Level 1:colcon.colcon_core.environment:create_file_with_runtime_dependencies(/home/artrpelli/HW5_RBE4540/install/robotiq_controllers/share/colcon-core/packages/robotiq_controllers)
[0.743s] Level 1:colcon.colcon_core.environment:create_environment_scripts_only(robotiq_controllers)
[0.743s] Level 1:colcon.colcon_core.environment:checking '/home/artrpelli/HW5_RBE4540/install/robotiq_controllers' for CMake module files
[0.744s] Level 1:colcon.colcon_core.environment:checking '/home/artrpelli/HW5_RBE4540/install/robotiq_controllers' for CMake config files
[0.744s] Level 1:colcon.colcon_core.shell:create_environment_hook('robotiq_controllers', 'cmake_prefix_path')
[0.744s] INFO:colcon.colcon_core.shell:Creating environment hook '/home/artrpelli/HW5_RBE4540/install/robotiq_controllers/share/robotiq_controllers/hook/cmake_prefix_path.ps1'
[0.745s] INFO:colcon.colcon_core.shell:Creating environment descriptor '/home/artrpelli/HW5_RBE4540/install/robotiq_controllers/share/robotiq_controllers/hook/cmake_prefix_path.dsv'
[0.745s] INFO:colcon.colcon_core.shell:Creating environment hook '/home/artrpelli/HW5_RBE4540/install/robotiq_controllers/share/robotiq_controllers/hook/cmake_prefix_path.sh'
[0.746s] Level 1:colcon.colcon_core.environment:checking '/home/artrpelli/HW5_RBE4540/install/robotiq_controllers/lib'
[0.746s] Level 1:colcon.colcon_core.shell:create_environment_hook('robotiq_controllers', 'ld_library_path_lib')
[0.746s] INFO:colcon.colcon_core.shell:Creating environment hook '/home/artrpelli/HW5_RBE4540/install/robotiq_controllers/share/robotiq_controllers/hook/ld_library_path_lib.ps1'
[0.746s] INFO:colcon.colcon_core.shell:Creating environment descriptor '/home/artrpelli/HW5_RBE4540/install/robotiq_controllers/share/robotiq_controllers/hook/ld_library_path_lib.dsv'
[0.747s] INFO:colcon.colcon_core.shell:Creating environment hook '/home/artrpelli/HW5_RBE4540/install/robotiq_controllers/share/robotiq_controllers/hook/ld_library_path_lib.sh'
[0.747s] Level 1:colcon.colcon_core.environment:checking '/home/artrpelli/HW5_RBE4540/install/robotiq_controllers/bin'
[0.747s] Level 1:colcon.colcon_core.environment:checking '/home/artrpelli/HW5_RBE4540/install/robotiq_controllers/lib/pkgconfig/robotiq_controllers.pc'
[0.747s] Level 1:colcon.colcon_core.environment:checking '/home/artrpelli/HW5_RBE4540/install/robotiq_controllers/lib/python3.12/site-packages'
[0.748s] Level 1:colcon.colcon_core.environment:checking '/home/artrpelli/HW5_RBE4540/install/robotiq_controllers/bin'
[0.748s] INFO:colcon.colcon_core.shell:Creating package script '/home/artrpelli/HW5_RBE4540/install/robotiq_controllers/share/robotiq_controllers/package.ps1'
[0.749s] INFO:colcon.colcon_core.shell:Creating package descriptor '/home/artrpelli/HW5_RBE4540/install/robotiq_controllers/share/robotiq_controllers/package.dsv'
[0.749s] INFO:colcon.colcon_core.shell:Creating package script '/home/artrpelli/HW5_RBE4540/install/robotiq_controllers/share/robotiq_controllers/package.sh'
[0.750s] INFO:colcon.colcon_core.shell:Creating package script '/home/artrpelli/HW5_RBE4540/install/robotiq_controllers/share/robotiq_controllers/package.bash'
[0.750s] INFO:colcon.colcon_core.shell:Creating package script '/home/artrpelli/HW5_RBE4540/install/robotiq_controllers/share/robotiq_controllers/package.zsh'
[0.750s] Level 1:colcon.colcon_core.environment:create_file_with_runtime_dependencies(/home/artrpelli/HW5_RBE4540/install/robotiq_controllers/share/colcon-core/packages/robotiq_controllers)
[1.000s] DEBUG:colcon.colcon_core.event_handler.log_command:Invoked command in '/home/artrpelli/HW5_RBE4540/build/move_interfaces_merlab' returned '0': CMAKE_PREFIX_PATH=${CMAKE_PREFIX_PATH}:/home/artrpelli/turtlebot3_ws/install/turtlebot3_teleop:/home/artrpelli/turtlebot3_ws/install/turtlebot3_example:/opt/ros/jazzy DEBUGINFOD_URLS=https://debuginfod.ubuntu.com /usr/bin/cmake --build /home/artrpelli/HW5_RBE4540/build/move_interfaces_merlab -- -j8 -l8
[1.001s] DEBUG:colcon.colcon_core.event_handler.log_command:Invoking command in '/home/artrpelli/HW5_RBE4540/build/move_interfaces_merlab': CMAKE_PREFIX_PATH=${CMAKE_PREFIX_PATH}:/home/artrpelli/turtlebot3_ws/install/turtlebot3_teleop:/home/artrpelli/turtlebot3_ws/install/turtlebot3_example:/opt/ros/jazzy DEBUGINFOD_URLS=https://debuginfod.ubuntu.com /usr/bin/cmake --install /home/artrpelli/HW5_RBE4540/build/move_interfaces_merlab
[1.053s] Level 1:colcon.colcon_core.environment:create_environment_scripts_only(move_interfaces_merlab)
[1.053s] Level 1:colcon.colcon_core.environment:checking '/home/artrpelli/HW5_RBE4540/install/move_interfaces_merlab' for CMake module files
[1.053s] Level 1:colcon.colcon_core.environment:checking '/home/artrpelli/HW5_RBE4540/install/move_interfaces_merlab' for CMake config files
[1.054s] DEBUG:colcon.colcon_core.event_handler.log_command:Invoked command in '/home/artrpelli/HW5_RBE4540/build/move_interfaces_merlab' returned '0': CMAKE_PREFIX_PATH=${CMAKE_PREFIX_PATH}:/home/artrpelli/turtlebot3_ws/install/turtlebot3_teleop:/home/artrpelli/turtlebot3_ws/install/turtlebot3_example:/opt/ros/jazzy DEBUGINFOD_URLS=https://debuginfod.ubuntu.com /usr/bin/cmake --install /home/artrpelli/HW5_RBE4540/build/move_interfaces_merlab
[1.054s] Level 1:colcon.colcon_core.shell:create_environment_hook('move_interfaces_merlab', 'cmake_prefix_path')
[1.054s] INFO:colcon.colcon_core.shell:Creating environment hook '/home/artrpelli/HW5_RBE4540/install/move_interfaces_merlab/share/move_interfaces_merlab/hook/cmake_prefix_path.ps1'
[1.055s] INFO:colcon.colcon_core.shell:Creating environment descriptor '/home/artrpelli/HW5_RBE4540/install/move_interfaces_merlab/share/move_interfaces_merlab/hook/cmake_prefix_path.dsv'
[1.055s] INFO:colcon.colcon_core.shell:Creating environment hook '/home/artrpelli/HW5_RBE4540/install/move_interfaces_merlab/share/move_interfaces_merlab/hook/cmake_prefix_path.sh'
[1.055s] Level 1:colcon.colcon_core.environment:checking '/home/artrpelli/HW5_RBE4540/install/move_interfaces_merlab/lib'
[1.055s] Level 1:colcon.colcon_core.shell:create_environment_hook('move_interfaces_merlab', 'ld_library_path_lib')
[1.055s] INFO:colcon.colcon_core.shell:Creating environment hook '/home/artrpelli/HW5_RBE4540/install/move_interfaces_merlab/share/move_interfaces_merlab/hook/ld_library_path_lib.ps1'
[1.056s] INFO:colcon.colcon_core.shell:Creating environment descriptor '/home/artrpelli/HW5_RBE4540/install/move_interfaces_merlab/share/move_interfaces_merlab/hook/ld_library_path_lib.dsv'
[1.056s] INFO:colcon.colcon_core.shell:Creating environment hook '/home/artrpelli/HW5_RBE4540/install/move_interfaces_merlab/share/move_interfaces_merlab/hook/ld_library_path_lib.sh'
[1.056s] Level 1:colcon.colcon_core.environment:checking '/home/artrpelli/HW5_RBE4540/install/move_interfaces_merlab/bin'
[1.056s] Level 1:colcon.colcon_core.environment:checking '/home/artrpelli/HW5_RBE4540/install/move_interfaces_merlab/lib/pkgconfig/move_interfaces_merlab.pc'
[1.056s] Level 1:colcon.colcon_core.environment:checking '/home/artrpelli/HW5_RBE4540/install/move_interfaces_merlab/lib/python3.12/site-packages'
[1.056s] Level 1:colcon.colcon_core.shell:create_environment_hook('move_interfaces_merlab', 'pythonpath')
[1.057s] INFO:colcon.colcon_core.shell:Creating environment hook '/home/artrpelli/HW5_RBE4540/install/move_interfaces_merlab/share/move_interfaces_merlab/hook/pythonpath.ps1'
[1.057s] INFO:colcon.colcon_core.shell:Creating environment descriptor '/home/artrpelli/HW5_RBE4540/install/move_interfaces_merlab/share/move_interfaces_merlab/hook/pythonpath.dsv'
[1.057s] INFO:colcon.colcon_core.shell:Creating environment hook '/home/artrpelli/HW5_RBE4540/install/move_interfaces_merlab/share/move_interfaces_merlab/hook/pythonpath.sh'
[1.057s] Level 1:colcon.colcon_core.environment:checking '/home/artrpelli/HW5_RBE4540/install/move_interfaces_merlab/bin'
[1.058s] INFO:colcon.colcon_core.shell:Creating package script '/home/artrpelli/HW5_RBE4540/install/move_interfaces_merlab/share/move_interfaces_merlab/package.ps1'
[1.058s] INFO:colcon.colcon_core.shell:Creating package descriptor '/home/artrpelli/HW5_RBE4540/install/move_interfaces_merlab/share/move_interfaces_merlab/package.dsv'
[1.058s] INFO:colcon.colcon_core.shell:Creating package script '/home/artrpelli/HW5_RBE4540/install/move_interfaces_merlab/share/move_interfaces_merlab/package.sh'
[1.059s] INFO:colcon.colcon_core.shell:Creating package script '/home/artrpelli/HW5_RBE4540/install/move_interfaces_merlab/share/move_interfaces_merlab/package.bash'
[1.059s] INFO:colcon.colcon_core.shell:Creating package script '/home/artrpelli/HW5_RBE4540/install/move_interfaces_merlab/share/move_interfaces_merlab/package.zsh'
[1.059s] Level 1:colcon.colcon_core.environment:create_file_with_runtime_dependencies(/home/artrpelli/HW5_RBE4540/install/move_interfaces_merlab/share/colcon-core/packages/move_interfaces_merlab)
[1.059s] Level 1:colcon.colcon_core.environment:create_environment_scripts_only(move_interfaces_merlab)
[1.059s] Level 1:colcon.colcon_core.environment:checking '/home/artrpelli/HW5_RBE4540/install/move_interfaces_merlab' for CMake module files
[1.060s] Level 1:colcon.colcon_core.environment:checking '/home/artrpelli/HW5_RBE4540/install/move_interfaces_merlab' for CMake config files
[1.060s] Level 1:colcon.colcon_core.shell:create_environment_hook('move_interfaces_merlab', 'cmake_prefix_path')
[1.060s] INFO:colcon.colcon_core.shell:Creating environment hook '/home/artrpelli/HW5_RBE4540/install/move_interfaces_merlab/share/move_interfaces_merlab/hook/cmake_prefix_path.ps1'
[1.060s] INFO:colcon.colcon_core.shell:Creating environment descriptor '/home/artrpelli/HW5_RBE4540/install/move_interfaces_merlab/share/move_interfaces_merlab/hook/cmake_prefix_path.dsv'
[1.061s] INFO:colcon.colcon_core.shell:Creating environment hook '/home/artrpelli/HW5_RBE4540/install/move_interfaces_merlab/share/move_interfaces_merlab/hook/cmake_prefix_path.sh'
[1.061s] Level 1:colcon.colcon_core.environment:checking '/home/artrpelli/HW5_RBE4540/install/move_interfaces_merlab/lib'
[1.061s] Level 1:colcon.colcon_core.shell:create_environment_hook('move_interfaces_merlab', 'ld_library_path_lib')
[1.061s] INFO:colcon.colcon_core.shell:Creating environment hook '/home/artrpelli/HW5_RBE4540/install/move_interfaces_merlab/share/move_interfaces_merlab/hook/ld_library_path_lib.ps1'
[1.061s] INFO:colcon.colcon_core.shell:Creating environment descriptor '/home/artrpelli/HW5_RBE4540/install/move_interfaces_merlab/share/move_interfaces_merlab/hook/ld_library_path_lib.dsv'
[1.062s] INFO:colcon.colcon_core.shell:Creating environment hook '/home/artrpelli/HW5_RBE4540/install/move_interfaces_merlab/share/move_interfaces_merlab/hook/ld_library_path_lib.sh'
[1.062s] Level 1:colcon.colcon_core.environment:checking '/home/artrpelli/HW5_RBE4540/install/move_interfaces_merlab/bin'
[1.062s] Level 1:colcon.colcon_core.environment:checking '/home/artrpelli/HW5_RBE4540/install/move_interfaces_merlab/lib/pkgconfig/move_interfaces_merlab.pc'
[1.062s] Level 1:colcon.colcon_core.environment:checking '/home/artrpelli/HW5_RBE4540/install/move_interfaces_merlab/lib/python3.12/site-packages'
[1.062s] Level 1:colcon.colcon_core.shell:create_environment_hook('move_interfaces_merlab', 'pythonpath')
[1.062s] INFO:colcon.colcon_core.shell:Creating environment hook '/home/artrpelli/HW5_RBE4540/install/move_interfaces_merlab/share/move_interfaces_merlab/hook/pythonpath.ps1'
[1.062s] INFO:colcon.colcon_core.shell:Creating environment descriptor '/home/artrpelli/HW5_RBE4540/install/move_interfaces_merlab/share/move_interfaces_merlab/hook/pythonpath.dsv'
[1.063s] INFO:colcon.colcon_core.shell:Creating environment hook '/home/artrpelli/HW5_RBE4540/install/move_interfaces_merlab/share/move_interfaces_merlab/hook/pythonpath.sh'
[1.063s] Level 1:colcon.colcon_core.environment:checking '/home/artrpelli/HW5_RBE4540/install/move_interfaces_merlab/bin'
[1.063s] INFO:colcon.colcon_core.shell:Creating package script '/home/artrpelli/HW5_RBE4540/install/move_interfaces_merlab/share/move_interfaces_merlab/package.ps1'
[1.064s] INFO:colcon.colcon_core.shell:Creating package descriptor '/home/artrpelli/HW5_RBE4540/install/move_interfaces_merlab/share/move_interfaces_merlab/package.dsv'
[1.064s] INFO:colcon.colcon_core.shell:Creating package script '/home/artrpelli/HW5_RBE4540/install/move_interfaces_merlab/share/move_interfaces_merlab/package.sh'
[1.064s] INFO:colcon.colcon_core.shell:Creating package script '/home/artrpelli/HW5_RBE4540/install/move_interfaces_merlab/share/move_interfaces_merlab/package.bash'
[1.065s] INFO:colcon.colcon_core.shell:Creating package script '/home/artrpelli/HW5_RBE4540/install/move_interfaces_merlab/share/move_interfaces_merlab/package.zsh'
[1.065s] Level 1:colcon.colcon_core.environment:create_file_with_runtime_dependencies(/home/artrpelli/HW5_RBE4540/install/move_interfaces_merlab/share/colcon-core/packages/move_interfaces_merlab)
[1.253s] DEBUG:colcon.colcon_core.event_handler.log_command:Invoking command in '/home/artrpelli/HW5_RBE4540/hover_above': DEBUGINFOD_URLS=https://debuginfod.ubuntu.com PYTHONPATH=/home/artrpelli/HW5_RBE4540/build/hover_above/prefix_override:/usr/lib/python3/dist-packages/colcon_core/task/python/colcon_distutils_commands:/home/artrpelli/HW5_RBE4540/install/hover_above/lib/python3.12/site-packages:${PYTHONPATH} /usr/bin/python3 -W ignore:setup.py install is deprecated -W ignore:easy_install command is deprecated setup.py egg_info --egg-base ../build/hover_above build --build-base /home/artrpelli/HW5_RBE4540/build/hover_above/build install --record /home/artrpelli/HW5_RBE4540/build/hover_above/install.log --single-version-externally-managed install_data
[1.659s] Level 1:colcon.colcon_core.environment:checking '/home/artrpelli/HW5_RBE4540/install/hover_above' for CMake module files
[1.660s] DEBUG:colcon.colcon_core.event_handler.log_command:Invoked command in '/home/artrpelli/HW5_RBE4540/hover_above' returned '0': DEBUGINFOD_URLS=https://debuginfod.ubuntu.com PYTHONPATH=/home/artrpelli/HW5_RBE4540/build/hover_above/prefix_override:/usr/lib/python3/dist-packages/colcon_core/task/python/colcon_distutils_commands:/home/artrpelli/HW5_RBE4540/install/hover_above/lib/python3.12/site-packages:${PYTHONPATH} /usr/bin/python3 -W ignore:setup.py install is deprecated -W ignore:easy_install command is deprecated setup.py egg_info --egg-base ../build/hover_above build --build-base /home/artrpelli/HW5_RBE4540/build/hover_above/build install --record /home/artrpelli/HW5_RBE4540/build/hover_above/install.log --single-version-externally-managed install_data
[1.660s] Level 1:colcon.colcon_core.environment:checking '/home/artrpelli/HW5_RBE4540/install/hover_above' for CMake config files
[1.660s] Level 1:colcon.colcon_core.environment:checking '/home/artrpelli/HW5_RBE4540/install/hover_above/lib'
[1.660s] Level 1:colcon.colcon_core.environment:checking '/home/artrpelli/HW5_RBE4540/install/hover_above/bin'
[1.660s] Level 1:colcon.colcon_core.environment:checking '/home/artrpelli/HW5_RBE4540/install/hover_above/lib/pkgconfig/hover_above.pc'
[1.661s] Level 1:colcon.colcon_core.environment:checking '/home/artrpelli/HW5_RBE4540/install/hover_above/lib/python3.12/site-packages'
[1.661s] Level 1:colcon.colcon_core.shell:create_environment_hook('hover_above', 'pythonpath')
[1.661s] INFO:colcon.colcon_core.shell:Creating environment hook '/home/artrpelli/HW5_RBE4540/install/hover_above/share/hover_above/hook/pythonpath.ps1'
[1.661s] INFO:colcon.colcon_core.shell:Creating environment descriptor '/home/artrpelli/HW5_RBE4540/install/hover_above/share/hover_above/hook/pythonpath.dsv'
[1.661s] INFO:colcon.colcon_core.shell:Creating environment hook '/home/artrpelli/HW5_RBE4540/install/hover_above/share/hover_above/hook/pythonpath.sh'
[1.662s] Level 1:colcon.colcon_core.environment:checking '/home/artrpelli/HW5_RBE4540/install/hover_above/bin'
[1.662s] Level 1:colcon.colcon_core.environment:create_environment_scripts_only(hover_above)
[1.662s] INFO:colcon.colcon_core.shell:Creating package script '/home/artrpelli/HW5_RBE4540/install/hover_above/share/hover_above/package.ps1'
[1.662s] INFO:colcon.colcon_core.shell:Creating package descriptor '/home/artrpelli/HW5_RBE4540/install/hover_above/share/hover_above/package.dsv'
[1.663s] INFO:colcon.colcon_core.shell:Creating package script '/home/artrpelli/HW5_RBE4540/install/hover_above/share/hover_above/package.sh'
[1.663s] INFO:colcon.colcon_core.shell:Creating package script '/home/artrpelli/HW5_RBE4540/install/hover_above/share/hover_above/package.bash'
[1.663s] INFO:colcon.colcon_core.shell:Creating package script '/home/artrpelli/HW5_RBE4540/install/hover_above/share/hover_above/package.zsh'
[1.663s] Level 1:colcon.colcon_core.environment:create_file_with_runtime_dependencies(/home/artrpelli/HW5_RBE4540/install/hover_above/share/colcon-core/packages/hover_above)
[1.663s] DEBUG:colcon.colcon_parallel_executor.executor.parallel:closing loop
[1.664s] DEBUG:colcon.colcon_parallel_executor.executor.parallel:loop closed
[1.664s] DEBUG:colcon.colcon_parallel_executor.executor.parallel:run_until_complete finished with '0'
[1.664s] DEBUG:colcon.colcon_core.event_reactor:joining thread
[1.671s] INFO:colcon.colcon_core.plugin_system:Skipping extension 'colcon_notification.desktop_notification.terminal_notifier': Not used on non-Darwin systems
[1.671s] INFO:colcon.colcon_core.plugin_system:Skipping extension 'colcon_notification.desktop_notification.win32': Not used on non-Windows systems
[1.671s] INFO:colcon.colcon_notification.desktop_notification:Sending desktop notification using 'notify2'
[1.681s] DEBUG:colcon.colcon_core.event_reactor:joined thread
[1.681s] INFO:colcon.colcon_core.shell:Creating prefix script '/home/artrpelli/HW5_RBE4540/install/local_setup.ps1'
[1.682s] INFO:colcon.colcon_core.shell:Creating prefix util module '/home/artrpelli/HW5_RBE4540/install/_local_setup_util_ps1.py'
[1.683s] INFO:colcon.colcon_core.shell:Creating prefix chain script '/home/artrpelli/HW5_RBE4540/install/setup.ps1'
[1.685s] INFO:colcon.colcon_core.shell:Creating prefix script '/home/artrpelli/HW5_RBE4540/install/local_setup.sh'
[1.685s] INFO:colcon.colcon_core.shell:Creating prefix util module '/home/artrpelli/HW5_RBE4540/install/_local_setup_util_sh.py'
[1.686s] INFO:colcon.colcon_core.shell:Creating prefix chain script '/home/artrpelli/HW5_RBE4540/install/setup.sh'
[1.687s] INFO:colcon.colcon_core.shell:Creating prefix script '/home/artrpelli/HW5_RBE4540/install/local_setup.bash'
[1.688s] INFO:colcon.colcon_core.shell:Creating prefix chain script '/home/artrpelli/HW5_RBE4540/install/setup.bash'
[1.689s] INFO:colcon.colcon_core.shell:Creating prefix script '/home/artrpelli/HW5_RBE4540/install/local_setup.zsh'
[1.689s] INFO:colcon.colcon_core.shell:Creating prefix chain script '/home/artrpelli/HW5_RBE4540/install/setup.zsh'
